Archive member included to satisfy reference by file (symbol)

C:/GNU/MINGW64/i686-8.1.0-win32-dwarf-rt_v6-rev0/mingw32/bin/../lib/gcc/i686-w64-mingw32/8.1.0/../../../../i686-w64-mingw32/lib/../lib/libkernel32.a(dgzcs01336.o)
                              ../build/x86_Debug/TEST_op_ParseDN.o (_imp__lstrcpyW@8)
C:/GNU/MINGW64/i686-8.1.0-win32-dwarf-rt_v6-rev0/mingw32/bin/../lib/gcc/i686-w64-mingw32/8.1.0/../../../../i686-w64-mingw32/lib/../lib/libkernel32.a(dgzcs00839.o)
                              ../build/x86_Debug/pmc_initialize.o (_imp__LoadLibraryA@4)
C:/GNU/MINGW64/i686-8.1.0-win32-dwarf-rt_v6-rev0/mingw32/bin/../lib/gcc/i686-w64-mingw32/8.1.0/../../../../i686-w64-mingw32/lib/../lib/libkernel32.a(dgzcs00729.o)
                              ../build/x86_Debug/pmc_memory.o (_imp__HeapFree@12)
C:/GNU/MINGW64/i686-8.1.0-win32-dwarf-rt_v6-rev0/mingw32/bin/../lib/gcc/i686-w64-mingw32/8.1.0/../../../../i686-w64-mingw32/lib/../lib/libkernel32.a(dgzcs00727.o)
                              ../build/x86_Debug/pmc_memory.o (_imp__HeapDestroy@4)
C:/GNU/MINGW64/i686-8.1.0-win32-dwarf-rt_v6-rev0/mingw32/bin/../lib/gcc/i686-w64-mingw32/8.1.0/../../../../i686-w64-mingw32/lib/../lib/libkernel32.a(dgzcs00725.o)
                              ../build/x86_Debug/pmc_memory.o (_imp__HeapCreate@12)
C:/GNU/MINGW64/i686-8.1.0-win32-dwarf-rt_v6-rev0/mingw32/bin/../lib/gcc/i686-w64-mingw32/8.1.0/../../../../i686-w64-mingw32/lib/../lib/libkernel32.a(dgzcs00723.o)
                              ../build/x86_Debug/pmc_memory.o (_imp__HeapAlloc@12)
C:/GNU/MINGW64/i686-8.1.0-win32-dwarf-rt_v6-rev0/mingw32/bin/../lib/gcc/i686-w64-mingw32/8.1.0/../../../../i686-w64-mingw32/lib/../lib/libkernel32.a(dgzcs00584.o)
                              ../build/x86_Debug/pmc_initialize.o (_imp__GetProcAddress@8)
C:/GNU/MINGW64/i686-8.1.0-win32-dwarf-rt_v6-rev0/mingw32/bin/../lib/gcc/i686-w64-mingw32/8.1.0/../../../../i686-w64-mingw32/lib/../lib/libkernel32.a(dgzcs00359.o)
                              ../build/x86_Debug/pmc_initialize.o (_imp__FreeLibrary@4)
C:/GNU/MINGW64/i686-8.1.0-win32-dwarf-rt_v6-rev0/mingw32/bin/../lib/gcc/i686-w64-mingw32/8.1.0/../../../../i686-w64-mingw32/lib/../lib/libkernel32.a(dgzch.o)
                              C:/GNU/MINGW64/i686-8.1.0-win32-dwarf-rt_v6-rev0/mingw32/bin/../lib/gcc/i686-w64-mingw32/8.1.0/../../../../i686-w64-mingw32/lib/../lib/libkernel32.a(dgzcs01336.o) (_head_lib32_libkernel32_a)
C:/GNU/MINGW64/i686-8.1.0-win32-dwarf-rt_v6-rev0/mingw32/bin/../lib/gcc/i686-w64-mingw32/8.1.0/../../../../i686-w64-mingw32/lib/../lib/libkernel32.a(dgzct.o)
                              C:/GNU/MINGW64/i686-8.1.0-win32-dwarf-rt_v6-rev0/mingw32/bin/../lib/gcc/i686-w64-mingw32/8.1.0/../../../../i686-w64-mingw32/lib/../lib/libkernel32.a(dgzch.o) (_lib32_libkernel32_a_iname)
C:/GNU/MINGW64/i686-8.1.0-win32-dwarf-rt_v6-rev0/mingw32/bin/../lib/gcc/i686-w64-mingw32/8.1.0/../../../../i686-w64-mingw32/lib/../lib/libuser32.a(dmces00912.o)
                              ../build/x86_Debug/debug.o (_imp__wsprintfW)
C:/GNU/MINGW64/i686-8.1.0-win32-dwarf-rt_v6-rev0/mingw32/bin/../lib/gcc/i686-w64-mingw32/8.1.0/../../../../i686-w64-mingw32/lib/../lib/libuser32.a(dmceh.o)
                              C:/GNU/MINGW64/i686-8.1.0-win32-dwarf-rt_v6-rev0/mingw32/bin/../lib/gcc/i686-w64-mingw32/8.1.0/../../../../i686-w64-mingw32/lib/../lib/libuser32.a(dmces00912.o) (_head_lib32_libuser32_a)
C:/GNU/MINGW64/i686-8.1.0-win32-dwarf-rt_v6-rev0/mingw32/bin/../lib/gcc/i686-w64-mingw32/8.1.0/../../../../i686-w64-mingw32/lib/../lib/libuser32.a(dmcet.o)
                              C:/GNU/MINGW64/i686-8.1.0-win32-dwarf-rt_v6-rev0/mingw32/bin/../lib/gcc/i686-w64-mingw32/8.1.0/../../../../i686-w64-mingw32/lib/../lib/libuser32.a(dmceh.o) (_lib32_libuser32_a_iname)

Allocating common symbols
Common symbol       size              file

number_zero         0x18              ../build/x86_Debug/pmc_memory.o
number_minus_one    0x18              ../build/x86_Debug/pmc_memory.o
number_one          0x18              ../build/x86_Debug/pmc_memory.o
uint_number_zero    0x4               ../build/x86_Debug/debug.o
uint_number_one     0x4               ../build/x86_Debug/debug.o
hLocalHeap          0x4               ../build/x86_Debug/pmc_memory.o
ep_uint             0x118             ../build/x86_Debug/pmc_initialize.o

Discarded input sections

 .drectve       0x00000000       0x58 ../build/x86_Debug/debug.o
 .drectve       0x00000000       0x44 ../build/x86_Debug/dllmain.o
 .drectve       0x00000000       0x44 ../build/x86_Debug/pmc_add_sub.o
 .drectve       0x00000000       0x44 ../build/x86_Debug/pmc_bytes.o
 .drectve       0x00000000       0x44 ../build/x86_Debug/pmc_clone.o
 .drectve       0x00000000       0x44 ../build/x86_Debug/pmc_compare.o
 .drectve       0x00000000       0x44 ../build/x86_Debug/pmc_divrem.o
 .drectve       0x00000000       0x44 ../build/x86_Debug/pmc_equals.o
 .drectve       0x00000000       0x44 ../build/x86_Debug/pmc_from.o
 .drectve       0x00000000       0x44 ../build/x86_Debug/pmc_greatestcommondivisor.o
 .drectve       0x00000000       0x5c ../build/x86_Debug/pmc_initialize.o
 .drectve       0x00000000       0xb4 ../build/x86_Debug/pmc_memory.o
 .drectve       0x00000000       0x44 ../build/x86_Debug/pmc_multiply.o
 .drectve       0x00000000       0x44 ../build/x86_Debug/pmc_negate.o
 .drectve       0x00000000       0x44 ../build/x86_Debug/pmc_parse.o
 .drectve       0x00000000       0x44 ../build/x86_Debug/pmc_statistics.o
 .drectve       0x00000000       0x44 ../build/x86_Debug/pmc_to.o
 .drectve       0x00000000       0x44 ../build/x86_Debug/TEST_autogenerated.o
 .drectve       0x00000000       0x44 ../build/x86_Debug/TEST_op_Add.o
 .drectve       0x00000000       0x44 ../build/x86_Debug/TEST_op_Clone.o
 .drectve       0x00000000       0x44 ../build/x86_Debug/TEST_op_Compare.o
 .drectve       0x00000000       0x44 ../build/x86_Debug/TEST_op_DivRem.o
 .drectve       0x00000000       0x44 ../build/x86_Debug/TEST_op_Equals.o
 .drectve       0x00000000       0x44 ../build/x86_Debug/TEST_op_From_To.o
 .drectve       0x00000000       0x44 ../build/x86_Debug/TEST_op_GreatestCommonDivisor.o
 .drectve       0x00000000       0x44 ../build/x86_Debug/TEST_op_Multiply.o
 .drectve       0x00000000       0x44 ../build/x86_Debug/TEST_op_Negate.o
 .drectve       0x00000000       0x44 ../build/x86_Debug/TEST_op_ParseDN.o
 .drectve       0x00000000       0x44 ../build/x86_Debug/TEST_op_ParseX.o
 .drectve       0x00000000       0x44 ../build/x86_Debug/TEST_op_Remainder.o
 .drectve       0x00000000       0x44 ../build/x86_Debug/TEST_op_Subtruct.o
 .text          0x00000000        0x8 C:/GNU/MINGW64/i686-8.1.0-win32-dwarf-rt_v6-rev0/mingw32/bin/../lib/gcc/i686-w64-mingw32/8.1.0/../../../../i686-w64-mingw32/lib/../lib/libkernel32.a(dgzcs01336.o)
 .text          0x00000000        0x8 C:/GNU/MINGW64/i686-8.1.0-win32-dwarf-rt_v6-rev0/mingw32/bin/../lib/gcc/i686-w64-mingw32/8.1.0/../../../../i686-w64-mingw32/lib/../lib/libkernel32.a(dgzcs00839.o)
 .text          0x00000000        0x8 C:/GNU/MINGW64/i686-8.1.0-win32-dwarf-rt_v6-rev0/mingw32/bin/../lib/gcc/i686-w64-mingw32/8.1.0/../../../../i686-w64-mingw32/lib/../lib/libkernel32.a(dgzcs00729.o)
 .text          0x00000000        0x8 C:/GNU/MINGW64/i686-8.1.0-win32-dwarf-rt_v6-rev0/mingw32/bin/../lib/gcc/i686-w64-mingw32/8.1.0/../../../../i686-w64-mingw32/lib/../lib/libkernel32.a(dgzcs00727.o)
 .text          0x00000000        0x8 C:/GNU/MINGW64/i686-8.1.0-win32-dwarf-rt_v6-rev0/mingw32/bin/../lib/gcc/i686-w64-mingw32/8.1.0/../../../../i686-w64-mingw32/lib/../lib/libkernel32.a(dgzcs00725.o)
 .text          0x00000000        0x8 C:/GNU/MINGW64/i686-8.1.0-win32-dwarf-rt_v6-rev0/mingw32/bin/../lib/gcc/i686-w64-mingw32/8.1.0/../../../../i686-w64-mingw32/lib/../lib/libkernel32.a(dgzcs00723.o)
 .text          0x00000000        0x8 C:/GNU/MINGW64/i686-8.1.0-win32-dwarf-rt_v6-rev0/mingw32/bin/../lib/gcc/i686-w64-mingw32/8.1.0/../../../../i686-w64-mingw32/lib/../lib/libkernel32.a(dgzcs00584.o)
 .text          0x00000000        0x8 C:/GNU/MINGW64/i686-8.1.0-win32-dwarf-rt_v6-rev0/mingw32/bin/../lib/gcc/i686-w64-mingw32/8.1.0/../../../../i686-w64-mingw32/lib/../lib/libkernel32.a(dgzcs00359.o)
 .text          0x00000000        0x8 C:/GNU/MINGW64/i686-8.1.0-win32-dwarf-rt_v6-rev0/mingw32/bin/../lib/gcc/i686-w64-mingw32/8.1.0/../../../../i686-w64-mingw32/lib/../lib/libuser32.a(dmces00912.o)

Memory Configuration

Name             Origin             Length             Attributes
*default*        0x00000000         0xffffffff

Linker script and memory map

                0x6b080000                __image_base__ = 0x6b080000
                0x00000000                __dll__ = 0x0
                0x6b080000                ___ImageBase = 0x6b080000
                0x00001000                __section_alignment__ = 0x1000
                0x00000200                __file_alignment__ = 0x200
                0x00000004                __major_os_version__ = 0x4
                0x00000000                __minor_os_version__ = 0x0
                0x00000001                __major_image_version__ = 0x1
                0x00000000                __minor_image_version__ = 0x0
                0x00000004                __major_subsystem_version__ = 0x4
                0x00000000                __minor_subsystem_version__ = 0x0
                0x00000002                __subsystem__ = 0x2
                0x00200000                __size_of_stack_reserve__ = 0x200000
                0x00001000                __size_of_stack_commit__ = 0x1000
                0x00100000                __size_of_heap_reserve__ = 0x100000
                0x00001000                __size_of_heap_commit__ = 0x1000
                0x00000000                __loader_flags__ = 0x0
                0x00000000                __dll_characteristics__ = 0x0
LOAD ../build/x86_Debug/debug.o
LOAD ../build/x86_Debug/dllmain.o
LOAD ../build/x86_Debug/pmc_add_sub.o
LOAD ../build/x86_Debug/pmc_bytes.o
LOAD ../build/x86_Debug/pmc_clone.o
LOAD ../build/x86_Debug/pmc_compare.o
LOAD ../build/x86_Debug/pmc_divrem.o
LOAD ../build/x86_Debug/pmc_equals.o
LOAD ../build/x86_Debug/pmc_from.o
LOAD ../build/x86_Debug/pmc_greatestcommondivisor.o
LOAD ../build/x86_Debug/pmc_initialize.o
LOAD ../build/x86_Debug/pmc_memory.o
LOAD ../build/x86_Debug/pmc_multiply.o
LOAD ../build/x86_Debug/pmc_negate.o
LOAD ../build/x86_Debug/pmc_parse.o
LOAD ../build/x86_Debug/pmc_statistics.o
LOAD ../build/x86_Debug/pmc_to.o
LOAD ../build/x86_Debug/TEST_autogenerated.o
LOAD ../build/x86_Debug/TEST_op_Add.o
LOAD ../build/x86_Debug/TEST_op_Clone.o
LOAD ../build/x86_Debug/TEST_op_Compare.o
LOAD ../build/x86_Debug/TEST_op_DivRem.o
LOAD ../build/x86_Debug/TEST_op_Equals.o
LOAD ../build/x86_Debug/TEST_op_From_To.o
LOAD ../build/x86_Debug/TEST_op_GreatestCommonDivisor.o
LOAD ../build/x86_Debug/TEST_op_Multiply.o
LOAD ../build/x86_Debug/TEST_op_Negate.o
LOAD ../build/x86_Debug/TEST_op_ParseDN.o
LOAD ../build/x86_Debug/TEST_op_ParseX.o
LOAD ../build/x86_Debug/TEST_op_Remainder.o
LOAD ../build/x86_Debug/TEST_op_Subtruct.o
LOAD ../build/x86_Debug/version.o
LOAD ../Palmtree.Math.Core.Sint.def
LOAD C:/GNU/MINGW64/i686-8.1.0-win32-dwarf-rt_v6-rev0/mingw32/bin/../lib/gcc/i686-w64-mingw32/8.1.0/../../../../i686-w64-mingw32/lib/../lib/libkernel32.a
LOAD C:/GNU/MINGW64/i686-8.1.0-win32-dwarf-rt_v6-rev0/mingw32/bin/../lib/gcc/i686-w64-mingw32/8.1.0/../../../../i686-w64-mingw32/lib/../lib/libuser32.a
                0x000003a8                . = SIZEOF_HEADERS
                0x00001000                . = ALIGN (__section_alignment__)

.text           0x6b081000   0x402c00
 *(.init)
 *(.text)
 .text          0x6b081000      0x338 ../build/x86_Debug/debug.o
                0x6b0810ee                DoDebug
                0x6b0810ee                DoDebug@4
                0x6b0811e8                TEST_Assert
                0x6b081244                FormatTestLabel
                0x6b081274                FormatTestMesssage
                0x6b08129d                DumpBinary_UNIT
 .text          0x6b081338       0x58 ../build/x86_Debug/dllmain.o
                0x6b081338                DllMain@12
 .text          0x6b081390     0x2450 ../build/x86_Debug/pmc_add_sub.o
                0x6b081b09                PMC_Add_I_X@12
                0x6b081d28                PMC_Add_L_X@16
                0x6b081f8e                PMC_Add_UX_X@12
                0x6b082110                PMC_Add_X_I@12
                0x6b08231b                PMC_Add_X_L@16
                0x6b082566                PMC_Add_X_UX@12
                0x6b08272e                PMC_Add_X_X@12
                0x6b082969                PMC_Subtruct_I_X@12
                0x6b082b88                PMC_Subtruct_L_X@16
                0x6b082dee                PMC_Subtruct_UX_X@12
                0x6b082f80                PMC_Subtruct_X_I@12
                0x6b08318d                PMC_Subtruct_X_L@16
                0x6b0833da                PMC_Subtruct_X_UX@12
                0x6b0835a2                PMC_Subtruct_X_X@12
 .text          0x6b0837e0      0x138 ../build/x86_Debug/pmc_bytes.o
                0x6b0837e0                PMC_FromByteArray@12
                0x6b083892                PMC_ToByteArray@16
 .text          0x6b083918       0xa4 ../build/x86_Debug/pmc_clone.o
                0x6b083918                PMC_Clone_X@8
 .text          0x6b0839bc      0xaec ../build/x86_Debug/pmc_compare.o
                0x6b083bed                PMC_Compare_I_X@12
                0x6b083d2f                PMC_Compare_L_X@16
                0x6b083e9d                PMC_Compare_UX_X@12
                0x6b083f7c                PMC_Compare_X_I@12
                0x6b0840bb                PMC_Compare_X_L@16
                0x6b084226                PMC_Compare_X_UX@12
                0x6b084337                PMC_Compare_X_X@12
 .text          0x6b0844a8     0x10b0 ../build/x86_Debug/pmc_divrem.o
                0x6b084589                PMC_DivRem_I_X@16
                0x6b0847a6                PMC_DivRem_L_X@20
                0x6b084a66                PMC_DivRem_UX_X@16
                0x6b084c0a                PMC_DivRem_X_I@16
                0x6b084df5                PMC_DivRem_X_L@20
                0x6b085025                PMC_DivRem_X_UX@16
                0x6b08529c                PMC_DivRem_X_X@16
 .text          0x6b085558      0x70c ../build/x86_Debug/pmc_equals.o
                0x6b085639                PMC_Equals_I_X@12
                0x6b085701                PMC_Equals_L_X@16
                0x6b0857ea                PMC_Equals_UX_X@12
                0x6b0858cd                PMC_Equals_X_I@12
                0x6b085993                PMC_Equals_X_L@16
                0x6b085a7e                PMC_Equals_X_UX@12
                0x6b085b74                PMC_Equals_X_X@12
 .text          0x6b085c64      0x290 ../build/x86_Debug/pmc_from.o
                0x6b085c64                From_I_Imp
                0x6b085cd5                From_L_Imp
                0x6b085d5a                PMC_From_I@8
                0x6b085df9                PMC_From_L@12
 .text          0x6b085ef4      0x510 ../build/x86_Debug/pmc_greatestcommondivisor.o
                0x6b085fd5                PMC_GreatestCommonDivisor_I_X@12
                0x6b086061                PMC_GreatestCommonDivisor_L_X@16
                0x6b08610e                PMC_GreatestCommonDivisor_UX_X@12
                0x6b086192                PMC_GreatestCommonDivisor_X_I@12
                0x6b08621e                PMC_GreatestCommonDivisor_X_L@16
                0x6b0862cf                PMC_GreatestCommonDivisor_X_UX@12
                0x6b086353                PMC_GreatestCommonDivisor_X_X@12
 .text          0x6b086404      0x548 ../build/x86_Debug/pmc_initialize.o
                0x6b086631                PMC_SINT_Initialize@4
                0x6b086631                PMC_SINT_Initialize
 .text          0x6b08694c      0x7c8 ../build/x86_Debug/pmc_memory.o
                0x6b086b87                AttatchNumber
                0x6b086bcf                AllocateNumber
                0x6b086c51                DetatchNumber
                0x6b086c7b                DeallocateNumber
                0x6b086cd1                CheckNumber
                0x6b086cfc                DuplicateNumber
                0x6b086df4                Negate_Imp
                0x6b086ece                PMC_GetConstantValue_I@8
                0x6b086f1c                PMC_Dispose@4
                0x6b086f38                Initialize_Memory
                0x6b0870a0                AllocateHeapArea
                0x6b0870e3                DeallocateHeapArea
 .text          0x6b087114      0xa9c ../build/x86_Debug/pmc_multiply.o
                0x6b0873eb                PMC_Multiply_I_X@12
                0x6b087512                PMC_Multiply_L_X@16
                0x6b087662                PMC_Multiply_UX_X@12
                0x6b08772a                PMC_Multiply_X_I@12
                0x6b087848                PMC_Multiply_X_L@16
                0x6b087992                PMC_Multiply_X_UX@12
                0x6b087a5a                PMC_Multiply_X_X@12
 .text          0x6b087bb0       0x70 ../build/x86_Debug/pmc_negate.o
                0x6b087bb0                PMC_Negate_X@8
 .text          0x6b087c20       0x98 ../build/x86_Debug/pmc_parse.o
                0x6b087c20                PMC_TryParse@16
 .text          0x6b087cb8       0x1c ../build/x86_Debug/pmc_statistics.o
                0x6b087cb8                PMC_GetStatisticsInfo@4
 .text          0x6b087cd4      0x18c ../build/x86_Debug/pmc_to.o
                0x6b087cd4                PMC_To_X_I@8
                0x6b087d85                PMC_To_X_L@8
 .text          0x6b087e60   0x3f28dc ../build/x86_Debug/TEST_autogenerated.o
                0x6b087e60                TEST_autogenerated
 .text          0x6b47a73c     0x10e4 ../build/x86_Debug/TEST_op_Add.o
                0x6b47a77e                TEST_Add_I_X
                0x6b47a999                TEST_Add_L_X
                0x6b47abd3                TEST_Add_UX_X
                0x6b47ae78                TEST_Add_X_I
                0x6b47b093                TEST_Add_X_L
                0x6b47b2cd                TEST_Add_X_UX
                0x6b47b572                TEST_Add_X_X
 .text          0x6b47b820      0x258 ../build/x86_Debug/TEST_op_Clone.o
                0x6b47b862                TEST_Clone_X
 .text          0x6b47ba78      0xb34 ../build/x86_Debug/TEST_op_Compare.o
                0x6b47ba78                TEST_Compare_I_X
                0x6b47bbd0                TEST_Compare_L_X
                0x6b47bd3b                TEST_Compare_UX_X
                0x6b47bf1d                TEST_Compare_X_I
                0x6b47c075                TEST_Compare_X_L
                0x6b47c1e0                TEST_Compare_X_UX
                0x6b47c3c2                TEST_Compare_X_X
 .text          0x6b47c5ac     0x172c ../build/x86_Debug/TEST_op_DivRem.o
                0x6b47c5ee                TEST_DivRem_I_X
                0x6b47c918                TEST_DivRem_L_X
                0x6b47cc61                TEST_DivRem_UX_X
                0x6b47d00f                TEST_DivRem_X_I
                0x6b47d285                TEST_DivRem_X_L
                0x6b47d569                TEST_DivRem_X_UX
                0x6b47d91d                TEST_DivRem_X_X
 .text          0x6b47dcd8      0xb34 ../build/x86_Debug/TEST_op_Equals.o
                0x6b47dcd8                TEST_Equals_I_X
                0x6b47de30                TEST_Equals_L_X
                0x6b47df9b                TEST_Equals_UX_X
                0x6b47e17d                TEST_Equals_X_I
                0x6b47e2d5                TEST_Equals_X_L
                0x6b47e440                TEST_Equals_X_UX
                0x6b47e622                TEST_Equals_X_X
 .text          0x6b47e80c      0x648 ../build/x86_Debug/TEST_op_From_To.o
                0x6b47e84e                TEST_From_I
                0x6b47e9d2                TEST_From_L
                0x6b47eb75                TEST_To_X_I
                0x6b47ecce                TEST_To_X_L
 .text          0x6b47ee54     0x110c ../build/x86_Debug/TEST_op_GreatestCommonDivisor.o
                0x6b47ee96                TEST_GreatestCommonDivisor_I_X
                0x6b47f0b7                TEST_GreatestCommonDivisor_L_X
                0x6b47f2f7                TEST_GreatestCommonDivisor_UX_X
                0x6b47f5a2                TEST_GreatestCommonDivisor_X_I
                0x6b47f7c3                TEST_GreatestCommonDivisor_X_L
                0x6b47fa03                TEST_GreatestCommonDivisor_X_UX
                0x6b47fcae                TEST_GreatestCommonDivisor_X_X
 .text          0x6b47ff60     0x10e4 ../build/x86_Debug/TEST_op_Multiply.o
                0x6b47ffa2                TEST_Multiply_I_X
                0x6b4801bd                TEST_Multiply_L_X
                0x6b4803f7                TEST_Multiply_UX_X
                0x6b48069c                TEST_Multiply_X_I
                0x6b4808b7                TEST_Multiply_X_L
                0x6b480af1                TEST_Multiply_X_UX
                0x6b480d96                TEST_Multiply_X_X
 .text          0x6b481044      0x258 ../build/x86_Debug/TEST_op_Negate.o
                0x6b481086                TEST_Negate_X
 .text          0x6b48129c      0x484 ../build/x86_Debug/TEST_op_ParseDN.o
                0x6b4812de                TEST_ParseDN1
                0x6b4814fc                TEST_ParseDN2
 .text          0x6b481720      0x264 ../build/x86_Debug/TEST_op_ParseX.o
                0x6b481762                TEST_ParseX
 .text          0x6b481984      0xff8 ../build/x86_Debug/TEST_op_Remainder.o
                0x6b4819c6                TEST_Remainder_I_X
                0x6b481bf5                TEST_Remainder_L_X
                0x6b481e43                TEST_Remainder_UX_X
                0x6b4820f6                TEST_Remainder_X_I
                0x6b48225e                TEST_Remainder_X_L
                0x6b482403                TEST_Remainder_X_UX
                0x6b4826bc                TEST_Remainder_X_X
 .text          0x6b48297c     0x10e4 ../build/x86_Debug/TEST_op_Subtruct.o
                0x6b4829be                TEST_Subtruct_I_X
                0x6b482bd9                TEST_Subtruct_L_X
                0x6b482e13                TEST_Subtruct_UX_X
                0x6b4830b8                TEST_Subtruct_X_I
                0x6b4832d3                TEST_Subtruct_X_L
                0x6b48350d                TEST_Subtruct_X_UX
                0x6b4837b2                TEST_Subtruct_X_X
 .text          0x6b483a60        0x0 C:/GNU/MINGW64/i686-8.1.0-win32-dwarf-rt_v6-rev0/mingw32/bin/../lib/gcc/i686-w64-mingw32/8.1.0/../../../../i686-w64-mingw32/lib/../lib/libkernel32.a(dgzch.o)
 .text          0x6b483a60        0x0 C:/GNU/MINGW64/i686-8.1.0-win32-dwarf-rt_v6-rev0/mingw32/bin/../lib/gcc/i686-w64-mingw32/8.1.0/../../../../i686-w64-mingw32/lib/../lib/libkernel32.a(dgzct.o)
 .text          0x6b483a60        0x0 C:/GNU/MINGW64/i686-8.1.0-win32-dwarf-rt_v6-rev0/mingw32/bin/../lib/gcc/i686-w64-mingw32/8.1.0/../../../../i686-w64-mingw32/lib/../lib/libuser32.a(dmceh.o)
 .text          0x6b483a60        0x0 C:/GNU/MINGW64/i686-8.1.0-win32-dwarf-rt_v6-rev0/mingw32/bin/../lib/gcc/i686-w64-mingw32/8.1.0/../../../../i686-w64-mingw32/lib/../lib/libuser32.a(dmcet.o)
 *(SORT_BY_NAME(.text$*))
 *(.text.*)
 *(.gnu.linkonce.t.*)
 *(.glue_7t)
 *(.glue_7)
                0x6b483a60                ___CTOR_LIST__ = .
                0x6b483a60                __CTOR_LIST__ = .
                0x6b483a60        0x4 LONG 0xffffffff
 *(.ctors)
 *(.ctor)
 *(SORT_BY_NAME(.ctors.*))
                0x6b483a64        0x4 LONG 0x0
                0x6b483a68                ___DTOR_LIST__ = .
                0x6b483a68                __DTOR_LIST__ = .
                0x6b483a68        0x4 LONG 0xffffffff
 *(.dtors)
 *(.dtor)
 *(SORT_BY_NAME(.dtors.*))
                0x6b483a6c        0x4 LONG 0x0
 *(.fini)
 *(.gcc_exc)
                [!provide]                PROVIDE (etext = .)
                [!provide]                PROVIDE (_etext = .)
 *(.gcc_except_table)

.data           0x6b484000    0x3be00
                0x6b484000                __data_start__ = .
 *(.data)
 .data          0x6b484000        0x0 ../build/x86_Debug/debug.o
 .data          0x6b484000        0x0 ../build/x86_Debug/dllmain.o
 .data          0x6b484000        0x0 ../build/x86_Debug/pmc_add_sub.o
 .data          0x6b484000        0x0 ../build/x86_Debug/pmc_bytes.o
 .data          0x6b484000        0x0 ../build/x86_Debug/pmc_clone.o
 .data          0x6b484000        0x0 ../build/x86_Debug/pmc_compare.o
 .data          0x6b484000        0x0 ../build/x86_Debug/pmc_divrem.o
 .data          0x6b484000        0x0 ../build/x86_Debug/pmc_equals.o
 .data          0x6b484000        0x0 ../build/x86_Debug/pmc_from.o
 .data          0x6b484000        0x0 ../build/x86_Debug/pmc_greatestcommondivisor.o
 .data          0x6b484000        0x0 ../build/x86_Debug/pmc_initialize.o
 .data          0x6b484000        0x0 ../build/x86_Debug/pmc_memory.o
 .data          0x6b484000        0x0 ../build/x86_Debug/pmc_multiply.o
 .data          0x6b484000        0x0 ../build/x86_Debug/pmc_negate.o
 .data          0x6b484000        0x0 ../build/x86_Debug/pmc_parse.o
 .data          0x6b484000        0x0 ../build/x86_Debug/pmc_statistics.o
 .data          0x6b484000        0x0 ../build/x86_Debug/pmc_to.o
 .data          0x6b484000    0x3be00 ../build/x86_Debug/TEST_autogenerated.o
 .data          0x6b4bfe00        0x0 ../build/x86_Debug/TEST_op_Add.o
 .data          0x6b4bfe00        0x0 ../build/x86_Debug/TEST_op_Clone.o
 .data          0x6b4bfe00        0x0 ../build/x86_Debug/TEST_op_Compare.o
 .data          0x6b4bfe00        0x0 ../build/x86_Debug/TEST_op_DivRem.o
 .data          0x6b4bfe00        0x0 ../build/x86_Debug/TEST_op_Equals.o
 .data          0x6b4bfe00        0x0 ../build/x86_Debug/TEST_op_From_To.o
 .data          0x6b4bfe00        0x0 ../build/x86_Debug/TEST_op_GreatestCommonDivisor.o
 .data          0x6b4bfe00        0x0 ../build/x86_Debug/TEST_op_Multiply.o
 .data          0x6b4bfe00        0x0 ../build/x86_Debug/TEST_op_Negate.o
 .data          0x6b4bfe00        0x0 ../build/x86_Debug/TEST_op_ParseDN.o
 .data          0x6b4bfe00        0x0 ../build/x86_Debug/TEST_op_ParseX.o
 .data          0x6b4bfe00        0x0 ../build/x86_Debug/TEST_op_Remainder.o
 .data          0x6b4bfe00        0x0 ../build/x86_Debug/TEST_op_Subtruct.o
 .data          0x6b4bfe00        0x0 C:/GNU/MINGW64/i686-8.1.0-win32-dwarf-rt_v6-rev0/mingw32/bin/../lib/gcc/i686-w64-mingw32/8.1.0/../../../../i686-w64-mingw32/lib/../lib/libkernel32.a(dgzcs01336.o)
 .data          0x6b4bfe00        0x0 C:/GNU/MINGW64/i686-8.1.0-win32-dwarf-rt_v6-rev0/mingw32/bin/../lib/gcc/i686-w64-mingw32/8.1.0/../../../../i686-w64-mingw32/lib/../lib/libkernel32.a(dgzcs00839.o)
 .data          0x6b4bfe00        0x0 C:/GNU/MINGW64/i686-8.1.0-win32-dwarf-rt_v6-rev0/mingw32/bin/../lib/gcc/i686-w64-mingw32/8.1.0/../../../../i686-w64-mingw32/lib/../lib/libkernel32.a(dgzcs00729.o)
 .data          0x6b4bfe00        0x0 C:/GNU/MINGW64/i686-8.1.0-win32-dwarf-rt_v6-rev0/mingw32/bin/../lib/gcc/i686-w64-mingw32/8.1.0/../../../../i686-w64-mingw32/lib/../lib/libkernel32.a(dgzcs00727.o)
 .data          0x6b4bfe00        0x0 C:/GNU/MINGW64/i686-8.1.0-win32-dwarf-rt_v6-rev0/mingw32/bin/../lib/gcc/i686-w64-mingw32/8.1.0/../../../../i686-w64-mingw32/lib/../lib/libkernel32.a(dgzcs00725.o)
 .data          0x6b4bfe00        0x0 C:/GNU/MINGW64/i686-8.1.0-win32-dwarf-rt_v6-rev0/mingw32/bin/../lib/gcc/i686-w64-mingw32/8.1.0/../../../../i686-w64-mingw32/lib/../lib/libkernel32.a(dgzcs00723.o)
 .data          0x6b4bfe00        0x0 C:/GNU/MINGW64/i686-8.1.0-win32-dwarf-rt_v6-rev0/mingw32/bin/../lib/gcc/i686-w64-mingw32/8.1.0/../../../../i686-w64-mingw32/lib/../lib/libkernel32.a(dgzcs00584.o)
 .data          0x6b4bfe00        0x0 C:/GNU/MINGW64/i686-8.1.0-win32-dwarf-rt_v6-rev0/mingw32/bin/../lib/gcc/i686-w64-mingw32/8.1.0/../../../../i686-w64-mingw32/lib/../lib/libkernel32.a(dgzcs00359.o)
 .data          0x6b4bfe00        0x0 C:/GNU/MINGW64/i686-8.1.0-win32-dwarf-rt_v6-rev0/mingw32/bin/../lib/gcc/i686-w64-mingw32/8.1.0/../../../../i686-w64-mingw32/lib/../lib/libkernel32.a(dgzch.o)
 .data          0x6b4bfe00        0x0 C:/GNU/MINGW64/i686-8.1.0-win32-dwarf-rt_v6-rev0/mingw32/bin/../lib/gcc/i686-w64-mingw32/8.1.0/../../../../i686-w64-mingw32/lib/../lib/libkernel32.a(dgzct.o)
 .data          0x6b4bfe00        0x0 C:/GNU/MINGW64/i686-8.1.0-win32-dwarf-rt_v6-rev0/mingw32/bin/../lib/gcc/i686-w64-mingw32/8.1.0/../../../../i686-w64-mingw32/lib/../lib/libuser32.a(dmces00912.o)
 .data          0x6b4bfe00        0x0 C:/GNU/MINGW64/i686-8.1.0-win32-dwarf-rt_v6-rev0/mingw32/bin/../lib/gcc/i686-w64-mingw32/8.1.0/../../../../i686-w64-mingw32/lib/../lib/libuser32.a(dmceh.o)
 .data          0x6b4bfe00        0x0 C:/GNU/MINGW64/i686-8.1.0-win32-dwarf-rt_v6-rev0/mingw32/bin/../lib/gcc/i686-w64-mingw32/8.1.0/../../../../i686-w64-mingw32/lib/../lib/libuser32.a(dmcet.o)
 *(.data2)
 *(SORT_BY_NAME(.data$*))
 *(.jcr)
                0x6b4bfe00                __data_end__ = .
 *(.data_cygwin_nocopy)

.rdata          0x6b4c0000    0x43800
 *(.rdata)
 .rdata         0x6b4c0000      0x1c0 ../build/x86_Debug/debug.o
 .rdata         0x6b4c01c0       0x30 ../build/x86_Debug/pmc_initialize.o
 .rdata         0x6b4c01f0    0x409cc ../build/x86_Debug/TEST_autogenerated.o
 .rdata         0x6b500bbc      0x30c ../build/x86_Debug/TEST_op_Add.o
 .rdata         0x6b500ec8       0xf4 ../build/x86_Debug/TEST_op_Clone.o
 .rdata         0x6b500fbc      0x33c ../build/x86_Debug/TEST_op_Compare.o
 .rdata         0x6b5012f8      0x370 ../build/x86_Debug/TEST_op_DivRem.o
 .rdata         0x6b501668      0x324 ../build/x86_Debug/TEST_op_Equals.o
 .rdata         0x6b50198c      0x1b4 ../build/x86_Debug/TEST_op_From_To.o
 .rdata         0x6b501b40      0x550 ../build/x86_Debug/TEST_op_GreatestCommonDivisor.o
 .rdata         0x6b502090      0x3e4 ../build/x86_Debug/TEST_op_Multiply.o
 .rdata         0x6b502474       0xf8 ../build/x86_Debug/TEST_op_Negate.o
 .rdata         0x6b50256c       0xf4 ../build/x86_Debug/TEST_op_ParseDN.o
 .rdata         0x6b502660       0xcc ../build/x86_Debug/TEST_op_ParseX.o
 .rdata         0x6b50272c      0x380 ../build/x86_Debug/TEST_op_Remainder.o
 .rdata         0x6b502aac      0x398 ../build/x86_Debug/TEST_op_Subtruct.o
 *(SORT_BY_NAME(.rdata$*))
 .rdata$zzz     0x6b502e44       0x40 ../build/x86_Debug/debug.o
 .rdata$zzz     0x6b502e84       0x40 ../build/x86_Debug/dllmain.o
 .rdata$zzz     0x6b502ec4       0x40 ../build/x86_Debug/pmc_add_sub.o
 .rdata$zzz     0x6b502f04       0x40 ../build/x86_Debug/pmc_bytes.o
 .rdata$zzz     0x6b502f44       0x40 ../build/x86_Debug/pmc_clone.o
 .rdata$zzz     0x6b502f84       0x40 ../build/x86_Debug/pmc_compare.o
 .rdata$zzz     0x6b502fc4       0x40 ../build/x86_Debug/pmc_divrem.o
 .rdata$zzz     0x6b503004       0x40 ../build/x86_Debug/pmc_equals.o
 .rdata$zzz     0x6b503044       0x40 ../build/x86_Debug/pmc_from.o
 .rdata$zzz     0x6b503084       0x40 ../build/x86_Debug/pmc_greatestcommondivisor.o
 .rdata$zzz     0x6b5030c4       0x40 ../build/x86_Debug/pmc_initialize.o
 .rdata$zzz     0x6b503104       0x40 ../build/x86_Debug/pmc_memory.o
 .rdata$zzz     0x6b503144       0x40 ../build/x86_Debug/pmc_multiply.o
 .rdata$zzz     0x6b503184       0x40 ../build/x86_Debug/pmc_negate.o
 .rdata$zzz     0x6b5031c4       0x40 ../build/x86_Debug/pmc_parse.o
 .rdata$zzz     0x6b503204       0x40 ../build/x86_Debug/pmc_statistics.o
 .rdata$zzz     0x6b503244       0x40 ../build/x86_Debug/pmc_to.o
 .rdata$zzz     0x6b503284       0x40 ../build/x86_Debug/TEST_autogenerated.o
 .rdata$zzz     0x6b5032c4       0x40 ../build/x86_Debug/TEST_op_Add.o
 .rdata$zzz     0x6b503304       0x40 ../build/x86_Debug/TEST_op_Clone.o
 .rdata$zzz     0x6b503344       0x40 ../build/x86_Debug/TEST_op_Compare.o
 .rdata$zzz     0x6b503384       0x40 ../build/x86_Debug/TEST_op_DivRem.o
 .rdata$zzz     0x6b5033c4       0x40 ../build/x86_Debug/TEST_op_Equals.o
 .rdata$zzz     0x6b503404       0x40 ../build/x86_Debug/TEST_op_From_To.o
 .rdata$zzz     0x6b503444       0x40 ../build/x86_Debug/TEST_op_GreatestCommonDivisor.o
 .rdata$zzz     0x6b503484       0x40 ../build/x86_Debug/TEST_op_Multiply.o
 .rdata$zzz     0x6b5034c4       0x40 ../build/x86_Debug/TEST_op_Negate.o
 .rdata$zzz     0x6b503504       0x40 ../build/x86_Debug/TEST_op_ParseDN.o
 .rdata$zzz     0x6b503544       0x40 ../build/x86_Debug/TEST_op_ParseX.o
 .rdata$zzz     0x6b503584       0x40 ../build/x86_Debug/TEST_op_Remainder.o
 .rdata$zzz     0x6b5035c4       0x40 ../build/x86_Debug/TEST_op_Subtruct.o
                0x6b503604                __rt_psrelocs_start = .
 *(.rdata_runtime_pseudo_reloc)
                0x6b503604                __rt_psrelocs_end = .
                0x00000000                __rt_psrelocs_size = (__rt_psrelocs_end - __rt_psrelocs_start)
                0x6b503604                ___RUNTIME_PSEUDO_RELOC_LIST_END__ = .
                0x6b503604                __RUNTIME_PSEUDO_RELOC_LIST_END__ = .
                0x6b503604                ___RUNTIME_PSEUDO_RELOC_LIST__ = (. - __rt_psrelocs_size)
                0x6b503604                __RUNTIME_PSEUDO_RELOC_LIST__ = (. - __rt_psrelocs_size)

.eh_frame       0x6b504000     0x2000
 *(.eh_frame*)
 .eh_frame      0x6b504000      0x130 ../build/x86_Debug/debug.o
 .eh_frame      0x6b504130       0x38 ../build/x86_Debug/dllmain.o
 .eh_frame      0x6b504168      0x2e8 ../build/x86_Debug/pmc_add_sub.o
 .eh_frame      0x6b504450       0x5c ../build/x86_Debug/pmc_bytes.o
 .eh_frame      0x6b5044ac       0x38 ../build/x86_Debug/pmc_clone.o
 .eh_frame      0x6b5044e4      0x1b8 ../build/x86_Debug/pmc_compare.o
 .eh_frame      0x6b50469c      0x15c ../build/x86_Debug/pmc_divrem.o
 .eh_frame      0x6b5047f8      0x14c ../build/x86_Debug/pmc_equals.o
 .eh_frame      0x6b504944       0xa0 ../build/x86_Debug/pmc_from.o
 .eh_frame      0x6b5049e4      0x14c ../build/x86_Debug/pmc_greatestcommondivisor.o
 .eh_frame      0x6b504b30       0xec ../build/x86_Debug/pmc_initialize.o
 .eh_frame      0x6b504c1c      0x218 ../build/x86_Debug/pmc_memory.o
 .eh_frame      0x6b504e34      0x1bc ../build/x86_Debug/pmc_multiply.o
 .eh_frame      0x6b504ff0       0x38 ../build/x86_Debug/pmc_negate.o
 .eh_frame      0x6b505028       0x38 ../build/x86_Debug/pmc_parse.o
 .eh_frame      0x6b505060       0x38 ../build/x86_Debug/pmc_statistics.o
 .eh_frame      0x6b505098       0x5c ../build/x86_Debug/pmc_to.o
 .eh_frame      0x6b5050f4       0x3c ../build/x86_Debug/TEST_autogenerated.o
 .eh_frame      0x6b505130      0x16c ../build/x86_Debug/TEST_op_Add.o
 .eh_frame      0x6b50529c       0x64 ../build/x86_Debug/TEST_op_Clone.o
 .eh_frame      0x6b505300      0x14c ../build/x86_Debug/TEST_op_Compare.o
 .eh_frame      0x6b50544c      0x170 ../build/x86_Debug/TEST_op_DivRem.o
 .eh_frame      0x6b5055bc      0x14c ../build/x86_Debug/TEST_op_Equals.o
 .eh_frame      0x6b505708       0xec ../build/x86_Debug/TEST_op_From_To.o
 .eh_frame      0x6b5057f4      0x16c ../build/x86_Debug/TEST_op_GreatestCommonDivisor.o
 .eh_frame      0x6b505960      0x16c ../build/x86_Debug/TEST_op_Multiply.o
 .eh_frame      0x6b505acc       0x64 ../build/x86_Debug/TEST_op_Negate.o
 .eh_frame      0x6b505b30       0x90 ../build/x86_Debug/TEST_op_ParseDN.o
 .eh_frame      0x6b505bc0       0x64 ../build/x86_Debug/TEST_op_ParseX.o
 .eh_frame      0x6b505c24      0x170 ../build/x86_Debug/TEST_op_Remainder.o
 .eh_frame      0x6b505d94      0x16c ../build/x86_Debug/TEST_op_Subtruct.o

.pdata
 *(.pdata*)

.bss            0x6b506000      0xf44
                0x6b506000                __bss_start__ = .
 *(.bss)
 .bss           0x6b506000      0x420 ../build/x86_Debug/debug.o
                0x6b506000                test_total_count
                0x6b506004                test_ok_count
                0x6b506008                __DEBUG_LOG
 .bss           0x6b506420        0x0 ../build/x86_Debug/dllmain.o
 .bss           0x6b506420        0x0 ../build/x86_Debug/pmc_add_sub.o
 .bss           0x6b506420        0x0 ../build/x86_Debug/pmc_bytes.o
 .bss           0x6b506420        0x0 ../build/x86_Debug/pmc_clone.o
 .bss           0x6b506420        0x0 ../build/x86_Debug/pmc_compare.o
 .bss           0x6b506420        0x0 ../build/x86_Debug/pmc_divrem.o
 .bss           0x6b506420        0x0 ../build/x86_Debug/pmc_equals.o
 .bss           0x6b506420        0x0 ../build/x86_Debug/pmc_from.o
 .bss           0x6b506420        0x0 ../build/x86_Debug/pmc_greatestcommondivisor.o
 .bss           0x6b506420      0x220 ../build/x86_Debug/pmc_initialize.o
 .bss           0x6b506640        0x0 ../build/x86_Debug/pmc_memory.o
 .bss           0x6b506640        0x0 ../build/x86_Debug/pmc_multiply.o
 .bss           0x6b506640        0x0 ../build/x86_Debug/pmc_negate.o
 .bss           0x6b506640        0x0 ../build/x86_Debug/pmc_parse.o
 .bss           0x6b506640        0x0 ../build/x86_Debug/pmc_statistics.o
 .bss           0x6b506640        0x0 ../build/x86_Debug/pmc_to.o
 .bss           0x6b506640      0x404 ../build/x86_Debug/TEST_autogenerated.o
 .bss           0x6b506a44        0x0 ../build/x86_Debug/TEST_op_Add.o
 .bss           0x6b506a44        0x0 ../build/x86_Debug/TEST_op_Clone.o
 .bss           0x6b506a44        0x0 ../build/x86_Debug/TEST_op_Compare.o
 .bss           0x6b506a44        0x0 ../build/x86_Debug/TEST_op_DivRem.o
 .bss           0x6b506a44        0x0 ../build/x86_Debug/TEST_op_Equals.o
 .bss           0x6b506a44        0x0 ../build/x86_Debug/TEST_op_From_To.o
 .bss           0x6b506a44        0x0 ../build/x86_Debug/TEST_op_GreatestCommonDivisor.o
 .bss           0x6b506a44        0x0 ../build/x86_Debug/TEST_op_Multiply.o
 .bss           0x6b506a44        0x0 ../build/x86_Debug/TEST_op_Negate.o
 *fill*         0x6b506a44       0x1c 
 .bss           0x6b506a60      0x240 ../build/x86_Debug/TEST_op_ParseDN.o
 .bss           0x6b506ca0      0x120 ../build/x86_Debug/TEST_op_ParseX.o
 .bss           0x6b506dc0        0x0 ../build/x86_Debug/TEST_op_Remainder.o
 .bss           0x6b506dc0        0x0 ../build/x86_Debug/TEST_op_Subtruct.o
 .bss           0x6b506dc0        0x0 C:/GNU/MINGW64/i686-8.1.0-win32-dwarf-rt_v6-rev0/mingw32/bin/../lib/gcc/i686-w64-mingw32/8.1.0/../../../../i686-w64-mingw32/lib/../lib/libkernel32.a(dgzcs01336.o)
 .bss           0x6b506dc0        0x0 C:/GNU/MINGW64/i686-8.1.0-win32-dwarf-rt_v6-rev0/mingw32/bin/../lib/gcc/i686-w64-mingw32/8.1.0/../../../../i686-w64-mingw32/lib/../lib/libkernel32.a(dgzcs00839.o)
 .bss           0x6b506dc0        0x0 C:/GNU/MINGW64/i686-8.1.0-win32-dwarf-rt_v6-rev0/mingw32/bin/../lib/gcc/i686-w64-mingw32/8.1.0/../../../../i686-w64-mingw32/lib/../lib/libkernel32.a(dgzcs00729.o)
 .bss           0x6b506dc0        0x0 C:/GNU/MINGW64/i686-8.1.0-win32-dwarf-rt_v6-rev0/mingw32/bin/../lib/gcc/i686-w64-mingw32/8.1.0/../../../../i686-w64-mingw32/lib/../lib/libkernel32.a(dgzcs00727.o)
 .bss           0x6b506dc0        0x0 C:/GNU/MINGW64/i686-8.1.0-win32-dwarf-rt_v6-rev0/mingw32/bin/../lib/gcc/i686-w64-mingw32/8.1.0/../../../../i686-w64-mingw32/lib/../lib/libkernel32.a(dgzcs00725.o)
 .bss           0x6b506dc0        0x0 C:/GNU/MINGW64/i686-8.1.0-win32-dwarf-rt_v6-rev0/mingw32/bin/../lib/gcc/i686-w64-mingw32/8.1.0/../../../../i686-w64-mingw32/lib/../lib/libkernel32.a(dgzcs00723.o)
 .bss           0x6b506dc0        0x0 C:/GNU/MINGW64/i686-8.1.0-win32-dwarf-rt_v6-rev0/mingw32/bin/../lib/gcc/i686-w64-mingw32/8.1.0/../../../../i686-w64-mingw32/lib/../lib/libkernel32.a(dgzcs00584.o)
 .bss           0x6b506dc0        0x0 C:/GNU/MINGW64/i686-8.1.0-win32-dwarf-rt_v6-rev0/mingw32/bin/../lib/gcc/i686-w64-mingw32/8.1.0/../../../../i686-w64-mingw32/lib/../lib/libkernel32.a(dgzcs00359.o)
 .bss           0x6b506dc0        0x0 C:/GNU/MINGW64/i686-8.1.0-win32-dwarf-rt_v6-rev0/mingw32/bin/../lib/gcc/i686-w64-mingw32/8.1.0/../../../../i686-w64-mingw32/lib/../lib/libkernel32.a(dgzch.o)
 .bss           0x6b506dc0        0x0 C:/GNU/MINGW64/i686-8.1.0-win32-dwarf-rt_v6-rev0/mingw32/bin/../lib/gcc/i686-w64-mingw32/8.1.0/../../../../i686-w64-mingw32/lib/../lib/libkernel32.a(dgzct.o)
 .bss           0x6b506dc0        0x0 C:/GNU/MINGW64/i686-8.1.0-win32-dwarf-rt_v6-rev0/mingw32/bin/../lib/gcc/i686-w64-mingw32/8.1.0/../../../../i686-w64-mingw32/lib/../lib/libuser32.a(dmces00912.o)
 .bss           0x6b506dc0        0x0 C:/GNU/MINGW64/i686-8.1.0-win32-dwarf-rt_v6-rev0/mingw32/bin/../lib/gcc/i686-w64-mingw32/8.1.0/../../../../i686-w64-mingw32/lib/../lib/libuser32.a(dmceh.o)
 .bss           0x6b506dc0        0x0 C:/GNU/MINGW64/i686-8.1.0-win32-dwarf-rt_v6-rev0/mingw32/bin/../lib/gcc/i686-w64-mingw32/8.1.0/../../../../i686-w64-mingw32/lib/../lib/libuser32.a(dmcet.o)
 *(COMMON)
 COMMON         0x6b506dc0        0x8 ../build/x86_Debug/debug.o
                0x6b506dc0                uint_number_zero
                0x6b506dc4                uint_number_one
 *fill*         0x6b506dc8       0x18 
 COMMON         0x6b506de0      0x118 ../build/x86_Debug/pmc_initialize.o
                0x6b506de0                ep_uint
 COMMON         0x6b506ef8       0x4c ../build/x86_Debug/pmc_memory.o
                0x6b506ef8                number_zero
                0x6b506f10                number_minus_one
                0x6b506f28                number_one
                0x6b506f40                hLocalHeap
                0x6b506f44                __bss_end__ = .

.edata          0x6b507000      0x200
 *(.edata)
 .edata         0x6b507000       0x88 dll stuff

/DISCARD/
 *(.debug$S)
 *(.debug$T)
 *(.debug$F)
 *(.drectve)
 *(.note.GNU-stack)
 *(.gnu.lto_*)

.idata          0x6b508000      0x200
 SORT_BY_NAME(*)(.idata$2)
 .idata$2       0x6b508000       0x14 C:/GNU/MINGW64/i686-8.1.0-win32-dwarf-rt_v6-rev0/mingw32/bin/../lib/gcc/i686-w64-mingw32/8.1.0/../../../../i686-w64-mingw32/lib/../lib/libkernel32.a(dgzch.o)
                0x6b508000                _head_lib32_libkernel32_a
 .idata$2       0x6b508014       0x14 C:/GNU/MINGW64/i686-8.1.0-win32-dwarf-rt_v6-rev0/mingw32/bin/../lib/gcc/i686-w64-mingw32/8.1.0/../../../../i686-w64-mingw32/lib/../lib/libuser32.a(dmceh.o)
                0x6b508014                _head_lib32_libuser32_a
 SORT_BY_NAME(*)(.idata$3)
                0x6b508028        0x4 LONG 0x0
                0x6b50802c        0x4 LONG 0x0
                0x6b508030        0x4 LONG 0x0
                0x6b508034        0x4 LONG 0x0
                0x6b508038        0x4 LONG 0x0
 SORT_BY_NAME(*)(.idata$4)
 .idata$4       0x6b50803c        0x0 C:/GNU/MINGW64/i686-8.1.0-win32-dwarf-rt_v6-rev0/mingw32/bin/../lib/gcc/i686-w64-mingw32/8.1.0/../../../../i686-w64-mingw32/lib/../lib/libkernel32.a(dgzch.o)
 .idata$4       0x6b50803c        0x4 C:/GNU/MINGW64/i686-8.1.0-win32-dwarf-rt_v6-rev0/mingw32/bin/../lib/gcc/i686-w64-mingw32/8.1.0/../../../../i686-w64-mingw32/lib/../lib/libkernel32.a(dgzcs00359.o)
 .idata$4       0x6b508040        0x4 C:/GNU/MINGW64/i686-8.1.0-win32-dwarf-rt_v6-rev0/mingw32/bin/../lib/gcc/i686-w64-mingw32/8.1.0/../../../../i686-w64-mingw32/lib/../lib/libkernel32.a(dgzcs00584.o)
 .idata$4       0x6b508044        0x4 C:/GNU/MINGW64/i686-8.1.0-win32-dwarf-rt_v6-rev0/mingw32/bin/../lib/gcc/i686-w64-mingw32/8.1.0/../../../../i686-w64-mingw32/lib/../lib/libkernel32.a(dgzcs00723.o)
 .idata$4       0x6b508048        0x4 C:/GNU/MINGW64/i686-8.1.0-win32-dwarf-rt_v6-rev0/mingw32/bin/../lib/gcc/i686-w64-mingw32/8.1.0/../../../../i686-w64-mingw32/lib/../lib/libkernel32.a(dgzcs00725.o)
 .idata$4       0x6b50804c        0x4 C:/GNU/MINGW64/i686-8.1.0-win32-dwarf-rt_v6-rev0/mingw32/bin/../lib/gcc/i686-w64-mingw32/8.1.0/../../../../i686-w64-mingw32/lib/../lib/libkernel32.a(dgzcs00727.o)
 .idata$4       0x6b508050        0x4 C:/GNU/MINGW64/i686-8.1.0-win32-dwarf-rt_v6-rev0/mingw32/bin/../lib/gcc/i686-w64-mingw32/8.1.0/../../../../i686-w64-mingw32/lib/../lib/libkernel32.a(dgzcs00729.o)
 .idata$4       0x6b508054        0x4 C:/GNU/MINGW64/i686-8.1.0-win32-dwarf-rt_v6-rev0/mingw32/bin/../lib/gcc/i686-w64-mingw32/8.1.0/../../../../i686-w64-mingw32/lib/../lib/libkernel32.a(dgzcs00839.o)
 .idata$4       0x6b508058        0x4 C:/GNU/MINGW64/i686-8.1.0-win32-dwarf-rt_v6-rev0/mingw32/bin/../lib/gcc/i686-w64-mingw32/8.1.0/../../../../i686-w64-mingw32/lib/../lib/libkernel32.a(dgzcs01336.o)
 .idata$4       0x6b50805c        0x4 C:/GNU/MINGW64/i686-8.1.0-win32-dwarf-rt_v6-rev0/mingw32/bin/../lib/gcc/i686-w64-mingw32/8.1.0/../../../../i686-w64-mingw32/lib/../lib/libkernel32.a(dgzct.o)
 .idata$4       0x6b508060        0x0 C:/GNU/MINGW64/i686-8.1.0-win32-dwarf-rt_v6-rev0/mingw32/bin/../lib/gcc/i686-w64-mingw32/8.1.0/../../../../i686-w64-mingw32/lib/../lib/libuser32.a(dmceh.o)
 .idata$4       0x6b508060        0x4 C:/GNU/MINGW64/i686-8.1.0-win32-dwarf-rt_v6-rev0/mingw32/bin/../lib/gcc/i686-w64-mingw32/8.1.0/../../../../i686-w64-mingw32/lib/../lib/libuser32.a(dmces00912.o)
 .idata$4       0x6b508064        0x4 C:/GNU/MINGW64/i686-8.1.0-win32-dwarf-rt_v6-rev0/mingw32/bin/../lib/gcc/i686-w64-mingw32/8.1.0/../../../../i686-w64-mingw32/lib/../lib/libuser32.a(dmcet.o)
                0x6b508068                __IAT_start__ = .
 SORT_BY_NAME(*)(.idata$5)
 .idata$5       0x6b508068        0x0 C:/GNU/MINGW64/i686-8.1.0-win32-dwarf-rt_v6-rev0/mingw32/bin/../lib/gcc/i686-w64-mingw32/8.1.0/../../../../i686-w64-mingw32/lib/../lib/libkernel32.a(dgzch.o)
 .idata$5       0x6b508068        0x4 C:/GNU/MINGW64/i686-8.1.0-win32-dwarf-rt_v6-rev0/mingw32/bin/../lib/gcc/i686-w64-mingw32/8.1.0/../../../../i686-w64-mingw32/lib/../lib/libkernel32.a(dgzcs00359.o)
                0x6b508068                _imp__FreeLibrary@4
 .idata$5       0x6b50806c        0x4 C:/GNU/MINGW64/i686-8.1.0-win32-dwarf-rt_v6-rev0/mingw32/bin/../lib/gcc/i686-w64-mingw32/8.1.0/../../../../i686-w64-mingw32/lib/../lib/libkernel32.a(dgzcs00584.o)
                0x6b50806c                _imp__GetProcAddress@8
 .idata$5       0x6b508070        0x4 C:/GNU/MINGW64/i686-8.1.0-win32-dwarf-rt_v6-rev0/mingw32/bin/../lib/gcc/i686-w64-mingw32/8.1.0/../../../../i686-w64-mingw32/lib/../lib/libkernel32.a(dgzcs00723.o)
                0x6b508070                _imp__HeapAlloc@12
 .idata$5       0x6b508074        0x4 C:/GNU/MINGW64/i686-8.1.0-win32-dwarf-rt_v6-rev0/mingw32/bin/../lib/gcc/i686-w64-mingw32/8.1.0/../../../../i686-w64-mingw32/lib/../lib/libkernel32.a(dgzcs00725.o)
                0x6b508074                _imp__HeapCreate@12
 .idata$5       0x6b508078        0x4 C:/GNU/MINGW64/i686-8.1.0-win32-dwarf-rt_v6-rev0/mingw32/bin/../lib/gcc/i686-w64-mingw32/8.1.0/../../../../i686-w64-mingw32/lib/../lib/libkernel32.a(dgzcs00727.o)
                0x6b508078                _imp__HeapDestroy@4
 .idata$5       0x6b50807c        0x4 C:/GNU/MINGW64/i686-8.1.0-win32-dwarf-rt_v6-rev0/mingw32/bin/../lib/gcc/i686-w64-mingw32/8.1.0/../../../../i686-w64-mingw32/lib/../lib/libkernel32.a(dgzcs00729.o)
                0x6b50807c                _imp__HeapFree@12
 .idata$5       0x6b508080        0x4 C:/GNU/MINGW64/i686-8.1.0-win32-dwarf-rt_v6-rev0/mingw32/bin/../lib/gcc/i686-w64-mingw32/8.1.0/../../../../i686-w64-mingw32/lib/../lib/libkernel32.a(dgzcs00839.o)
                0x6b508080                _imp__LoadLibraryA@4
 .idata$5       0x6b508084        0x4 C:/GNU/MINGW64/i686-8.1.0-win32-dwarf-rt_v6-rev0/mingw32/bin/../lib/gcc/i686-w64-mingw32/8.1.0/../../../../i686-w64-mingw32/lib/../lib/libkernel32.a(dgzcs01336.o)
                0x6b508084                _imp__lstrcpyW@8
 .idata$5       0x6b508088        0x4 C:/GNU/MINGW64/i686-8.1.0-win32-dwarf-rt_v6-rev0/mingw32/bin/../lib/gcc/i686-w64-mingw32/8.1.0/../../../../i686-w64-mingw32/lib/../lib/libkernel32.a(dgzct.o)
 .idata$5       0x6b50808c        0x0 C:/GNU/MINGW64/i686-8.1.0-win32-dwarf-rt_v6-rev0/mingw32/bin/../lib/gcc/i686-w64-mingw32/8.1.0/../../../../i686-w64-mingw32/lib/../lib/libuser32.a(dmceh.o)
 .idata$5       0x6b50808c        0x4 C:/GNU/MINGW64/i686-8.1.0-win32-dwarf-rt_v6-rev0/mingw32/bin/../lib/gcc/i686-w64-mingw32/8.1.0/../../../../i686-w64-mingw32/lib/../lib/libuser32.a(dmces00912.o)
                0x6b50808c                _imp__wsprintfW
 .idata$5       0x6b508090        0x4 C:/GNU/MINGW64/i686-8.1.0-win32-dwarf-rt_v6-rev0/mingw32/bin/../lib/gcc/i686-w64-mingw32/8.1.0/../../../../i686-w64-mingw32/lib/../lib/libuser32.a(dmcet.o)
                0x6b508094                __IAT_end__ = .
 SORT_BY_NAME(*)(.idata$6)
 .idata$6       0x6b508094        0xe C:/GNU/MINGW64/i686-8.1.0-win32-dwarf-rt_v6-rev0/mingw32/bin/../lib/gcc/i686-w64-mingw32/8.1.0/../../../../i686-w64-mingw32/lib/../lib/libkernel32.a(dgzcs00359.o)
 .idata$6       0x6b5080a2       0x12 C:/GNU/MINGW64/i686-8.1.0-win32-dwarf-rt_v6-rev0/mingw32/bin/../lib/gcc/i686-w64-mingw32/8.1.0/../../../../i686-w64-mingw32/lib/../lib/libkernel32.a(dgzcs00584.o)
 .idata$6       0x6b5080b4        0xc C:/GNU/MINGW64/i686-8.1.0-win32-dwarf-rt_v6-rev0/mingw32/bin/../lib/gcc/i686-w64-mingw32/8.1.0/../../../../i686-w64-mingw32/lib/../lib/libkernel32.a(dgzcs00723.o)
 .idata$6       0x6b5080c0        0xe C:/GNU/MINGW64/i686-8.1.0-win32-dwarf-rt_v6-rev0/mingw32/bin/../lib/gcc/i686-w64-mingw32/8.1.0/../../../../i686-w64-mingw32/lib/../lib/libkernel32.a(dgzcs00725.o)
 .idata$6       0x6b5080ce        0xe C:/GNU/MINGW64/i686-8.1.0-win32-dwarf-rt_v6-rev0/mingw32/bin/../lib/gcc/i686-w64-mingw32/8.1.0/../../../../i686-w64-mingw32/lib/../lib/libkernel32.a(dgzcs00727.o)
 .idata$6       0x6b5080dc        0xc C:/GNU/MINGW64/i686-8.1.0-win32-dwarf-rt_v6-rev0/mingw32/bin/../lib/gcc/i686-w64-mingw32/8.1.0/../../../../i686-w64-mingw32/lib/../lib/libkernel32.a(dgzcs00729.o)
 .idata$6       0x6b5080e8       0x10 C:/GNU/MINGW64/i686-8.1.0-win32-dwarf-rt_v6-rev0/mingw32/bin/../lib/gcc/i686-w64-mingw32/8.1.0/../../../../i686-w64-mingw32/lib/../lib/libkernel32.a(dgzcs00839.o)
 .idata$6       0x6b5080f8        0xc C:/GNU/MINGW64/i686-8.1.0-win32-dwarf-rt_v6-rev0/mingw32/bin/../lib/gcc/i686-w64-mingw32/8.1.0/../../../../i686-w64-mingw32/lib/../lib/libkernel32.a(dgzcs01336.o)
 .idata$6       0x6b508104        0xc C:/GNU/MINGW64/i686-8.1.0-win32-dwarf-rt_v6-rev0/mingw32/bin/../lib/gcc/i686-w64-mingw32/8.1.0/../../../../i686-w64-mingw32/lib/../lib/libuser32.a(dmces00912.o)
 SORT_BY_NAME(*)(.idata$7)
 .idata$7       0x6b508110        0x4 C:/GNU/MINGW64/i686-8.1.0-win32-dwarf-rt_v6-rev0/mingw32/bin/../lib/gcc/i686-w64-mingw32/8.1.0/../../../../i686-w64-mingw32/lib/../lib/libkernel32.a(dgzcs00359.o)
 .idata$7       0x6b508114        0x4 C:/GNU/MINGW64/i686-8.1.0-win32-dwarf-rt_v6-rev0/mingw32/bin/../lib/gcc/i686-w64-mingw32/8.1.0/../../../../i686-w64-mingw32/lib/../lib/libkernel32.a(dgzcs00584.o)
 .idata$7       0x6b508118        0x4 C:/GNU/MINGW64/i686-8.1.0-win32-dwarf-rt_v6-rev0/mingw32/bin/../lib/gcc/i686-w64-mingw32/8.1.0/../../../../i686-w64-mingw32/lib/../lib/libkernel32.a(dgzcs00723.o)
 .idata$7       0x6b50811c        0x4 C:/GNU/MINGW64/i686-8.1.0-win32-dwarf-rt_v6-rev0/mingw32/bin/../lib/gcc/i686-w64-mingw32/8.1.0/../../../../i686-w64-mingw32/lib/../lib/libkernel32.a(dgzcs00725.o)
 .idata$7       0x6b508120        0x4 C:/GNU/MINGW64/i686-8.1.0-win32-dwarf-rt_v6-rev0/mingw32/bin/../lib/gcc/i686-w64-mingw32/8.1.0/../../../../i686-w64-mingw32/lib/../lib/libkernel32.a(dgzcs00727.o)
 .idata$7       0x6b508124        0x4 C:/GNU/MINGW64/i686-8.1.0-win32-dwarf-rt_v6-rev0/mingw32/bin/../lib/gcc/i686-w64-mingw32/8.1.0/../../../../i686-w64-mingw32/lib/../lib/libkernel32.a(dgzcs00729.o)
 .idata$7       0x6b508128        0x4 C:/GNU/MINGW64/i686-8.1.0-win32-dwarf-rt_v6-rev0/mingw32/bin/../lib/gcc/i686-w64-mingw32/8.1.0/../../../../i686-w64-mingw32/lib/../lib/libkernel32.a(dgzcs00839.o)
 .idata$7       0x6b50812c        0x4 C:/GNU/MINGW64/i686-8.1.0-win32-dwarf-rt_v6-rev0/mingw32/bin/../lib/gcc/i686-w64-mingw32/8.1.0/../../../../i686-w64-mingw32/lib/../lib/libkernel32.a(dgzcs01336.o)
 .idata$7       0x6b508130       0x10 C:/GNU/MINGW64/i686-8.1.0-win32-dwarf-rt_v6-rev0/mingw32/bin/../lib/gcc/i686-w64-mingw32/8.1.0/../../../../i686-w64-mingw32/lib/../lib/libkernel32.a(dgzct.o)
                0x6b508130                _lib32_libkernel32_a_iname
 .idata$7       0x6b508140        0x4 C:/GNU/MINGW64/i686-8.1.0-win32-dwarf-rt_v6-rev0/mingw32/bin/../lib/gcc/i686-w64-mingw32/8.1.0/../../../../i686-w64-mingw32/lib/../lib/libuser32.a(dmces00912.o)
 .idata$7       0x6b508144        0xc C:/GNU/MINGW64/i686-8.1.0-win32-dwarf-rt_v6-rev0/mingw32/bin/../lib/gcc/i686-w64-mingw32/8.1.0/../../../../i686-w64-mingw32/lib/../lib/libuser32.a(dmcet.o)
                0x6b508144                _lib32_libuser32_a_iname

.CRT            0x6b509000        0x0
                0x6b509000                ___crt_xc_start__ = .
 *(SORT_BY_NAME(.CRT$XC*))
                0x6b509000                ___crt_xc_end__ = .
                0x6b509000                ___crt_xi_start__ = .
 *(SORT_BY_NAME(.CRT$XI*))
                0x6b509000                ___crt_xi_end__ = .
                0x6b509000                ___crt_xl_start__ = .
 *(SORT_BY_NAME(.CRT$XL*))
                0x6b509000                ___crt_xp_start__ = .
 *(SORT_BY_NAME(.CRT$XP*))
                0x6b509000                ___crt_xp_end__ = .
                0x6b509000                ___crt_xt_start__ = .
 *(SORT_BY_NAME(.CRT$XT*))
                0x6b509000                ___crt_xt_end__ = .

.tls            0x6b509000        0x0
                0x6b509000                ___tls_start__ = .
 *(.tls$AAA)
 *(.tls)
 *(.tls$)
 *(SORT_BY_NAME(.tls$*))
 *(.tls$ZZZ)
                0x6b509000                ___tls_end__ = .

.endjunk        0x6b509000        0x0
                [!provide]                PROVIDE (end = .)
                [!provide]                PROVIDE (_end = .)
                0x6b509000                __end__ = .

.rsrc           0x6b509000      0x400
 *(.rsrc)
 .rsrc          0x6b509000      0x378 ../build/x86_Debug/version.o
 *(.rsrc$*)

.reloc          0x6b50a000    0x54800
 *(.reloc)
 .reloc         0x6b50a000    0x54618 dll stuff

.stab
 *(.stab)

.stabstr
 *(.stabstr)

.debug_aranges  0x6b55f000      0x400
 *(.debug_aranges)
 .debug_aranges
                0x6b55f000       0x20 ../build/x86_Debug/debug.o
 .debug_aranges
                0x6b55f020       0x20 ../build/x86_Debug/dllmain.o
 .debug_aranges
                0x6b55f040       0x20 ../build/x86_Debug/pmc_add_sub.o
 .debug_aranges
                0x6b55f060       0x20 ../build/x86_Debug/pmc_bytes.o
 .debug_aranges
                0x6b55f080       0x20 ../build/x86_Debug/pmc_clone.o
 .debug_aranges
                0x6b55f0a0       0x20 ../build/x86_Debug/pmc_compare.o
 .debug_aranges
                0x6b55f0c0       0x20 ../build/x86_Debug/pmc_divrem.o
 .debug_aranges
                0x6b55f0e0       0x20 ../build/x86_Debug/pmc_equals.o
 .debug_aranges
                0x6b55f100       0x20 ../build/x86_Debug/pmc_from.o
 .debug_aranges
                0x6b55f120       0x20 ../build/x86_Debug/pmc_greatestcommondivisor.o
 .debug_aranges
                0x6b55f140       0x20 ../build/x86_Debug/pmc_initialize.o
 .debug_aranges
                0x6b55f160       0x20 ../build/x86_Debug/pmc_memory.o
 .debug_aranges
                0x6b55f180       0x20 ../build/x86_Debug/pmc_multiply.o
 .debug_aranges
                0x6b55f1a0       0x20 ../build/x86_Debug/pmc_negate.o
 .debug_aranges
                0x6b55f1c0       0x20 ../build/x86_Debug/pmc_parse.o
 .debug_aranges
                0x6b55f1e0       0x20 ../build/x86_Debug/pmc_statistics.o
 .debug_aranges
                0x6b55f200       0x20 ../build/x86_Debug/pmc_to.o
 .debug_aranges
                0x6b55f220       0x20 ../build/x86_Debug/TEST_autogenerated.o
 .debug_aranges
                0x6b55f240       0x20 ../build/x86_Debug/TEST_op_Add.o
 .debug_aranges
                0x6b55f260       0x20 ../build/x86_Debug/TEST_op_Clone.o
 .debug_aranges
                0x6b55f280       0x20 ../build/x86_Debug/TEST_op_Compare.o
 .debug_aranges
                0x6b55f2a0       0x20 ../build/x86_Debug/TEST_op_DivRem.o
 .debug_aranges
                0x6b55f2c0       0x20 ../build/x86_Debug/TEST_op_Equals.o
 .debug_aranges
                0x6b55f2e0       0x20 ../build/x86_Debug/TEST_op_From_To.o
 .debug_aranges
                0x6b55f300       0x20 ../build/x86_Debug/TEST_op_GreatestCommonDivisor.o
 .debug_aranges
                0x6b55f320       0x20 ../build/x86_Debug/TEST_op_Multiply.o
 .debug_aranges
                0x6b55f340       0x20 ../build/x86_Debug/TEST_op_Negate.o
 .debug_aranges
                0x6b55f360       0x20 ../build/x86_Debug/TEST_op_ParseDN.o
 .debug_aranges
                0x6b55f380       0x20 ../build/x86_Debug/TEST_op_ParseX.o
 .debug_aranges
                0x6b55f3a0       0x20 ../build/x86_Debug/TEST_op_Remainder.o
 .debug_aranges
                0x6b55f3c0       0x20 ../build/x86_Debug/TEST_op_Subtruct.o

.zdebug_aranges
 *(.zdebug_aranges)

.debug_pubnames
 *(.debug_pubnames)

.zdebug_pubnames
 *(.zdebug_pubnames)

.debug_pubtypes
 *(.debug_pubtypes)

.zdebug_pubtypes
 *(.zdebug_pubtypes)

.debug_info     0x6b560000   0x134800
 *(.debug_info .gnu.linkonce.wi.*)
 .debug_info    0x6b560000     0x6923 ../build/x86_Debug/debug.o
 .debug_info    0x6b566923     0x5d16 ../build/x86_Debug/dllmain.o
 .debug_info    0x6b56c639     0x6aab ../build/x86_Debug/pmc_add_sub.o
 .debug_info    0x6b5730e4     0x5e4e ../build/x86_Debug/pmc_bytes.o
 .debug_info    0x6b578f32     0x5d79 ../build/x86_Debug/pmc_clone.o
 .debug_info    0x6b57ecab     0x6341 ../build/x86_Debug/pmc_compare.o
 .debug_info    0x6b584fec     0x65ab ../build/x86_Debug/pmc_divrem.o
 .debug_info    0x6b58b597     0x619e ../build/x86_Debug/pmc_equals.o
 .debug_info    0x6b591735     0x5ef9 ../build/x86_Debug/pmc_from.o
 .debug_info    0x6b59762e     0x627f ../build/x86_Debug/pmc_greatestcommondivisor.o
 .debug_info    0x6b59d8ad     0x6901 ../build/x86_Debug/pmc_initialize.o
 .debug_info    0x6b5a41ae     0x634a ../build/x86_Debug/pmc_memory.o
 .debug_info    0x6b5aa4f8     0x63c8 ../build/x86_Debug/pmc_multiply.o
 .debug_info    0x6b5b08c0     0x5d7c ../build/x86_Debug/pmc_negate.o
 .debug_info    0x6b5b663c     0x5dc8 ../build/x86_Debug/pmc_parse.o
 .debug_info    0x6b5bc404     0x5c8c ../build/x86_Debug/pmc_statistics.o
 .debug_info    0x6b5c2090     0x5e32 ../build/x86_Debug/pmc_to.o
 .debug_info    0x6b5c7ec2    0x756b7 ../build/x86_Debug/TEST_autogenerated.o
 .debug_info    0x6b63d579     0x6d41 ../build/x86_Debug/TEST_op_Add.o
 .debug_info    0x6b6442ba     0x670f ../build/x86_Debug/TEST_op_Clone.o
 .debug_info    0x6b64a9c9     0x6b3b ../build/x86_Debug/TEST_op_Compare.o
 .debug_info    0x6b651504     0x6f80 ../build/x86_Debug/TEST_op_DivRem.o
 .debug_info    0x6b658484     0x6b33 ../build/x86_Debug/TEST_op_Equals.o
 .debug_info    0x6b65efb7     0x68f5 ../build/x86_Debug/TEST_op_From_To.o
 .debug_info    0x6b6658ac     0x6e3a ../build/x86_Debug/TEST_op_GreatestCommonDivisor.o
 .debug_info    0x6b66c6e6     0x6d69 ../build/x86_Debug/TEST_op_Multiply.o
 .debug_info    0x6b67344f     0x6711 ../build/x86_Debug/TEST_op_Negate.o
 .debug_info    0x6b679b60     0x68b8 ../build/x86_Debug/TEST_op_ParseDN.o
 .debug_info    0x6b680418     0x675d ../build/x86_Debug/TEST_op_ParseX.o
 .debug_info    0x6b686b75     0x6d63 ../build/x86_Debug/TEST_op_Remainder.o
 .debug_info    0x6b68d8d8     0x6d69 ../build/x86_Debug/TEST_op_Subtruct.o

.zdebug_info
 *(.zdebug_info .zdebug.gnu.linkonce.wi.*)

.debug_abbrev   0x6b695000     0x5000
 *(.debug_abbrev)
 .debug_abbrev  0x6b695000      0x2c1 ../build/x86_Debug/debug.o
 .debug_abbrev  0x6b6952c1      0x218 ../build/x86_Debug/dllmain.o
 .debug_abbrev  0x6b6954d9      0x306 ../build/x86_Debug/pmc_add_sub.o
 .debug_abbrev  0x6b6957df      0x238 ../build/x86_Debug/pmc_bytes.o
 .debug_abbrev  0x6b695a17      0x21a ../build/x86_Debug/pmc_clone.o
 .debug_abbrev  0x6b695c31      0x2d0 ../build/x86_Debug/pmc_compare.o
 .debug_abbrev  0x6b695f01      0x2c8 ../build/x86_Debug/pmc_divrem.o
 .debug_abbrev  0x6b6961c9      0x272 ../build/x86_Debug/pmc_equals.o
 .debug_abbrev  0x6b69643b      0x26e ../build/x86_Debug/pmc_from.o
 .debug_abbrev  0x6b6966a9      0x272 ../build/x86_Debug/pmc_greatestcommondivisor.o
 .debug_abbrev  0x6b69691b      0x320 ../build/x86_Debug/pmc_initialize.o
 .debug_abbrev  0x6b696c3b      0x3ae ../build/x86_Debug/pmc_memory.o
 .debug_abbrev  0x6b696fe9      0x2e1 ../build/x86_Debug/pmc_multiply.o
 .debug_abbrev  0x6b6972ca      0x21a ../build/x86_Debug/pmc_negate.o
 .debug_abbrev  0x6b6974e4      0x21a ../build/x86_Debug/pmc_parse.o
 .debug_abbrev  0x6b6976fe      0x218 ../build/x86_Debug/pmc_statistics.o
 .debug_abbrev  0x6b697916      0x238 ../build/x86_Debug/pmc_to.o
 .debug_abbrev  0x6b697b4e      0x255 ../build/x86_Debug/TEST_autogenerated.o
 .debug_abbrev  0x6b697da3      0x280 ../build/x86_Debug/TEST_op_Add.o
 .debug_abbrev  0x6b698023      0x25e ../build/x86_Debug/TEST_op_Clone.o
 .debug_abbrev  0x6b698281      0x280 ../build/x86_Debug/TEST_op_Compare.o
 .debug_abbrev  0x6b698501      0x291 ../build/x86_Debug/TEST_op_DivRem.o
 .debug_abbrev  0x6b698792      0x280 ../build/x86_Debug/TEST_op_Equals.o
 .debug_abbrev  0x6b698a12      0x280 ../build/x86_Debug/TEST_op_From_To.o
 .debug_abbrev  0x6b698c92      0x280 ../build/x86_Debug/TEST_op_GreatestCommonDivisor.o
 .debug_abbrev  0x6b698f12      0x280 ../build/x86_Debug/TEST_op_Multiply.o
 .debug_abbrev  0x6b699192      0x25e ../build/x86_Debug/TEST_op_Negate.o
 .debug_abbrev  0x6b6993f0      0x2b1 ../build/x86_Debug/TEST_op_ParseDN.o
 .debug_abbrev  0x6b6996a1      0x27e ../build/x86_Debug/TEST_op_ParseX.o
 .debug_abbrev  0x6b69991f      0x280 ../build/x86_Debug/TEST_op_Remainder.o
 .debug_abbrev  0x6b699b9f      0x280 ../build/x86_Debug/TEST_op_Subtruct.o

.zdebug_abbrev
 *(.zdebug_abbrev)

.debug_line     0x6b69a000    0x2e000
 *(.debug_line)
 .debug_line    0x6b69a000      0x3c3 ../build/x86_Debug/debug.o
 .debug_line    0x6b69a3c3      0x2a9 ../build/x86_Debug/dllmain.o
 .debug_line    0x6b69a66c      0xdcc ../build/x86_Debug/pmc_add_sub.o
 .debug_line    0x6b69b438      0x2fd ../build/x86_Debug/pmc_bytes.o
 .debug_line    0x6b69b735      0x2d4 ../build/x86_Debug/pmc_clone.o
 .debug_line    0x6b69ba09      0x71e ../build/x86_Debug/pmc_compare.o
 .debug_line    0x6b69c127      0xacc ../build/x86_Debug/pmc_divrem.o
 .debug_line    0x6b69cbf3      0x5a0 ../build/x86_Debug/pmc_equals.o
 .debug_line    0x6b69d193      0x32e ../build/x86_Debug/pmc_from.o
 .debug_line    0x6b69d4c1      0x49c ../build/x86_Debug/pmc_greatestcommondivisor.o
 .debug_line    0x6b69d95d      0x4da ../build/x86_Debug/pmc_initialize.o
 .debug_line    0x6b69de37      0x5c5 ../build/x86_Debug/pmc_memory.o
 .debug_line    0x6b69e3fc      0x675 ../build/x86_Debug/pmc_multiply.o
 .debug_line    0x6b69ea71      0x2c3 ../build/x86_Debug/pmc_negate.o
 .debug_line    0x6b69ed34      0x2c4 ../build/x86_Debug/pmc_parse.o
 .debug_line    0x6b69eff8      0x290 ../build/x86_Debug/pmc_statistics.o
 .debug_line    0x6b69f288      0x32e ../build/x86_Debug/pmc_to.o
 .debug_line    0x6b69f5b6    0x24812 ../build/x86_Debug/TEST_autogenerated.o
 .debug_line    0x6b6c3dc8      0x62b ../build/x86_Debug/TEST_op_Add.o
 .debug_line    0x6b6c43f3      0x341 ../build/x86_Debug/TEST_op_Clone.o
 .debug_line    0x6b6c4734      0x4e8 ../build/x86_Debug/TEST_op_Compare.o
 .debug_line    0x6b6c4c1c      0x752 ../build/x86_Debug/TEST_op_DivRem.o
 .debug_line    0x6b6c536e      0x4e7 ../build/x86_Debug/TEST_op_Equals.o
 .debug_line    0x6b6c5855      0x400 ../build/x86_Debug/TEST_op_From_To.o
 .debug_line    0x6b6c5c55      0x659 ../build/x86_Debug/TEST_op_GreatestCommonDivisor.o
 .debug_line    0x6b6c62ae      0x630 ../build/x86_Debug/TEST_op_Multiply.o
 .debug_line    0x6b6c68de      0x342 ../build/x86_Debug/TEST_op_Negate.o
 .debug_line    0x6b6c6c20      0x3a7 ../build/x86_Debug/TEST_op_ParseDN.o
 .debug_line    0x6b6c6fc7      0x345 ../build/x86_Debug/TEST_op_ParseX.o
 .debug_line    0x6b6c730c      0x607 ../build/x86_Debug/TEST_op_Remainder.o
 .debug_line    0x6b6c7913      0x630 ../build/x86_Debug/TEST_op_Subtruct.o

.zdebug_line
 *(.zdebug_line)

.debug_frame
 *(.debug_frame*)

.zdebug_frame
 *(.zdebug_frame*)

.debug_str      0x6b6c8000     0x2e00
 *(.debug_str)
 .debug_str     0x6b6c8000      0x23d ../build/x86_Debug/debug.o
 .debug_str     0x6b6c823d       0x19 ../build/x86_Debug/dllmain.o
 .debug_str     0x6b6c8256       0x69 ../build/x86_Debug/pmc_add_sub.o
 .debug_str     0x6b6c82bf       0x3d ../build/x86_Debug/pmc_bytes.o
 .debug_str     0x6b6c82fc       0x3d ../build/x86_Debug/pmc_clone.o
 .debug_str     0x6b6c8339       0x4b ../build/x86_Debug/pmc_compare.o
 .debug_str     0x6b6c8384       0x5e ../build/x86_Debug/pmc_divrem.o
 .debug_str     0x6b6c83e2       0x44 ../build/x86_Debug/pmc_equals.o
 .debug_str     0x6b6c8426       0x44 ../build/x86_Debug/pmc_from.o
 .debug_str     0x6b6c846a       0x44 ../build/x86_Debug/pmc_greatestcommondivisor.o
 .debug_str     0x6b6c84ae      0x233 ../build/x86_Debug/pmc_initialize.o
 .debug_str     0x6b6c86e1       0x44 ../build/x86_Debug/pmc_memory.o
 .debug_str     0x6b6c8725       0x4b ../build/x86_Debug/pmc_multiply.o
 .debug_str     0x6b6c8770       0x3d ../build/x86_Debug/pmc_negate.o
 .debug_str     0x6b6c87ad       0x3d ../build/x86_Debug/pmc_parse.o
 .debug_str     0x6b6c87ea       0x29 ../build/x86_Debug/pmc_statistics.o
 .debug_str     0x6b6c8813       0x3d ../build/x86_Debug/pmc_to.o
 .debug_str     0x6b6c8850      0x233 ../build/x86_Debug/TEST_autogenerated.o
 .debug_str     0x6b6c8a83      0x2d6 ../build/x86_Debug/TEST_op_Add.o
 .debug_str     0x6b6c8d59      0x233 ../build/x86_Debug/TEST_op_Clone.o
 .debug_str     0x6b6c8f8c      0x281 ../build/x86_Debug/TEST_op_Compare.o
 .debug_str     0x6b6c920d      0x329 ../build/x86_Debug/TEST_op_DivRem.o
 .debug_str     0x6b6c9536      0x281 ../build/x86_Debug/TEST_op_Equals.o
 .debug_str     0x6b6c97b7      0x26f ../build/x86_Debug/TEST_op_From_To.o
 .debug_str     0x6b6c9a26      0x2e5 ../build/x86_Debug/TEST_op_GreatestCommonDivisor.o
 .debug_str     0x6b6c9d0b      0x2d6 ../build/x86_Debug/TEST_op_Multiply.o
 .debug_str     0x6b6c9fe1      0x233 ../build/x86_Debug/TEST_op_Negate.o
 .debug_str     0x6b6ca214      0x288 ../build/x86_Debug/TEST_op_ParseDN.o
 .debug_str     0x6b6ca49c      0x233 ../build/x86_Debug/TEST_op_ParseX.o
 .debug_str     0x6b6ca6cf      0x2de ../build/x86_Debug/TEST_op_Remainder.o
 .debug_str     0x6b6ca9ad      0x2d6 ../build/x86_Debug/TEST_op_Subtruct.o

.zdebug_str
 *(.zdebug_str)

.debug_loc
 *(.debug_loc)

.zdebug_loc
 *(.zdebug_loc)

.debug_macinfo
 *(.debug_macinfo)

.zdebug_macinfo
 *(.zdebug_macinfo)

.debug_weaknames
 *(.debug_weaknames)

.zdebug_weaknames
 *(.zdebug_weaknames)

.debug_funcnames
 *(.debug_funcnames)

.zdebug_funcnames
 *(.zdebug_funcnames)

.debug_typenames
 *(.debug_typenames)

.zdebug_typenames
 *(.zdebug_typenames)

.debug_varnames
 *(.debug_varnames)

.zdebug_varnames
 *(.zdebug_varnames)

.debug_macro
 *(.debug_macro)

.zdebug_macro
 *(.zdebug_macro)

.debug_ranges
 *(.debug_ranges)

.zdebug_ranges
 *(.zdebug_ranges)

.debug_types
 *(.debug_types .gnu.linkonce.wt.*)

.zdebug_types
 *(.zdebug_types .gnu.linkonce.wt.*)

.debug_gdb_scripts
 *(.debug_gdb_scripts)

.zdebug_gdb_scripts
 *(.zdebug_gdb_scripts)
OUTPUT(../../dist/x86_Debug/Palmtree.Math.Core.Sint.dll pei-i386)
LOAD dll stuff
