Archive member included to satisfy reference by file (symbol)

C:/GNU/MINGW64/i686-8.1.0-win32-dwarf-rt_v6-rev0/mingw32/bin/../lib/gcc/i686-w64-mingw32/8.1.0/../../../../i686-w64-mingw32/lib/../lib/libkernel32.a(dgzcs00839.o)
                              ../build/x86_Debug/pmc_initialize.o (_imp__LoadLibraryA@4)
C:/GNU/MINGW64/i686-8.1.0-win32-dwarf-rt_v6-rev0/mingw32/bin/../lib/gcc/i686-w64-mingw32/8.1.0/../../../../i686-w64-mingw32/lib/../lib/libkernel32.a(dgzcs00729.o)
                              ../build/x86_Debug/pmc_memory.o (_imp__HeapFree@12)
C:/GNU/MINGW64/i686-8.1.0-win32-dwarf-rt_v6-rev0/mingw32/bin/../lib/gcc/i686-w64-mingw32/8.1.0/../../../../i686-w64-mingw32/lib/../lib/libkernel32.a(dgzcs00727.o)
                              ../build/x86_Debug/pmc_memory.o (_imp__HeapDestroy@4)
C:/GNU/MINGW64/i686-8.1.0-win32-dwarf-rt_v6-rev0/mingw32/bin/../lib/gcc/i686-w64-mingw32/8.1.0/../../../../i686-w64-mingw32/lib/../lib/libkernel32.a(dgzcs00725.o)
                              ../build/x86_Debug/pmc_memory.o (_imp__HeapCreate@12)
C:/GNU/MINGW64/i686-8.1.0-win32-dwarf-rt_v6-rev0/mingw32/bin/../lib/gcc/i686-w64-mingw32/8.1.0/../../../../i686-w64-mingw32/lib/../lib/libkernel32.a(dgzcs00723.o)
                              ../build/x86_Debug/pmc_memory.o (_imp__HeapAlloc@12)
C:/GNU/MINGW64/i686-8.1.0-win32-dwarf-rt_v6-rev0/mingw32/bin/../lib/gcc/i686-w64-mingw32/8.1.0/../../../../i686-w64-mingw32/lib/../lib/libkernel32.a(dgzcs00584.o)
                              ../build/x86_Debug/pmc_initialize.o (_imp__GetProcAddress@8)
C:/GNU/MINGW64/i686-8.1.0-win32-dwarf-rt_v6-rev0/mingw32/bin/../lib/gcc/i686-w64-mingw32/8.1.0/../../../../i686-w64-mingw32/lib/../lib/libkernel32.a(dgzcs00359.o)
                              ../build/x86_Debug/pmc_initialize.o (_imp__FreeLibrary@4)
C:/GNU/MINGW64/i686-8.1.0-win32-dwarf-rt_v6-rev0/mingw32/bin/../lib/gcc/i686-w64-mingw32/8.1.0/../../../../i686-w64-mingw32/lib/../lib/libkernel32.a(dgzch.o)
                              C:/GNU/MINGW64/i686-8.1.0-win32-dwarf-rt_v6-rev0/mingw32/bin/../lib/gcc/i686-w64-mingw32/8.1.0/../../../../i686-w64-mingw32/lib/../lib/libkernel32.a(dgzcs00839.o) (_head_lib32_libkernel32_a)
C:/GNU/MINGW64/i686-8.1.0-win32-dwarf-rt_v6-rev0/mingw32/bin/../lib/gcc/i686-w64-mingw32/8.1.0/../../../../i686-w64-mingw32/lib/../lib/libkernel32.a(dgzct.o)
                              C:/GNU/MINGW64/i686-8.1.0-win32-dwarf-rt_v6-rev0/mingw32/bin/../lib/gcc/i686-w64-mingw32/8.1.0/../../../../i686-w64-mingw32/lib/../lib/libkernel32.a(dgzch.o) (_lib32_libkernel32_a_iname)
C:/GNU/MINGW64/i686-8.1.0-win32-dwarf-rt_v6-rev0/mingw32/bin/../lib/gcc/i686-w64-mingw32/8.1.0/../../../../i686-w64-mingw32/lib/../lib/libuser32.a(dmces00912.o)
                              ../build/x86_Debug/debug.o (_imp__wsprintfW)
C:/GNU/MINGW64/i686-8.1.0-win32-dwarf-rt_v6-rev0/mingw32/bin/../lib/gcc/i686-w64-mingw32/8.1.0/../../../../i686-w64-mingw32/lib/../lib/libuser32.a(dmceh.o)
                              C:/GNU/MINGW64/i686-8.1.0-win32-dwarf-rt_v6-rev0/mingw32/bin/../lib/gcc/i686-w64-mingw32/8.1.0/../../../../i686-w64-mingw32/lib/../lib/libuser32.a(dmces00912.o) (_head_lib32_libuser32_a)
C:/GNU/MINGW64/i686-8.1.0-win32-dwarf-rt_v6-rev0/mingw32/bin/../lib/gcc/i686-w64-mingw32/8.1.0/../../../../i686-w64-mingw32/lib/../lib/libuser32.a(dmcet.o)
                              C:/GNU/MINGW64/i686-8.1.0-win32-dwarf-rt_v6-rev0/mingw32/bin/../lib/gcc/i686-w64-mingw32/8.1.0/../../../../i686-w64-mingw32/lib/../lib/libuser32.a(dmceh.o) (_lib32_libuser32_a_iname)

Allocating common symbols
Common symbol       size              file

number_zero         0x18              ../build/x86_Debug/pmc_memory.o
number_minus_one    0x18              ../build/x86_Debug/pmc_memory.o
number_one          0x18              ../build/x86_Debug/pmc_memory.o
uint_number_zero    0x4               ../build/x86_Debug/debug.o
uint_number_one     0x4               ../build/x86_Debug/debug.o
hLocalHeap          0x4               ../build/x86_Debug/pmc_memory.o
ep_uint             0x114             ../build/x86_Debug/pmc_initialize.o

Discarded input sections

 .drectve       0x00000000       0x58 ../build/x86_Debug/debug.o
 .drectve       0x00000000       0x44 ../build/x86_Debug/dllmain.o
 .drectve       0x00000000       0x44 ../build/x86_Debug/pmc_add_sub.o
 .drectve       0x00000000       0x44 ../build/x86_Debug/pmc_bytes.o
 .drectve       0x00000000       0x44 ../build/x86_Debug/pmc_clone.o
 .drectve       0x00000000       0x44 ../build/x86_Debug/pmc_divrem.o
 .drectve       0x00000000       0x44 ../build/x86_Debug/pmc_from.o
 .drectve       0x00000000       0x7c ../build/x86_Debug/pmc_initialize.o
 .drectve       0x00000000       0xb4 ../build/x86_Debug/pmc_memory.o
 .drectve       0x00000000       0x44 ../build/x86_Debug/pmc_multiply.o
 .drectve       0x00000000       0x44 ../build/x86_Debug/pmc_negate.o
 .drectve       0x00000000       0x44 ../build/x86_Debug/pmc_statistics.o
 .drectve       0x00000000       0x44 ../build/x86_Debug/pmc_to.o
 .drectve       0x00000000       0x44 ../build/x86_Debug/TEST_autogenerated.o
 .drectve       0x00000000       0x44 ../build/x86_Debug/TEST_op_Add.o
 .drectve       0x00000000       0x44 ../build/x86_Debug/TEST_op_Clone.o
 .drectve       0x00000000       0x44 ../build/x86_Debug/TEST_op_From_To.o
 .drectve       0x00000000       0x44 ../build/x86_Debug/TEST_op_Multiply.o
 .drectve       0x00000000       0x44 ../build/x86_Debug/TEST_op_Negate.o
 .drectve       0x00000000       0x44 ../build/x86_Debug/TEST_op_Subtruct.o
 .text          0x00000000        0x8 C:/GNU/MINGW64/i686-8.1.0-win32-dwarf-rt_v6-rev0/mingw32/bin/../lib/gcc/i686-w64-mingw32/8.1.0/../../../../i686-w64-mingw32/lib/../lib/libkernel32.a(dgzcs00839.o)
 .text          0x00000000        0x8 C:/GNU/MINGW64/i686-8.1.0-win32-dwarf-rt_v6-rev0/mingw32/bin/../lib/gcc/i686-w64-mingw32/8.1.0/../../../../i686-w64-mingw32/lib/../lib/libkernel32.a(dgzcs00729.o)
 .text          0x00000000        0x8 C:/GNU/MINGW64/i686-8.1.0-win32-dwarf-rt_v6-rev0/mingw32/bin/../lib/gcc/i686-w64-mingw32/8.1.0/../../../../i686-w64-mingw32/lib/../lib/libkernel32.a(dgzcs00727.o)
 .text          0x00000000        0x8 C:/GNU/MINGW64/i686-8.1.0-win32-dwarf-rt_v6-rev0/mingw32/bin/../lib/gcc/i686-w64-mingw32/8.1.0/../../../../i686-w64-mingw32/lib/../lib/libkernel32.a(dgzcs00725.o)
 .text          0x00000000        0x8 C:/GNU/MINGW64/i686-8.1.0-win32-dwarf-rt_v6-rev0/mingw32/bin/../lib/gcc/i686-w64-mingw32/8.1.0/../../../../i686-w64-mingw32/lib/../lib/libkernel32.a(dgzcs00723.o)
 .text          0x00000000        0x8 C:/GNU/MINGW64/i686-8.1.0-win32-dwarf-rt_v6-rev0/mingw32/bin/../lib/gcc/i686-w64-mingw32/8.1.0/../../../../i686-w64-mingw32/lib/../lib/libkernel32.a(dgzcs00584.o)
 .text          0x00000000        0x8 C:/GNU/MINGW64/i686-8.1.0-win32-dwarf-rt_v6-rev0/mingw32/bin/../lib/gcc/i686-w64-mingw32/8.1.0/../../../../i686-w64-mingw32/lib/../lib/libkernel32.a(dgzcs00359.o)
 .text          0x00000000        0x8 C:/GNU/MINGW64/i686-8.1.0-win32-dwarf-rt_v6-rev0/mingw32/bin/../lib/gcc/i686-w64-mingw32/8.1.0/../../../../i686-w64-mingw32/lib/../lib/libuser32.a(dmces00912.o)

Memory Configuration

Name             Origin             Length             Attributes
*default*        0x00000000         0xffffffff

Linker script and memory map

                0x6b080000                __image_base__ = 0x6b080000
                0x00000000                __dll__ = 0x0
                0x6b080000                ___ImageBase = 0x6b080000
                0x00001000                __section_alignment__ = 0x1000
                0x00000200                __file_alignment__ = 0x200
                0x00000004                __major_os_version__ = 0x4
                0x00000000                __minor_os_version__ = 0x0
                0x00000001                __major_image_version__ = 0x1
                0x00000000                __minor_image_version__ = 0x0
                0x00000004                __major_subsystem_version__ = 0x4
                0x00000000                __minor_subsystem_version__ = 0x0
                0x00000002                __subsystem__ = 0x2
                0x00200000                __size_of_stack_reserve__ = 0x200000
                0x00001000                __size_of_stack_commit__ = 0x1000
                0x00100000                __size_of_heap_reserve__ = 0x100000
                0x00001000                __size_of_heap_commit__ = 0x1000
                0x00000000                __loader_flags__ = 0x0
                0x00000000                __dll_characteristics__ = 0x0
LOAD ../build/x86_Debug/debug.o
LOAD ../build/x86_Debug/dllmain.o
LOAD ../build/x86_Debug/pmc_add_sub.o
LOAD ../build/x86_Debug/pmc_bytes.o
LOAD ../build/x86_Debug/pmc_clone.o
LOAD ../build/x86_Debug/pmc_divrem.o
LOAD ../build/x86_Debug/pmc_from.o
LOAD ../build/x86_Debug/pmc_initialize.o
LOAD ../build/x86_Debug/pmc_memory.o
LOAD ../build/x86_Debug/pmc_multiply.o
LOAD ../build/x86_Debug/pmc_negate.o
LOAD ../build/x86_Debug/pmc_statistics.o
LOAD ../build/x86_Debug/pmc_to.o
LOAD ../build/x86_Debug/TEST_autogenerated.o
LOAD ../build/x86_Debug/TEST_op_Add.o
LOAD ../build/x86_Debug/TEST_op_Clone.o
LOAD ../build/x86_Debug/TEST_op_DivRem.o
LOAD ../build/x86_Debug/TEST_op_From_To.o
LOAD ../build/x86_Debug/TEST_op_Multiply.o
LOAD ../build/x86_Debug/TEST_op_Negate.o
LOAD ../build/x86_Debug/TEST_op_Remainder.o
LOAD ../build/x86_Debug/TEST_op_Subtruct.o
LOAD ../build/x86_Debug/version.o
LOAD ../Palmtree.Math.Core.Sint.def
LOAD C:/GNU/MINGW64/i686-8.1.0-win32-dwarf-rt_v6-rev0/mingw32/bin/../lib/gcc/i686-w64-mingw32/8.1.0/../../../../i686-w64-mingw32/lib/../lib/libkernel32.a
LOAD C:/GNU/MINGW64/i686-8.1.0-win32-dwarf-rt_v6-rev0/mingw32/bin/../lib/gcc/i686-w64-mingw32/8.1.0/../../../../i686-w64-mingw32/lib/../lib/libuser32.a
                0x000003a8                . = SIZEOF_HEADERS
                0x00001000                . = ALIGN (__section_alignment__)

.text           0x6b081000   0x105800
 *(.init)
 *(.text)
 .text          0x6b081000      0x338 ../build/x86_Debug/debug.o
                0x6b0810ee                DoDebug
                0x6b0810ee                DoDebug@4
                0x6b0811e8                TEST_Assert
                0x6b081244                FormatTestLabel
                0x6b081274                FormatTestMesssage
                0x6b08129d                DumpBinary_UNIT
 .text          0x6b081338       0x58 ../build/x86_Debug/dllmain.o
                0x6b081338                DllMain@12
 .text          0x6b081390     0x2450 ../build/x86_Debug/pmc_add_sub.o
                0x6b081b09                PMC_Add_I_X@12
                0x6b081d28                PMC_Add_L_X@16
                0x6b081f8e                PMC_Add_UX_X@12
                0x6b082110                PMC_Add_X_I@12
                0x6b08231b                PMC_Add_X_L@16
                0x6b082566                PMC_Add_X_UX@12
                0x6b08272e                PMC_Add_X_X@12
                0x6b082969                PMC_Subtruct_I_X@12
                0x6b082b88                PMC_Subtruct_L_X@16
                0x6b082dee                PMC_Subtruct_UX_X@12
                0x6b082f80                PMC_Subtruct_X_I@12
                0x6b08318d                PMC_Subtruct_X_L@16
                0x6b0833da                PMC_Subtruct_X_UX@12
                0x6b0835a2                PMC_Subtruct_X_X@12
 .text          0x6b0837e0      0x138 ../build/x86_Debug/pmc_bytes.o
                0x6b0837e0                PMC_FromByteArray@12
                0x6b083892                PMC_ToByteArray@16
 .text          0x6b083918       0xa4 ../build/x86_Debug/pmc_clone.o
                0x6b083918                PMC_Clone_X@8
 .text          0x6b0839bc     0x10b0 ../build/x86_Debug/pmc_divrem.o
                0x6b083a9d                PMC_DivRem_I_X@16
                0x6b083cba                PMC_DivRem_L_X@20
                0x6b083f7a                PMC_DivRem_UX_X@16
                0x6b08411e                PMC_DivRem_X_I@16
                0x6b084309                PMC_DivRem_X_L@20
                0x6b084539                PMC_DivRem_X_UX@16
                0x6b0847b0                PMC_DivRem_X_X@16
 .text          0x6b084a6c      0x290 ../build/x86_Debug/pmc_from.o
                0x6b084a6c                From_I_Imp
                0x6b084add                From_L_Imp
                0x6b084b62                PMC_From_I@8
                0x6b084c01                PMC_From_L@12
 .text          0x6b084cfc      0x46c ../build/x86_Debug/pmc_initialize.o
                0x6b084f29                PMC_SINT_Initialize@4
                0x6b084f29                PMC_SINT_Initialize
 .text          0x6b085168      0x7ac ../build/x86_Debug/pmc_memory.o
                0x6b08538a                AttatchNumber
                0x6b0853d2                AllocateNumber
                0x6b085454                DetatchNumber
                0x6b08547e                DeallocateNumber
                0x6b0854d4                CheckNumber
                0x6b0854ff                DuplicateNumber
                0x6b0855f7                Negate_Imp
                0x6b0856d1                PMC_GetConstantValue_I@8
                0x6b08571f                PMC_Dispose@4
                0x6b08573b                Initialize_Memory
                0x6b0858a3                AllocateHeapArea
                0x6b0858e6                DeallocateHeapArea
 .text          0x6b085914      0xa9c ../build/x86_Debug/pmc_multiply.o
                0x6b085beb                PMC_Multiply_I_X@12
                0x6b085d12                PMC_Multiply_L_X@16
                0x6b085e62                PMC_Multiply_UX_X@12
                0x6b085f2a                PMC_Multiply_X_I@12
                0x6b086048                PMC_Multiply_X_L@16
                0x6b086192                PMC_Multiply_X_UX@12
                0x6b08625a                PMC_Multiply_X_X@12
 .text          0x6b0863b0       0x70 ../build/x86_Debug/pmc_negate.o
                0x6b0863b0                PMC_Negate_X@8
 .text          0x6b086420       0x1c ../build/x86_Debug/pmc_statistics.o
                0x6b086420                PMC_GetStatisticsInfo@4
 .text          0x6b08643c      0x18c ../build/x86_Debug/pmc_to.o
                0x6b08643c                PMC_To_X_I@8
                0x6b0864ed                PMC_To_X_L@8
 .text          0x6b0865c8    0xf9ccc ../build/x86_Debug/TEST_autogenerated.o
                0x6b0865c8                TEST_autogenerated
 .text          0x6b180294     0x10e4 ../build/x86_Debug/TEST_op_Add.o
                0x6b1802d6                TEST_Add_I_X
                0x6b1804f1                TEST_Add_L_X
                0x6b18072b                TEST_Add_UX_X
                0x6b1809d0                TEST_Add_X_I
                0x6b180beb                TEST_Add_X_L
                0x6b180e25                TEST_Add_X_UX
                0x6b1810ca                TEST_Add_X_X
 .text          0x6b181378      0x258 ../build/x86_Debug/TEST_op_Clone.o
                0x6b1813ba                TEST_Clone_X
 .text          0x6b1815d0     0x172c ../build/x86_Debug/TEST_op_DivRem.o
                0x6b181612                TEST_DivRem_I_X
                0x6b18193c                TEST_DivRem_L_X
                0x6b181c85                TEST_DivRem_UX_X
                0x6b182033                TEST_DivRem_X_I
                0x6b1822a9                TEST_DivRem_X_L
                0x6b18258d                TEST_DivRem_X_UX
                0x6b182941                TEST_DivRem_X_X
 .text          0x6b182cfc      0x648 ../build/x86_Debug/TEST_op_From_To.o
                0x6b182d3e                TEST_From_I
                0x6b182ec2                TEST_From_L
                0x6b183065                TEST_To_X_I
                0x6b1831be                TEST_To_X_L
 .text          0x6b183344     0x10e4 ../build/x86_Debug/TEST_op_Multiply.o
                0x6b183386                TEST_Multiply_I_X
                0x6b1835a1                TEST_Multiply_L_X
                0x6b1837db                TEST_Multiply_UX_X
                0x6b183a80                TEST_Multiply_X_I
                0x6b183c9b                TEST_Multiply_X_L
                0x6b183ed5                TEST_Multiply_X_UX
                0x6b18417a                TEST_Multiply_X_X
 .text          0x6b184428      0x258 ../build/x86_Debug/TEST_op_Negate.o
                0x6b18446a                TEST_Negate_X
 .text          0x6b184680      0xff8 ../build/x86_Debug/TEST_op_Remainder.o
                0x6b1846c2                TEST_Remainder_I_X
                0x6b1848f1                TEST_Remainder_L_X
                0x6b184b3f                TEST_Remainder_UX_X
                0x6b184df2                TEST_Remainder_X_I
                0x6b184f5a                TEST_Remainder_X_L
                0x6b1850ff                TEST_Remainder_X_UX
                0x6b1853b8                TEST_Remainder_X_X
 .text          0x6b185678     0x10e4 ../build/x86_Debug/TEST_op_Subtruct.o
                0x6b1856ba                TEST_Subtruct_I_X
                0x6b1858d5                TEST_Subtruct_L_X
                0x6b185b0f                TEST_Subtruct_UX_X
                0x6b185db4                TEST_Subtruct_X_I
                0x6b185fcf                TEST_Subtruct_X_L
                0x6b186209                TEST_Subtruct_X_UX
                0x6b1864ae                TEST_Subtruct_X_X
 .text          0x6b18675c        0x0 C:/GNU/MINGW64/i686-8.1.0-win32-dwarf-rt_v6-rev0/mingw32/bin/../lib/gcc/i686-w64-mingw32/8.1.0/../../../../i686-w64-mingw32/lib/../lib/libkernel32.a(dgzch.o)
 .text          0x6b18675c        0x0 C:/GNU/MINGW64/i686-8.1.0-win32-dwarf-rt_v6-rev0/mingw32/bin/../lib/gcc/i686-w64-mingw32/8.1.0/../../../../i686-w64-mingw32/lib/../lib/libkernel32.a(dgzct.o)
 .text          0x6b18675c        0x0 C:/GNU/MINGW64/i686-8.1.0-win32-dwarf-rt_v6-rev0/mingw32/bin/../lib/gcc/i686-w64-mingw32/8.1.0/../../../../i686-w64-mingw32/lib/../lib/libuser32.a(dmceh.o)
 .text          0x6b18675c        0x0 C:/GNU/MINGW64/i686-8.1.0-win32-dwarf-rt_v6-rev0/mingw32/bin/../lib/gcc/i686-w64-mingw32/8.1.0/../../../../i686-w64-mingw32/lib/../lib/libuser32.a(dmcet.o)
 *(SORT_BY_NAME(.text$*))
 *(.text.*)
 *(.gnu.linkonce.t.*)
 *(.glue_7t)
 *(.glue_7)
                0x6b18675c                ___CTOR_LIST__ = .
                0x6b18675c                __CTOR_LIST__ = .
                0x6b18675c        0x4 LONG 0xffffffff
 *(.ctors)
 *(.ctor)
 *(SORT_BY_NAME(.ctors.*))
                0x6b186760        0x4 LONG 0x0
                0x6b186764                ___DTOR_LIST__ = .
                0x6b186764                __DTOR_LIST__ = .
                0x6b186764        0x4 LONG 0xffffffff
 *(.dtors)
 *(.dtor)
 *(SORT_BY_NAME(.dtors.*))
                0x6b186768        0x4 LONG 0x0
 *(.fini)
 *(.gcc_exc)
                [!provide]                PROVIDE (etext = .)
                [!provide]                PROVIDE (_etext = .)
 *(.gcc_except_table)

.data           0x6b187000     0xca00
                0x6b187000                __data_start__ = .
 *(.data)
 .data          0x6b187000        0x0 ../build/x86_Debug/debug.o
 .data          0x6b187000        0x0 ../build/x86_Debug/dllmain.o
 .data          0x6b187000        0x0 ../build/x86_Debug/pmc_add_sub.o
 .data          0x6b187000        0x0 ../build/x86_Debug/pmc_bytes.o
 .data          0x6b187000        0x0 ../build/x86_Debug/pmc_clone.o
 .data          0x6b187000        0x0 ../build/x86_Debug/pmc_divrem.o
 .data          0x6b187000        0x0 ../build/x86_Debug/pmc_from.o
 .data          0x6b187000        0x0 ../build/x86_Debug/pmc_initialize.o
 .data          0x6b187000        0x0 ../build/x86_Debug/pmc_memory.o
 .data          0x6b187000        0x0 ../build/x86_Debug/pmc_multiply.o
 .data          0x6b187000        0x0 ../build/x86_Debug/pmc_negate.o
 .data          0x6b187000        0x0 ../build/x86_Debug/pmc_statistics.o
 .data          0x6b187000        0x0 ../build/x86_Debug/pmc_to.o
 .data          0x6b187000     0xc8a0 ../build/x86_Debug/TEST_autogenerated.o
 .data          0x6b1938a0        0x0 ../build/x86_Debug/TEST_op_Add.o
 .data          0x6b1938a0        0x0 ../build/x86_Debug/TEST_op_Clone.o
 .data          0x6b1938a0        0x0 ../build/x86_Debug/TEST_op_DivRem.o
 .data          0x6b1938a0        0x0 ../build/x86_Debug/TEST_op_From_To.o
 .data          0x6b1938a0        0x0 ../build/x86_Debug/TEST_op_Multiply.o
 .data          0x6b1938a0        0x0 ../build/x86_Debug/TEST_op_Negate.o
 .data          0x6b1938a0        0x0 ../build/x86_Debug/TEST_op_Remainder.o
 .data          0x6b1938a0        0x0 ../build/x86_Debug/TEST_op_Subtruct.o
 .data          0x6b1938a0        0x0 C:/GNU/MINGW64/i686-8.1.0-win32-dwarf-rt_v6-rev0/mingw32/bin/../lib/gcc/i686-w64-mingw32/8.1.0/../../../../i686-w64-mingw32/lib/../lib/libkernel32.a(dgzcs00839.o)
 .data          0x6b1938a0        0x0 C:/GNU/MINGW64/i686-8.1.0-win32-dwarf-rt_v6-rev0/mingw32/bin/../lib/gcc/i686-w64-mingw32/8.1.0/../../../../i686-w64-mingw32/lib/../lib/libkernel32.a(dgzcs00729.o)
 .data          0x6b1938a0        0x0 C:/GNU/MINGW64/i686-8.1.0-win32-dwarf-rt_v6-rev0/mingw32/bin/../lib/gcc/i686-w64-mingw32/8.1.0/../../../../i686-w64-mingw32/lib/../lib/libkernel32.a(dgzcs00727.o)
 .data          0x6b1938a0        0x0 C:/GNU/MINGW64/i686-8.1.0-win32-dwarf-rt_v6-rev0/mingw32/bin/../lib/gcc/i686-w64-mingw32/8.1.0/../../../../i686-w64-mingw32/lib/../lib/libkernel32.a(dgzcs00725.o)
 .data          0x6b1938a0        0x0 C:/GNU/MINGW64/i686-8.1.0-win32-dwarf-rt_v6-rev0/mingw32/bin/../lib/gcc/i686-w64-mingw32/8.1.0/../../../../i686-w64-mingw32/lib/../lib/libkernel32.a(dgzcs00723.o)
 .data          0x6b1938a0        0x0 C:/GNU/MINGW64/i686-8.1.0-win32-dwarf-rt_v6-rev0/mingw32/bin/../lib/gcc/i686-w64-mingw32/8.1.0/../../../../i686-w64-mingw32/lib/../lib/libkernel32.a(dgzcs00584.o)
 .data          0x6b1938a0        0x0 C:/GNU/MINGW64/i686-8.1.0-win32-dwarf-rt_v6-rev0/mingw32/bin/../lib/gcc/i686-w64-mingw32/8.1.0/../../../../i686-w64-mingw32/lib/../lib/libkernel32.a(dgzcs00359.o)
 .data          0x6b1938a0        0x0 C:/GNU/MINGW64/i686-8.1.0-win32-dwarf-rt_v6-rev0/mingw32/bin/../lib/gcc/i686-w64-mingw32/8.1.0/../../../../i686-w64-mingw32/lib/../lib/libkernel32.a(dgzch.o)
 .data          0x6b1938a0        0x0 C:/GNU/MINGW64/i686-8.1.0-win32-dwarf-rt_v6-rev0/mingw32/bin/../lib/gcc/i686-w64-mingw32/8.1.0/../../../../i686-w64-mingw32/lib/../lib/libkernel32.a(dgzct.o)
 .data          0x6b1938a0        0x0 C:/GNU/MINGW64/i686-8.1.0-win32-dwarf-rt_v6-rev0/mingw32/bin/../lib/gcc/i686-w64-mingw32/8.1.0/../../../../i686-w64-mingw32/lib/../lib/libuser32.a(dmces00912.o)
 .data          0x6b1938a0        0x0 C:/GNU/MINGW64/i686-8.1.0-win32-dwarf-rt_v6-rev0/mingw32/bin/../lib/gcc/i686-w64-mingw32/8.1.0/../../../../i686-w64-mingw32/lib/../lib/libuser32.a(dmceh.o)
 .data          0x6b1938a0        0x0 C:/GNU/MINGW64/i686-8.1.0-win32-dwarf-rt_v6-rev0/mingw32/bin/../lib/gcc/i686-w64-mingw32/8.1.0/../../../../i686-w64-mingw32/lib/../lib/libuser32.a(dmcet.o)
 *(.data2)
 *(SORT_BY_NAME(.data$*))
 *(.jcr)
                0x6b1938a0                __data_end__ = .
 *(.data_cygwin_nocopy)

.rdata          0x6b194000     0x1e00
 *(.rdata)
 .rdata         0x6b194000      0x1c0 ../build/x86_Debug/debug.o
 .rdata         0x6b1941c0       0x30 ../build/x86_Debug/pmc_initialize.o
 .rdata         0x6b1941f0      0x30c ../build/x86_Debug/TEST_op_Add.o
 .rdata         0x6b1944fc       0xf4 ../build/x86_Debug/TEST_op_Clone.o
 .rdata         0x6b1945f0      0x370 ../build/x86_Debug/TEST_op_DivRem.o
 .rdata         0x6b194960      0x1b4 ../build/x86_Debug/TEST_op_From_To.o
 .rdata         0x6b194b14      0x3e4 ../build/x86_Debug/TEST_op_Multiply.o
 .rdata         0x6b194ef8       0xf8 ../build/x86_Debug/TEST_op_Negate.o
 .rdata         0x6b194ff0      0x380 ../build/x86_Debug/TEST_op_Remainder.o
 .rdata         0x6b195370      0x398 ../build/x86_Debug/TEST_op_Subtruct.o
 *(SORT_BY_NAME(.rdata$*))
 .rdata$zzz     0x6b195708       0x40 ../build/x86_Debug/debug.o
 .rdata$zzz     0x6b195748       0x40 ../build/x86_Debug/dllmain.o
 .rdata$zzz     0x6b195788       0x40 ../build/x86_Debug/pmc_add_sub.o
 .rdata$zzz     0x6b1957c8       0x40 ../build/x86_Debug/pmc_bytes.o
 .rdata$zzz     0x6b195808       0x40 ../build/x86_Debug/pmc_clone.o
 .rdata$zzz     0x6b195848       0x40 ../build/x86_Debug/pmc_divrem.o
 .rdata$zzz     0x6b195888       0x40 ../build/x86_Debug/pmc_from.o
 .rdata$zzz     0x6b1958c8       0x40 ../build/x86_Debug/pmc_initialize.o
 .rdata$zzz     0x6b195908       0x40 ../build/x86_Debug/pmc_memory.o
 .rdata$zzz     0x6b195948       0x40 ../build/x86_Debug/pmc_multiply.o
 .rdata$zzz     0x6b195988       0x40 ../build/x86_Debug/pmc_negate.o
 .rdata$zzz     0x6b1959c8       0x40 ../build/x86_Debug/pmc_statistics.o
 .rdata$zzz     0x6b195a08       0x40 ../build/x86_Debug/pmc_to.o
 .rdata$zzz     0x6b195a48       0x40 ../build/x86_Debug/TEST_autogenerated.o
 .rdata$zzz     0x6b195a88       0x40 ../build/x86_Debug/TEST_op_Add.o
 .rdata$zzz     0x6b195ac8       0x40 ../build/x86_Debug/TEST_op_Clone.o
 .rdata$zzz     0x6b195b08       0x40 ../build/x86_Debug/TEST_op_DivRem.o
 .rdata$zzz     0x6b195b48       0x40 ../build/x86_Debug/TEST_op_From_To.o
 .rdata$zzz     0x6b195b88       0x40 ../build/x86_Debug/TEST_op_Multiply.o
 .rdata$zzz     0x6b195bc8       0x40 ../build/x86_Debug/TEST_op_Negate.o
 .rdata$zzz     0x6b195c08       0x40 ../build/x86_Debug/TEST_op_Remainder.o
 .rdata$zzz     0x6b195c48       0x40 ../build/x86_Debug/TEST_op_Subtruct.o
                0x6b195c88                __rt_psrelocs_start = .
 *(.rdata_runtime_pseudo_reloc)
                0x6b195c88                __rt_psrelocs_end = .
                0x00000000                __rt_psrelocs_size = (__rt_psrelocs_end - __rt_psrelocs_start)
                0x6b195c88                ___RUNTIME_PSEUDO_RELOC_LIST_END__ = .
                0x6b195c88                __RUNTIME_PSEUDO_RELOC_LIST_END__ = .
                0x6b195c88                ___RUNTIME_PSEUDO_RELOC_LIST__ = (. - __rt_psrelocs_size)
                0x6b195c88                __RUNTIME_PSEUDO_RELOC_LIST__ = (. - __rt_psrelocs_size)

.eh_frame       0x6b196000     0x1600
 *(.eh_frame*)
 .eh_frame      0x6b196000      0x130 ../build/x86_Debug/debug.o
 .eh_frame      0x6b196130       0x38 ../build/x86_Debug/dllmain.o
 .eh_frame      0x6b196168      0x2e8 ../build/x86_Debug/pmc_add_sub.o
 .eh_frame      0x6b196450       0x5c ../build/x86_Debug/pmc_bytes.o
 .eh_frame      0x6b1964ac       0x38 ../build/x86_Debug/pmc_clone.o
 .eh_frame      0x6b1964e4      0x15c ../build/x86_Debug/pmc_divrem.o
 .eh_frame      0x6b196640       0xa0 ../build/x86_Debug/pmc_from.o
 .eh_frame      0x6b1966e0       0xec ../build/x86_Debug/pmc_initialize.o
 .eh_frame      0x6b1967cc      0x218 ../build/x86_Debug/pmc_memory.o
 .eh_frame      0x6b1969e4      0x1bc ../build/x86_Debug/pmc_multiply.o
 .eh_frame      0x6b196ba0       0x38 ../build/x86_Debug/pmc_negate.o
 .eh_frame      0x6b196bd8       0x38 ../build/x86_Debug/pmc_statistics.o
 .eh_frame      0x6b196c10       0x5c ../build/x86_Debug/pmc_to.o
 .eh_frame      0x6b196c6c       0x3c ../build/x86_Debug/TEST_autogenerated.o
 .eh_frame      0x6b196ca8      0x16c ../build/x86_Debug/TEST_op_Add.o
 .eh_frame      0x6b196e14       0x64 ../build/x86_Debug/TEST_op_Clone.o
 .eh_frame      0x6b196e78      0x170 ../build/x86_Debug/TEST_op_DivRem.o
 .eh_frame      0x6b196fe8       0xec ../build/x86_Debug/TEST_op_From_To.o
 .eh_frame      0x6b1970d4      0x16c ../build/x86_Debug/TEST_op_Multiply.o
 .eh_frame      0x6b197240       0x64 ../build/x86_Debug/TEST_op_Negate.o
 .eh_frame      0x6b1972a4      0x170 ../build/x86_Debug/TEST_op_Remainder.o
 .eh_frame      0x6b197414      0x16c ../build/x86_Debug/TEST_op_Subtruct.o

.pdata
 *(.pdata*)

.bss            0x6b198000      0xaa0
                0x6b198000                __bss_start__ = .
 *(.bss)
 .bss           0x6b198000      0x420 ../build/x86_Debug/debug.o
                0x6b198000                test_total_count
                0x6b198004                test_ok_count
                0x6b198008                __DEBUG_LOG
 .bss           0x6b198420        0x0 ../build/x86_Debug/dllmain.o
 .bss           0x6b198420        0x0 ../build/x86_Debug/pmc_add_sub.o
 .bss           0x6b198420        0x0 ../build/x86_Debug/pmc_bytes.o
 .bss           0x6b198420        0x0 ../build/x86_Debug/pmc_clone.o
 .bss           0x6b198420        0x0 ../build/x86_Debug/pmc_divrem.o
 .bss           0x6b198420        0x0 ../build/x86_Debug/pmc_from.o
 .bss           0x6b198420      0x1c0 ../build/x86_Debug/pmc_initialize.o
 .bss           0x6b1985e0        0x0 ../build/x86_Debug/pmc_memory.o
 .bss           0x6b1985e0        0x0 ../build/x86_Debug/pmc_multiply.o
 .bss           0x6b1985e0        0x0 ../build/x86_Debug/pmc_negate.o
 .bss           0x6b1985e0        0x0 ../build/x86_Debug/pmc_statistics.o
 .bss           0x6b1985e0        0x0 ../build/x86_Debug/pmc_to.o
 .bss           0x6b1985e0      0x358 ../build/x86_Debug/TEST_autogenerated.o
 .bss           0x6b198938        0x0 ../build/x86_Debug/TEST_op_Add.o
 .bss           0x6b198938        0x0 ../build/x86_Debug/TEST_op_Clone.o
 .bss           0x6b198938        0x0 ../build/x86_Debug/TEST_op_DivRem.o
 .bss           0x6b198938        0x0 ../build/x86_Debug/TEST_op_From_To.o
 .bss           0x6b198938        0x0 ../build/x86_Debug/TEST_op_Multiply.o
 .bss           0x6b198938        0x0 ../build/x86_Debug/TEST_op_Negate.o
 .bss           0x6b198938        0x0 ../build/x86_Debug/TEST_op_Remainder.o
 .bss           0x6b198938        0x0 ../build/x86_Debug/TEST_op_Subtruct.o
 .bss           0x6b198938        0x0 C:/GNU/MINGW64/i686-8.1.0-win32-dwarf-rt_v6-rev0/mingw32/bin/../lib/gcc/i686-w64-mingw32/8.1.0/../../../../i686-w64-mingw32/lib/../lib/libkernel32.a(dgzcs00839.o)
 .bss           0x6b198938        0x0 C:/GNU/MINGW64/i686-8.1.0-win32-dwarf-rt_v6-rev0/mingw32/bin/../lib/gcc/i686-w64-mingw32/8.1.0/../../../../i686-w64-mingw32/lib/../lib/libkernel32.a(dgzcs00729.o)
 .bss           0x6b198938        0x0 C:/GNU/MINGW64/i686-8.1.0-win32-dwarf-rt_v6-rev0/mingw32/bin/../lib/gcc/i686-w64-mingw32/8.1.0/../../../../i686-w64-mingw32/lib/../lib/libkernel32.a(dgzcs00727.o)
 .bss           0x6b198938        0x0 C:/GNU/MINGW64/i686-8.1.0-win32-dwarf-rt_v6-rev0/mingw32/bin/../lib/gcc/i686-w64-mingw32/8.1.0/../../../../i686-w64-mingw32/lib/../lib/libkernel32.a(dgzcs00725.o)
 .bss           0x6b198938        0x0 C:/GNU/MINGW64/i686-8.1.0-win32-dwarf-rt_v6-rev0/mingw32/bin/../lib/gcc/i686-w64-mingw32/8.1.0/../../../../i686-w64-mingw32/lib/../lib/libkernel32.a(dgzcs00723.o)
 .bss           0x6b198938        0x0 C:/GNU/MINGW64/i686-8.1.0-win32-dwarf-rt_v6-rev0/mingw32/bin/../lib/gcc/i686-w64-mingw32/8.1.0/../../../../i686-w64-mingw32/lib/../lib/libkernel32.a(dgzcs00584.o)
 .bss           0x6b198938        0x0 C:/GNU/MINGW64/i686-8.1.0-win32-dwarf-rt_v6-rev0/mingw32/bin/../lib/gcc/i686-w64-mingw32/8.1.0/../../../../i686-w64-mingw32/lib/../lib/libkernel32.a(dgzcs00359.o)
 .bss           0x6b198938        0x0 C:/GNU/MINGW64/i686-8.1.0-win32-dwarf-rt_v6-rev0/mingw32/bin/../lib/gcc/i686-w64-mingw32/8.1.0/../../../../i686-w64-mingw32/lib/../lib/libkernel32.a(dgzch.o)
 .bss           0x6b198938        0x0 C:/GNU/MINGW64/i686-8.1.0-win32-dwarf-rt_v6-rev0/mingw32/bin/../lib/gcc/i686-w64-mingw32/8.1.0/../../../../i686-w64-mingw32/lib/../lib/libkernel32.a(dgzct.o)
 .bss           0x6b198938        0x0 C:/GNU/MINGW64/i686-8.1.0-win32-dwarf-rt_v6-rev0/mingw32/bin/../lib/gcc/i686-w64-mingw32/8.1.0/../../../../i686-w64-mingw32/lib/../lib/libuser32.a(dmces00912.o)
 .bss           0x6b198938        0x0 C:/GNU/MINGW64/i686-8.1.0-win32-dwarf-rt_v6-rev0/mingw32/bin/../lib/gcc/i686-w64-mingw32/8.1.0/../../../../i686-w64-mingw32/lib/../lib/libuser32.a(dmceh.o)
 .bss           0x6b198938        0x0 C:/GNU/MINGW64/i686-8.1.0-win32-dwarf-rt_v6-rev0/mingw32/bin/../lib/gcc/i686-w64-mingw32/8.1.0/../../../../i686-w64-mingw32/lib/../lib/libuser32.a(dmcet.o)
 *(COMMON)
 COMMON         0x6b198938        0x8 ../build/x86_Debug/debug.o
                0x6b198938                uint_number_zero
                0x6b19893c                uint_number_one
 COMMON         0x6b198940      0x114 ../build/x86_Debug/pmc_initialize.o
                0x6b198940                ep_uint
 COMMON         0x6b198a54       0x4c ../build/x86_Debug/pmc_memory.o
                0x6b198a54                number_zero
                0x6b198a6c                number_minus_one
                0x6b198a84                number_one
                0x6b198a9c                hLocalHeap
                0x6b198aa0                __bss_end__ = .

.edata          0x6b199000      0x200
 *(.edata)
 .edata         0x6b199000       0xa8 dll stuff

/DISCARD/
 *(.debug$S)
 *(.debug$T)
 *(.debug$F)
 *(.drectve)
 *(.note.GNU-stack)
 *(.gnu.lto_*)

.idata          0x6b19a000      0x200
 SORT_BY_NAME(*)(.idata$2)
 .idata$2       0x6b19a000       0x14 C:/GNU/MINGW64/i686-8.1.0-win32-dwarf-rt_v6-rev0/mingw32/bin/../lib/gcc/i686-w64-mingw32/8.1.0/../../../../i686-w64-mingw32/lib/../lib/libkernel32.a(dgzch.o)
                0x6b19a000                _head_lib32_libkernel32_a
 .idata$2       0x6b19a014       0x14 C:/GNU/MINGW64/i686-8.1.0-win32-dwarf-rt_v6-rev0/mingw32/bin/../lib/gcc/i686-w64-mingw32/8.1.0/../../../../i686-w64-mingw32/lib/../lib/libuser32.a(dmceh.o)
                0x6b19a014                _head_lib32_libuser32_a
 SORT_BY_NAME(*)(.idata$3)
                0x6b19a028        0x4 LONG 0x0
                0x6b19a02c        0x4 LONG 0x0
                0x6b19a030        0x4 LONG 0x0
                0x6b19a034        0x4 LONG 0x0
                0x6b19a038        0x4 LONG 0x0
 SORT_BY_NAME(*)(.idata$4)
 .idata$4       0x6b19a03c        0x0 C:/GNU/MINGW64/i686-8.1.0-win32-dwarf-rt_v6-rev0/mingw32/bin/../lib/gcc/i686-w64-mingw32/8.1.0/../../../../i686-w64-mingw32/lib/../lib/libkernel32.a(dgzch.o)
 .idata$4       0x6b19a03c        0x4 C:/GNU/MINGW64/i686-8.1.0-win32-dwarf-rt_v6-rev0/mingw32/bin/../lib/gcc/i686-w64-mingw32/8.1.0/../../../../i686-w64-mingw32/lib/../lib/libkernel32.a(dgzcs00359.o)
 .idata$4       0x6b19a040        0x4 C:/GNU/MINGW64/i686-8.1.0-win32-dwarf-rt_v6-rev0/mingw32/bin/../lib/gcc/i686-w64-mingw32/8.1.0/../../../../i686-w64-mingw32/lib/../lib/libkernel32.a(dgzcs00584.o)
 .idata$4       0x6b19a044        0x4 C:/GNU/MINGW64/i686-8.1.0-win32-dwarf-rt_v6-rev0/mingw32/bin/../lib/gcc/i686-w64-mingw32/8.1.0/../../../../i686-w64-mingw32/lib/../lib/libkernel32.a(dgzcs00723.o)
 .idata$4       0x6b19a048        0x4 C:/GNU/MINGW64/i686-8.1.0-win32-dwarf-rt_v6-rev0/mingw32/bin/../lib/gcc/i686-w64-mingw32/8.1.0/../../../../i686-w64-mingw32/lib/../lib/libkernel32.a(dgzcs00725.o)
 .idata$4       0x6b19a04c        0x4 C:/GNU/MINGW64/i686-8.1.0-win32-dwarf-rt_v6-rev0/mingw32/bin/../lib/gcc/i686-w64-mingw32/8.1.0/../../../../i686-w64-mingw32/lib/../lib/libkernel32.a(dgzcs00727.o)
 .idata$4       0x6b19a050        0x4 C:/GNU/MINGW64/i686-8.1.0-win32-dwarf-rt_v6-rev0/mingw32/bin/../lib/gcc/i686-w64-mingw32/8.1.0/../../../../i686-w64-mingw32/lib/../lib/libkernel32.a(dgzcs00729.o)
 .idata$4       0x6b19a054        0x4 C:/GNU/MINGW64/i686-8.1.0-win32-dwarf-rt_v6-rev0/mingw32/bin/../lib/gcc/i686-w64-mingw32/8.1.0/../../../../i686-w64-mingw32/lib/../lib/libkernel32.a(dgzcs00839.o)
 .idata$4       0x6b19a058        0x4 C:/GNU/MINGW64/i686-8.1.0-win32-dwarf-rt_v6-rev0/mingw32/bin/../lib/gcc/i686-w64-mingw32/8.1.0/../../../../i686-w64-mingw32/lib/../lib/libkernel32.a(dgzct.o)
 .idata$4       0x6b19a05c        0x0 C:/GNU/MINGW64/i686-8.1.0-win32-dwarf-rt_v6-rev0/mingw32/bin/../lib/gcc/i686-w64-mingw32/8.1.0/../../../../i686-w64-mingw32/lib/../lib/libuser32.a(dmceh.o)
 .idata$4       0x6b19a05c        0x4 C:/GNU/MINGW64/i686-8.1.0-win32-dwarf-rt_v6-rev0/mingw32/bin/../lib/gcc/i686-w64-mingw32/8.1.0/../../../../i686-w64-mingw32/lib/../lib/libuser32.a(dmces00912.o)
 .idata$4       0x6b19a060        0x4 C:/GNU/MINGW64/i686-8.1.0-win32-dwarf-rt_v6-rev0/mingw32/bin/../lib/gcc/i686-w64-mingw32/8.1.0/../../../../i686-w64-mingw32/lib/../lib/libuser32.a(dmcet.o)
                0x6b19a064                __IAT_start__ = .
 SORT_BY_NAME(*)(.idata$5)
 .idata$5       0x6b19a064        0x0 C:/GNU/MINGW64/i686-8.1.0-win32-dwarf-rt_v6-rev0/mingw32/bin/../lib/gcc/i686-w64-mingw32/8.1.0/../../../../i686-w64-mingw32/lib/../lib/libkernel32.a(dgzch.o)
 .idata$5       0x6b19a064        0x4 C:/GNU/MINGW64/i686-8.1.0-win32-dwarf-rt_v6-rev0/mingw32/bin/../lib/gcc/i686-w64-mingw32/8.1.0/../../../../i686-w64-mingw32/lib/../lib/libkernel32.a(dgzcs00359.o)
                0x6b19a064                _imp__FreeLibrary@4
 .idata$5       0x6b19a068        0x4 C:/GNU/MINGW64/i686-8.1.0-win32-dwarf-rt_v6-rev0/mingw32/bin/../lib/gcc/i686-w64-mingw32/8.1.0/../../../../i686-w64-mingw32/lib/../lib/libkernel32.a(dgzcs00584.o)
                0x6b19a068                _imp__GetProcAddress@8
 .idata$5       0x6b19a06c        0x4 C:/GNU/MINGW64/i686-8.1.0-win32-dwarf-rt_v6-rev0/mingw32/bin/../lib/gcc/i686-w64-mingw32/8.1.0/../../../../i686-w64-mingw32/lib/../lib/libkernel32.a(dgzcs00723.o)
                0x6b19a06c                _imp__HeapAlloc@12
 .idata$5       0x6b19a070        0x4 C:/GNU/MINGW64/i686-8.1.0-win32-dwarf-rt_v6-rev0/mingw32/bin/../lib/gcc/i686-w64-mingw32/8.1.0/../../../../i686-w64-mingw32/lib/../lib/libkernel32.a(dgzcs00725.o)
                0x6b19a070                _imp__HeapCreate@12
 .idata$5       0x6b19a074        0x4 C:/GNU/MINGW64/i686-8.1.0-win32-dwarf-rt_v6-rev0/mingw32/bin/../lib/gcc/i686-w64-mingw32/8.1.0/../../../../i686-w64-mingw32/lib/../lib/libkernel32.a(dgzcs00727.o)
                0x6b19a074                _imp__HeapDestroy@4
 .idata$5       0x6b19a078        0x4 C:/GNU/MINGW64/i686-8.1.0-win32-dwarf-rt_v6-rev0/mingw32/bin/../lib/gcc/i686-w64-mingw32/8.1.0/../../../../i686-w64-mingw32/lib/../lib/libkernel32.a(dgzcs00729.o)
                0x6b19a078                _imp__HeapFree@12
 .idata$5       0x6b19a07c        0x4 C:/GNU/MINGW64/i686-8.1.0-win32-dwarf-rt_v6-rev0/mingw32/bin/../lib/gcc/i686-w64-mingw32/8.1.0/../../../../i686-w64-mingw32/lib/../lib/libkernel32.a(dgzcs00839.o)
                0x6b19a07c                _imp__LoadLibraryA@4
 .idata$5       0x6b19a080        0x4 C:/GNU/MINGW64/i686-8.1.0-win32-dwarf-rt_v6-rev0/mingw32/bin/../lib/gcc/i686-w64-mingw32/8.1.0/../../../../i686-w64-mingw32/lib/../lib/libkernel32.a(dgzct.o)
 .idata$5       0x6b19a084        0x0 C:/GNU/MINGW64/i686-8.1.0-win32-dwarf-rt_v6-rev0/mingw32/bin/../lib/gcc/i686-w64-mingw32/8.1.0/../../../../i686-w64-mingw32/lib/../lib/libuser32.a(dmceh.o)
 .idata$5       0x6b19a084        0x4 C:/GNU/MINGW64/i686-8.1.0-win32-dwarf-rt_v6-rev0/mingw32/bin/../lib/gcc/i686-w64-mingw32/8.1.0/../../../../i686-w64-mingw32/lib/../lib/libuser32.a(dmces00912.o)
                0x6b19a084                _imp__wsprintfW
 .idata$5       0x6b19a088        0x4 C:/GNU/MINGW64/i686-8.1.0-win32-dwarf-rt_v6-rev0/mingw32/bin/../lib/gcc/i686-w64-mingw32/8.1.0/../../../../i686-w64-mingw32/lib/../lib/libuser32.a(dmcet.o)
                0x6b19a08c                __IAT_end__ = .
 SORT_BY_NAME(*)(.idata$6)
 .idata$6       0x6b19a08c        0xe C:/GNU/MINGW64/i686-8.1.0-win32-dwarf-rt_v6-rev0/mingw32/bin/../lib/gcc/i686-w64-mingw32/8.1.0/../../../../i686-w64-mingw32/lib/../lib/libkernel32.a(dgzcs00359.o)
 .idata$6       0x6b19a09a       0x12 C:/GNU/MINGW64/i686-8.1.0-win32-dwarf-rt_v6-rev0/mingw32/bin/../lib/gcc/i686-w64-mingw32/8.1.0/../../../../i686-w64-mingw32/lib/../lib/libkernel32.a(dgzcs00584.o)
 .idata$6       0x6b19a0ac        0xc C:/GNU/MINGW64/i686-8.1.0-win32-dwarf-rt_v6-rev0/mingw32/bin/../lib/gcc/i686-w64-mingw32/8.1.0/../../../../i686-w64-mingw32/lib/../lib/libkernel32.a(dgzcs00723.o)
 .idata$6       0x6b19a0b8        0xe C:/GNU/MINGW64/i686-8.1.0-win32-dwarf-rt_v6-rev0/mingw32/bin/../lib/gcc/i686-w64-mingw32/8.1.0/../../../../i686-w64-mingw32/lib/../lib/libkernel32.a(dgzcs00725.o)
 .idata$6       0x6b19a0c6        0xe C:/GNU/MINGW64/i686-8.1.0-win32-dwarf-rt_v6-rev0/mingw32/bin/../lib/gcc/i686-w64-mingw32/8.1.0/../../../../i686-w64-mingw32/lib/../lib/libkernel32.a(dgzcs00727.o)
 .idata$6       0x6b19a0d4        0xc C:/GNU/MINGW64/i686-8.1.0-win32-dwarf-rt_v6-rev0/mingw32/bin/../lib/gcc/i686-w64-mingw32/8.1.0/../../../../i686-w64-mingw32/lib/../lib/libkernel32.a(dgzcs00729.o)
 .idata$6       0x6b19a0e0       0x10 C:/GNU/MINGW64/i686-8.1.0-win32-dwarf-rt_v6-rev0/mingw32/bin/../lib/gcc/i686-w64-mingw32/8.1.0/../../../../i686-w64-mingw32/lib/../lib/libkernel32.a(dgzcs00839.o)
 .idata$6       0x6b19a0f0        0xc C:/GNU/MINGW64/i686-8.1.0-win32-dwarf-rt_v6-rev0/mingw32/bin/../lib/gcc/i686-w64-mingw32/8.1.0/../../../../i686-w64-mingw32/lib/../lib/libuser32.a(dmces00912.o)
 SORT_BY_NAME(*)(.idata$7)
 .idata$7       0x6b19a0fc        0x4 C:/GNU/MINGW64/i686-8.1.0-win32-dwarf-rt_v6-rev0/mingw32/bin/../lib/gcc/i686-w64-mingw32/8.1.0/../../../../i686-w64-mingw32/lib/../lib/libkernel32.a(dgzcs00359.o)
 .idata$7       0x6b19a100        0x4 C:/GNU/MINGW64/i686-8.1.0-win32-dwarf-rt_v6-rev0/mingw32/bin/../lib/gcc/i686-w64-mingw32/8.1.0/../../../../i686-w64-mingw32/lib/../lib/libkernel32.a(dgzcs00584.o)
 .idata$7       0x6b19a104        0x4 C:/GNU/MINGW64/i686-8.1.0-win32-dwarf-rt_v6-rev0/mingw32/bin/../lib/gcc/i686-w64-mingw32/8.1.0/../../../../i686-w64-mingw32/lib/../lib/libkernel32.a(dgzcs00723.o)
 .idata$7       0x6b19a108        0x4 C:/GNU/MINGW64/i686-8.1.0-win32-dwarf-rt_v6-rev0/mingw32/bin/../lib/gcc/i686-w64-mingw32/8.1.0/../../../../i686-w64-mingw32/lib/../lib/libkernel32.a(dgzcs00725.o)
 .idata$7       0x6b19a10c        0x4 C:/GNU/MINGW64/i686-8.1.0-win32-dwarf-rt_v6-rev0/mingw32/bin/../lib/gcc/i686-w64-mingw32/8.1.0/../../../../i686-w64-mingw32/lib/../lib/libkernel32.a(dgzcs00727.o)
 .idata$7       0x6b19a110        0x4 C:/GNU/MINGW64/i686-8.1.0-win32-dwarf-rt_v6-rev0/mingw32/bin/../lib/gcc/i686-w64-mingw32/8.1.0/../../../../i686-w64-mingw32/lib/../lib/libkernel32.a(dgzcs00729.o)
 .idata$7       0x6b19a114        0x4 C:/GNU/MINGW64/i686-8.1.0-win32-dwarf-rt_v6-rev0/mingw32/bin/../lib/gcc/i686-w64-mingw32/8.1.0/../../../../i686-w64-mingw32/lib/../lib/libkernel32.a(dgzcs00839.o)
 .idata$7       0x6b19a118       0x10 C:/GNU/MINGW64/i686-8.1.0-win32-dwarf-rt_v6-rev0/mingw32/bin/../lib/gcc/i686-w64-mingw32/8.1.0/../../../../i686-w64-mingw32/lib/../lib/libkernel32.a(dgzct.o)
                0x6b19a118                _lib32_libkernel32_a_iname
 .idata$7       0x6b19a128        0x4 C:/GNU/MINGW64/i686-8.1.0-win32-dwarf-rt_v6-rev0/mingw32/bin/../lib/gcc/i686-w64-mingw32/8.1.0/../../../../i686-w64-mingw32/lib/../lib/libuser32.a(dmces00912.o)
 .idata$7       0x6b19a12c        0xc C:/GNU/MINGW64/i686-8.1.0-win32-dwarf-rt_v6-rev0/mingw32/bin/../lib/gcc/i686-w64-mingw32/8.1.0/../../../../i686-w64-mingw32/lib/../lib/libuser32.a(dmcet.o)
                0x6b19a12c                _lib32_libuser32_a_iname

.CRT            0x6b19b000        0x0
                0x6b19b000                ___crt_xc_start__ = .
 *(SORT_BY_NAME(.CRT$XC*))
                0x6b19b000                ___crt_xc_end__ = .
                0x6b19b000                ___crt_xi_start__ = .
 *(SORT_BY_NAME(.CRT$XI*))
                0x6b19b000                ___crt_xi_end__ = .
                0x6b19b000                ___crt_xl_start__ = .
 *(SORT_BY_NAME(.CRT$XL*))
                0x6b19b000                ___crt_xp_start__ = .
 *(SORT_BY_NAME(.CRT$XP*))
                0x6b19b000                ___crt_xp_end__ = .
                0x6b19b000                ___crt_xt_start__ = .
 *(SORT_BY_NAME(.CRT$XT*))
                0x6b19b000                ___crt_xt_end__ = .

.tls            0x6b19b000        0x0
                0x6b19b000                ___tls_start__ = .
 *(.tls$AAA)
 *(.tls)
 *(.tls$)
 *(SORT_BY_NAME(.tls$*))
 *(.tls$ZZZ)
                0x6b19b000                ___tls_end__ = .

.endjunk        0x6b19b000        0x0
                [!provide]                PROVIDE (end = .)
                [!provide]                PROVIDE (_end = .)
                0x6b19b000                __end__ = .

.rsrc           0x6b19b000      0x400
 *(.rsrc)
 .rsrc          0x6b19b000      0x378 ../build/x86_Debug/version.o
 *(.rsrc$*)

.reloc          0x6b19c000    0x11c00
 *(.reloc)
 .reloc         0x6b19c000    0x11b54 dll stuff

.stab
 *(.stab)

.stabstr
 *(.stabstr)

.debug_aranges  0x6b1ae000      0x400
 *(.debug_aranges)
 .debug_aranges
                0x6b1ae000       0x20 ../build/x86_Debug/debug.o
 .debug_aranges
                0x6b1ae020       0x20 ../build/x86_Debug/dllmain.o
 .debug_aranges
                0x6b1ae040       0x20 ../build/x86_Debug/pmc_add_sub.o
 .debug_aranges
                0x6b1ae060       0x20 ../build/x86_Debug/pmc_bytes.o
 .debug_aranges
                0x6b1ae080       0x20 ../build/x86_Debug/pmc_clone.o
 .debug_aranges
                0x6b1ae0a0       0x20 ../build/x86_Debug/pmc_divrem.o
 .debug_aranges
                0x6b1ae0c0       0x20 ../build/x86_Debug/pmc_from.o
 .debug_aranges
                0x6b1ae0e0       0x20 ../build/x86_Debug/pmc_initialize.o
 .debug_aranges
                0x6b1ae100       0x20 ../build/x86_Debug/pmc_memory.o
 .debug_aranges
                0x6b1ae120       0x20 ../build/x86_Debug/pmc_multiply.o
 .debug_aranges
                0x6b1ae140       0x20 ../build/x86_Debug/pmc_negate.o
 .debug_aranges
                0x6b1ae160       0x20 ../build/x86_Debug/pmc_statistics.o
 .debug_aranges
                0x6b1ae180       0x20 ../build/x86_Debug/pmc_to.o
 .debug_aranges
                0x6b1ae1a0       0x20 ../build/x86_Debug/TEST_autogenerated.o
 .debug_aranges
                0x6b1ae1c0       0x20 ../build/x86_Debug/TEST_op_Add.o
 .debug_aranges
                0x6b1ae1e0       0x20 ../build/x86_Debug/TEST_op_Clone.o
 .debug_aranges
                0x6b1ae200       0x20 ../build/x86_Debug/TEST_op_DivRem.o
 .debug_aranges
                0x6b1ae220       0x20 ../build/x86_Debug/TEST_op_From_To.o
 .debug_aranges
                0x6b1ae240       0x20 ../build/x86_Debug/TEST_op_Multiply.o
 .debug_aranges
                0x6b1ae260       0x20 ../build/x86_Debug/TEST_op_Negate.o
 .debug_aranges
                0x6b1ae280       0x20 ../build/x86_Debug/TEST_op_Remainder.o
 .debug_aranges
                0x6b1ae2a0       0x20 ../build/x86_Debug/TEST_op_Subtruct.o

.zdebug_aranges
 *(.zdebug_aranges)

.debug_pubnames
 *(.debug_pubnames)

.zdebug_pubnames
 *(.zdebug_pubnames)

.debug_pubtypes
 *(.debug_pubtypes)

.zdebug_pubtypes
 *(.zdebug_pubtypes)

.debug_info     0x6b1af000    0xb3a00
 *(.debug_info .gnu.linkonce.wi.*)
 .debug_info    0x6b1af000     0x6684 ../build/x86_Debug/debug.o
 .debug_info    0x6b1b5684     0x5ce9 ../build/x86_Debug/dllmain.o
 .debug_info    0x6b1bb36d     0x6a7e ../build/x86_Debug/pmc_add_sub.o
 .debug_info    0x6b1c1deb     0x5e21 ../build/x86_Debug/pmc_bytes.o
 .debug_info    0x6b1c7c0c     0x5d4c ../build/x86_Debug/pmc_clone.o
 .debug_info    0x6b1cd958     0x657e ../build/x86_Debug/pmc_divrem.o
 .debug_info    0x6b1d3ed6     0x5ecc ../build/x86_Debug/pmc_from.o
 .debug_info    0x6b1d9da2     0x664f ../build/x86_Debug/pmc_initialize.o
 .debug_info    0x6b1e03f1     0x631c ../build/x86_Debug/pmc_memory.o
 .debug_info    0x6b1e670d     0x639b ../build/x86_Debug/pmc_multiply.o
 .debug_info    0x6b1ecaa8     0x5d4f ../build/x86_Debug/pmc_negate.o
 .debug_info    0x6b1f27f7     0x5c5f ../build/x86_Debug/pmc_statistics.o
 .debug_info    0x6b1f8456     0x5e05 ../build/x86_Debug/pmc_to.o
 .debug_info    0x6b1fe25b    0x30766 ../build/x86_Debug/TEST_autogenerated.o
 .debug_info    0x6b22e9c1     0x6aa2 ../build/x86_Debug/TEST_op_Add.o
 .debug_info    0x6b235463     0x6470 ../build/x86_Debug/TEST_op_Clone.o
 .debug_info    0x6b23b8d3     0x68ba ../build/x86_Debug/TEST_op_DivRem.o
 .debug_info    0x6b24218d     0x6656 ../build/x86_Debug/TEST_op_From_To.o
 .debug_info    0x6b2487e3     0x6aca ../build/x86_Debug/TEST_op_Multiply.o
 .debug_info    0x6b24f2ad     0x6472 ../build/x86_Debug/TEST_op_Negate.o
 .debug_info    0x6b25571f     0x669d ../build/x86_Debug/TEST_op_Remainder.o
 .debug_info    0x6b25bdbc     0x6aca ../build/x86_Debug/TEST_op_Subtruct.o

.zdebug_info
 *(.zdebug_info .zdebug.gnu.linkonce.wi.*)

.debug_abbrev   0x6b263000     0x3800
 *(.debug_abbrev)
 .debug_abbrev  0x6b263000      0x2d2 ../build/x86_Debug/debug.o
 .debug_abbrev  0x6b2632d2      0x218 ../build/x86_Debug/dllmain.o
 .debug_abbrev  0x6b2634ea      0x306 ../build/x86_Debug/pmc_add_sub.o
 .debug_abbrev  0x6b2637f0      0x238 ../build/x86_Debug/pmc_bytes.o
 .debug_abbrev  0x6b263a28      0x21a ../build/x86_Debug/pmc_clone.o
 .debug_abbrev  0x6b263c42      0x2c8 ../build/x86_Debug/pmc_divrem.o
 .debug_abbrev  0x6b263f0a      0x26e ../build/x86_Debug/pmc_from.o
 .debug_abbrev  0x6b264178      0x336 ../build/x86_Debug/pmc_initialize.o
 .debug_abbrev  0x6b2644ae      0x3ae ../build/x86_Debug/pmc_memory.o
 .debug_abbrev  0x6b26485c      0x2e1 ../build/x86_Debug/pmc_multiply.o
 .debug_abbrev  0x6b264b3d      0x21a ../build/x86_Debug/pmc_negate.o
 .debug_abbrev  0x6b264d57      0x218 ../build/x86_Debug/pmc_statistics.o
 .debug_abbrev  0x6b264f6f      0x238 ../build/x86_Debug/pmc_to.o
 .debug_abbrev  0x6b2651a7      0x266 ../build/x86_Debug/TEST_autogenerated.o
 .debug_abbrev  0x6b26540d      0x291 ../build/x86_Debug/TEST_op_Add.o
 .debug_abbrev  0x6b26569e      0x26f ../build/x86_Debug/TEST_op_Clone.o
 .debug_abbrev  0x6b26590d      0x253 ../build/x86_Debug/TEST_op_DivRem.o
 .debug_abbrev  0x6b265b60      0x291 ../build/x86_Debug/TEST_op_From_To.o
 .debug_abbrev  0x6b265df1      0x291 ../build/x86_Debug/TEST_op_Multiply.o
 .debug_abbrev  0x6b266082      0x26f ../build/x86_Debug/TEST_op_Negate.o
 .debug_abbrev  0x6b2662f1      0x242 ../build/x86_Debug/TEST_op_Remainder.o
 .debug_abbrev  0x6b266533      0x291 ../build/x86_Debug/TEST_op_Subtruct.o

.zdebug_abbrev
 *(.zdebug_abbrev)

.debug_line     0x6b267000    0x10400
 *(.debug_line)
 .debug_line    0x6b267000      0x3a4 ../build/x86_Debug/debug.o
 .debug_line    0x6b2673a4      0x29b ../build/x86_Debug/dllmain.o
 .debug_line    0x6b26763f      0xdad ../build/x86_Debug/pmc_add_sub.o
 .debug_line    0x6b2683ec      0x2de ../build/x86_Debug/pmc_bytes.o
 .debug_line    0x6b2686ca      0x2b5 ../build/x86_Debug/pmc_clone.o
 .debug_line    0x6b26897f      0xaad ../build/x86_Debug/pmc_divrem.o
 .debug_line    0x6b26942c      0x30f ../build/x86_Debug/pmc_from.o
 .debug_line    0x6b26973b      0x485 ../build/x86_Debug/pmc_initialize.o
 .debug_line    0x6b269bc0      0x592 ../build/x86_Debug/pmc_memory.o
 .debug_line    0x6b26a152      0x656 ../build/x86_Debug/pmc_multiply.o
 .debug_line    0x6b26a7a8      0x2a4 ../build/x86_Debug/pmc_negate.o
 .debug_line    0x6b26aa4c      0x282 ../build/x86_Debug/pmc_statistics.o
 .debug_line    0x6b26acce      0x30f ../build/x86_Debug/pmc_to.o
 .debug_line    0x6b26afdd     0x9a65 ../build/x86_Debug/TEST_autogenerated.o
 .debug_line    0x6b274a42      0x60c ../build/x86_Debug/TEST_op_Add.o
 .debug_line    0x6b27504e      0x322 ../build/x86_Debug/TEST_op_Clone.o
 .debug_line    0x6b275370      0x706 ../build/x86_Debug/TEST_op_DivRem.o
 .debug_line    0x6b275a76      0x3e1 ../build/x86_Debug/TEST_op_From_To.o
 .debug_line    0x6b275e57      0x611 ../build/x86_Debug/TEST_op_Multiply.o
 .debug_line    0x6b276468      0x323 ../build/x86_Debug/TEST_op_Negate.o
 .debug_line    0x6b27678b      0x5bb ../build/x86_Debug/TEST_op_Remainder.o
 .debug_line    0x6b276d46      0x611 ../build/x86_Debug/TEST_op_Subtruct.o

.zdebug_line
 *(.zdebug_line)

.debug_frame
 *(.debug_frame*)

.zdebug_frame
 *(.zdebug_frame*)

.debug_str      0x6b278000     0x1400
 *(.debug_str)
 .debug_str     0x6b278000      0x13f ../build/x86_Debug/debug.o
 .debug_str     0x6b27813f       0x19 ../build/x86_Debug/dllmain.o
 .debug_str     0x6b278158       0x69 ../build/x86_Debug/pmc_add_sub.o
 .debug_str     0x6b2781c1       0x3d ../build/x86_Debug/pmc_bytes.o
 .debug_str     0x6b2781fe       0x3d ../build/x86_Debug/pmc_clone.o
 .debug_str     0x6b27823b       0x5e ../build/x86_Debug/pmc_divrem.o
 .debug_str     0x6b278299       0x44 ../build/x86_Debug/pmc_from.o
 .debug_str     0x6b2782dd      0x135 ../build/x86_Debug/pmc_initialize.o
 .debug_str     0x6b278412       0x44 ../build/x86_Debug/pmc_memory.o
 .debug_str     0x6b278456       0x4b ../build/x86_Debug/pmc_multiply.o
 .debug_str     0x6b2784a1       0x3d ../build/x86_Debug/pmc_negate.o
 .debug_str     0x6b2784de       0x29 ../build/x86_Debug/pmc_statistics.o
 .debug_str     0x6b278507       0x3d ../build/x86_Debug/pmc_to.o
 .debug_str     0x6b278544      0x135 ../build/x86_Debug/TEST_autogenerated.o
 .debug_str     0x6b278679      0x1d8 ../build/x86_Debug/TEST_op_Add.o
 .debug_str     0x6b278851      0x135 ../build/x86_Debug/TEST_op_Clone.o
 .debug_str     0x6b278986      0x207 ../build/x86_Debug/TEST_op_DivRem.o
 .debug_str     0x6b278b8d      0x171 ../build/x86_Debug/TEST_op_From_To.o
 .debug_str     0x6b278cfe      0x1d8 ../build/x86_Debug/TEST_op_Multiply.o
 .debug_str     0x6b278ed6      0x135 ../build/x86_Debug/TEST_op_Negate.o
 .debug_str     0x6b27900b      0x1bc ../build/x86_Debug/TEST_op_Remainder.o
 .debug_str     0x6b2791c7      0x1d8 ../build/x86_Debug/TEST_op_Subtruct.o

.zdebug_str
 *(.zdebug_str)

.debug_loc
 *(.debug_loc)

.zdebug_loc
 *(.zdebug_loc)

.debug_macinfo
 *(.debug_macinfo)

.zdebug_macinfo
 *(.zdebug_macinfo)

.debug_weaknames
 *(.debug_weaknames)

.zdebug_weaknames
 *(.zdebug_weaknames)

.debug_funcnames
 *(.debug_funcnames)

.zdebug_funcnames
 *(.zdebug_funcnames)

.debug_typenames
 *(.debug_typenames)

.zdebug_typenames
 *(.zdebug_typenames)

.debug_varnames
 *(.debug_varnames)

.zdebug_varnames
 *(.zdebug_varnames)

.debug_macro
 *(.debug_macro)

.zdebug_macro
 *(.zdebug_macro)

.debug_ranges
 *(.debug_ranges)

.zdebug_ranges
 *(.zdebug_ranges)

.debug_types
 *(.debug_types .gnu.linkonce.wt.*)

.zdebug_types
 *(.zdebug_types .gnu.linkonce.wt.*)

.debug_gdb_scripts
 *(.debug_gdb_scripts)

.zdebug_gdb_scripts
 *(.zdebug_gdb_scripts)
OUTPUT(../../dist/x86_Debug/Palmtree.Math.Core.Sint.dll pei-i386)
LOAD dll stuff
