Archive member included to satisfy reference by file (symbol)

C:/GNU/MINGW64/i686-8.1.0-win32-dwarf-rt_v6-rev0/mingw32/bin/../lib/gcc/i686-w64-mingw32/8.1.0/../../../../i686-w64-mingw32/lib/../lib/libkernel32.a(dgzcs00839.o)
                              ../build/x86_Debug/pmc_initialize.o (_imp__LoadLibraryA@4)
C:/GNU/MINGW64/i686-8.1.0-win32-dwarf-rt_v6-rev0/mingw32/bin/../lib/gcc/i686-w64-mingw32/8.1.0/../../../../i686-w64-mingw32/lib/../lib/libkernel32.a(dgzcs00729.o)
                              ../build/x86_Debug/pmc_memory.o (_imp__HeapFree@12)
C:/GNU/MINGW64/i686-8.1.0-win32-dwarf-rt_v6-rev0/mingw32/bin/../lib/gcc/i686-w64-mingw32/8.1.0/../../../../i686-w64-mingw32/lib/../lib/libkernel32.a(dgzcs00727.o)
                              ../build/x86_Debug/pmc_memory.o (_imp__HeapDestroy@4)
C:/GNU/MINGW64/i686-8.1.0-win32-dwarf-rt_v6-rev0/mingw32/bin/../lib/gcc/i686-w64-mingw32/8.1.0/../../../../i686-w64-mingw32/lib/../lib/libkernel32.a(dgzcs00725.o)
                              ../build/x86_Debug/pmc_memory.o (_imp__HeapCreate@12)
C:/GNU/MINGW64/i686-8.1.0-win32-dwarf-rt_v6-rev0/mingw32/bin/../lib/gcc/i686-w64-mingw32/8.1.0/../../../../i686-w64-mingw32/lib/../lib/libkernel32.a(dgzcs00723.o)
                              ../build/x86_Debug/pmc_memory.o (_imp__HeapAlloc@12)
C:/GNU/MINGW64/i686-8.1.0-win32-dwarf-rt_v6-rev0/mingw32/bin/../lib/gcc/i686-w64-mingw32/8.1.0/../../../../i686-w64-mingw32/lib/../lib/libkernel32.a(dgzcs00584.o)
                              ../build/x86_Debug/pmc_initialize.o (_imp__GetProcAddress@8)
C:/GNU/MINGW64/i686-8.1.0-win32-dwarf-rt_v6-rev0/mingw32/bin/../lib/gcc/i686-w64-mingw32/8.1.0/../../../../i686-w64-mingw32/lib/../lib/libkernel32.a(dgzcs00359.o)
                              ../build/x86_Debug/pmc_initialize.o (_imp__FreeLibrary@4)
C:/GNU/MINGW64/i686-8.1.0-win32-dwarf-rt_v6-rev0/mingw32/bin/../lib/gcc/i686-w64-mingw32/8.1.0/../../../../i686-w64-mingw32/lib/../lib/libkernel32.a(dgzch.o)
                              C:/GNU/MINGW64/i686-8.1.0-win32-dwarf-rt_v6-rev0/mingw32/bin/../lib/gcc/i686-w64-mingw32/8.1.0/../../../../i686-w64-mingw32/lib/../lib/libkernel32.a(dgzcs00839.o) (_head_lib32_libkernel32_a)
C:/GNU/MINGW64/i686-8.1.0-win32-dwarf-rt_v6-rev0/mingw32/bin/../lib/gcc/i686-w64-mingw32/8.1.0/../../../../i686-w64-mingw32/lib/../lib/libkernel32.a(dgzct.o)
                              C:/GNU/MINGW64/i686-8.1.0-win32-dwarf-rt_v6-rev0/mingw32/bin/../lib/gcc/i686-w64-mingw32/8.1.0/../../../../i686-w64-mingw32/lib/../lib/libkernel32.a(dgzch.o) (_lib32_libkernel32_a_iname)
C:/GNU/MINGW64/i686-8.1.0-win32-dwarf-rt_v6-rev0/mingw32/bin/../lib/gcc/i686-w64-mingw32/8.1.0/../../../../i686-w64-mingw32/lib/../lib/libuser32.a(dmces00912.o)
                              ../build/x86_Debug/debug.o (_imp__wsprintfW)
C:/GNU/MINGW64/i686-8.1.0-win32-dwarf-rt_v6-rev0/mingw32/bin/../lib/gcc/i686-w64-mingw32/8.1.0/../../../../i686-w64-mingw32/lib/../lib/libuser32.a(dmceh.o)
                              C:/GNU/MINGW64/i686-8.1.0-win32-dwarf-rt_v6-rev0/mingw32/bin/../lib/gcc/i686-w64-mingw32/8.1.0/../../../../i686-w64-mingw32/lib/../lib/libuser32.a(dmces00912.o) (_head_lib32_libuser32_a)
C:/GNU/MINGW64/i686-8.1.0-win32-dwarf-rt_v6-rev0/mingw32/bin/../lib/gcc/i686-w64-mingw32/8.1.0/../../../../i686-w64-mingw32/lib/../lib/libuser32.a(dmcet.o)
                              C:/GNU/MINGW64/i686-8.1.0-win32-dwarf-rt_v6-rev0/mingw32/bin/../lib/gcc/i686-w64-mingw32/8.1.0/../../../../i686-w64-mingw32/lib/../lib/libuser32.a(dmceh.o) (_lib32_libuser32_a_iname)

Allocating common symbols
Common symbol       size              file

number_zero         0x14              ../build/x86_Debug/pmc_memory.o
number_minus_one    0x14              ../build/x86_Debug/pmc_memory.o
number_one          0x14              ../build/x86_Debug/pmc_memory.o
hLocalHeap          0x4               ../build/x86_Debug/pmc_memory.o
ep_uint             0x118             ../build/x86_Debug/pmc_initialize.o

Discarded input sections

 .drectve       0x00000000       0x14 ../build/x86_Debug/debug.o
 .drectve       0x00000000       0x38 ../build/x86_Debug/pmc_initialize.o
 .drectve       0x00000000       0x74 ../build/x86_Debug/pmc_memory.o
 .text          0x00000000        0x8 C:/GNU/MINGW64/i686-8.1.0-win32-dwarf-rt_v6-rev0/mingw32/bin/../lib/gcc/i686-w64-mingw32/8.1.0/../../../../i686-w64-mingw32/lib/../lib/libkernel32.a(dgzcs00839.o)
 .text          0x00000000        0x8 C:/GNU/MINGW64/i686-8.1.0-win32-dwarf-rt_v6-rev0/mingw32/bin/../lib/gcc/i686-w64-mingw32/8.1.0/../../../../i686-w64-mingw32/lib/../lib/libkernel32.a(dgzcs00729.o)
 .text          0x00000000        0x8 C:/GNU/MINGW64/i686-8.1.0-win32-dwarf-rt_v6-rev0/mingw32/bin/../lib/gcc/i686-w64-mingw32/8.1.0/../../../../i686-w64-mingw32/lib/../lib/libkernel32.a(dgzcs00727.o)
 .text          0x00000000        0x8 C:/GNU/MINGW64/i686-8.1.0-win32-dwarf-rt_v6-rev0/mingw32/bin/../lib/gcc/i686-w64-mingw32/8.1.0/../../../../i686-w64-mingw32/lib/../lib/libkernel32.a(dgzcs00725.o)
 .text          0x00000000        0x8 C:/GNU/MINGW64/i686-8.1.0-win32-dwarf-rt_v6-rev0/mingw32/bin/../lib/gcc/i686-w64-mingw32/8.1.0/../../../../i686-w64-mingw32/lib/../lib/libkernel32.a(dgzcs00723.o)
 .text          0x00000000        0x8 C:/GNU/MINGW64/i686-8.1.0-win32-dwarf-rt_v6-rev0/mingw32/bin/../lib/gcc/i686-w64-mingw32/8.1.0/../../../../i686-w64-mingw32/lib/../lib/libkernel32.a(dgzcs00584.o)
 .text          0x00000000        0x8 C:/GNU/MINGW64/i686-8.1.0-win32-dwarf-rt_v6-rev0/mingw32/bin/../lib/gcc/i686-w64-mingw32/8.1.0/../../../../i686-w64-mingw32/lib/../lib/libkernel32.a(dgzcs00359.o)
 .text          0x00000000        0x8 C:/GNU/MINGW64/i686-8.1.0-win32-dwarf-rt_v6-rev0/mingw32/bin/../lib/gcc/i686-w64-mingw32/8.1.0/../../../../i686-w64-mingw32/lib/../lib/libuser32.a(dmces00912.o)

Memory Configuration

Name             Origin             Length             Attributes
*default*        0x00000000         0xffffffff

Linker script and memory map

                0x6b080000                __image_base__ = 0x6b080000
                0x00000000                __dll__ = 0x0
                0x6b080000                ___ImageBase = 0x6b080000
                0x00001000                __section_alignment__ = 0x1000
                0x00000200                __file_alignment__ = 0x200
                0x00000004                __major_os_version__ = 0x4
                0x00000000                __minor_os_version__ = 0x0
                0x00000001                __major_image_version__ = 0x1
                0x00000000                __minor_image_version__ = 0x0
                0x00000004                __major_subsystem_version__ = 0x4
                0x00000000                __minor_subsystem_version__ = 0x0
                0x00000002                __subsystem__ = 0x2
                0x00200000                __size_of_stack_reserve__ = 0x200000
                0x00001000                __size_of_stack_commit__ = 0x1000
                0x00100000                __size_of_heap_reserve__ = 0x100000
                0x00001000                __size_of_heap_commit__ = 0x1000
                0x00000000                __loader_flags__ = 0x0
                0x00000000                __dll_characteristics__ = 0x0
LOAD ../build/x86_Debug/debug.o
LOAD ../build/x86_Debug/dllmain.o
LOAD ../build/x86_Debug/pmc_add_sub.o
LOAD ../build/x86_Debug/pmc_bytes.o
LOAD ../build/x86_Debug/pmc_clone.o
LOAD ../build/x86_Debug/pmc_from.o
LOAD ../build/x86_Debug/pmc_getnumbertype.o
LOAD ../build/x86_Debug/pmc_initialize.o
LOAD ../build/x86_Debug/pmc_memory.o
LOAD ../build/x86_Debug/pmc_multiply.o
LOAD ../build/x86_Debug/pmc_negate.o
LOAD ../build/x86_Debug/pmc_statistics.o
LOAD ../build/x86_Debug/pmc_to.o
LOAD ../build/x86_Debug/TEST_autogenerated.o
LOAD ../build/x86_Debug/TEST_op_Add.o
LOAD ../build/x86_Debug/TEST_op_Clone.o
LOAD ../build/x86_Debug/TEST_op_From_To.o
LOAD ../build/x86_Debug/TEST_op_GetNumberType.o
LOAD ../build/x86_Debug/TEST_op_Multiply.o
LOAD ../build/x86_Debug/TEST_op_Negate.o
LOAD ../build/x86_Debug/TEST_op_Subtruct.o
LOAD ../build/x86_Debug/version.o
LOAD ../Palmtree.Math.Core.Sint.def
LOAD C:/GNU/MINGW64/i686-8.1.0-win32-dwarf-rt_v6-rev0/mingw32/bin/../lib/gcc/i686-w64-mingw32/8.1.0/../../../../i686-w64-mingw32/lib/../lib/libkernel32.a
LOAD C:/GNU/MINGW64/i686-8.1.0-win32-dwarf-rt_v6-rev0/mingw32/bin/../lib/gcc/i686-w64-mingw32/8.1.0/../../../../i686-w64-mingw32/lib/../lib/libuser32.a
                0x000003a8                . = SIZEOF_HEADERS
                0x00001000                . = ALIGN (__section_alignment__)

.text           0x6b081000    0x93800
 *(.init)
 *(.text)
 .text          0x6b081000      0x338 ../build/x86_Debug/debug.o
                0x6b0810ee                DoDebug
                0x6b0810ee                DoDebug@4
                0x6b0811e8                TEST_Assert
                0x6b081244                FormatTestLabel
                0x6b081274                FormatTestMesssage
                0x6b08129d                DumpBinary_UNIT
 .text          0x6b081338       0x58 ../build/x86_Debug/dllmain.o
                0x6b081338                DllMain@12
 .text          0x6b081390     0x23cc ../build/x86_Debug/pmc_add_sub.o
                0x6b081a00                PMC_Add_I_X@12
                0x6b081c1f                PMC_Add_L_X@16
                0x6b081e85                PMC_Add_UX_X@12
                0x6b082025                PMC_Add_X_I@12
                0x6b082230                PMC_Add_X_L@16
                0x6b08247b                PMC_Add_X_UX@12
                0x6b08267f                PMC_Add_X_X@12
                0x6b0828ba                PMC_Subtruct_I_X@12
                0x6b082ad9                PMC_Subtruct_L_X@16
                0x6b082d3f                PMC_Subtruct_UX_X@12
                0x6b082eef                PMC_Subtruct_X_I@12
                0x6b0830fc                PMC_Subtruct_X_L@16
                0x6b083349                PMC_Subtruct_X_UX@12
                0x6b083521                PMC_Subtruct_X_X@12
 .text          0x6b08375c      0x138 ../build/x86_Debug/pmc_bytes.o
                0x6b08375c                PMC_FromByteArray@12
                0x6b08380e                PMC_ToByteArray@16
 .text          0x6b083894       0xa8 ../build/x86_Debug/pmc_clone.o
                0x6b083894                PMC_Clone_X@8
 .text          0x6b08393c      0x290 ../build/x86_Debug/pmc_from.o
                0x6b08393c                From_I_Imp
                0x6b0839ad                From_L_Imp
                0x6b083a32                PMC_From_I@8
                0x6b083ad1                PMC_From_L@12
 .text          0x6b083bcc       0xfc ../build/x86_Debug/pmc_getnumbertype.o
                0x6b083bcc                IsZero_UINT
                0x6b083c0b                PMC_GetNumberType_X@8
                0x6b083cc2                Initialize_GetPropertyValue
 .text          0x6b083cc8      0x2d0 ../build/x86_Debug/pmc_initialize.o
                0x6b083dab                PMC_SINT_Initialize@4
                0x6b083dab                PMC_SINT_Initialize
 .text          0x6b083f98      0x7f8 ../build/x86_Debug/pmc_memory.o
                0x6b0841f9                AttatchNumber
                0x6b084241                AllocateNumber
                0x6b0842c3                DetatchNumber
                0x6b0842ed                DeallocateNumber
                0x6b084343                CheckNumber
                0x6b08436d                DuplicateNumber
                0x6b084468                Negate_Imp
                0x6b084545                PMC_GetConstantValue_I@8
                0x6b084593                PMC_Dispose@4
                0x6b0845af                Initialize_Memory
                0x6b08471d                AllocateHeapArea
                0x6b084760                DeallocateHeapArea
 .text          0x6b084790      0xa5c ../build/x86_Debug/pmc_multiply.o
                0x6b0849ea                PMC_Multiply_I_X@12
                0x6b084b11                PMC_Multiply_L_X@16
                0x6b084c61                PMC_Multiply_UX_X@12
                0x6b084d47                PMC_Multiply_X_I@12
                0x6b084e65                PMC_Multiply_X_L@16
                0x6b084faf                PMC_Multiply_X_UX@12
                0x6b085095                PMC_Multiply_X_X@12
 .text          0x6b0851ec       0x70 ../build/x86_Debug/pmc_negate.o
                0x6b0851ec                PMC_Negate_X@8
 .text          0x6b08525c       0x1c ../build/x86_Debug/pmc_statistics.o
                0x6b08525c                PMC_GetStatisticsInfo@4
 .text          0x6b085278      0x18c ../build/x86_Debug/pmc_to.o
                0x6b085278                PMC_To_X_I@8
                0x6b085329                PMC_To_X_L@8
 .text          0x6b085404    0x8b4f0 ../build/x86_Debug/TEST_autogenerated.o
                0x6b085404                TEST_autogenerated
 .text          0x6b1108f4     0x10e4 ../build/x86_Debug/TEST_op_Add.o
                0x6b110936                TEST_Add_I_X
                0x6b110b51                TEST_Add_L_X
                0x6b110d8b                TEST_Add_UX_X
                0x6b111030                TEST_Add_X_I
                0x6b11124b                TEST_Add_X_L
                0x6b111485                TEST_Add_X_UX
                0x6b11172a                TEST_Add_X_X
 .text          0x6b1119d8      0x258 ../build/x86_Debug/TEST_op_Clone.o
                0x6b111a1a                TEST_Clone_X
 .text          0x6b111c30      0x648 ../build/x86_Debug/TEST_op_From_To.o
                0x6b111c72                TEST_From_I
                0x6b111df6                TEST_From_L
                0x6b111f99                TEST_To_X_I
                0x6b1120f2                TEST_To_X_L
 .text          0x6b112278      0x154 ../build/x86_Debug/TEST_op_GetNumberType.o
                0x6b112278                TEST_GetNumberType_X
 .text          0x6b1123cc     0x10e4 ../build/x86_Debug/TEST_op_Multiply.o
                0x6b11240e                TEST_Multiply_I_X
                0x6b112629                TEST_Multiply_L_X
                0x6b112863                TEST_Multiply_UX_X
                0x6b112b08                TEST_Multiply_X_I
                0x6b112d23                TEST_Multiply_X_L
                0x6b112f5d                TEST_Multiply_X_UX
                0x6b113202                TEST_Multiply_X_X
 .text          0x6b1134b0      0x258 ../build/x86_Debug/TEST_op_Negate.o
                0x6b1134f2                TEST_Negate_X
 .text          0x6b113708     0x10e4 ../build/x86_Debug/TEST_op_Subtruct.o
                0x6b11374a                TEST_Subtruct_I_X
                0x6b113965                TEST_Subtruct_L_X
                0x6b113b9f                TEST_Subtruct_UX_X
                0x6b113e44                TEST_Subtruct_X_I
                0x6b11405f                TEST_Subtruct_X_L
                0x6b114299                TEST_Subtruct_X_UX
                0x6b11453e                TEST_Subtruct_X_X
 .text          0x6b1147ec        0x0 C:/GNU/MINGW64/i686-8.1.0-win32-dwarf-rt_v6-rev0/mingw32/bin/../lib/gcc/i686-w64-mingw32/8.1.0/../../../../i686-w64-mingw32/lib/../lib/libkernel32.a(dgzch.o)
 .text          0x6b1147ec        0x0 C:/GNU/MINGW64/i686-8.1.0-win32-dwarf-rt_v6-rev0/mingw32/bin/../lib/gcc/i686-w64-mingw32/8.1.0/../../../../i686-w64-mingw32/lib/../lib/libkernel32.a(dgzct.o)
 .text          0x6b1147ec        0x0 C:/GNU/MINGW64/i686-8.1.0-win32-dwarf-rt_v6-rev0/mingw32/bin/../lib/gcc/i686-w64-mingw32/8.1.0/../../../../i686-w64-mingw32/lib/../lib/libuser32.a(dmceh.o)
 .text          0x6b1147ec        0x0 C:/GNU/MINGW64/i686-8.1.0-win32-dwarf-rt_v6-rev0/mingw32/bin/../lib/gcc/i686-w64-mingw32/8.1.0/../../../../i686-w64-mingw32/lib/../lib/libuser32.a(dmcet.o)
 *(SORT_BY_NAME(.text$*))
 *(.text.*)
 *(.gnu.linkonce.t.*)
 *(.glue_7t)
 *(.glue_7)
                0x6b1147ec                ___CTOR_LIST__ = .
                0x6b1147ec                __CTOR_LIST__ = .
                0x6b1147ec        0x4 LONG 0xffffffff
 *(.ctors)
 *(.ctor)
 *(SORT_BY_NAME(.ctors.*))
                0x6b1147f0        0x4 LONG 0x0
                0x6b1147f4                ___DTOR_LIST__ = .
                0x6b1147f4                __DTOR_LIST__ = .
                0x6b1147f4        0x4 LONG 0xffffffff
 *(.dtors)
 *(.dtor)
 *(SORT_BY_NAME(.dtors.*))
                0x6b1147f8        0x4 LONG 0x0
 *(.fini)
 *(.gcc_exc)
                [!provide]                PROVIDE (etext = .)
                [!provide]                PROVIDE (_etext = .)
 *(.gcc_except_table)

.data           0x6b115000     0x9e00
                0x6b115000                __data_start__ = .
 *(.data)
 .data          0x6b115000        0x0 ../build/x86_Debug/debug.o
 .data          0x6b115000        0x0 ../build/x86_Debug/dllmain.o
 .data          0x6b115000        0x0 ../build/x86_Debug/pmc_add_sub.o
 .data          0x6b115000        0x0 ../build/x86_Debug/pmc_bytes.o
 .data          0x6b115000        0x0 ../build/x86_Debug/pmc_clone.o
 .data          0x6b115000        0x0 ../build/x86_Debug/pmc_from.o
 .data          0x6b115000        0x0 ../build/x86_Debug/pmc_getnumbertype.o
 .data          0x6b115000        0x0 ../build/x86_Debug/pmc_initialize.o
 .data          0x6b115000        0x0 ../build/x86_Debug/pmc_memory.o
 .data          0x6b115000        0x0 ../build/x86_Debug/pmc_multiply.o
 .data          0x6b115000        0x0 ../build/x86_Debug/pmc_negate.o
 .data          0x6b115000        0x0 ../build/x86_Debug/pmc_statistics.o
 .data          0x6b115000        0x0 ../build/x86_Debug/pmc_to.o
 .data          0x6b115000     0x9d80 ../build/x86_Debug/TEST_autogenerated.o
 .data          0x6b11ed80        0x0 ../build/x86_Debug/TEST_op_Add.o
 .data          0x6b11ed80        0x0 ../build/x86_Debug/TEST_op_Clone.o
 .data          0x6b11ed80        0x0 ../build/x86_Debug/TEST_op_From_To.o
 .data          0x6b11ed80        0x0 ../build/x86_Debug/TEST_op_GetNumberType.o
 .data          0x6b11ed80        0x0 ../build/x86_Debug/TEST_op_Multiply.o
 .data          0x6b11ed80        0x0 ../build/x86_Debug/TEST_op_Negate.o
 .data          0x6b11ed80        0x0 ../build/x86_Debug/TEST_op_Subtruct.o
 .data          0x6b11ed80        0x0 C:/GNU/MINGW64/i686-8.1.0-win32-dwarf-rt_v6-rev0/mingw32/bin/../lib/gcc/i686-w64-mingw32/8.1.0/../../../../i686-w64-mingw32/lib/../lib/libkernel32.a(dgzcs00839.o)
 .data          0x6b11ed80        0x0 C:/GNU/MINGW64/i686-8.1.0-win32-dwarf-rt_v6-rev0/mingw32/bin/../lib/gcc/i686-w64-mingw32/8.1.0/../../../../i686-w64-mingw32/lib/../lib/libkernel32.a(dgzcs00729.o)
 .data          0x6b11ed80        0x0 C:/GNU/MINGW64/i686-8.1.0-win32-dwarf-rt_v6-rev0/mingw32/bin/../lib/gcc/i686-w64-mingw32/8.1.0/../../../../i686-w64-mingw32/lib/../lib/libkernel32.a(dgzcs00727.o)
 .data          0x6b11ed80        0x0 C:/GNU/MINGW64/i686-8.1.0-win32-dwarf-rt_v6-rev0/mingw32/bin/../lib/gcc/i686-w64-mingw32/8.1.0/../../../../i686-w64-mingw32/lib/../lib/libkernel32.a(dgzcs00725.o)
 .data          0x6b11ed80        0x0 C:/GNU/MINGW64/i686-8.1.0-win32-dwarf-rt_v6-rev0/mingw32/bin/../lib/gcc/i686-w64-mingw32/8.1.0/../../../../i686-w64-mingw32/lib/../lib/libkernel32.a(dgzcs00723.o)
 .data          0x6b11ed80        0x0 C:/GNU/MINGW64/i686-8.1.0-win32-dwarf-rt_v6-rev0/mingw32/bin/../lib/gcc/i686-w64-mingw32/8.1.0/../../../../i686-w64-mingw32/lib/../lib/libkernel32.a(dgzcs00584.o)
 .data          0x6b11ed80        0x0 C:/GNU/MINGW64/i686-8.1.0-win32-dwarf-rt_v6-rev0/mingw32/bin/../lib/gcc/i686-w64-mingw32/8.1.0/../../../../i686-w64-mingw32/lib/../lib/libkernel32.a(dgzcs00359.o)
 .data          0x6b11ed80        0x0 C:/GNU/MINGW64/i686-8.1.0-win32-dwarf-rt_v6-rev0/mingw32/bin/../lib/gcc/i686-w64-mingw32/8.1.0/../../../../i686-w64-mingw32/lib/../lib/libkernel32.a(dgzch.o)
 .data          0x6b11ed80        0x0 C:/GNU/MINGW64/i686-8.1.0-win32-dwarf-rt_v6-rev0/mingw32/bin/../lib/gcc/i686-w64-mingw32/8.1.0/../../../../i686-w64-mingw32/lib/../lib/libkernel32.a(dgzct.o)
 .data          0x6b11ed80        0x0 C:/GNU/MINGW64/i686-8.1.0-win32-dwarf-rt_v6-rev0/mingw32/bin/../lib/gcc/i686-w64-mingw32/8.1.0/../../../../i686-w64-mingw32/lib/../lib/libuser32.a(dmces00912.o)
 .data          0x6b11ed80        0x0 C:/GNU/MINGW64/i686-8.1.0-win32-dwarf-rt_v6-rev0/mingw32/bin/../lib/gcc/i686-w64-mingw32/8.1.0/../../../../i686-w64-mingw32/lib/../lib/libuser32.a(dmceh.o)
 .data          0x6b11ed80        0x0 C:/GNU/MINGW64/i686-8.1.0-win32-dwarf-rt_v6-rev0/mingw32/bin/../lib/gcc/i686-w64-mingw32/8.1.0/../../../../i686-w64-mingw32/lib/../lib/libuser32.a(dmcet.o)
 *(.data2)
 *(SORT_BY_NAME(.data$*))
 *(.jcr)
                0x6b11ed80                __data_end__ = .
 *(.data_cygwin_nocopy)

.rdata          0x6b11f000     0x1800
 *(.rdata)
 .rdata         0x6b11f000      0x1c0 ../build/x86_Debug/debug.o
 .rdata         0x6b11f1c0       0x30 ../build/x86_Debug/pmc_initialize.o
 .rdata         0x6b11f1f0      0x30c ../build/x86_Debug/TEST_op_Add.o
 .rdata         0x6b11f4fc       0xf4 ../build/x86_Debug/TEST_op_Clone.o
 .rdata         0x6b11f5f0      0x1b4 ../build/x86_Debug/TEST_op_From_To.o
 .rdata         0x6b11f7a4       0xec ../build/x86_Debug/TEST_op_GetNumberType.o
 .rdata         0x6b11f890      0x3e4 ../build/x86_Debug/TEST_op_Multiply.o
 .rdata         0x6b11fc74       0xf8 ../build/x86_Debug/TEST_op_Negate.o
 .rdata         0x6b11fd6c      0x398 ../build/x86_Debug/TEST_op_Subtruct.o
 *(SORT_BY_NAME(.rdata$*))
 .rdata$zzz     0x6b120104       0x40 ../build/x86_Debug/debug.o
 .rdata$zzz     0x6b120144       0x40 ../build/x86_Debug/dllmain.o
 .rdata$zzz     0x6b120184       0x40 ../build/x86_Debug/pmc_add_sub.o
 .rdata$zzz     0x6b1201c4       0x40 ../build/x86_Debug/pmc_bytes.o
 .rdata$zzz     0x6b120204       0x40 ../build/x86_Debug/pmc_clone.o
 .rdata$zzz     0x6b120244       0x40 ../build/x86_Debug/pmc_from.o
 .rdata$zzz     0x6b120284       0x40 ../build/x86_Debug/pmc_getnumbertype.o
 .rdata$zzz     0x6b1202c4       0x40 ../build/x86_Debug/pmc_initialize.o
 .rdata$zzz     0x6b120304       0x40 ../build/x86_Debug/pmc_memory.o
 .rdata$zzz     0x6b120344       0x40 ../build/x86_Debug/pmc_multiply.o
 .rdata$zzz     0x6b120384       0x40 ../build/x86_Debug/pmc_negate.o
 .rdata$zzz     0x6b1203c4       0x40 ../build/x86_Debug/pmc_statistics.o
 .rdata$zzz     0x6b120404       0x40 ../build/x86_Debug/pmc_to.o
 .rdata$zzz     0x6b120444       0x40 ../build/x86_Debug/TEST_autogenerated.o
 .rdata$zzz     0x6b120484       0x40 ../build/x86_Debug/TEST_op_Add.o
 .rdata$zzz     0x6b1204c4       0x40 ../build/x86_Debug/TEST_op_Clone.o
 .rdata$zzz     0x6b120504       0x40 ../build/x86_Debug/TEST_op_From_To.o
 .rdata$zzz     0x6b120544       0x40 ../build/x86_Debug/TEST_op_GetNumberType.o
 .rdata$zzz     0x6b120584       0x40 ../build/x86_Debug/TEST_op_Multiply.o
 .rdata$zzz     0x6b1205c4       0x40 ../build/x86_Debug/TEST_op_Negate.o
 .rdata$zzz     0x6b120604       0x40 ../build/x86_Debug/TEST_op_Subtruct.o
                0x6b120644                __rt_psrelocs_start = .
 *(.rdata_runtime_pseudo_reloc)
                0x6b120644                __rt_psrelocs_end = .
                0x00000000                __rt_psrelocs_size = (__rt_psrelocs_end - __rt_psrelocs_start)
                0x6b120644                ___RUNTIME_PSEUDO_RELOC_LIST_END__ = .
                0x6b120644                __RUNTIME_PSEUDO_RELOC_LIST_END__ = .
                0x6b120644                ___RUNTIME_PSEUDO_RELOC_LIST__ = (. - __rt_psrelocs_size)
                0x6b120644                __RUNTIME_PSEUDO_RELOC_LIST__ = (. - __rt_psrelocs_size)

.eh_frame       0x6b121000     0x1200
 *(.eh_frame*)
 .eh_frame      0x6b121000      0x130 ../build/x86_Debug/debug.o
 .eh_frame      0x6b121130       0x38 ../build/x86_Debug/dllmain.o
 .eh_frame      0x6b121168      0x2e8 ../build/x86_Debug/pmc_add_sub.o
 .eh_frame      0x6b121450       0x5c ../build/x86_Debug/pmc_bytes.o
 .eh_frame      0x6b1214ac       0x38 ../build/x86_Debug/pmc_clone.o
 .eh_frame      0x6b1214e4       0xa0 ../build/x86_Debug/pmc_from.o
 .eh_frame      0x6b121584       0x6c ../build/x86_Debug/pmc_getnumbertype.o
 .eh_frame      0x6b1215f0       0xa4 ../build/x86_Debug/pmc_initialize.o
 .eh_frame      0x6b121694      0x268 ../build/x86_Debug/pmc_memory.o
 .eh_frame      0x6b1218fc      0x1bc ../build/x86_Debug/pmc_multiply.o
 .eh_frame      0x6b121ab8       0x38 ../build/x86_Debug/pmc_negate.o
 .eh_frame      0x6b121af0       0x38 ../build/x86_Debug/pmc_statistics.o
 .eh_frame      0x6b121b28       0x5c ../build/x86_Debug/pmc_to.o
 .eh_frame      0x6b121b84       0x3c ../build/x86_Debug/TEST_autogenerated.o
 .eh_frame      0x6b121bc0      0x16c ../build/x86_Debug/TEST_op_Add.o
 .eh_frame      0x6b121d2c       0x64 ../build/x86_Debug/TEST_op_Clone.o
 .eh_frame      0x6b121d90       0xec ../build/x86_Debug/TEST_op_From_To.o
 .eh_frame      0x6b121e7c       0x44 ../build/x86_Debug/TEST_op_GetNumberType.o
 .eh_frame      0x6b121ec0      0x16c ../build/x86_Debug/TEST_op_Multiply.o
 .eh_frame      0x6b12202c       0x64 ../build/x86_Debug/TEST_op_Negate.o
 .eh_frame      0x6b122090      0x16c ../build/x86_Debug/TEST_op_Subtruct.o

.pdata
 *(.pdata*)

.bss            0x6b123000      0x7b8
                0x6b123000                __bss_start__ = .
 *(.bss)
 .bss           0x6b123000      0x420 ../build/x86_Debug/debug.o
                0x6b123000                test_total_count
                0x6b123004                test_ok_count
                0x6b123008                __DEBUG_LOG
 .bss           0x6b123420        0x0 ../build/x86_Debug/dllmain.o
 .bss           0x6b123420        0x0 ../build/x86_Debug/pmc_add_sub.o
 .bss           0x6b123420        0x0 ../build/x86_Debug/pmc_bytes.o
 .bss           0x6b123420        0x0 ../build/x86_Debug/pmc_clone.o
 .bss           0x6b123420        0x0 ../build/x86_Debug/pmc_from.o
 .bss           0x6b123420        0x0 ../build/x86_Debug/pmc_getnumbertype.o
 .bss           0x6b123420      0x1c0 ../build/x86_Debug/pmc_initialize.o
 .bss           0x6b1235e0        0x0 ../build/x86_Debug/pmc_memory.o
 .bss           0x6b1235e0        0x0 ../build/x86_Debug/pmc_multiply.o
 .bss           0x6b1235e0        0x0 ../build/x86_Debug/pmc_negate.o
 .bss           0x6b1235e0        0x0 ../build/x86_Debug/pmc_statistics.o
 .bss           0x6b1235e0        0x0 ../build/x86_Debug/pmc_to.o
 .bss           0x6b1235e0       0x78 ../build/x86_Debug/TEST_autogenerated.o
 .bss           0x6b123658        0x0 ../build/x86_Debug/TEST_op_Add.o
 .bss           0x6b123658        0x0 ../build/x86_Debug/TEST_op_Clone.o
 .bss           0x6b123658        0x0 ../build/x86_Debug/TEST_op_From_To.o
 .bss           0x6b123658        0x0 ../build/x86_Debug/TEST_op_GetNumberType.o
 .bss           0x6b123658        0x0 ../build/x86_Debug/TEST_op_Multiply.o
 .bss           0x6b123658        0x0 ../build/x86_Debug/TEST_op_Negate.o
 .bss           0x6b123658        0x0 ../build/x86_Debug/TEST_op_Subtruct.o
 .bss           0x6b123658        0x0 C:/GNU/MINGW64/i686-8.1.0-win32-dwarf-rt_v6-rev0/mingw32/bin/../lib/gcc/i686-w64-mingw32/8.1.0/../../../../i686-w64-mingw32/lib/../lib/libkernel32.a(dgzcs00839.o)
 .bss           0x6b123658        0x0 C:/GNU/MINGW64/i686-8.1.0-win32-dwarf-rt_v6-rev0/mingw32/bin/../lib/gcc/i686-w64-mingw32/8.1.0/../../../../i686-w64-mingw32/lib/../lib/libkernel32.a(dgzcs00729.o)
 .bss           0x6b123658        0x0 C:/GNU/MINGW64/i686-8.1.0-win32-dwarf-rt_v6-rev0/mingw32/bin/../lib/gcc/i686-w64-mingw32/8.1.0/../../../../i686-w64-mingw32/lib/../lib/libkernel32.a(dgzcs00727.o)
 .bss           0x6b123658        0x0 C:/GNU/MINGW64/i686-8.1.0-win32-dwarf-rt_v6-rev0/mingw32/bin/../lib/gcc/i686-w64-mingw32/8.1.0/../../../../i686-w64-mingw32/lib/../lib/libkernel32.a(dgzcs00725.o)
 .bss           0x6b123658        0x0 C:/GNU/MINGW64/i686-8.1.0-win32-dwarf-rt_v6-rev0/mingw32/bin/../lib/gcc/i686-w64-mingw32/8.1.0/../../../../i686-w64-mingw32/lib/../lib/libkernel32.a(dgzcs00723.o)
 .bss           0x6b123658        0x0 C:/GNU/MINGW64/i686-8.1.0-win32-dwarf-rt_v6-rev0/mingw32/bin/../lib/gcc/i686-w64-mingw32/8.1.0/../../../../i686-w64-mingw32/lib/../lib/libkernel32.a(dgzcs00584.o)
 .bss           0x6b123658        0x0 C:/GNU/MINGW64/i686-8.1.0-win32-dwarf-rt_v6-rev0/mingw32/bin/../lib/gcc/i686-w64-mingw32/8.1.0/../../../../i686-w64-mingw32/lib/../lib/libkernel32.a(dgzcs00359.o)
 .bss           0x6b123658        0x0 C:/GNU/MINGW64/i686-8.1.0-win32-dwarf-rt_v6-rev0/mingw32/bin/../lib/gcc/i686-w64-mingw32/8.1.0/../../../../i686-w64-mingw32/lib/../lib/libkernel32.a(dgzch.o)
 .bss           0x6b123658        0x0 C:/GNU/MINGW64/i686-8.1.0-win32-dwarf-rt_v6-rev0/mingw32/bin/../lib/gcc/i686-w64-mingw32/8.1.0/../../../../i686-w64-mingw32/lib/../lib/libkernel32.a(dgzct.o)
 .bss           0x6b123658        0x0 C:/GNU/MINGW64/i686-8.1.0-win32-dwarf-rt_v6-rev0/mingw32/bin/../lib/gcc/i686-w64-mingw32/8.1.0/../../../../i686-w64-mingw32/lib/../lib/libuser32.a(dmces00912.o)
 .bss           0x6b123658        0x0 C:/GNU/MINGW64/i686-8.1.0-win32-dwarf-rt_v6-rev0/mingw32/bin/../lib/gcc/i686-w64-mingw32/8.1.0/../../../../i686-w64-mingw32/lib/../lib/libuser32.a(dmceh.o)
 .bss           0x6b123658        0x0 C:/GNU/MINGW64/i686-8.1.0-win32-dwarf-rt_v6-rev0/mingw32/bin/../lib/gcc/i686-w64-mingw32/8.1.0/../../../../i686-w64-mingw32/lib/../lib/libuser32.a(dmcet.o)
 *(COMMON)
 *fill*         0x6b123658        0x8 
 COMMON         0x6b123660      0x118 ../build/x86_Debug/pmc_initialize.o
                0x6b123660                ep_uint
 COMMON         0x6b123778       0x40 ../build/x86_Debug/pmc_memory.o
                0x6b123778                number_zero
                0x6b12378c                number_minus_one
                0x6b1237a0                number_one
                0x6b1237b4                hLocalHeap
                0x6b1237b8                __bss_end__ = .

.edata          0x6b124000      0x200
 *(.edata)
 .edata         0x6b124000       0xa8 dll stuff

/DISCARD/
 *(.debug$S)
 *(.debug$T)
 *(.debug$F)
 *(.drectve)
 *(.note.GNU-stack)
 *(.gnu.lto_*)

.idata          0x6b125000      0x200
 SORT_BY_NAME(*)(.idata$2)
 .idata$2       0x6b125000       0x14 C:/GNU/MINGW64/i686-8.1.0-win32-dwarf-rt_v6-rev0/mingw32/bin/../lib/gcc/i686-w64-mingw32/8.1.0/../../../../i686-w64-mingw32/lib/../lib/libkernel32.a(dgzch.o)
                0x6b125000                _head_lib32_libkernel32_a
 .idata$2       0x6b125014       0x14 C:/GNU/MINGW64/i686-8.1.0-win32-dwarf-rt_v6-rev0/mingw32/bin/../lib/gcc/i686-w64-mingw32/8.1.0/../../../../i686-w64-mingw32/lib/../lib/libuser32.a(dmceh.o)
                0x6b125014                _head_lib32_libuser32_a
 SORT_BY_NAME(*)(.idata$3)
                0x6b125028        0x4 LONG 0x0
                0x6b12502c        0x4 LONG 0x0
                0x6b125030        0x4 LONG 0x0
                0x6b125034        0x4 LONG 0x0
                0x6b125038        0x4 LONG 0x0
 SORT_BY_NAME(*)(.idata$4)
 .idata$4       0x6b12503c        0x0 C:/GNU/MINGW64/i686-8.1.0-win32-dwarf-rt_v6-rev0/mingw32/bin/../lib/gcc/i686-w64-mingw32/8.1.0/../../../../i686-w64-mingw32/lib/../lib/libkernel32.a(dgzch.o)
 .idata$4       0x6b12503c        0x4 C:/GNU/MINGW64/i686-8.1.0-win32-dwarf-rt_v6-rev0/mingw32/bin/../lib/gcc/i686-w64-mingw32/8.1.0/../../../../i686-w64-mingw32/lib/../lib/libkernel32.a(dgzcs00359.o)
 .idata$4       0x6b125040        0x4 C:/GNU/MINGW64/i686-8.1.0-win32-dwarf-rt_v6-rev0/mingw32/bin/../lib/gcc/i686-w64-mingw32/8.1.0/../../../../i686-w64-mingw32/lib/../lib/libkernel32.a(dgzcs00584.o)
 .idata$4       0x6b125044        0x4 C:/GNU/MINGW64/i686-8.1.0-win32-dwarf-rt_v6-rev0/mingw32/bin/../lib/gcc/i686-w64-mingw32/8.1.0/../../../../i686-w64-mingw32/lib/../lib/libkernel32.a(dgzcs00723.o)
 .idata$4       0x6b125048        0x4 C:/GNU/MINGW64/i686-8.1.0-win32-dwarf-rt_v6-rev0/mingw32/bin/../lib/gcc/i686-w64-mingw32/8.1.0/../../../../i686-w64-mingw32/lib/../lib/libkernel32.a(dgzcs00725.o)
 .idata$4       0x6b12504c        0x4 C:/GNU/MINGW64/i686-8.1.0-win32-dwarf-rt_v6-rev0/mingw32/bin/../lib/gcc/i686-w64-mingw32/8.1.0/../../../../i686-w64-mingw32/lib/../lib/libkernel32.a(dgzcs00727.o)
 .idata$4       0x6b125050        0x4 C:/GNU/MINGW64/i686-8.1.0-win32-dwarf-rt_v6-rev0/mingw32/bin/../lib/gcc/i686-w64-mingw32/8.1.0/../../../../i686-w64-mingw32/lib/../lib/libkernel32.a(dgzcs00729.o)
 .idata$4       0x6b125054        0x4 C:/GNU/MINGW64/i686-8.1.0-win32-dwarf-rt_v6-rev0/mingw32/bin/../lib/gcc/i686-w64-mingw32/8.1.0/../../../../i686-w64-mingw32/lib/../lib/libkernel32.a(dgzcs00839.o)
 .idata$4       0x6b125058        0x4 C:/GNU/MINGW64/i686-8.1.0-win32-dwarf-rt_v6-rev0/mingw32/bin/../lib/gcc/i686-w64-mingw32/8.1.0/../../../../i686-w64-mingw32/lib/../lib/libkernel32.a(dgzct.o)
 .idata$4       0x6b12505c        0x0 C:/GNU/MINGW64/i686-8.1.0-win32-dwarf-rt_v6-rev0/mingw32/bin/../lib/gcc/i686-w64-mingw32/8.1.0/../../../../i686-w64-mingw32/lib/../lib/libuser32.a(dmceh.o)
 .idata$4       0x6b12505c        0x4 C:/GNU/MINGW64/i686-8.1.0-win32-dwarf-rt_v6-rev0/mingw32/bin/../lib/gcc/i686-w64-mingw32/8.1.0/../../../../i686-w64-mingw32/lib/../lib/libuser32.a(dmces00912.o)
 .idata$4       0x6b125060        0x4 C:/GNU/MINGW64/i686-8.1.0-win32-dwarf-rt_v6-rev0/mingw32/bin/../lib/gcc/i686-w64-mingw32/8.1.0/../../../../i686-w64-mingw32/lib/../lib/libuser32.a(dmcet.o)
                0x6b125064                __IAT_start__ = .
 SORT_BY_NAME(*)(.idata$5)
 .idata$5       0x6b125064        0x0 C:/GNU/MINGW64/i686-8.1.0-win32-dwarf-rt_v6-rev0/mingw32/bin/../lib/gcc/i686-w64-mingw32/8.1.0/../../../../i686-w64-mingw32/lib/../lib/libkernel32.a(dgzch.o)
 .idata$5       0x6b125064        0x4 C:/GNU/MINGW64/i686-8.1.0-win32-dwarf-rt_v6-rev0/mingw32/bin/../lib/gcc/i686-w64-mingw32/8.1.0/../../../../i686-w64-mingw32/lib/../lib/libkernel32.a(dgzcs00359.o)
                0x6b125064                _imp__FreeLibrary@4
 .idata$5       0x6b125068        0x4 C:/GNU/MINGW64/i686-8.1.0-win32-dwarf-rt_v6-rev0/mingw32/bin/../lib/gcc/i686-w64-mingw32/8.1.0/../../../../i686-w64-mingw32/lib/../lib/libkernel32.a(dgzcs00584.o)
                0x6b125068                _imp__GetProcAddress@8
 .idata$5       0x6b12506c        0x4 C:/GNU/MINGW64/i686-8.1.0-win32-dwarf-rt_v6-rev0/mingw32/bin/../lib/gcc/i686-w64-mingw32/8.1.0/../../../../i686-w64-mingw32/lib/../lib/libkernel32.a(dgzcs00723.o)
                0x6b12506c                _imp__HeapAlloc@12
 .idata$5       0x6b125070        0x4 C:/GNU/MINGW64/i686-8.1.0-win32-dwarf-rt_v6-rev0/mingw32/bin/../lib/gcc/i686-w64-mingw32/8.1.0/../../../../i686-w64-mingw32/lib/../lib/libkernel32.a(dgzcs00725.o)
                0x6b125070                _imp__HeapCreate@12
 .idata$5       0x6b125074        0x4 C:/GNU/MINGW64/i686-8.1.0-win32-dwarf-rt_v6-rev0/mingw32/bin/../lib/gcc/i686-w64-mingw32/8.1.0/../../../../i686-w64-mingw32/lib/../lib/libkernel32.a(dgzcs00727.o)
                0x6b125074                _imp__HeapDestroy@4
 .idata$5       0x6b125078        0x4 C:/GNU/MINGW64/i686-8.1.0-win32-dwarf-rt_v6-rev0/mingw32/bin/../lib/gcc/i686-w64-mingw32/8.1.0/../../../../i686-w64-mingw32/lib/../lib/libkernel32.a(dgzcs00729.o)
                0x6b125078                _imp__HeapFree@12
 .idata$5       0x6b12507c        0x4 C:/GNU/MINGW64/i686-8.1.0-win32-dwarf-rt_v6-rev0/mingw32/bin/../lib/gcc/i686-w64-mingw32/8.1.0/../../../../i686-w64-mingw32/lib/../lib/libkernel32.a(dgzcs00839.o)
                0x6b12507c                _imp__LoadLibraryA@4
 .idata$5       0x6b125080        0x4 C:/GNU/MINGW64/i686-8.1.0-win32-dwarf-rt_v6-rev0/mingw32/bin/../lib/gcc/i686-w64-mingw32/8.1.0/../../../../i686-w64-mingw32/lib/../lib/libkernel32.a(dgzct.o)
 .idata$5       0x6b125084        0x0 C:/GNU/MINGW64/i686-8.1.0-win32-dwarf-rt_v6-rev0/mingw32/bin/../lib/gcc/i686-w64-mingw32/8.1.0/../../../../i686-w64-mingw32/lib/../lib/libuser32.a(dmceh.o)
 .idata$5       0x6b125084        0x4 C:/GNU/MINGW64/i686-8.1.0-win32-dwarf-rt_v6-rev0/mingw32/bin/../lib/gcc/i686-w64-mingw32/8.1.0/../../../../i686-w64-mingw32/lib/../lib/libuser32.a(dmces00912.o)
                0x6b125084                _imp__wsprintfW
 .idata$5       0x6b125088        0x4 C:/GNU/MINGW64/i686-8.1.0-win32-dwarf-rt_v6-rev0/mingw32/bin/../lib/gcc/i686-w64-mingw32/8.1.0/../../../../i686-w64-mingw32/lib/../lib/libuser32.a(dmcet.o)
                0x6b12508c                __IAT_end__ = .
 SORT_BY_NAME(*)(.idata$6)
 .idata$6       0x6b12508c        0xe C:/GNU/MINGW64/i686-8.1.0-win32-dwarf-rt_v6-rev0/mingw32/bin/../lib/gcc/i686-w64-mingw32/8.1.0/../../../../i686-w64-mingw32/lib/../lib/libkernel32.a(dgzcs00359.o)
 .idata$6       0x6b12509a       0x12 C:/GNU/MINGW64/i686-8.1.0-win32-dwarf-rt_v6-rev0/mingw32/bin/../lib/gcc/i686-w64-mingw32/8.1.0/../../../../i686-w64-mingw32/lib/../lib/libkernel32.a(dgzcs00584.o)
 .idata$6       0x6b1250ac        0xc C:/GNU/MINGW64/i686-8.1.0-win32-dwarf-rt_v6-rev0/mingw32/bin/../lib/gcc/i686-w64-mingw32/8.1.0/../../../../i686-w64-mingw32/lib/../lib/libkernel32.a(dgzcs00723.o)
 .idata$6       0x6b1250b8        0xe C:/GNU/MINGW64/i686-8.1.0-win32-dwarf-rt_v6-rev0/mingw32/bin/../lib/gcc/i686-w64-mingw32/8.1.0/../../../../i686-w64-mingw32/lib/../lib/libkernel32.a(dgzcs00725.o)
 .idata$6       0x6b1250c6        0xe C:/GNU/MINGW64/i686-8.1.0-win32-dwarf-rt_v6-rev0/mingw32/bin/../lib/gcc/i686-w64-mingw32/8.1.0/../../../../i686-w64-mingw32/lib/../lib/libkernel32.a(dgzcs00727.o)
 .idata$6       0x6b1250d4        0xc C:/GNU/MINGW64/i686-8.1.0-win32-dwarf-rt_v6-rev0/mingw32/bin/../lib/gcc/i686-w64-mingw32/8.1.0/../../../../i686-w64-mingw32/lib/../lib/libkernel32.a(dgzcs00729.o)
 .idata$6       0x6b1250e0       0x10 C:/GNU/MINGW64/i686-8.1.0-win32-dwarf-rt_v6-rev0/mingw32/bin/../lib/gcc/i686-w64-mingw32/8.1.0/../../../../i686-w64-mingw32/lib/../lib/libkernel32.a(dgzcs00839.o)
 .idata$6       0x6b1250f0        0xc C:/GNU/MINGW64/i686-8.1.0-win32-dwarf-rt_v6-rev0/mingw32/bin/../lib/gcc/i686-w64-mingw32/8.1.0/../../../../i686-w64-mingw32/lib/../lib/libuser32.a(dmces00912.o)
 SORT_BY_NAME(*)(.idata$7)
 .idata$7       0x6b1250fc        0x4 C:/GNU/MINGW64/i686-8.1.0-win32-dwarf-rt_v6-rev0/mingw32/bin/../lib/gcc/i686-w64-mingw32/8.1.0/../../../../i686-w64-mingw32/lib/../lib/libkernel32.a(dgzcs00359.o)
 .idata$7       0x6b125100        0x4 C:/GNU/MINGW64/i686-8.1.0-win32-dwarf-rt_v6-rev0/mingw32/bin/../lib/gcc/i686-w64-mingw32/8.1.0/../../../../i686-w64-mingw32/lib/../lib/libkernel32.a(dgzcs00584.o)
 .idata$7       0x6b125104        0x4 C:/GNU/MINGW64/i686-8.1.0-win32-dwarf-rt_v6-rev0/mingw32/bin/../lib/gcc/i686-w64-mingw32/8.1.0/../../../../i686-w64-mingw32/lib/../lib/libkernel32.a(dgzcs00723.o)
 .idata$7       0x6b125108        0x4 C:/GNU/MINGW64/i686-8.1.0-win32-dwarf-rt_v6-rev0/mingw32/bin/../lib/gcc/i686-w64-mingw32/8.1.0/../../../../i686-w64-mingw32/lib/../lib/libkernel32.a(dgzcs00725.o)
 .idata$7       0x6b12510c        0x4 C:/GNU/MINGW64/i686-8.1.0-win32-dwarf-rt_v6-rev0/mingw32/bin/../lib/gcc/i686-w64-mingw32/8.1.0/../../../../i686-w64-mingw32/lib/../lib/libkernel32.a(dgzcs00727.o)
 .idata$7       0x6b125110        0x4 C:/GNU/MINGW64/i686-8.1.0-win32-dwarf-rt_v6-rev0/mingw32/bin/../lib/gcc/i686-w64-mingw32/8.1.0/../../../../i686-w64-mingw32/lib/../lib/libkernel32.a(dgzcs00729.o)
 .idata$7       0x6b125114        0x4 C:/GNU/MINGW64/i686-8.1.0-win32-dwarf-rt_v6-rev0/mingw32/bin/../lib/gcc/i686-w64-mingw32/8.1.0/../../../../i686-w64-mingw32/lib/../lib/libkernel32.a(dgzcs00839.o)
 .idata$7       0x6b125118       0x10 C:/GNU/MINGW64/i686-8.1.0-win32-dwarf-rt_v6-rev0/mingw32/bin/../lib/gcc/i686-w64-mingw32/8.1.0/../../../../i686-w64-mingw32/lib/../lib/libkernel32.a(dgzct.o)
                0x6b125118                _lib32_libkernel32_a_iname
 .idata$7       0x6b125128        0x4 C:/GNU/MINGW64/i686-8.1.0-win32-dwarf-rt_v6-rev0/mingw32/bin/../lib/gcc/i686-w64-mingw32/8.1.0/../../../../i686-w64-mingw32/lib/../lib/libuser32.a(dmces00912.o)
 .idata$7       0x6b12512c        0xc C:/GNU/MINGW64/i686-8.1.0-win32-dwarf-rt_v6-rev0/mingw32/bin/../lib/gcc/i686-w64-mingw32/8.1.0/../../../../i686-w64-mingw32/lib/../lib/libuser32.a(dmcet.o)
                0x6b12512c                _lib32_libuser32_a_iname

.CRT            0x6b126000        0x0
                0x6b126000                ___crt_xc_start__ = .
 *(SORT_BY_NAME(.CRT$XC*))
                0x6b126000                ___crt_xc_end__ = .
                0x6b126000                ___crt_xi_start__ = .
 *(SORT_BY_NAME(.CRT$XI*))
                0x6b126000                ___crt_xi_end__ = .
                0x6b126000                ___crt_xl_start__ = .
 *(SORT_BY_NAME(.CRT$XL*))
                0x6b126000                ___crt_xp_start__ = .
 *(SORT_BY_NAME(.CRT$XP*))
                0x6b126000                ___crt_xp_end__ = .
                0x6b126000                ___crt_xt_start__ = .
 *(SORT_BY_NAME(.CRT$XT*))
                0x6b126000                ___crt_xt_end__ = .

.tls            0x6b126000        0x0
                0x6b126000                ___tls_start__ = .
 *(.tls$AAA)
 *(.tls)
 *(.tls$)
 *(SORT_BY_NAME(.tls$*))
 *(.tls$ZZZ)
                0x6b126000                ___tls_end__ = .

.endjunk        0x6b126000        0x0
                [!provide]                PROVIDE (end = .)
                [!provide]                PROVIDE (_end = .)
                0x6b126000                __end__ = .

.rsrc           0x6b126000      0x400
 *(.rsrc)
 .rsrc          0x6b126000      0x378 ../build/x86_Debug/version.o
 *(.rsrc$*)

.reloc          0x6b127000     0xa600
 *(.reloc)
 .reloc         0x6b127000     0xa590 dll stuff

.stab
 *(.stab)

.stabstr
 *(.stabstr)

.debug_aranges  0x6b132000      0x400
 *(.debug_aranges)
 .debug_aranges
                0x6b132000       0x20 ../build/x86_Debug/debug.o
 .debug_aranges
                0x6b132020       0x20 ../build/x86_Debug/dllmain.o
 .debug_aranges
                0x6b132040       0x20 ../build/x86_Debug/pmc_add_sub.o
 .debug_aranges
                0x6b132060       0x20 ../build/x86_Debug/pmc_bytes.o
 .debug_aranges
                0x6b132080       0x20 ../build/x86_Debug/pmc_clone.o
 .debug_aranges
                0x6b1320a0       0x20 ../build/x86_Debug/pmc_from.o
 .debug_aranges
                0x6b1320c0       0x20 ../build/x86_Debug/pmc_getnumbertype.o
 .debug_aranges
                0x6b1320e0       0x20 ../build/x86_Debug/pmc_initialize.o
 .debug_aranges
                0x6b132100       0x20 ../build/x86_Debug/pmc_memory.o
 .debug_aranges
                0x6b132120       0x20 ../build/x86_Debug/pmc_multiply.o
 .debug_aranges
                0x6b132140       0x20 ../build/x86_Debug/pmc_negate.o
 .debug_aranges
                0x6b132160       0x20 ../build/x86_Debug/pmc_statistics.o
 .debug_aranges
                0x6b132180       0x20 ../build/x86_Debug/pmc_to.o
 .debug_aranges
                0x6b1321a0       0x20 ../build/x86_Debug/TEST_autogenerated.o
 .debug_aranges
                0x6b1321c0       0x20 ../build/x86_Debug/TEST_op_Add.o
 .debug_aranges
                0x6b1321e0       0x20 ../build/x86_Debug/TEST_op_Clone.o
 .debug_aranges
                0x6b132200       0x20 ../build/x86_Debug/TEST_op_From_To.o
 .debug_aranges
                0x6b132220       0x20 ../build/x86_Debug/TEST_op_GetNumberType.o
 .debug_aranges
                0x6b132240       0x20 ../build/x86_Debug/TEST_op_Multiply.o
 .debug_aranges
                0x6b132260       0x20 ../build/x86_Debug/TEST_op_Negate.o
 .debug_aranges
                0x6b132280       0x20 ../build/x86_Debug/TEST_op_Subtruct.o

.zdebug_aranges
 *(.zdebug_aranges)

.debug_pubnames
 *(.debug_pubnames)

.zdebug_pubnames
 *(.zdebug_pubnames)

.debug_pubtypes
 *(.debug_pubtypes)

.zdebug_pubtypes
 *(.zdebug_pubtypes)

.debug_info     0x6b133000    0x93800
 *(.debug_info .gnu.linkonce.wi.*)
 .debug_info    0x6b133000     0x648a ../build/x86_Debug/debug.o
 .debug_info    0x6b13948a     0x59cd ../build/x86_Debug/dllmain.o
 .debug_info    0x6b13ee57     0x6751 ../build/x86_Debug/pmc_add_sub.o
 .debug_info    0x6b1455a8     0x5aa5 ../build/x86_Debug/pmc_bytes.o
 .debug_info    0x6b14b04d     0x59d0 ../build/x86_Debug/pmc_clone.o
 .debug_info    0x6b150a1d     0x5b50 ../build/x86_Debug/pmc_from.o
 .debug_info    0x6b15656d     0x5ac0 ../build/x86_Debug/pmc_getnumbertype.o
 .debug_info    0x6b15c02d     0x637d ../build/x86_Debug/pmc_initialize.o
 .debug_info    0x6b1623aa     0x63c4 ../build/x86_Debug/pmc_memory.o
 .debug_info    0x6b16876e     0x6044 ../build/x86_Debug/pmc_multiply.o
 .debug_info    0x6b16e7b2     0x59d3 ../build/x86_Debug/pmc_negate.o
 .debug_info    0x6b174185     0x5943 ../build/x86_Debug/pmc_statistics.o
 .debug_info    0x6b179ac8     0x5a89 ../build/x86_Debug/pmc_to.o
 .debug_info    0x6b17f551    0x1beed ../build/x86_Debug/TEST_autogenerated.o
 .debug_info    0x6b19b43e     0x65e4 ../build/x86_Debug/TEST_op_Add.o
 .debug_info    0x6b1a1a22     0x5fb2 ../build/x86_Debug/TEST_op_Clone.o
 .debug_info    0x6b1a79d4     0x6198 ../build/x86_Debug/TEST_op_From_To.o
 .debug_info    0x6b1adb6c     0x5ee8 ../build/x86_Debug/TEST_op_GetNumberType.o
 .debug_info    0x6b1b3a54     0x660c ../build/x86_Debug/TEST_op_Multiply.o
 .debug_info    0x6b1ba060     0x5fb4 ../build/x86_Debug/TEST_op_Negate.o
 .debug_info    0x6b1c0014     0x660c ../build/x86_Debug/TEST_op_Subtruct.o

.zdebug_info
 *(.zdebug_info .zdebug.gnu.linkonce.wi.*)

.debug_abbrev   0x6b1c7000     0x2c00
 *(.debug_abbrev)
 .debug_abbrev  0x6b1c7000      0x29b ../build/x86_Debug/debug.o
 .debug_abbrev  0x6b1c729b      0x192 ../build/x86_Debug/dllmain.o
 .debug_abbrev  0x6b1c742d      0x280 ../build/x86_Debug/pmc_add_sub.o
 .debug_abbrev  0x6b1c76ad      0x1b2 ../build/x86_Debug/pmc_bytes.o
 .debug_abbrev  0x6b1c785f      0x194 ../build/x86_Debug/pmc_clone.o
 .debug_abbrev  0x6b1c79f3      0x1e8 ../build/x86_Debug/pmc_from.o
 .debug_abbrev  0x6b1c7bdb      0x1e5 ../build/x86_Debug/pmc_getnumbertype.o
 .debug_abbrev  0x6b1c7dc0      0x2cd ../build/x86_Debug/pmc_initialize.o
 .debug_abbrev  0x6b1c808d      0x3c0 ../build/x86_Debug/pmc_memory.o
 .debug_abbrev  0x6b1c844d      0x25b ../build/x86_Debug/pmc_multiply.o
 .debug_abbrev  0x6b1c86a8      0x194 ../build/x86_Debug/pmc_negate.o
 .debug_abbrev  0x6b1c883c      0x192 ../build/x86_Debug/pmc_statistics.o
 .debug_abbrev  0x6b1c89ce      0x1b2 ../build/x86_Debug/pmc_to.o
 .debug_abbrev  0x6b1c8b80      0x21c ../build/x86_Debug/TEST_autogenerated.o
 .debug_abbrev  0x6b1c8d9c      0x20b ../build/x86_Debug/TEST_op_Add.o
 .debug_abbrev  0x6b1c8fa7      0x1e9 ../build/x86_Debug/TEST_op_Clone.o
 .debug_abbrev  0x6b1c9190      0x20b ../build/x86_Debug/TEST_op_From_To.o
 .debug_abbrev  0x6b1c939b      0x1cf ../build/x86_Debug/TEST_op_GetNumberType.o
 .debug_abbrev  0x6b1c956a      0x20b ../build/x86_Debug/TEST_op_Multiply.o
 .debug_abbrev  0x6b1c9775      0x1e9 ../build/x86_Debug/TEST_op_Negate.o
 .debug_abbrev  0x6b1c995e      0x20b ../build/x86_Debug/TEST_op_Subtruct.o

.zdebug_abbrev
 *(.zdebug_abbrev)

.debug_line     0x6b1ca000     0xb600
 *(.debug_line)
 .debug_line    0x6b1ca000      0x3a4 ../build/x86_Debug/debug.o
 .debug_line    0x6b1ca3a4      0x28b ../build/x86_Debug/dllmain.o
 .debug_line    0x6b1ca62f      0xd70 ../build/x86_Debug/pmc_add_sub.o
 .debug_line    0x6b1cb39f      0x2ce ../build/x86_Debug/pmc_bytes.o
 .debug_line    0x6b1cb66d      0x2a5 ../build/x86_Debug/pmc_clone.o
 .debug_line    0x6b1cb912      0x2ff ../build/x86_Debug/pmc_from.o
 .debug_line    0x6b1cbc11      0x2f1 ../build/x86_Debug/pmc_getnumbertype.o
 .debug_line    0x6b1cbf02      0x3fb ../build/x86_Debug/pmc_initialize.o
 .debug_line    0x6b1cc2fd      0x637 ../build/x86_Debug/pmc_memory.o
 .debug_line    0x6b1cc934      0x629 ../build/x86_Debug/pmc_multiply.o
 .debug_line    0x6b1ccf5d      0x294 ../build/x86_Debug/pmc_negate.o
 .debug_line    0x6b1cd1f1      0x272 ../build/x86_Debug/pmc_statistics.o
 .debug_line    0x6b1cd463      0x2ff ../build/x86_Debug/pmc_to.o
 .debug_line    0x6b1cd762     0x5e98 ../build/x86_Debug/TEST_autogenerated.o
 .debug_line    0x6b1d35fa      0x5fc ../build/x86_Debug/TEST_op_Add.o
 .debug_line    0x6b1d3bf6      0x312 ../build/x86_Debug/TEST_op_Clone.o
 .debug_line    0x6b1d3f08      0x3d1 ../build/x86_Debug/TEST_op_From_To.o
 .debug_line    0x6b1d42d9      0x2ca ../build/x86_Debug/TEST_op_GetNumberType.o
 .debug_line    0x6b1d45a3      0x601 ../build/x86_Debug/TEST_op_Multiply.o
 .debug_line    0x6b1d4ba4      0x313 ../build/x86_Debug/TEST_op_Negate.o
 .debug_line    0x6b1d4eb7      0x601 ../build/x86_Debug/TEST_op_Subtruct.o

.zdebug_line
 *(.zdebug_line)

.debug_frame
 *(.debug_frame*)

.zdebug_frame
 *(.zdebug_frame*)

.debug_str      0x6b1d6000      0xc00
 *(.debug_str)
 .debug_str     0x6b1d6000       0xe4 ../build/x86_Debug/debug.o
 .debug_str     0x6b1d60e4        0x9 ../build/x86_Debug/dllmain.o
 .debug_str     0x6b1d60ed       0x49 ../build/x86_Debug/pmc_add_sub.o
 .debug_str     0x6b1d6136        0x9 ../build/x86_Debug/pmc_bytes.o
 .debug_str     0x6b1d613f        0x9 ../build/x86_Debug/pmc_clone.o
 .debug_str     0x6b1d6148       0x10 ../build/x86_Debug/pmc_from.o
 .debug_str     0x6b1d6158       0x7c ../build/x86_Debug/pmc_getnumbertype.o
 .debug_str     0x6b1d61d4       0xda ../build/x86_Debug/pmc_initialize.o
 .debug_str     0x6b1d62ae       0x10 ../build/x86_Debug/pmc_memory.o
 .debug_str     0x6b1d62be       0x17 ../build/x86_Debug/pmc_multiply.o
 .debug_str     0x6b1d62d5        0x9 ../build/x86_Debug/pmc_negate.o
 .debug_str     0x6b1d62de       0x19 ../build/x86_Debug/pmc_statistics.o
 .debug_str     0x6b1d62f7        0x9 ../build/x86_Debug/pmc_to.o
 .debug_str     0x6b1d6300       0xda ../build/x86_Debug/TEST_autogenerated.o
 .debug_str     0x6b1d63da      0x17d ../build/x86_Debug/TEST_op_Add.o
 .debug_str     0x6b1d6557       0xda ../build/x86_Debug/TEST_op_Clone.o
 .debug_str     0x6b1d6631      0x116 ../build/x86_Debug/TEST_op_From_To.o
 .debug_str     0x6b1d6747       0xda ../build/x86_Debug/TEST_op_GetNumberType.o
 .debug_str     0x6b1d6821      0x17d ../build/x86_Debug/TEST_op_Multiply.o
 .debug_str     0x6b1d699e       0xda ../build/x86_Debug/TEST_op_Negate.o
 .debug_str     0x6b1d6a78      0x17d ../build/x86_Debug/TEST_op_Subtruct.o

.zdebug_str
 *(.zdebug_str)

.debug_loc
 *(.debug_loc)

.zdebug_loc
 *(.zdebug_loc)

.debug_macinfo
 *(.debug_macinfo)

.zdebug_macinfo
 *(.zdebug_macinfo)

.debug_weaknames
 *(.debug_weaknames)

.zdebug_weaknames
 *(.zdebug_weaknames)

.debug_funcnames
 *(.debug_funcnames)

.zdebug_funcnames
 *(.zdebug_funcnames)

.debug_typenames
 *(.debug_typenames)

.zdebug_typenames
 *(.zdebug_typenames)

.debug_varnames
 *(.debug_varnames)

.zdebug_varnames
 *(.zdebug_varnames)

.debug_macro
 *(.debug_macro)

.zdebug_macro
 *(.zdebug_macro)

.debug_ranges
 *(.debug_ranges)

.zdebug_ranges
 *(.zdebug_ranges)

.debug_types
 *(.debug_types .gnu.linkonce.wt.*)

.zdebug_types
 *(.zdebug_types .gnu.linkonce.wt.*)

.debug_gdb_scripts
 *(.debug_gdb_scripts)

.zdebug_gdb_scripts
 *(.zdebug_gdb_scripts)
OUTPUT(../../dist/x86_Debug/Palmtree.Math.Core.Sint.dll pei-i386)
LOAD dll stuff
