Archive member included to satisfy reference by file (symbol)

C:/GNU/MINGW64/i686-8.1.0-win32-dwarf-rt_v6-rev0/mingw32/bin/../lib/gcc/i686-w64-mingw32/8.1.0/../../../../i686-w64-mingw32/lib/../lib/libkernel32.a(dgzcs00839.o)
                              ../build/x86_Debug/pmc_initialize.o (_imp__LoadLibraryA@4)
C:/GNU/MINGW64/i686-8.1.0-win32-dwarf-rt_v6-rev0/mingw32/bin/../lib/gcc/i686-w64-mingw32/8.1.0/../../../../i686-w64-mingw32/lib/../lib/libkernel32.a(dgzcs00729.o)
                              ../build/x86_Debug/pmc_memory.o (_imp__HeapFree@12)
C:/GNU/MINGW64/i686-8.1.0-win32-dwarf-rt_v6-rev0/mingw32/bin/../lib/gcc/i686-w64-mingw32/8.1.0/../../../../i686-w64-mingw32/lib/../lib/libkernel32.a(dgzcs00727.o)
                              ../build/x86_Debug/pmc_memory.o (_imp__HeapDestroy@4)
C:/GNU/MINGW64/i686-8.1.0-win32-dwarf-rt_v6-rev0/mingw32/bin/../lib/gcc/i686-w64-mingw32/8.1.0/../../../../i686-w64-mingw32/lib/../lib/libkernel32.a(dgzcs00725.o)
                              ../build/x86_Debug/pmc_memory.o (_imp__HeapCreate@12)
C:/GNU/MINGW64/i686-8.1.0-win32-dwarf-rt_v6-rev0/mingw32/bin/../lib/gcc/i686-w64-mingw32/8.1.0/../../../../i686-w64-mingw32/lib/../lib/libkernel32.a(dgzcs00723.o)
                              ../build/x86_Debug/pmc_memory.o (_imp__HeapAlloc@12)
C:/GNU/MINGW64/i686-8.1.0-win32-dwarf-rt_v6-rev0/mingw32/bin/../lib/gcc/i686-w64-mingw32/8.1.0/../../../../i686-w64-mingw32/lib/../lib/libkernel32.a(dgzcs00584.o)
                              ../build/x86_Debug/pmc_initialize.o (_imp__GetProcAddress@8)
C:/GNU/MINGW64/i686-8.1.0-win32-dwarf-rt_v6-rev0/mingw32/bin/../lib/gcc/i686-w64-mingw32/8.1.0/../../../../i686-w64-mingw32/lib/../lib/libkernel32.a(dgzcs00359.o)
                              ../build/x86_Debug/pmc_initialize.o (_imp__FreeLibrary@4)
C:/GNU/MINGW64/i686-8.1.0-win32-dwarf-rt_v6-rev0/mingw32/bin/../lib/gcc/i686-w64-mingw32/8.1.0/../../../../i686-w64-mingw32/lib/../lib/libkernel32.a(dgzch.o)
                              C:/GNU/MINGW64/i686-8.1.0-win32-dwarf-rt_v6-rev0/mingw32/bin/../lib/gcc/i686-w64-mingw32/8.1.0/../../../../i686-w64-mingw32/lib/../lib/libkernel32.a(dgzcs00839.o) (_head_lib32_libkernel32_a)
C:/GNU/MINGW64/i686-8.1.0-win32-dwarf-rt_v6-rev0/mingw32/bin/../lib/gcc/i686-w64-mingw32/8.1.0/../../../../i686-w64-mingw32/lib/../lib/libkernel32.a(dgzct.o)
                              C:/GNU/MINGW64/i686-8.1.0-win32-dwarf-rt_v6-rev0/mingw32/bin/../lib/gcc/i686-w64-mingw32/8.1.0/../../../../i686-w64-mingw32/lib/../lib/libkernel32.a(dgzch.o) (_lib32_libkernel32_a_iname)
C:/GNU/MINGW64/i686-8.1.0-win32-dwarf-rt_v6-rev0/mingw32/bin/../lib/gcc/i686-w64-mingw32/8.1.0/../../../../i686-w64-mingw32/lib/../lib/libuser32.a(dmces00912.o)
                              ../build/x86_Debug/debug.o (_imp__wsprintfW)
C:/GNU/MINGW64/i686-8.1.0-win32-dwarf-rt_v6-rev0/mingw32/bin/../lib/gcc/i686-w64-mingw32/8.1.0/../../../../i686-w64-mingw32/lib/../lib/libuser32.a(dmceh.o)
                              C:/GNU/MINGW64/i686-8.1.0-win32-dwarf-rt_v6-rev0/mingw32/bin/../lib/gcc/i686-w64-mingw32/8.1.0/../../../../i686-w64-mingw32/lib/../lib/libuser32.a(dmces00912.o) (_head_lib32_libuser32_a)
C:/GNU/MINGW64/i686-8.1.0-win32-dwarf-rt_v6-rev0/mingw32/bin/../lib/gcc/i686-w64-mingw32/8.1.0/../../../../i686-w64-mingw32/lib/../lib/libuser32.a(dmcet.o)
                              C:/GNU/MINGW64/i686-8.1.0-win32-dwarf-rt_v6-rev0/mingw32/bin/../lib/gcc/i686-w64-mingw32/8.1.0/../../../../i686-w64-mingw32/lib/../lib/libuser32.a(dmceh.o) (_lib32_libuser32_a_iname)

Allocating common symbols
Common symbol       size              file

number_zero         0x18              ../build/x86_Debug/pmc_memory.o
number_minus_one    0x18              ../build/x86_Debug/pmc_memory.o
number_one          0x18              ../build/x86_Debug/pmc_memory.o
uint_number_zero    0x4               ../build/x86_Debug/debug.o
uint_number_one     0x4               ../build/x86_Debug/debug.o
hLocalHeap          0x4               ../build/x86_Debug/pmc_memory.o
ep_uint             0x114             ../build/x86_Debug/pmc_initialize.o

Discarded input sections

 .drectve       0x00000000       0x58 ../build/x86_Debug/debug.o
 .drectve       0x00000000       0x44 ../build/x86_Debug/dllmain.o
 .drectve       0x00000000       0x44 ../build/x86_Debug/pmc_add_sub.o
 .drectve       0x00000000       0x44 ../build/x86_Debug/pmc_bytes.o
 .drectve       0x00000000       0x44 ../build/x86_Debug/pmc_clone.o
 .drectve       0x00000000       0x44 ../build/x86_Debug/pmc_compare.o
 .drectve       0x00000000       0x44 ../build/x86_Debug/pmc_divrem.o
 .drectve       0x00000000       0x44 ../build/x86_Debug/pmc_equals.o
 .drectve       0x00000000       0x44 ../build/x86_Debug/pmc_from.o
 .drectve       0x00000000       0x7c ../build/x86_Debug/pmc_initialize.o
 .drectve       0x00000000       0xb4 ../build/x86_Debug/pmc_memory.o
 .drectve       0x00000000       0x44 ../build/x86_Debug/pmc_multiply.o
 .drectve       0x00000000       0x44 ../build/x86_Debug/pmc_negate.o
 .drectve       0x00000000       0x44 ../build/x86_Debug/pmc_statistics.o
 .drectve       0x00000000       0x44 ../build/x86_Debug/pmc_to.o
 .drectve       0x00000000       0x44 ../build/x86_Debug/TEST_autogenerated.o
 .drectve       0x00000000       0x44 ../build/x86_Debug/TEST_op_Add.o
 .drectve       0x00000000       0x44 ../build/x86_Debug/TEST_op_Clone.o
 .drectve       0x00000000       0x44 ../build/x86_Debug/TEST_op_Compare.o
 .drectve       0x00000000       0x44 ../build/x86_Debug/TEST_op_Equals.o
 .drectve       0x00000000       0x44 ../build/x86_Debug/TEST_op_From_To.o
 .drectve       0x00000000       0x44 ../build/x86_Debug/TEST_op_Multiply.o
 .drectve       0x00000000       0x44 ../build/x86_Debug/TEST_op_Negate.o
 .drectve       0x00000000       0x44 ../build/x86_Debug/TEST_op_Subtruct.o
 .text          0x00000000        0x8 C:/GNU/MINGW64/i686-8.1.0-win32-dwarf-rt_v6-rev0/mingw32/bin/../lib/gcc/i686-w64-mingw32/8.1.0/../../../../i686-w64-mingw32/lib/../lib/libkernel32.a(dgzcs00839.o)
 .text          0x00000000        0x8 C:/GNU/MINGW64/i686-8.1.0-win32-dwarf-rt_v6-rev0/mingw32/bin/../lib/gcc/i686-w64-mingw32/8.1.0/../../../../i686-w64-mingw32/lib/../lib/libkernel32.a(dgzcs00729.o)
 .text          0x00000000        0x8 C:/GNU/MINGW64/i686-8.1.0-win32-dwarf-rt_v6-rev0/mingw32/bin/../lib/gcc/i686-w64-mingw32/8.1.0/../../../../i686-w64-mingw32/lib/../lib/libkernel32.a(dgzcs00727.o)
 .text          0x00000000        0x8 C:/GNU/MINGW64/i686-8.1.0-win32-dwarf-rt_v6-rev0/mingw32/bin/../lib/gcc/i686-w64-mingw32/8.1.0/../../../../i686-w64-mingw32/lib/../lib/libkernel32.a(dgzcs00725.o)
 .text          0x00000000        0x8 C:/GNU/MINGW64/i686-8.1.0-win32-dwarf-rt_v6-rev0/mingw32/bin/../lib/gcc/i686-w64-mingw32/8.1.0/../../../../i686-w64-mingw32/lib/../lib/libkernel32.a(dgzcs00723.o)
 .text          0x00000000        0x8 C:/GNU/MINGW64/i686-8.1.0-win32-dwarf-rt_v6-rev0/mingw32/bin/../lib/gcc/i686-w64-mingw32/8.1.0/../../../../i686-w64-mingw32/lib/../lib/libkernel32.a(dgzcs00584.o)
 .text          0x00000000        0x8 C:/GNU/MINGW64/i686-8.1.0-win32-dwarf-rt_v6-rev0/mingw32/bin/../lib/gcc/i686-w64-mingw32/8.1.0/../../../../i686-w64-mingw32/lib/../lib/libkernel32.a(dgzcs00359.o)
 .text          0x00000000        0x8 C:/GNU/MINGW64/i686-8.1.0-win32-dwarf-rt_v6-rev0/mingw32/bin/../lib/gcc/i686-w64-mingw32/8.1.0/../../../../i686-w64-mingw32/lib/../lib/libuser32.a(dmces00912.o)

Memory Configuration

Name             Origin             Length             Attributes
*default*        0x00000000         0xffffffff

Linker script and memory map

                0x6b080000                __image_base__ = 0x6b080000
                0x00000000                __dll__ = 0x0
                0x6b080000                ___ImageBase = 0x6b080000
                0x00001000                __section_alignment__ = 0x1000
                0x00000200                __file_alignment__ = 0x200
                0x00000004                __major_os_version__ = 0x4
                0x00000000                __minor_os_version__ = 0x0
                0x00000001                __major_image_version__ = 0x1
                0x00000000                __minor_image_version__ = 0x0
                0x00000004                __major_subsystem_version__ = 0x4
                0x00000000                __minor_subsystem_version__ = 0x0
                0x00000002                __subsystem__ = 0x2
                0x00200000                __size_of_stack_reserve__ = 0x200000
                0x00001000                __size_of_stack_commit__ = 0x1000
                0x00100000                __size_of_heap_reserve__ = 0x100000
                0x00001000                __size_of_heap_commit__ = 0x1000
                0x00000000                __loader_flags__ = 0x0
                0x00000000                __dll_characteristics__ = 0x0
LOAD ../build/x86_Debug/debug.o
LOAD ../build/x86_Debug/dllmain.o
LOAD ../build/x86_Debug/pmc_add_sub.o
LOAD ../build/x86_Debug/pmc_bytes.o
LOAD ../build/x86_Debug/pmc_clone.o
LOAD ../build/x86_Debug/pmc_compare.o
LOAD ../build/x86_Debug/pmc_divrem.o
LOAD ../build/x86_Debug/pmc_equals.o
LOAD ../build/x86_Debug/pmc_from.o
LOAD ../build/x86_Debug/pmc_initialize.o
LOAD ../build/x86_Debug/pmc_memory.o
LOAD ../build/x86_Debug/pmc_multiply.o
LOAD ../build/x86_Debug/pmc_negate.o
LOAD ../build/x86_Debug/pmc_statistics.o
LOAD ../build/x86_Debug/pmc_to.o
LOAD ../build/x86_Debug/TEST_autogenerated.o
LOAD ../build/x86_Debug/TEST_op_Add.o
LOAD ../build/x86_Debug/TEST_op_Clone.o
LOAD ../build/x86_Debug/TEST_op_Compare.o
LOAD ../build/x86_Debug/TEST_op_DivRem.o
LOAD ../build/x86_Debug/TEST_op_Equals.o
LOAD ../build/x86_Debug/TEST_op_From_To.o
LOAD ../build/x86_Debug/TEST_op_Multiply.o
LOAD ../build/x86_Debug/TEST_op_Negate.o
LOAD ../build/x86_Debug/TEST_op_Remainder.o
LOAD ../build/x86_Debug/TEST_op_Subtruct.o
LOAD ../build/x86_Debug/version.o
LOAD ../Palmtree.Math.Core.Sint.def
LOAD C:/GNU/MINGW64/i686-8.1.0-win32-dwarf-rt_v6-rev0/mingw32/bin/../lib/gcc/i686-w64-mingw32/8.1.0/../../../../i686-w64-mingw32/lib/../lib/libkernel32.a
LOAD C:/GNU/MINGW64/i686-8.1.0-win32-dwarf-rt_v6-rev0/mingw32/bin/../lib/gcc/i686-w64-mingw32/8.1.0/../../../../i686-w64-mingw32/lib/../lib/libuser32.a
                0x000003a8                . = SIZEOF_HEADERS
                0x00001000                . = ALIGN (__section_alignment__)

.text           0x6b081000   0x159800
 *(.init)
 *(.text)
 .text          0x6b081000      0x338 ../build/x86_Debug/debug.o
                0x6b0810ee                DoDebug
                0x6b0810ee                DoDebug@4
                0x6b0811e8                TEST_Assert
                0x6b081244                FormatTestLabel
                0x6b081274                FormatTestMesssage
                0x6b08129d                DumpBinary_UNIT
 .text          0x6b081338       0x58 ../build/x86_Debug/dllmain.o
                0x6b081338                DllMain@12
 .text          0x6b081390     0x2450 ../build/x86_Debug/pmc_add_sub.o
                0x6b081b09                PMC_Add_I_X@12
                0x6b081d28                PMC_Add_L_X@16
                0x6b081f8e                PMC_Add_UX_X@12
                0x6b082110                PMC_Add_X_I@12
                0x6b08231b                PMC_Add_X_L@16
                0x6b082566                PMC_Add_X_UX@12
                0x6b08272e                PMC_Add_X_X@12
                0x6b082969                PMC_Subtruct_I_X@12
                0x6b082b88                PMC_Subtruct_L_X@16
                0x6b082dee                PMC_Subtruct_UX_X@12
                0x6b082f80                PMC_Subtruct_X_I@12
                0x6b08318d                PMC_Subtruct_X_L@16
                0x6b0833da                PMC_Subtruct_X_UX@12
                0x6b0835a2                PMC_Subtruct_X_X@12
 .text          0x6b0837e0      0x138 ../build/x86_Debug/pmc_bytes.o
                0x6b0837e0                PMC_FromByteArray@12
                0x6b083892                PMC_ToByteArray@16
 .text          0x6b083918       0xa4 ../build/x86_Debug/pmc_clone.o
                0x6b083918                PMC_Clone_X@8
 .text          0x6b0839bc      0xaec ../build/x86_Debug/pmc_compare.o
                0x6b083bed                PMC_Compare_I_X@12
                0x6b083d2f                PMC_Compare_L_X@16
                0x6b083e9d                PMC_Compare_UX_X@12
                0x6b083f7c                PMC_Compare_X_I@12
                0x6b0840bb                PMC_Compare_X_L@16
                0x6b084226                PMC_Compare_X_UX@12
                0x6b084337                PMC_Compare_X_X@12
 .text          0x6b0844a8     0x10b0 ../build/x86_Debug/pmc_divrem.o
                0x6b084589                PMC_DivRem_I_X@16
                0x6b0847a6                PMC_DivRem_L_X@20
                0x6b084a66                PMC_DivRem_UX_X@16
                0x6b084c0a                PMC_DivRem_X_I@16
                0x6b084df5                PMC_DivRem_X_L@20
                0x6b085025                PMC_DivRem_X_UX@16
                0x6b08529c                PMC_DivRem_X_X@16
 .text          0x6b085558      0x70c ../build/x86_Debug/pmc_equals.o
                0x6b085639                PMC_Equals_I_X@12
                0x6b085701                PMC_Equals_L_X@16
                0x6b0857ea                PMC_Equals_UX_X@12
                0x6b0858cd                PMC_Equals_X_I@12
                0x6b085993                PMC_Equals_X_L@16
                0x6b085a7e                PMC_Equals_X_UX@12
                0x6b085b74                PMC_Equals_X_X@12
 .text          0x6b085c64      0x290 ../build/x86_Debug/pmc_from.o
                0x6b085c64                From_I_Imp
                0x6b085cd5                From_L_Imp
                0x6b085d5a                PMC_From_I@8
                0x6b085df9                PMC_From_L@12
 .text          0x6b085ef4      0x4f8 ../build/x86_Debug/pmc_initialize.o
                0x6b086121                PMC_SINT_Initialize@4
                0x6b086121                PMC_SINT_Initialize
 .text          0x6b0863ec      0x7c8 ../build/x86_Debug/pmc_memory.o
                0x6b086627                AttatchNumber
                0x6b08666f                AllocateNumber
                0x6b0866f1                DetatchNumber
                0x6b08671b                DeallocateNumber
                0x6b086771                CheckNumber
                0x6b08679c                DuplicateNumber
                0x6b086894                Negate_Imp
                0x6b08696e                PMC_GetConstantValue_I@8
                0x6b0869bc                PMC_Dispose@4
                0x6b0869d8                Initialize_Memory
                0x6b086b40                AllocateHeapArea
                0x6b086b83                DeallocateHeapArea
 .text          0x6b086bb4      0xa9c ../build/x86_Debug/pmc_multiply.o
                0x6b086e8b                PMC_Multiply_I_X@12
                0x6b086fb2                PMC_Multiply_L_X@16
                0x6b087102                PMC_Multiply_UX_X@12
                0x6b0871ca                PMC_Multiply_X_I@12
                0x6b0872e8                PMC_Multiply_X_L@16
                0x6b087432                PMC_Multiply_X_UX@12
                0x6b0874fa                PMC_Multiply_X_X@12
 .text          0x6b087650       0x70 ../build/x86_Debug/pmc_negate.o
                0x6b087650                PMC_Negate_X@8
 .text          0x6b0876c0       0x1c ../build/x86_Debug/pmc_statistics.o
                0x6b0876c0                PMC_GetStatisticsInfo@4
 .text          0x6b0876dc      0x18c ../build/x86_Debug/pmc_to.o
                0x6b0876dc                PMC_To_X_I@8
                0x6b08778d                PMC_To_X_L@8
 .text          0x6b087868   0x14b320 ../build/x86_Debug/TEST_autogenerated.o
                0x6b087868                TEST_autogenerated
 .text          0x6b1d2b88     0x10e4 ../build/x86_Debug/TEST_op_Add.o
                0x6b1d2bca                TEST_Add_I_X
                0x6b1d2de5                TEST_Add_L_X
                0x6b1d301f                TEST_Add_UX_X
                0x6b1d32c4                TEST_Add_X_I
                0x6b1d34df                TEST_Add_X_L
                0x6b1d3719                TEST_Add_X_UX
                0x6b1d39be                TEST_Add_X_X
 .text          0x6b1d3c6c      0x258 ../build/x86_Debug/TEST_op_Clone.o
                0x6b1d3cae                TEST_Clone_X
 .text          0x6b1d3ec4      0xb34 ../build/x86_Debug/TEST_op_Compare.o
                0x6b1d3ec4                TEST_Compare_I_X
                0x6b1d401c                TEST_Compare_L_X
                0x6b1d4187                TEST_Compare_UX_X
                0x6b1d4369                TEST_Compare_X_I
                0x6b1d44c1                TEST_Compare_X_L
                0x6b1d462c                TEST_Compare_X_UX
                0x6b1d480e                TEST_Compare_X_X
 .text          0x6b1d49f8     0x172c ../build/x86_Debug/TEST_op_DivRem.o
                0x6b1d4a3a                TEST_DivRem_I_X
                0x6b1d4d64                TEST_DivRem_L_X
                0x6b1d50ad                TEST_DivRem_UX_X
                0x6b1d545b                TEST_DivRem_X_I
                0x6b1d56d1                TEST_DivRem_X_L
                0x6b1d59b5                TEST_DivRem_X_UX
                0x6b1d5d69                TEST_DivRem_X_X
 .text          0x6b1d6124      0xb34 ../build/x86_Debug/TEST_op_Equals.o
                0x6b1d6124                TEST_Equals_I_X
                0x6b1d627c                TEST_Equals_L_X
                0x6b1d63e7                TEST_Equals_UX_X
                0x6b1d65c9                TEST_Equals_X_I
                0x6b1d6721                TEST_Equals_X_L
                0x6b1d688c                TEST_Equals_X_UX
                0x6b1d6a6e                TEST_Equals_X_X
 .text          0x6b1d6c58      0x648 ../build/x86_Debug/TEST_op_From_To.o
                0x6b1d6c9a                TEST_From_I
                0x6b1d6e1e                TEST_From_L
                0x6b1d6fc1                TEST_To_X_I
                0x6b1d711a                TEST_To_X_L
 .text          0x6b1d72a0     0x10e4 ../build/x86_Debug/TEST_op_Multiply.o
                0x6b1d72e2                TEST_Multiply_I_X
                0x6b1d74fd                TEST_Multiply_L_X
                0x6b1d7737                TEST_Multiply_UX_X
                0x6b1d79dc                TEST_Multiply_X_I
                0x6b1d7bf7                TEST_Multiply_X_L
                0x6b1d7e31                TEST_Multiply_X_UX
                0x6b1d80d6                TEST_Multiply_X_X
 .text          0x6b1d8384      0x258 ../build/x86_Debug/TEST_op_Negate.o
                0x6b1d83c6                TEST_Negate_X
 .text          0x6b1d85dc      0xff8 ../build/x86_Debug/TEST_op_Remainder.o
                0x6b1d861e                TEST_Remainder_I_X
                0x6b1d884d                TEST_Remainder_L_X
                0x6b1d8a9b                TEST_Remainder_UX_X
                0x6b1d8d4e                TEST_Remainder_X_I
                0x6b1d8eb6                TEST_Remainder_X_L
                0x6b1d905b                TEST_Remainder_X_UX
                0x6b1d9314                TEST_Remainder_X_X
 .text          0x6b1d95d4     0x10e4 ../build/x86_Debug/TEST_op_Subtruct.o
                0x6b1d9616                TEST_Subtruct_I_X
                0x6b1d9831                TEST_Subtruct_L_X
                0x6b1d9a6b                TEST_Subtruct_UX_X
                0x6b1d9d10                TEST_Subtruct_X_I
                0x6b1d9f2b                TEST_Subtruct_X_L
                0x6b1da165                TEST_Subtruct_X_UX
                0x6b1da40a                TEST_Subtruct_X_X
 .text          0x6b1da6b8        0x0 C:/GNU/MINGW64/i686-8.1.0-win32-dwarf-rt_v6-rev0/mingw32/bin/../lib/gcc/i686-w64-mingw32/8.1.0/../../../../i686-w64-mingw32/lib/../lib/libkernel32.a(dgzch.o)
 .text          0x6b1da6b8        0x0 C:/GNU/MINGW64/i686-8.1.0-win32-dwarf-rt_v6-rev0/mingw32/bin/../lib/gcc/i686-w64-mingw32/8.1.0/../../../../i686-w64-mingw32/lib/../lib/libkernel32.a(dgzct.o)
 .text          0x6b1da6b8        0x0 C:/GNU/MINGW64/i686-8.1.0-win32-dwarf-rt_v6-rev0/mingw32/bin/../lib/gcc/i686-w64-mingw32/8.1.0/../../../../i686-w64-mingw32/lib/../lib/libuser32.a(dmceh.o)
 .text          0x6b1da6b8        0x0 C:/GNU/MINGW64/i686-8.1.0-win32-dwarf-rt_v6-rev0/mingw32/bin/../lib/gcc/i686-w64-mingw32/8.1.0/../../../../i686-w64-mingw32/lib/../lib/libuser32.a(dmcet.o)
 *(SORT_BY_NAME(.text$*))
 *(.text.*)
 *(.gnu.linkonce.t.*)
 *(.glue_7t)
 *(.glue_7)
                0x6b1da6b8                ___CTOR_LIST__ = .
                0x6b1da6b8                __CTOR_LIST__ = .
                0x6b1da6b8        0x4 LONG 0xffffffff
 *(.ctors)
 *(.ctor)
 *(SORT_BY_NAME(.ctors.*))
                0x6b1da6bc        0x4 LONG 0x0
                0x6b1da6c0                ___DTOR_LIST__ = .
                0x6b1da6c0                __DTOR_LIST__ = .
                0x6b1da6c0        0x4 LONG 0xffffffff
 *(.dtors)
 *(.dtor)
 *(SORT_BY_NAME(.dtors.*))
                0x6b1da6c4        0x4 LONG 0x0
 *(.fini)
 *(.gcc_exc)
                [!provide]                PROVIDE (etext = .)
                [!provide]                PROVIDE (_etext = .)
 *(.gcc_except_table)

.data           0x6b1db000     0xcc00
                0x6b1db000                __data_start__ = .
 *(.data)
 .data          0x6b1db000        0x0 ../build/x86_Debug/debug.o
 .data          0x6b1db000        0x0 ../build/x86_Debug/dllmain.o
 .data          0x6b1db000        0x0 ../build/x86_Debug/pmc_add_sub.o
 .data          0x6b1db000        0x0 ../build/x86_Debug/pmc_bytes.o
 .data          0x6b1db000        0x0 ../build/x86_Debug/pmc_clone.o
 .data          0x6b1db000        0x0 ../build/x86_Debug/pmc_compare.o
 .data          0x6b1db000        0x0 ../build/x86_Debug/pmc_divrem.o
 .data          0x6b1db000        0x0 ../build/x86_Debug/pmc_equals.o
 .data          0x6b1db000        0x0 ../build/x86_Debug/pmc_from.o
 .data          0x6b1db000        0x0 ../build/x86_Debug/pmc_initialize.o
 .data          0x6b1db000        0x0 ../build/x86_Debug/pmc_memory.o
 .data          0x6b1db000        0x0 ../build/x86_Debug/pmc_multiply.o
 .data          0x6b1db000        0x0 ../build/x86_Debug/pmc_negate.o
 .data          0x6b1db000        0x0 ../build/x86_Debug/pmc_statistics.o
 .data          0x6b1db000        0x0 ../build/x86_Debug/pmc_to.o
 .data          0x6b1db000     0xcb40 ../build/x86_Debug/TEST_autogenerated.o
 .data          0x6b1e7b40        0x0 ../build/x86_Debug/TEST_op_Add.o
 .data          0x6b1e7b40        0x0 ../build/x86_Debug/TEST_op_Clone.o
 .data          0x6b1e7b40        0x0 ../build/x86_Debug/TEST_op_Compare.o
 .data          0x6b1e7b40        0x0 ../build/x86_Debug/TEST_op_DivRem.o
 .data          0x6b1e7b40        0x0 ../build/x86_Debug/TEST_op_Equals.o
 .data          0x6b1e7b40        0x0 ../build/x86_Debug/TEST_op_From_To.o
 .data          0x6b1e7b40        0x0 ../build/x86_Debug/TEST_op_Multiply.o
 .data          0x6b1e7b40        0x0 ../build/x86_Debug/TEST_op_Negate.o
 .data          0x6b1e7b40        0x0 ../build/x86_Debug/TEST_op_Remainder.o
 .data          0x6b1e7b40        0x0 ../build/x86_Debug/TEST_op_Subtruct.o
 .data          0x6b1e7b40        0x0 C:/GNU/MINGW64/i686-8.1.0-win32-dwarf-rt_v6-rev0/mingw32/bin/../lib/gcc/i686-w64-mingw32/8.1.0/../../../../i686-w64-mingw32/lib/../lib/libkernel32.a(dgzcs00839.o)
 .data          0x6b1e7b40        0x0 C:/GNU/MINGW64/i686-8.1.0-win32-dwarf-rt_v6-rev0/mingw32/bin/../lib/gcc/i686-w64-mingw32/8.1.0/../../../../i686-w64-mingw32/lib/../lib/libkernel32.a(dgzcs00729.o)
 .data          0x6b1e7b40        0x0 C:/GNU/MINGW64/i686-8.1.0-win32-dwarf-rt_v6-rev0/mingw32/bin/../lib/gcc/i686-w64-mingw32/8.1.0/../../../../i686-w64-mingw32/lib/../lib/libkernel32.a(dgzcs00727.o)
 .data          0x6b1e7b40        0x0 C:/GNU/MINGW64/i686-8.1.0-win32-dwarf-rt_v6-rev0/mingw32/bin/../lib/gcc/i686-w64-mingw32/8.1.0/../../../../i686-w64-mingw32/lib/../lib/libkernel32.a(dgzcs00725.o)
 .data          0x6b1e7b40        0x0 C:/GNU/MINGW64/i686-8.1.0-win32-dwarf-rt_v6-rev0/mingw32/bin/../lib/gcc/i686-w64-mingw32/8.1.0/../../../../i686-w64-mingw32/lib/../lib/libkernel32.a(dgzcs00723.o)
 .data          0x6b1e7b40        0x0 C:/GNU/MINGW64/i686-8.1.0-win32-dwarf-rt_v6-rev0/mingw32/bin/../lib/gcc/i686-w64-mingw32/8.1.0/../../../../i686-w64-mingw32/lib/../lib/libkernel32.a(dgzcs00584.o)
 .data          0x6b1e7b40        0x0 C:/GNU/MINGW64/i686-8.1.0-win32-dwarf-rt_v6-rev0/mingw32/bin/../lib/gcc/i686-w64-mingw32/8.1.0/../../../../i686-w64-mingw32/lib/../lib/libkernel32.a(dgzcs00359.o)
 .data          0x6b1e7b40        0x0 C:/GNU/MINGW64/i686-8.1.0-win32-dwarf-rt_v6-rev0/mingw32/bin/../lib/gcc/i686-w64-mingw32/8.1.0/../../../../i686-w64-mingw32/lib/../lib/libkernel32.a(dgzch.o)
 .data          0x6b1e7b40        0x0 C:/GNU/MINGW64/i686-8.1.0-win32-dwarf-rt_v6-rev0/mingw32/bin/../lib/gcc/i686-w64-mingw32/8.1.0/../../../../i686-w64-mingw32/lib/../lib/libkernel32.a(dgzct.o)
 .data          0x6b1e7b40        0x0 C:/GNU/MINGW64/i686-8.1.0-win32-dwarf-rt_v6-rev0/mingw32/bin/../lib/gcc/i686-w64-mingw32/8.1.0/../../../../i686-w64-mingw32/lib/../lib/libuser32.a(dmces00912.o)
 .data          0x6b1e7b40        0x0 C:/GNU/MINGW64/i686-8.1.0-win32-dwarf-rt_v6-rev0/mingw32/bin/../lib/gcc/i686-w64-mingw32/8.1.0/../../../../i686-w64-mingw32/lib/../lib/libuser32.a(dmceh.o)
 .data          0x6b1e7b40        0x0 C:/GNU/MINGW64/i686-8.1.0-win32-dwarf-rt_v6-rev0/mingw32/bin/../lib/gcc/i686-w64-mingw32/8.1.0/../../../../i686-w64-mingw32/lib/../lib/libuser32.a(dmcet.o)
 *(.data2)
 *(SORT_BY_NAME(.data$*))
 *(.jcr)
                0x6b1e7b40                __data_end__ = .
 *(.data_cygwin_nocopy)

.rdata          0x6b1e8000     0x2400
 *(.rdata)
 .rdata         0x6b1e8000      0x1c0 ../build/x86_Debug/debug.o
 .rdata         0x6b1e81c0       0x30 ../build/x86_Debug/pmc_initialize.o
 .rdata         0x6b1e81f0      0x30c ../build/x86_Debug/TEST_op_Add.o
 .rdata         0x6b1e84fc       0xf4 ../build/x86_Debug/TEST_op_Clone.o
 .rdata         0x6b1e85f0      0x33c ../build/x86_Debug/TEST_op_Compare.o
 .rdata         0x6b1e892c      0x370 ../build/x86_Debug/TEST_op_DivRem.o
 .rdata         0x6b1e8c9c      0x324 ../build/x86_Debug/TEST_op_Equals.o
 .rdata         0x6b1e8fc0      0x1b4 ../build/x86_Debug/TEST_op_From_To.o
 .rdata         0x6b1e9174      0x3e4 ../build/x86_Debug/TEST_op_Multiply.o
 .rdata         0x6b1e9558       0xf8 ../build/x86_Debug/TEST_op_Negate.o
 .rdata         0x6b1e9650      0x380 ../build/x86_Debug/TEST_op_Remainder.o
 .rdata         0x6b1e99d0      0x398 ../build/x86_Debug/TEST_op_Subtruct.o
 *(SORT_BY_NAME(.rdata$*))
 .rdata$zzz     0x6b1e9d68       0x40 ../build/x86_Debug/debug.o
 .rdata$zzz     0x6b1e9da8       0x40 ../build/x86_Debug/dllmain.o
 .rdata$zzz     0x6b1e9de8       0x40 ../build/x86_Debug/pmc_add_sub.o
 .rdata$zzz     0x6b1e9e28       0x40 ../build/x86_Debug/pmc_bytes.o
 .rdata$zzz     0x6b1e9e68       0x40 ../build/x86_Debug/pmc_clone.o
 .rdata$zzz     0x6b1e9ea8       0x40 ../build/x86_Debug/pmc_compare.o
 .rdata$zzz     0x6b1e9ee8       0x40 ../build/x86_Debug/pmc_divrem.o
 .rdata$zzz     0x6b1e9f28       0x40 ../build/x86_Debug/pmc_equals.o
 .rdata$zzz     0x6b1e9f68       0x40 ../build/x86_Debug/pmc_from.o
 .rdata$zzz     0x6b1e9fa8       0x40 ../build/x86_Debug/pmc_initialize.o
 .rdata$zzz     0x6b1e9fe8       0x40 ../build/x86_Debug/pmc_memory.o
 .rdata$zzz     0x6b1ea028       0x40 ../build/x86_Debug/pmc_multiply.o
 .rdata$zzz     0x6b1ea068       0x40 ../build/x86_Debug/pmc_negate.o
 .rdata$zzz     0x6b1ea0a8       0x40 ../build/x86_Debug/pmc_statistics.o
 .rdata$zzz     0x6b1ea0e8       0x40 ../build/x86_Debug/pmc_to.o
 .rdata$zzz     0x6b1ea128       0x40 ../build/x86_Debug/TEST_autogenerated.o
 .rdata$zzz     0x6b1ea168       0x40 ../build/x86_Debug/TEST_op_Add.o
 .rdata$zzz     0x6b1ea1a8       0x40 ../build/x86_Debug/TEST_op_Clone.o
 .rdata$zzz     0x6b1ea1e8       0x40 ../build/x86_Debug/TEST_op_Compare.o
 .rdata$zzz     0x6b1ea228       0x40 ../build/x86_Debug/TEST_op_DivRem.o
 .rdata$zzz     0x6b1ea268       0x40 ../build/x86_Debug/TEST_op_Equals.o
 .rdata$zzz     0x6b1ea2a8       0x40 ../build/x86_Debug/TEST_op_From_To.o
 .rdata$zzz     0x6b1ea2e8       0x40 ../build/x86_Debug/TEST_op_Multiply.o
 .rdata$zzz     0x6b1ea328       0x40 ../build/x86_Debug/TEST_op_Negate.o
 .rdata$zzz     0x6b1ea368       0x40 ../build/x86_Debug/TEST_op_Remainder.o
 .rdata$zzz     0x6b1ea3a8       0x40 ../build/x86_Debug/TEST_op_Subtruct.o
                0x6b1ea3e8                __rt_psrelocs_start = .
 *(.rdata_runtime_pseudo_reloc)
                0x6b1ea3e8                __rt_psrelocs_end = .
                0x00000000                __rt_psrelocs_size = (__rt_psrelocs_end - __rt_psrelocs_start)
                0x6b1ea3e8                ___RUNTIME_PSEUDO_RELOC_LIST_END__ = .
                0x6b1ea3e8                __RUNTIME_PSEUDO_RELOC_LIST_END__ = .
                0x6b1ea3e8                ___RUNTIME_PSEUDO_RELOC_LIST__ = (. - __rt_psrelocs_size)
                0x6b1ea3e8                __RUNTIME_PSEUDO_RELOC_LIST__ = (. - __rt_psrelocs_size)

.eh_frame       0x6b1eb000     0x1c00
 *(.eh_frame*)
 .eh_frame      0x6b1eb000      0x130 ../build/x86_Debug/debug.o
 .eh_frame      0x6b1eb130       0x38 ../build/x86_Debug/dllmain.o
 .eh_frame      0x6b1eb168      0x2e8 ../build/x86_Debug/pmc_add_sub.o
 .eh_frame      0x6b1eb450       0x5c ../build/x86_Debug/pmc_bytes.o
 .eh_frame      0x6b1eb4ac       0x38 ../build/x86_Debug/pmc_clone.o
 .eh_frame      0x6b1eb4e4      0x1b8 ../build/x86_Debug/pmc_compare.o
 .eh_frame      0x6b1eb69c      0x15c ../build/x86_Debug/pmc_divrem.o
 .eh_frame      0x6b1eb7f8      0x14c ../build/x86_Debug/pmc_equals.o
 .eh_frame      0x6b1eb944       0xa0 ../build/x86_Debug/pmc_from.o
 .eh_frame      0x6b1eb9e4       0xec ../build/x86_Debug/pmc_initialize.o
 .eh_frame      0x6b1ebad0      0x218 ../build/x86_Debug/pmc_memory.o
 .eh_frame      0x6b1ebce8      0x1bc ../build/x86_Debug/pmc_multiply.o
 .eh_frame      0x6b1ebea4       0x38 ../build/x86_Debug/pmc_negate.o
 .eh_frame      0x6b1ebedc       0x38 ../build/x86_Debug/pmc_statistics.o
 .eh_frame      0x6b1ebf14       0x5c ../build/x86_Debug/pmc_to.o
 .eh_frame      0x6b1ebf70       0x3c ../build/x86_Debug/TEST_autogenerated.o
 .eh_frame      0x6b1ebfac      0x16c ../build/x86_Debug/TEST_op_Add.o
 .eh_frame      0x6b1ec118       0x64 ../build/x86_Debug/TEST_op_Clone.o
 .eh_frame      0x6b1ec17c      0x14c ../build/x86_Debug/TEST_op_Compare.o
 .eh_frame      0x6b1ec2c8      0x170 ../build/x86_Debug/TEST_op_DivRem.o
 .eh_frame      0x6b1ec438      0x14c ../build/x86_Debug/TEST_op_Equals.o
 .eh_frame      0x6b1ec584       0xec ../build/x86_Debug/TEST_op_From_To.o
 .eh_frame      0x6b1ec670      0x16c ../build/x86_Debug/TEST_op_Multiply.o
 .eh_frame      0x6b1ec7dc       0x64 ../build/x86_Debug/TEST_op_Negate.o
 .eh_frame      0x6b1ec840      0x170 ../build/x86_Debug/TEST_op_Remainder.o
 .eh_frame      0x6b1ec9b0      0x16c ../build/x86_Debug/TEST_op_Subtruct.o

.pdata
 *(.pdata*)

.bss            0x6b1ed000      0xae0
                0x6b1ed000                __bss_start__ = .
 *(.bss)
 .bss           0x6b1ed000      0x420 ../build/x86_Debug/debug.o
                0x6b1ed000                test_total_count
                0x6b1ed004                test_ok_count
                0x6b1ed008                __DEBUG_LOG
 .bss           0x6b1ed420        0x0 ../build/x86_Debug/dllmain.o
 .bss           0x6b1ed420        0x0 ../build/x86_Debug/pmc_add_sub.o
 .bss           0x6b1ed420        0x0 ../build/x86_Debug/pmc_bytes.o
 .bss           0x6b1ed420        0x0 ../build/x86_Debug/pmc_clone.o
 .bss           0x6b1ed420        0x0 ../build/x86_Debug/pmc_compare.o
 .bss           0x6b1ed420        0x0 ../build/x86_Debug/pmc_divrem.o
 .bss           0x6b1ed420        0x0 ../build/x86_Debug/pmc_equals.o
 .bss           0x6b1ed420        0x0 ../build/x86_Debug/pmc_from.o
 .bss           0x6b1ed420      0x200 ../build/x86_Debug/pmc_initialize.o
 .bss           0x6b1ed620        0x0 ../build/x86_Debug/pmc_memory.o
 .bss           0x6b1ed620        0x0 ../build/x86_Debug/pmc_multiply.o
 .bss           0x6b1ed620        0x0 ../build/x86_Debug/pmc_negate.o
 .bss           0x6b1ed620        0x0 ../build/x86_Debug/pmc_statistics.o
 .bss           0x6b1ed620        0x0 ../build/x86_Debug/pmc_to.o
 .bss           0x6b1ed620      0x358 ../build/x86_Debug/TEST_autogenerated.o
 .bss           0x6b1ed978        0x0 ../build/x86_Debug/TEST_op_Add.o
 .bss           0x6b1ed978        0x0 ../build/x86_Debug/TEST_op_Clone.o
 .bss           0x6b1ed978        0x0 ../build/x86_Debug/TEST_op_Compare.o
 .bss           0x6b1ed978        0x0 ../build/x86_Debug/TEST_op_DivRem.o
 .bss           0x6b1ed978        0x0 ../build/x86_Debug/TEST_op_Equals.o
 .bss           0x6b1ed978        0x0 ../build/x86_Debug/TEST_op_From_To.o
 .bss           0x6b1ed978        0x0 ../build/x86_Debug/TEST_op_Multiply.o
 .bss           0x6b1ed978        0x0 ../build/x86_Debug/TEST_op_Negate.o
 .bss           0x6b1ed978        0x0 ../build/x86_Debug/TEST_op_Remainder.o
 .bss           0x6b1ed978        0x0 ../build/x86_Debug/TEST_op_Subtruct.o
 .bss           0x6b1ed978        0x0 C:/GNU/MINGW64/i686-8.1.0-win32-dwarf-rt_v6-rev0/mingw32/bin/../lib/gcc/i686-w64-mingw32/8.1.0/../../../../i686-w64-mingw32/lib/../lib/libkernel32.a(dgzcs00839.o)
 .bss           0x6b1ed978        0x0 C:/GNU/MINGW64/i686-8.1.0-win32-dwarf-rt_v6-rev0/mingw32/bin/../lib/gcc/i686-w64-mingw32/8.1.0/../../../../i686-w64-mingw32/lib/../lib/libkernel32.a(dgzcs00729.o)
 .bss           0x6b1ed978        0x0 C:/GNU/MINGW64/i686-8.1.0-win32-dwarf-rt_v6-rev0/mingw32/bin/../lib/gcc/i686-w64-mingw32/8.1.0/../../../../i686-w64-mingw32/lib/../lib/libkernel32.a(dgzcs00727.o)
 .bss           0x6b1ed978        0x0 C:/GNU/MINGW64/i686-8.1.0-win32-dwarf-rt_v6-rev0/mingw32/bin/../lib/gcc/i686-w64-mingw32/8.1.0/../../../../i686-w64-mingw32/lib/../lib/libkernel32.a(dgzcs00725.o)
 .bss           0x6b1ed978        0x0 C:/GNU/MINGW64/i686-8.1.0-win32-dwarf-rt_v6-rev0/mingw32/bin/../lib/gcc/i686-w64-mingw32/8.1.0/../../../../i686-w64-mingw32/lib/../lib/libkernel32.a(dgzcs00723.o)
 .bss           0x6b1ed978        0x0 C:/GNU/MINGW64/i686-8.1.0-win32-dwarf-rt_v6-rev0/mingw32/bin/../lib/gcc/i686-w64-mingw32/8.1.0/../../../../i686-w64-mingw32/lib/../lib/libkernel32.a(dgzcs00584.o)
 .bss           0x6b1ed978        0x0 C:/GNU/MINGW64/i686-8.1.0-win32-dwarf-rt_v6-rev0/mingw32/bin/../lib/gcc/i686-w64-mingw32/8.1.0/../../../../i686-w64-mingw32/lib/../lib/libkernel32.a(dgzcs00359.o)
 .bss           0x6b1ed978        0x0 C:/GNU/MINGW64/i686-8.1.0-win32-dwarf-rt_v6-rev0/mingw32/bin/../lib/gcc/i686-w64-mingw32/8.1.0/../../../../i686-w64-mingw32/lib/../lib/libkernel32.a(dgzch.o)
 .bss           0x6b1ed978        0x0 C:/GNU/MINGW64/i686-8.1.0-win32-dwarf-rt_v6-rev0/mingw32/bin/../lib/gcc/i686-w64-mingw32/8.1.0/../../../../i686-w64-mingw32/lib/../lib/libkernel32.a(dgzct.o)
 .bss           0x6b1ed978        0x0 C:/GNU/MINGW64/i686-8.1.0-win32-dwarf-rt_v6-rev0/mingw32/bin/../lib/gcc/i686-w64-mingw32/8.1.0/../../../../i686-w64-mingw32/lib/../lib/libuser32.a(dmces00912.o)
 .bss           0x6b1ed978        0x0 C:/GNU/MINGW64/i686-8.1.0-win32-dwarf-rt_v6-rev0/mingw32/bin/../lib/gcc/i686-w64-mingw32/8.1.0/../../../../i686-w64-mingw32/lib/../lib/libuser32.a(dmceh.o)
 .bss           0x6b1ed978        0x0 C:/GNU/MINGW64/i686-8.1.0-win32-dwarf-rt_v6-rev0/mingw32/bin/../lib/gcc/i686-w64-mingw32/8.1.0/../../../../i686-w64-mingw32/lib/../lib/libuser32.a(dmcet.o)
 *(COMMON)
 COMMON         0x6b1ed978        0x8 ../build/x86_Debug/debug.o
                0x6b1ed978                uint_number_zero
                0x6b1ed97c                uint_number_one
 COMMON         0x6b1ed980      0x114 ../build/x86_Debug/pmc_initialize.o
                0x6b1ed980                ep_uint
 COMMON         0x6b1eda94       0x4c ../build/x86_Debug/pmc_memory.o
                0x6b1eda94                number_zero
                0x6b1edaac                number_minus_one
                0x6b1edac4                number_one
                0x6b1edadc                hLocalHeap
                0x6b1edae0                __bss_end__ = .

.edata          0x6b1ee000      0x200
 *(.edata)
 .edata         0x6b1ee000       0xa8 dll stuff

/DISCARD/
 *(.debug$S)
 *(.debug$T)
 *(.debug$F)
 *(.drectve)
 *(.note.GNU-stack)
 *(.gnu.lto_*)

.idata          0x6b1ef000      0x200
 SORT_BY_NAME(*)(.idata$2)
 .idata$2       0x6b1ef000       0x14 C:/GNU/MINGW64/i686-8.1.0-win32-dwarf-rt_v6-rev0/mingw32/bin/../lib/gcc/i686-w64-mingw32/8.1.0/../../../../i686-w64-mingw32/lib/../lib/libkernel32.a(dgzch.o)
                0x6b1ef000                _head_lib32_libkernel32_a
 .idata$2       0x6b1ef014       0x14 C:/GNU/MINGW64/i686-8.1.0-win32-dwarf-rt_v6-rev0/mingw32/bin/../lib/gcc/i686-w64-mingw32/8.1.0/../../../../i686-w64-mingw32/lib/../lib/libuser32.a(dmceh.o)
                0x6b1ef014                _head_lib32_libuser32_a
 SORT_BY_NAME(*)(.idata$3)
                0x6b1ef028        0x4 LONG 0x0
                0x6b1ef02c        0x4 LONG 0x0
                0x6b1ef030        0x4 LONG 0x0
                0x6b1ef034        0x4 LONG 0x0
                0x6b1ef038        0x4 LONG 0x0
 SORT_BY_NAME(*)(.idata$4)
 .idata$4       0x6b1ef03c        0x0 C:/GNU/MINGW64/i686-8.1.0-win32-dwarf-rt_v6-rev0/mingw32/bin/../lib/gcc/i686-w64-mingw32/8.1.0/../../../../i686-w64-mingw32/lib/../lib/libkernel32.a(dgzch.o)
 .idata$4       0x6b1ef03c        0x4 C:/GNU/MINGW64/i686-8.1.0-win32-dwarf-rt_v6-rev0/mingw32/bin/../lib/gcc/i686-w64-mingw32/8.1.0/../../../../i686-w64-mingw32/lib/../lib/libkernel32.a(dgzcs00359.o)
 .idata$4       0x6b1ef040        0x4 C:/GNU/MINGW64/i686-8.1.0-win32-dwarf-rt_v6-rev0/mingw32/bin/../lib/gcc/i686-w64-mingw32/8.1.0/../../../../i686-w64-mingw32/lib/../lib/libkernel32.a(dgzcs00584.o)
 .idata$4       0x6b1ef044        0x4 C:/GNU/MINGW64/i686-8.1.0-win32-dwarf-rt_v6-rev0/mingw32/bin/../lib/gcc/i686-w64-mingw32/8.1.0/../../../../i686-w64-mingw32/lib/../lib/libkernel32.a(dgzcs00723.o)
 .idata$4       0x6b1ef048        0x4 C:/GNU/MINGW64/i686-8.1.0-win32-dwarf-rt_v6-rev0/mingw32/bin/../lib/gcc/i686-w64-mingw32/8.1.0/../../../../i686-w64-mingw32/lib/../lib/libkernel32.a(dgzcs00725.o)
 .idata$4       0x6b1ef04c        0x4 C:/GNU/MINGW64/i686-8.1.0-win32-dwarf-rt_v6-rev0/mingw32/bin/../lib/gcc/i686-w64-mingw32/8.1.0/../../../../i686-w64-mingw32/lib/../lib/libkernel32.a(dgzcs00727.o)
 .idata$4       0x6b1ef050        0x4 C:/GNU/MINGW64/i686-8.1.0-win32-dwarf-rt_v6-rev0/mingw32/bin/../lib/gcc/i686-w64-mingw32/8.1.0/../../../../i686-w64-mingw32/lib/../lib/libkernel32.a(dgzcs00729.o)
 .idata$4       0x6b1ef054        0x4 C:/GNU/MINGW64/i686-8.1.0-win32-dwarf-rt_v6-rev0/mingw32/bin/../lib/gcc/i686-w64-mingw32/8.1.0/../../../../i686-w64-mingw32/lib/../lib/libkernel32.a(dgzcs00839.o)
 .idata$4       0x6b1ef058        0x4 C:/GNU/MINGW64/i686-8.1.0-win32-dwarf-rt_v6-rev0/mingw32/bin/../lib/gcc/i686-w64-mingw32/8.1.0/../../../../i686-w64-mingw32/lib/../lib/libkernel32.a(dgzct.o)
 .idata$4       0x6b1ef05c        0x0 C:/GNU/MINGW64/i686-8.1.0-win32-dwarf-rt_v6-rev0/mingw32/bin/../lib/gcc/i686-w64-mingw32/8.1.0/../../../../i686-w64-mingw32/lib/../lib/libuser32.a(dmceh.o)
 .idata$4       0x6b1ef05c        0x4 C:/GNU/MINGW64/i686-8.1.0-win32-dwarf-rt_v6-rev0/mingw32/bin/../lib/gcc/i686-w64-mingw32/8.1.0/../../../../i686-w64-mingw32/lib/../lib/libuser32.a(dmces00912.o)
 .idata$4       0x6b1ef060        0x4 C:/GNU/MINGW64/i686-8.1.0-win32-dwarf-rt_v6-rev0/mingw32/bin/../lib/gcc/i686-w64-mingw32/8.1.0/../../../../i686-w64-mingw32/lib/../lib/libuser32.a(dmcet.o)
                0x6b1ef064                __IAT_start__ = .
 SORT_BY_NAME(*)(.idata$5)
 .idata$5       0x6b1ef064        0x0 C:/GNU/MINGW64/i686-8.1.0-win32-dwarf-rt_v6-rev0/mingw32/bin/../lib/gcc/i686-w64-mingw32/8.1.0/../../../../i686-w64-mingw32/lib/../lib/libkernel32.a(dgzch.o)
 .idata$5       0x6b1ef064        0x4 C:/GNU/MINGW64/i686-8.1.0-win32-dwarf-rt_v6-rev0/mingw32/bin/../lib/gcc/i686-w64-mingw32/8.1.0/../../../../i686-w64-mingw32/lib/../lib/libkernel32.a(dgzcs00359.o)
                0x6b1ef064                _imp__FreeLibrary@4
 .idata$5       0x6b1ef068        0x4 C:/GNU/MINGW64/i686-8.1.0-win32-dwarf-rt_v6-rev0/mingw32/bin/../lib/gcc/i686-w64-mingw32/8.1.0/../../../../i686-w64-mingw32/lib/../lib/libkernel32.a(dgzcs00584.o)
                0x6b1ef068                _imp__GetProcAddress@8
 .idata$5       0x6b1ef06c        0x4 C:/GNU/MINGW64/i686-8.1.0-win32-dwarf-rt_v6-rev0/mingw32/bin/../lib/gcc/i686-w64-mingw32/8.1.0/../../../../i686-w64-mingw32/lib/../lib/libkernel32.a(dgzcs00723.o)
                0x6b1ef06c                _imp__HeapAlloc@12
 .idata$5       0x6b1ef070        0x4 C:/GNU/MINGW64/i686-8.1.0-win32-dwarf-rt_v6-rev0/mingw32/bin/../lib/gcc/i686-w64-mingw32/8.1.0/../../../../i686-w64-mingw32/lib/../lib/libkernel32.a(dgzcs00725.o)
                0x6b1ef070                _imp__HeapCreate@12
 .idata$5       0x6b1ef074        0x4 C:/GNU/MINGW64/i686-8.1.0-win32-dwarf-rt_v6-rev0/mingw32/bin/../lib/gcc/i686-w64-mingw32/8.1.0/../../../../i686-w64-mingw32/lib/../lib/libkernel32.a(dgzcs00727.o)
                0x6b1ef074                _imp__HeapDestroy@4
 .idata$5       0x6b1ef078        0x4 C:/GNU/MINGW64/i686-8.1.0-win32-dwarf-rt_v6-rev0/mingw32/bin/../lib/gcc/i686-w64-mingw32/8.1.0/../../../../i686-w64-mingw32/lib/../lib/libkernel32.a(dgzcs00729.o)
                0x6b1ef078                _imp__HeapFree@12
 .idata$5       0x6b1ef07c        0x4 C:/GNU/MINGW64/i686-8.1.0-win32-dwarf-rt_v6-rev0/mingw32/bin/../lib/gcc/i686-w64-mingw32/8.1.0/../../../../i686-w64-mingw32/lib/../lib/libkernel32.a(dgzcs00839.o)
                0x6b1ef07c                _imp__LoadLibraryA@4
 .idata$5       0x6b1ef080        0x4 C:/GNU/MINGW64/i686-8.1.0-win32-dwarf-rt_v6-rev0/mingw32/bin/../lib/gcc/i686-w64-mingw32/8.1.0/../../../../i686-w64-mingw32/lib/../lib/libkernel32.a(dgzct.o)
 .idata$5       0x6b1ef084        0x0 C:/GNU/MINGW64/i686-8.1.0-win32-dwarf-rt_v6-rev0/mingw32/bin/../lib/gcc/i686-w64-mingw32/8.1.0/../../../../i686-w64-mingw32/lib/../lib/libuser32.a(dmceh.o)
 .idata$5       0x6b1ef084        0x4 C:/GNU/MINGW64/i686-8.1.0-win32-dwarf-rt_v6-rev0/mingw32/bin/../lib/gcc/i686-w64-mingw32/8.1.0/../../../../i686-w64-mingw32/lib/../lib/libuser32.a(dmces00912.o)
                0x6b1ef084                _imp__wsprintfW
 .idata$5       0x6b1ef088        0x4 C:/GNU/MINGW64/i686-8.1.0-win32-dwarf-rt_v6-rev0/mingw32/bin/../lib/gcc/i686-w64-mingw32/8.1.0/../../../../i686-w64-mingw32/lib/../lib/libuser32.a(dmcet.o)
                0x6b1ef08c                __IAT_end__ = .
 SORT_BY_NAME(*)(.idata$6)
 .idata$6       0x6b1ef08c        0xe C:/GNU/MINGW64/i686-8.1.0-win32-dwarf-rt_v6-rev0/mingw32/bin/../lib/gcc/i686-w64-mingw32/8.1.0/../../../../i686-w64-mingw32/lib/../lib/libkernel32.a(dgzcs00359.o)
 .idata$6       0x6b1ef09a       0x12 C:/GNU/MINGW64/i686-8.1.0-win32-dwarf-rt_v6-rev0/mingw32/bin/../lib/gcc/i686-w64-mingw32/8.1.0/../../../../i686-w64-mingw32/lib/../lib/libkernel32.a(dgzcs00584.o)
 .idata$6       0x6b1ef0ac        0xc C:/GNU/MINGW64/i686-8.1.0-win32-dwarf-rt_v6-rev0/mingw32/bin/../lib/gcc/i686-w64-mingw32/8.1.0/../../../../i686-w64-mingw32/lib/../lib/libkernel32.a(dgzcs00723.o)
 .idata$6       0x6b1ef0b8        0xe C:/GNU/MINGW64/i686-8.1.0-win32-dwarf-rt_v6-rev0/mingw32/bin/../lib/gcc/i686-w64-mingw32/8.1.0/../../../../i686-w64-mingw32/lib/../lib/libkernel32.a(dgzcs00725.o)
 .idata$6       0x6b1ef0c6        0xe C:/GNU/MINGW64/i686-8.1.0-win32-dwarf-rt_v6-rev0/mingw32/bin/../lib/gcc/i686-w64-mingw32/8.1.0/../../../../i686-w64-mingw32/lib/../lib/libkernel32.a(dgzcs00727.o)
 .idata$6       0x6b1ef0d4        0xc C:/GNU/MINGW64/i686-8.1.0-win32-dwarf-rt_v6-rev0/mingw32/bin/../lib/gcc/i686-w64-mingw32/8.1.0/../../../../i686-w64-mingw32/lib/../lib/libkernel32.a(dgzcs00729.o)
 .idata$6       0x6b1ef0e0       0x10 C:/GNU/MINGW64/i686-8.1.0-win32-dwarf-rt_v6-rev0/mingw32/bin/../lib/gcc/i686-w64-mingw32/8.1.0/../../../../i686-w64-mingw32/lib/../lib/libkernel32.a(dgzcs00839.o)
 .idata$6       0x6b1ef0f0        0xc C:/GNU/MINGW64/i686-8.1.0-win32-dwarf-rt_v6-rev0/mingw32/bin/../lib/gcc/i686-w64-mingw32/8.1.0/../../../../i686-w64-mingw32/lib/../lib/libuser32.a(dmces00912.o)
 SORT_BY_NAME(*)(.idata$7)
 .idata$7       0x6b1ef0fc        0x4 C:/GNU/MINGW64/i686-8.1.0-win32-dwarf-rt_v6-rev0/mingw32/bin/../lib/gcc/i686-w64-mingw32/8.1.0/../../../../i686-w64-mingw32/lib/../lib/libkernel32.a(dgzcs00359.o)
 .idata$7       0x6b1ef100        0x4 C:/GNU/MINGW64/i686-8.1.0-win32-dwarf-rt_v6-rev0/mingw32/bin/../lib/gcc/i686-w64-mingw32/8.1.0/../../../../i686-w64-mingw32/lib/../lib/libkernel32.a(dgzcs00584.o)
 .idata$7       0x6b1ef104        0x4 C:/GNU/MINGW64/i686-8.1.0-win32-dwarf-rt_v6-rev0/mingw32/bin/../lib/gcc/i686-w64-mingw32/8.1.0/../../../../i686-w64-mingw32/lib/../lib/libkernel32.a(dgzcs00723.o)
 .idata$7       0x6b1ef108        0x4 C:/GNU/MINGW64/i686-8.1.0-win32-dwarf-rt_v6-rev0/mingw32/bin/../lib/gcc/i686-w64-mingw32/8.1.0/../../../../i686-w64-mingw32/lib/../lib/libkernel32.a(dgzcs00725.o)
 .idata$7       0x6b1ef10c        0x4 C:/GNU/MINGW64/i686-8.1.0-win32-dwarf-rt_v6-rev0/mingw32/bin/../lib/gcc/i686-w64-mingw32/8.1.0/../../../../i686-w64-mingw32/lib/../lib/libkernel32.a(dgzcs00727.o)
 .idata$7       0x6b1ef110        0x4 C:/GNU/MINGW64/i686-8.1.0-win32-dwarf-rt_v6-rev0/mingw32/bin/../lib/gcc/i686-w64-mingw32/8.1.0/../../../../i686-w64-mingw32/lib/../lib/libkernel32.a(dgzcs00729.o)
 .idata$7       0x6b1ef114        0x4 C:/GNU/MINGW64/i686-8.1.0-win32-dwarf-rt_v6-rev0/mingw32/bin/../lib/gcc/i686-w64-mingw32/8.1.0/../../../../i686-w64-mingw32/lib/../lib/libkernel32.a(dgzcs00839.o)
 .idata$7       0x6b1ef118       0x10 C:/GNU/MINGW64/i686-8.1.0-win32-dwarf-rt_v6-rev0/mingw32/bin/../lib/gcc/i686-w64-mingw32/8.1.0/../../../../i686-w64-mingw32/lib/../lib/libkernel32.a(dgzct.o)
                0x6b1ef118                _lib32_libkernel32_a_iname
 .idata$7       0x6b1ef128        0x4 C:/GNU/MINGW64/i686-8.1.0-win32-dwarf-rt_v6-rev0/mingw32/bin/../lib/gcc/i686-w64-mingw32/8.1.0/../../../../i686-w64-mingw32/lib/../lib/libuser32.a(dmces00912.o)
 .idata$7       0x6b1ef12c        0xc C:/GNU/MINGW64/i686-8.1.0-win32-dwarf-rt_v6-rev0/mingw32/bin/../lib/gcc/i686-w64-mingw32/8.1.0/../../../../i686-w64-mingw32/lib/../lib/libuser32.a(dmcet.o)
                0x6b1ef12c                _lib32_libuser32_a_iname

.CRT            0x6b1f0000        0x0
                0x6b1f0000                ___crt_xc_start__ = .
 *(SORT_BY_NAME(.CRT$XC*))
                0x6b1f0000                ___crt_xc_end__ = .
                0x6b1f0000                ___crt_xi_start__ = .
 *(SORT_BY_NAME(.CRT$XI*))
                0x6b1f0000                ___crt_xi_end__ = .
                0x6b1f0000                ___crt_xl_start__ = .
 *(SORT_BY_NAME(.CRT$XL*))
                0x6b1f0000                ___crt_xp_start__ = .
 *(SORT_BY_NAME(.CRT$XP*))
                0x6b1f0000                ___crt_xp_end__ = .
                0x6b1f0000                ___crt_xt_start__ = .
 *(SORT_BY_NAME(.CRT$XT*))
                0x6b1f0000                ___crt_xt_end__ = .

.tls            0x6b1f0000        0x0
                0x6b1f0000                ___tls_start__ = .
 *(.tls$AAA)
 *(.tls)
 *(.tls$)
 *(SORT_BY_NAME(.tls$*))
 *(.tls$ZZZ)
                0x6b1f0000                ___tls_end__ = .

.endjunk        0x6b1f0000        0x0
                [!provide]                PROVIDE (end = .)
                [!provide]                PROVIDE (_end = .)
                0x6b1f0000                __end__ = .

.rsrc           0x6b1f0000      0x400
 *(.rsrc)
 .rsrc          0x6b1f0000      0x378 ../build/x86_Debug/version.o
 *(.rsrc$*)

.reloc          0x6b1f1000    0x16000
 *(.reloc)
 .reloc         0x6b1f1000    0x15e60 dll stuff

.stab
 *(.stab)

.stabstr
 *(.stabstr)

.debug_aranges  0x6b207000      0x400
 *(.debug_aranges)
 .debug_aranges
                0x6b207000       0x20 ../build/x86_Debug/debug.o
 .debug_aranges
                0x6b207020       0x20 ../build/x86_Debug/dllmain.o
 .debug_aranges
                0x6b207040       0x20 ../build/x86_Debug/pmc_add_sub.o
 .debug_aranges
                0x6b207060       0x20 ../build/x86_Debug/pmc_bytes.o
 .debug_aranges
                0x6b207080       0x20 ../build/x86_Debug/pmc_clone.o
 .debug_aranges
                0x6b2070a0       0x20 ../build/x86_Debug/pmc_compare.o
 .debug_aranges
                0x6b2070c0       0x20 ../build/x86_Debug/pmc_divrem.o
 .debug_aranges
                0x6b2070e0       0x20 ../build/x86_Debug/pmc_equals.o
 .debug_aranges
                0x6b207100       0x20 ../build/x86_Debug/pmc_from.o
 .debug_aranges
                0x6b207120       0x20 ../build/x86_Debug/pmc_initialize.o
 .debug_aranges
                0x6b207140       0x20 ../build/x86_Debug/pmc_memory.o
 .debug_aranges
                0x6b207160       0x20 ../build/x86_Debug/pmc_multiply.o
 .debug_aranges
                0x6b207180       0x20 ../build/x86_Debug/pmc_negate.o
 .debug_aranges
                0x6b2071a0       0x20 ../build/x86_Debug/pmc_statistics.o
 .debug_aranges
                0x6b2071c0       0x20 ../build/x86_Debug/pmc_to.o
 .debug_aranges
                0x6b2071e0       0x20 ../build/x86_Debug/TEST_autogenerated.o
 .debug_aranges
                0x6b207200       0x20 ../build/x86_Debug/TEST_op_Add.o
 .debug_aranges
                0x6b207220       0x20 ../build/x86_Debug/TEST_op_Clone.o
 .debug_aranges
                0x6b207240       0x20 ../build/x86_Debug/TEST_op_Compare.o
 .debug_aranges
                0x6b207260       0x20 ../build/x86_Debug/TEST_op_DivRem.o
 .debug_aranges
                0x6b207280       0x20 ../build/x86_Debug/TEST_op_Equals.o
 .debug_aranges
                0x6b2072a0       0x20 ../build/x86_Debug/TEST_op_From_To.o
 .debug_aranges
                0x6b2072c0       0x20 ../build/x86_Debug/TEST_op_Multiply.o
 .debug_aranges
                0x6b2072e0       0x20 ../build/x86_Debug/TEST_op_Negate.o
 .debug_aranges
                0x6b207300       0x20 ../build/x86_Debug/TEST_op_Remainder.o
 .debug_aranges
                0x6b207320       0x20 ../build/x86_Debug/TEST_op_Subtruct.o

.zdebug_aranges
 *(.zdebug_aranges)

.debug_pubnames
 *(.debug_pubnames)

.zdebug_pubnames
 *(.zdebug_pubnames)

.debug_pubtypes
 *(.debug_pubtypes)

.zdebug_pubtypes
 *(.zdebug_pubtypes)

.debug_info     0x6b208000    0xcea00
 *(.debug_info .gnu.linkonce.wi.*)
 .debug_info    0x6b208000     0x6806 ../build/x86_Debug/debug.o
 .debug_info    0x6b20e806     0x5ce9 ../build/x86_Debug/dllmain.o
 .debug_info    0x6b2144ef     0x6a7e ../build/x86_Debug/pmc_add_sub.o
 .debug_info    0x6b21af6d     0x5e21 ../build/x86_Debug/pmc_bytes.o
 .debug_info    0x6b220d8e     0x5d4c ../build/x86_Debug/pmc_clone.o
 .debug_info    0x6b226ada     0x6314 ../build/x86_Debug/pmc_compare.o
 .debug_info    0x6b22cdee     0x657e ../build/x86_Debug/pmc_divrem.o
 .debug_info    0x6b23336c     0x6171 ../build/x86_Debug/pmc_equals.o
 .debug_info    0x6b2394dd     0x5ecc ../build/x86_Debug/pmc_from.o
 .debug_info    0x6b23f3a9     0x67d1 ../build/x86_Debug/pmc_initialize.o
 .debug_info    0x6b245b7a     0x631d ../build/x86_Debug/pmc_memory.o
 .debug_info    0x6b24be97     0x639b ../build/x86_Debug/pmc_multiply.o
 .debug_info    0x6b252232     0x5d4f ../build/x86_Debug/pmc_negate.o
 .debug_info    0x6b257f81     0x5c5f ../build/x86_Debug/pmc_statistics.o
 .debug_info    0x6b25dbe0     0x5e05 ../build/x86_Debug/pmc_to.o
 .debug_info    0x6b2639e5    0x30fe7 ../build/x86_Debug/TEST_autogenerated.o
 .debug_info    0x6b2949cc     0x6c24 ../build/x86_Debug/TEST_op_Add.o
 .debug_info    0x6b29b5f0     0x65f2 ../build/x86_Debug/TEST_op_Clone.o
 .debug_info    0x6b2a1be2     0x6a1e ../build/x86_Debug/TEST_op_Compare.o
 .debug_info    0x6b2a8600     0x6a3c ../build/x86_Debug/TEST_op_DivRem.o
 .debug_info    0x6b2af03c     0x6a16 ../build/x86_Debug/TEST_op_Equals.o
 .debug_info    0x6b2b5a52     0x67d8 ../build/x86_Debug/TEST_op_From_To.o
 .debug_info    0x6b2bc22a     0x6c4c ../build/x86_Debug/TEST_op_Multiply.o
 .debug_info    0x6b2c2e76     0x65f4 ../build/x86_Debug/TEST_op_Negate.o
 .debug_info    0x6b2c946a     0x681f ../build/x86_Debug/TEST_op_Remainder.o
 .debug_info    0x6b2cfc89     0x6c4c ../build/x86_Debug/TEST_op_Subtruct.o

.zdebug_info
 *(.zdebug_info .zdebug.gnu.linkonce.wi.*)

.debug_abbrev   0x6b2d7000     0x4400
 *(.debug_abbrev)
 .debug_abbrev  0x6b2d7000      0x2d2 ../build/x86_Debug/debug.o
 .debug_abbrev  0x6b2d72d2      0x218 ../build/x86_Debug/dllmain.o
 .debug_abbrev  0x6b2d74ea      0x306 ../build/x86_Debug/pmc_add_sub.o
 .debug_abbrev  0x6b2d77f0      0x238 ../build/x86_Debug/pmc_bytes.o
 .debug_abbrev  0x6b2d7a28      0x21a ../build/x86_Debug/pmc_clone.o
 .debug_abbrev  0x6b2d7c42      0x2d0 ../build/x86_Debug/pmc_compare.o
 .debug_abbrev  0x6b2d7f12      0x2c8 ../build/x86_Debug/pmc_divrem.o
 .debug_abbrev  0x6b2d81da      0x272 ../build/x86_Debug/pmc_equals.o
 .debug_abbrev  0x6b2d844c      0x26e ../build/x86_Debug/pmc_from.o
 .debug_abbrev  0x6b2d86ba      0x336 ../build/x86_Debug/pmc_initialize.o
 .debug_abbrev  0x6b2d89f0      0x3ae ../build/x86_Debug/pmc_memory.o
 .debug_abbrev  0x6b2d8d9e      0x2e1 ../build/x86_Debug/pmc_multiply.o
 .debug_abbrev  0x6b2d907f      0x21a ../build/x86_Debug/pmc_negate.o
 .debug_abbrev  0x6b2d9299      0x218 ../build/x86_Debug/pmc_statistics.o
 .debug_abbrev  0x6b2d94b1      0x238 ../build/x86_Debug/pmc_to.o
 .debug_abbrev  0x6b2d96e9      0x266 ../build/x86_Debug/TEST_autogenerated.o
 .debug_abbrev  0x6b2d994f      0x291 ../build/x86_Debug/TEST_op_Add.o
 .debug_abbrev  0x6b2d9be0      0x26f ../build/x86_Debug/TEST_op_Clone.o
 .debug_abbrev  0x6b2d9e4f      0x291 ../build/x86_Debug/TEST_op_Compare.o
 .debug_abbrev  0x6b2da0e0      0x253 ../build/x86_Debug/TEST_op_DivRem.o
 .debug_abbrev  0x6b2da333      0x291 ../build/x86_Debug/TEST_op_Equals.o
 .debug_abbrev  0x6b2da5c4      0x291 ../build/x86_Debug/TEST_op_From_To.o
 .debug_abbrev  0x6b2da855      0x291 ../build/x86_Debug/TEST_op_Multiply.o
 .debug_abbrev  0x6b2daae6      0x26f ../build/x86_Debug/TEST_op_Negate.o
 .debug_abbrev  0x6b2dad55      0x242 ../build/x86_Debug/TEST_op_Remainder.o
 .debug_abbrev  0x6b2daf97      0x291 ../build/x86_Debug/TEST_op_Subtruct.o

.zdebug_abbrev
 *(.zdebug_abbrev)

.debug_line     0x6b2dc000    0x15600
 *(.debug_line)
 .debug_line    0x6b2dc000      0x3a4 ../build/x86_Debug/debug.o
 .debug_line    0x6b2dc3a4      0x29b ../build/x86_Debug/dllmain.o
 .debug_line    0x6b2dc63f      0xdad ../build/x86_Debug/pmc_add_sub.o
 .debug_line    0x6b2dd3ec      0x2de ../build/x86_Debug/pmc_bytes.o
 .debug_line    0x6b2dd6ca      0x2b5 ../build/x86_Debug/pmc_clone.o
 .debug_line    0x6b2dd97f      0x6ff ../build/x86_Debug/pmc_compare.o
 .debug_line    0x6b2de07e      0xaad ../build/x86_Debug/pmc_divrem.o
 .debug_line    0x6b2deb2b      0x581 ../build/x86_Debug/pmc_equals.o
 .debug_line    0x6b2df0ac      0x30f ../build/x86_Debug/pmc_from.o
 .debug_line    0x6b2df3bb      0x4a9 ../build/x86_Debug/pmc_initialize.o
 .debug_line    0x6b2df864      0x5a6 ../build/x86_Debug/pmc_memory.o
 .debug_line    0x6b2dfe0a      0x656 ../build/x86_Debug/pmc_multiply.o
 .debug_line    0x6b2e0460      0x2a4 ../build/x86_Debug/pmc_negate.o
 .debug_line    0x6b2e0704      0x282 ../build/x86_Debug/pmc_statistics.o
 .debug_line    0x6b2e0986      0x30f ../build/x86_Debug/pmc_to.o
 .debug_line    0x6b2e0c95     0xd683 ../build/x86_Debug/TEST_autogenerated.o
 .debug_line    0x6b2ee318      0x60c ../build/x86_Debug/TEST_op_Add.o
 .debug_line    0x6b2ee924      0x322 ../build/x86_Debug/TEST_op_Clone.o
 .debug_line    0x6b2eec46      0x4c9 ../build/x86_Debug/TEST_op_Compare.o
 .debug_line    0x6b2ef10f      0x706 ../build/x86_Debug/TEST_op_DivRem.o
 .debug_line    0x6b2ef815      0x4c8 ../build/x86_Debug/TEST_op_Equals.o
 .debug_line    0x6b2efcdd      0x3e1 ../build/x86_Debug/TEST_op_From_To.o
 .debug_line    0x6b2f00be      0x611 ../build/x86_Debug/TEST_op_Multiply.o
 .debug_line    0x6b2f06cf      0x323 ../build/x86_Debug/TEST_op_Negate.o
 .debug_line    0x6b2f09f2      0x5bb ../build/x86_Debug/TEST_op_Remainder.o
 .debug_line    0x6b2f0fad      0x611 ../build/x86_Debug/TEST_op_Subtruct.o

.zdebug_line
 *(.zdebug_line)

.debug_frame
 *(.debug_frame*)

.zdebug_frame
 *(.zdebug_frame*)

.debug_str      0x6b2f2000     0x1e00
 *(.debug_str)
 .debug_str     0x6b2f2000      0x1b2 ../build/x86_Debug/debug.o
 .debug_str     0x6b2f21b2       0x19 ../build/x86_Debug/dllmain.o
 .debug_str     0x6b2f21cb       0x69 ../build/x86_Debug/pmc_add_sub.o
 .debug_str     0x6b2f2234       0x3d ../build/x86_Debug/pmc_bytes.o
 .debug_str     0x6b2f2271       0x3d ../build/x86_Debug/pmc_clone.o
 .debug_str     0x6b2f22ae       0x4b ../build/x86_Debug/pmc_compare.o
 .debug_str     0x6b2f22f9       0x5e ../build/x86_Debug/pmc_divrem.o
 .debug_str     0x6b2f2357       0x44 ../build/x86_Debug/pmc_equals.o
 .debug_str     0x6b2f239b       0x44 ../build/x86_Debug/pmc_from.o
 .debug_str     0x6b2f23df      0x1a8 ../build/x86_Debug/pmc_initialize.o
 .debug_str     0x6b2f2587       0x44 ../build/x86_Debug/pmc_memory.o
 .debug_str     0x6b2f25cb       0x4b ../build/x86_Debug/pmc_multiply.o
 .debug_str     0x6b2f2616       0x3d ../build/x86_Debug/pmc_negate.o
 .debug_str     0x6b2f2653       0x29 ../build/x86_Debug/pmc_statistics.o
 .debug_str     0x6b2f267c       0x3d ../build/x86_Debug/pmc_to.o
 .debug_str     0x6b2f26b9      0x1a8 ../build/x86_Debug/TEST_autogenerated.o
 .debug_str     0x6b2f2861      0x24b ../build/x86_Debug/TEST_op_Add.o
 .debug_str     0x6b2f2aac      0x1a8 ../build/x86_Debug/TEST_op_Clone.o
 .debug_str     0x6b2f2c54      0x1f6 ../build/x86_Debug/TEST_op_Compare.o
 .debug_str     0x6b2f2e4a      0x27a ../build/x86_Debug/TEST_op_DivRem.o
 .debug_str     0x6b2f30c4      0x1f6 ../build/x86_Debug/TEST_op_Equals.o
 .debug_str     0x6b2f32ba      0x1e4 ../build/x86_Debug/TEST_op_From_To.o
 .debug_str     0x6b2f349e      0x24b ../build/x86_Debug/TEST_op_Multiply.o
 .debug_str     0x6b2f36e9      0x1a8 ../build/x86_Debug/TEST_op_Negate.o
 .debug_str     0x6b2f3891      0x22f ../build/x86_Debug/TEST_op_Remainder.o
 .debug_str     0x6b2f3ac0      0x24b ../build/x86_Debug/TEST_op_Subtruct.o

.zdebug_str
 *(.zdebug_str)

.debug_loc
 *(.debug_loc)

.zdebug_loc
 *(.zdebug_loc)

.debug_macinfo
 *(.debug_macinfo)

.zdebug_macinfo
 *(.zdebug_macinfo)

.debug_weaknames
 *(.debug_weaknames)

.zdebug_weaknames
 *(.zdebug_weaknames)

.debug_funcnames
 *(.debug_funcnames)

.zdebug_funcnames
 *(.zdebug_funcnames)

.debug_typenames
 *(.debug_typenames)

.zdebug_typenames
 *(.zdebug_typenames)

.debug_varnames
 *(.debug_varnames)

.zdebug_varnames
 *(.zdebug_varnames)

.debug_macro
 *(.debug_macro)

.zdebug_macro
 *(.zdebug_macro)

.debug_ranges
 *(.debug_ranges)

.zdebug_ranges
 *(.zdebug_ranges)

.debug_types
 *(.debug_types .gnu.linkonce.wt.*)

.zdebug_types
 *(.zdebug_types .gnu.linkonce.wt.*)

.debug_gdb_scripts
 *(.debug_gdb_scripts)

.zdebug_gdb_scripts
 *(.zdebug_gdb_scripts)
OUTPUT(../../dist/x86_Debug/Palmtree.Math.Core.Sint.dll pei-i386)
LOAD dll stuff
