Archive member included to satisfy reference by file (symbol)

C:/GNU/MINGW64/i686-8.1.0-win32-dwarf-rt_v6-rev0/mingw32/bin/../lib/gcc/i686-w64-mingw32/8.1.0/../../../../i686-w64-mingw32/lib/../lib/libkernel32.a(dgzcs01336.o)
                              ../build/x86_Debug/TEST_op_ParseDN.o (_imp__lstrcpyW@8)
C:/GNU/MINGW64/i686-8.1.0-win32-dwarf-rt_v6-rev0/mingw32/bin/../lib/gcc/i686-w64-mingw32/8.1.0/../../../../i686-w64-mingw32/lib/../lib/libkernel32.a(dgzcs00839.o)
                              ../build/x86_Debug/pmc_initialize.o (_imp__LoadLibraryA@4)
C:/GNU/MINGW64/i686-8.1.0-win32-dwarf-rt_v6-rev0/mingw32/bin/../lib/gcc/i686-w64-mingw32/8.1.0/../../../../i686-w64-mingw32/lib/../lib/libkernel32.a(dgzcs00729.o)
                              ../build/x86_Debug/pmc_memory.o (_imp__HeapFree@12)
C:/GNU/MINGW64/i686-8.1.0-win32-dwarf-rt_v6-rev0/mingw32/bin/../lib/gcc/i686-w64-mingw32/8.1.0/../../../../i686-w64-mingw32/lib/../lib/libkernel32.a(dgzcs00727.o)
                              ../build/x86_Debug/pmc_memory.o (_imp__HeapDestroy@4)
C:/GNU/MINGW64/i686-8.1.0-win32-dwarf-rt_v6-rev0/mingw32/bin/../lib/gcc/i686-w64-mingw32/8.1.0/../../../../i686-w64-mingw32/lib/../lib/libkernel32.a(dgzcs00725.o)
                              ../build/x86_Debug/pmc_memory.o (_imp__HeapCreate@12)
C:/GNU/MINGW64/i686-8.1.0-win32-dwarf-rt_v6-rev0/mingw32/bin/../lib/gcc/i686-w64-mingw32/8.1.0/../../../../i686-w64-mingw32/lib/../lib/libkernel32.a(dgzcs00723.o)
                              ../build/x86_Debug/pmc_memory.o (_imp__HeapAlloc@12)
C:/GNU/MINGW64/i686-8.1.0-win32-dwarf-rt_v6-rev0/mingw32/bin/../lib/gcc/i686-w64-mingw32/8.1.0/../../../../i686-w64-mingw32/lib/../lib/libkernel32.a(dgzcs00584.o)
                              ../build/x86_Debug/pmc_initialize.o (_imp__GetProcAddress@8)
C:/GNU/MINGW64/i686-8.1.0-win32-dwarf-rt_v6-rev0/mingw32/bin/../lib/gcc/i686-w64-mingw32/8.1.0/../../../../i686-w64-mingw32/lib/../lib/libkernel32.a(dgzcs00359.o)
                              ../build/x86_Debug/pmc_initialize.o (_imp__FreeLibrary@4)
C:/GNU/MINGW64/i686-8.1.0-win32-dwarf-rt_v6-rev0/mingw32/bin/../lib/gcc/i686-w64-mingw32/8.1.0/../../../../i686-w64-mingw32/lib/../lib/libkernel32.a(dgzch.o)
                              C:/GNU/MINGW64/i686-8.1.0-win32-dwarf-rt_v6-rev0/mingw32/bin/../lib/gcc/i686-w64-mingw32/8.1.0/../../../../i686-w64-mingw32/lib/../lib/libkernel32.a(dgzcs01336.o) (_head_lib32_libkernel32_a)
C:/GNU/MINGW64/i686-8.1.0-win32-dwarf-rt_v6-rev0/mingw32/bin/../lib/gcc/i686-w64-mingw32/8.1.0/../../../../i686-w64-mingw32/lib/../lib/libkernel32.a(dgzct.o)
                              C:/GNU/MINGW64/i686-8.1.0-win32-dwarf-rt_v6-rev0/mingw32/bin/../lib/gcc/i686-w64-mingw32/8.1.0/../../../../i686-w64-mingw32/lib/../lib/libkernel32.a(dgzch.o) (_lib32_libkernel32_a_iname)
C:/GNU/MINGW64/i686-8.1.0-win32-dwarf-rt_v6-rev0/mingw32/bin/../lib/gcc/i686-w64-mingw32/8.1.0/../../../../i686-w64-mingw32/lib/../lib/libuser32.a(dmces00912.o)
                              ../build/x86_Debug/debug.o (_imp__wsprintfW)
C:/GNU/MINGW64/i686-8.1.0-win32-dwarf-rt_v6-rev0/mingw32/bin/../lib/gcc/i686-w64-mingw32/8.1.0/../../../../i686-w64-mingw32/lib/../lib/libuser32.a(dmceh.o)
                              C:/GNU/MINGW64/i686-8.1.0-win32-dwarf-rt_v6-rev0/mingw32/bin/../lib/gcc/i686-w64-mingw32/8.1.0/../../../../i686-w64-mingw32/lib/../lib/libuser32.a(dmces00912.o) (_head_lib32_libuser32_a)
C:/GNU/MINGW64/i686-8.1.0-win32-dwarf-rt_v6-rev0/mingw32/bin/../lib/gcc/i686-w64-mingw32/8.1.0/../../../../i686-w64-mingw32/lib/../lib/libuser32.a(dmcet.o)
                              C:/GNU/MINGW64/i686-8.1.0-win32-dwarf-rt_v6-rev0/mingw32/bin/../lib/gcc/i686-w64-mingw32/8.1.0/../../../../i686-w64-mingw32/lib/../lib/libuser32.a(dmceh.o) (_lib32_libuser32_a_iname)

Allocating common symbols
Common symbol       size              file

number_zero         0x18              ../build/x86_Debug/pmc_memory.o
number_minus_one    0x18              ../build/x86_Debug/pmc_memory.o
number_one          0x18              ../build/x86_Debug/pmc_memory.o
uint_number_zero    0x4               ../build/x86_Debug/debug.o
uint_number_one     0x4               ../build/x86_Debug/debug.o
hLocalHeap          0x4               ../build/x86_Debug/pmc_memory.o
ep_uint             0x11c             ../build/x86_Debug/pmc_initialize.o

Discarded input sections

 .drectve       0x00000000       0x58 ../build/x86_Debug/debug.o
 .drectve       0x00000000       0x44 ../build/x86_Debug/dllmain.o
 .drectve       0x00000000       0x44 ../build/x86_Debug/pmc_add_sub.o
 .drectve       0x00000000       0x44 ../build/x86_Debug/pmc_bytes.o
 .drectve       0x00000000       0x44 ../build/x86_Debug/pmc_clone.o
 .drectve       0x00000000       0x44 ../build/x86_Debug/pmc_compare.o
 .drectve       0x00000000       0x44 ../build/x86_Debug/pmc_divrem.o
 .drectve       0x00000000       0x44 ../build/x86_Debug/pmc_equals.o
 .drectve       0x00000000       0x44 ../build/x86_Debug/pmc_from.o
 .drectve       0x00000000       0x44 ../build/x86_Debug/pmc_greatestcommondivisor.o
 .drectve       0x00000000       0x5c ../build/x86_Debug/pmc_initialize.o
 .drectve       0x00000000       0xb4 ../build/x86_Debug/pmc_memory.o
 .drectve       0x00000000       0x44 ../build/x86_Debug/pmc_multiply.o
 .drectve       0x00000000       0x44 ../build/x86_Debug/pmc_negate.o
 .drectve       0x00000000       0x44 ../build/x86_Debug/pmc_parse.o
 .drectve       0x00000000       0x44 ../build/x86_Debug/pmc_statistics.o
 .drectve       0x00000000       0x44 ../build/x86_Debug/pmc_to.o
 .drectve       0x00000000       0x44 ../build/x86_Debug/TEST_autogenerated_1.o
 .drectve       0x00000000       0x44 ../build/x86_Debug/TEST_autogenerated_2.o
 .drectve       0x00000000       0x44 ../build/x86_Debug/TEST_op_Add.o
 .drectve       0x00000000       0x44 ../build/x86_Debug/TEST_op_Clone.o
 .drectve       0x00000000       0x44 ../build/x86_Debug/TEST_op_Compare.o
 .drectve       0x00000000       0x44 ../build/x86_Debug/TEST_op_DivRem.o
 .drectve       0x00000000       0x44 ../build/x86_Debug/TEST_op_Equals.o
 .drectve       0x00000000       0x44 ../build/x86_Debug/TEST_op_From_To.o
 .drectve       0x00000000       0x44 ../build/x86_Debug/TEST_op_GreatestCommonDivisor.o
 .drectve       0x00000000       0x44 ../build/x86_Debug/TEST_op_Multiply.o
 .drectve       0x00000000       0x44 ../build/x86_Debug/TEST_op_Negate.o
 .drectve       0x00000000       0x44 ../build/x86_Debug/TEST_op_ParseDN.o
 .drectve       0x00000000       0x44 ../build/x86_Debug/TEST_op_ParseX.o
 .drectve       0x00000000       0x44 ../build/x86_Debug/TEST_op_Remainder.o
 .drectve       0x00000000       0x44 ../build/x86_Debug/TEST_op_Subtruct.o
 .text          0x00000000        0x8 C:/GNU/MINGW64/i686-8.1.0-win32-dwarf-rt_v6-rev0/mingw32/bin/../lib/gcc/i686-w64-mingw32/8.1.0/../../../../i686-w64-mingw32/lib/../lib/libkernel32.a(dgzcs01336.o)
 .text          0x00000000        0x8 C:/GNU/MINGW64/i686-8.1.0-win32-dwarf-rt_v6-rev0/mingw32/bin/../lib/gcc/i686-w64-mingw32/8.1.0/../../../../i686-w64-mingw32/lib/../lib/libkernel32.a(dgzcs00839.o)
 .text          0x00000000        0x8 C:/GNU/MINGW64/i686-8.1.0-win32-dwarf-rt_v6-rev0/mingw32/bin/../lib/gcc/i686-w64-mingw32/8.1.0/../../../../i686-w64-mingw32/lib/../lib/libkernel32.a(dgzcs00729.o)
 .text          0x00000000        0x8 C:/GNU/MINGW64/i686-8.1.0-win32-dwarf-rt_v6-rev0/mingw32/bin/../lib/gcc/i686-w64-mingw32/8.1.0/../../../../i686-w64-mingw32/lib/../lib/libkernel32.a(dgzcs00727.o)
 .text          0x00000000        0x8 C:/GNU/MINGW64/i686-8.1.0-win32-dwarf-rt_v6-rev0/mingw32/bin/../lib/gcc/i686-w64-mingw32/8.1.0/../../../../i686-w64-mingw32/lib/../lib/libkernel32.a(dgzcs00725.o)
 .text          0x00000000        0x8 C:/GNU/MINGW64/i686-8.1.0-win32-dwarf-rt_v6-rev0/mingw32/bin/../lib/gcc/i686-w64-mingw32/8.1.0/../../../../i686-w64-mingw32/lib/../lib/libkernel32.a(dgzcs00723.o)
 .text          0x00000000        0x8 C:/GNU/MINGW64/i686-8.1.0-win32-dwarf-rt_v6-rev0/mingw32/bin/../lib/gcc/i686-w64-mingw32/8.1.0/../../../../i686-w64-mingw32/lib/../lib/libkernel32.a(dgzcs00584.o)
 .text          0x00000000        0x8 C:/GNU/MINGW64/i686-8.1.0-win32-dwarf-rt_v6-rev0/mingw32/bin/../lib/gcc/i686-w64-mingw32/8.1.0/../../../../i686-w64-mingw32/lib/../lib/libkernel32.a(dgzcs00359.o)
 .text          0x00000000        0x8 C:/GNU/MINGW64/i686-8.1.0-win32-dwarf-rt_v6-rev0/mingw32/bin/../lib/gcc/i686-w64-mingw32/8.1.0/../../../../i686-w64-mingw32/lib/../lib/libuser32.a(dmces00912.o)

Memory Configuration

Name             Origin             Length             Attributes
*default*        0x00000000         0xffffffff

Linker script and memory map

                0x6b080000                __image_base__ = 0x6b080000
                0x00000000                __dll__ = 0x0
                0x6b080000                ___ImageBase = 0x6b080000
                0x00001000                __section_alignment__ = 0x1000
                0x00000200                __file_alignment__ = 0x200
                0x00000004                __major_os_version__ = 0x4
                0x00000000                __minor_os_version__ = 0x0
                0x00000001                __major_image_version__ = 0x1
                0x00000000                __minor_image_version__ = 0x0
                0x00000004                __major_subsystem_version__ = 0x4
                0x00000000                __minor_subsystem_version__ = 0x0
                0x00000002                __subsystem__ = 0x2
                0x00200000                __size_of_stack_reserve__ = 0x200000
                0x00001000                __size_of_stack_commit__ = 0x1000
                0x00100000                __size_of_heap_reserve__ = 0x100000
                0x00001000                __size_of_heap_commit__ = 0x1000
                0x00000000                __loader_flags__ = 0x0
                0x00000000                __dll_characteristics__ = 0x0
LOAD ../build/x86_Debug/debug.o
LOAD ../build/x86_Debug/dllmain.o
LOAD ../build/x86_Debug/pmc_add_sub.o
LOAD ../build/x86_Debug/pmc_bytes.o
LOAD ../build/x86_Debug/pmc_clone.o
LOAD ../build/x86_Debug/pmc_compare.o
LOAD ../build/x86_Debug/pmc_divrem.o
LOAD ../build/x86_Debug/pmc_equals.o
LOAD ../build/x86_Debug/pmc_from.o
LOAD ../build/x86_Debug/pmc_greatestcommondivisor.o
LOAD ../build/x86_Debug/pmc_initialize.o
LOAD ../build/x86_Debug/pmc_memory.o
LOAD ../build/x86_Debug/pmc_multiply.o
LOAD ../build/x86_Debug/pmc_negate.o
LOAD ../build/x86_Debug/pmc_parse.o
LOAD ../build/x86_Debug/pmc_statistics.o
LOAD ../build/x86_Debug/pmc_to.o
LOAD ../build/x86_Debug/TEST_autogenerated_1.o
LOAD ../build/x86_Debug/TEST_autogenerated_2.o
LOAD ../build/x86_Debug/TEST_op_Add.o
LOAD ../build/x86_Debug/TEST_op_Clone.o
LOAD ../build/x86_Debug/TEST_op_Compare.o
LOAD ../build/x86_Debug/TEST_op_DivRem.o
LOAD ../build/x86_Debug/TEST_op_Equals.o
LOAD ../build/x86_Debug/TEST_op_From_To.o
LOAD ../build/x86_Debug/TEST_op_GreatestCommonDivisor.o
LOAD ../build/x86_Debug/TEST_op_Multiply.o
LOAD ../build/x86_Debug/TEST_op_Negate.o
LOAD ../build/x86_Debug/TEST_op_ParseDN.o
LOAD ../build/x86_Debug/TEST_op_ParseX.o
LOAD ../build/x86_Debug/TEST_op_Remainder.o
LOAD ../build/x86_Debug/TEST_op_Subtruct.o
LOAD ../build/x86_Debug/version.o
LOAD ../Palmtree.Math.Core.Sint.def
LOAD C:/GNU/MINGW64/i686-8.1.0-win32-dwarf-rt_v6-rev0/mingw32/bin/../lib/gcc/i686-w64-mingw32/8.1.0/../../../../i686-w64-mingw32/lib/../lib/libkernel32.a
LOAD C:/GNU/MINGW64/i686-8.1.0-win32-dwarf-rt_v6-rev0/mingw32/bin/../lib/gcc/i686-w64-mingw32/8.1.0/../../../../i686-w64-mingw32/lib/../lib/libuser32.a
                0x000003a8                . = SIZEOF_HEADERS
                0x00001000                . = ALIGN (__section_alignment__)

.text           0x6b081000   0x3e6000
 *(.init)
 *(.text)
 .text          0x6b081000      0x348 ../build/x86_Debug/debug.o
                0x6b081100                DoDebug
                0x6b081100                DoDebug@4
                0x6b0811fa                TEST_Assert
                0x6b081256                FormatTestLabel
                0x6b081286                FormatTestMesssage
                0x6b0812af                DumpBinary_UNIT
 .text          0x6b081348       0x58 ../build/x86_Debug/dllmain.o
                0x6b081348                DllMain@12
 .text          0x6b0813a0     0x2450 ../build/x86_Debug/pmc_add_sub.o
                0x6b081b19                PMC_Add_I_X@12
                0x6b081d38                PMC_Add_L_X@16
                0x6b081f9e                PMC_Add_UX_X@12
                0x6b082120                PMC_Add_X_I@12
                0x6b08232b                PMC_Add_X_L@16
                0x6b082576                PMC_Add_X_UX@12
                0x6b08273e                PMC_Add_X_X@12
                0x6b082979                PMC_Subtruct_I_X@12
                0x6b082b98                PMC_Subtruct_L_X@16
                0x6b082dfe                PMC_Subtruct_UX_X@12
                0x6b082f90                PMC_Subtruct_X_I@12
                0x6b08319d                PMC_Subtruct_X_L@16
                0x6b0833ea                PMC_Subtruct_X_UX@12
                0x6b0835b2                PMC_Subtruct_X_X@12
 .text          0x6b0837f0      0x138 ../build/x86_Debug/pmc_bytes.o
                0x6b0837f0                PMC_FromByteArray@12
                0x6b0838a2                PMC_ToByteArray@16
 .text          0x6b083928       0xa4 ../build/x86_Debug/pmc_clone.o
                0x6b083928                PMC_Clone_X@8
 .text          0x6b0839cc      0xaec ../build/x86_Debug/pmc_compare.o
                0x6b083bfd                PMC_Compare_I_X@12
                0x6b083d3f                PMC_Compare_L_X@16
                0x6b083ead                PMC_Compare_UX_X@12
                0x6b083f8c                PMC_Compare_X_I@12
                0x6b0840cb                PMC_Compare_X_L@16
                0x6b084236                PMC_Compare_X_UX@12
                0x6b084347                PMC_Compare_X_X@12
 .text          0x6b0844b8     0x10b0 ../build/x86_Debug/pmc_divrem.o
                0x6b084599                PMC_DivRem_I_X@16
                0x6b0847b6                PMC_DivRem_L_X@20
                0x6b084a76                PMC_DivRem_UX_X@16
                0x6b084c1a                PMC_DivRem_X_I@16
                0x6b084e05                PMC_DivRem_X_L@20
                0x6b085035                PMC_DivRem_X_UX@16
                0x6b0852ac                PMC_DivRem_X_X@16
 .text          0x6b085568      0x70c ../build/x86_Debug/pmc_equals.o
                0x6b085649                PMC_Equals_I_X@12
                0x6b085711                PMC_Equals_L_X@16
                0x6b0857fa                PMC_Equals_UX_X@12
                0x6b0858dd                PMC_Equals_X_I@12
                0x6b0859a3                PMC_Equals_X_L@16
                0x6b085a8e                PMC_Equals_X_UX@12
                0x6b085b84                PMC_Equals_X_X@12
 .text          0x6b085c74      0x290 ../build/x86_Debug/pmc_from.o
                0x6b085c74                From_I_Imp
                0x6b085ce5                From_L_Imp
                0x6b085d6a                PMC_From_I@8
                0x6b085e09                PMC_From_L@12
 .text          0x6b085f04      0x510 ../build/x86_Debug/pmc_greatestcommondivisor.o
                0x6b085fe5                PMC_GreatestCommonDivisor_I_X@12
                0x6b086071                PMC_GreatestCommonDivisor_L_X@16
                0x6b08611e                PMC_GreatestCommonDivisor_UX_X@12
                0x6b0861a2                PMC_GreatestCommonDivisor_X_I@12
                0x6b08622e                PMC_GreatestCommonDivisor_X_L@16
                0x6b0862df                PMC_GreatestCommonDivisor_X_UX@12
                0x6b086363                PMC_GreatestCommonDivisor_X_X@12
 .text          0x6b086414      0x548 ../build/x86_Debug/pmc_initialize.o
                0x6b086641                PMC_SINT_Initialize@4
                0x6b086641                PMC_SINT_Initialize
 .text          0x6b08695c      0x7c8 ../build/x86_Debug/pmc_memory.o
                0x6b086b97                AttatchNumber
                0x6b086bdf                AllocateNumber
                0x6b086c61                DetatchNumber
                0x6b086c8b                DeallocateNumber
                0x6b086ce1                CheckNumber
                0x6b086d0c                DuplicateNumber
                0x6b086e04                Negate_Imp
                0x6b086ede                PMC_GetConstantValue_I@8
                0x6b086f2c                PMC_Dispose@4
                0x6b086f48                Initialize_Memory
                0x6b0870b0                AllocateHeapArea
                0x6b0870f3                DeallocateHeapArea
 .text          0x6b087124      0xa9c ../build/x86_Debug/pmc_multiply.o
                0x6b0873fb                PMC_Multiply_I_X@12
                0x6b087522                PMC_Multiply_L_X@16
                0x6b087672                PMC_Multiply_UX_X@12
                0x6b08773a                PMC_Multiply_X_I@12
                0x6b087858                PMC_Multiply_X_L@16
                0x6b0879a2                PMC_Multiply_X_UX@12
                0x6b087a6a                PMC_Multiply_X_X@12
 .text          0x6b087bc0       0x70 ../build/x86_Debug/pmc_negate.o
                0x6b087bc0                PMC_Negate_X@8
 .text          0x6b087c30       0x98 ../build/x86_Debug/pmc_parse.o
                0x6b087c30                PMC_TryParse@16
 .text          0x6b087cc8       0x1c ../build/x86_Debug/pmc_statistics.o
                0x6b087cc8                PMC_GetStatisticsInfo@4
 .text          0x6b087ce4      0x18c ../build/x86_Debug/pmc_to.o
                0x6b087ce4                PMC_To_X_I@8
                0x6b087d95                PMC_To_X_L@8
 .text          0x6b087e70   0x312d3c ../build/x86_Debug/TEST_autogenerated_1.o
                0x6b087e70                TEST_autogenerated_1
 .text          0x6b39abac    0xc2e8c ../build/x86_Debug/TEST_autogenerated_2.o
                0x6b39abac                TEST_autogenerated_2
 .text          0x6b45da38     0x10e4 ../build/x86_Debug/TEST_op_Add.o
                0x6b45da7a                TEST_Add_I_X
                0x6b45dc95                TEST_Add_L_X
                0x6b45decf                TEST_Add_UX_X
                0x6b45e174                TEST_Add_X_I
                0x6b45e38f                TEST_Add_X_L
                0x6b45e5c9                TEST_Add_X_UX
                0x6b45e86e                TEST_Add_X_X
 .text          0x6b45eb1c      0x258 ../build/x86_Debug/TEST_op_Clone.o
                0x6b45eb5e                TEST_Clone_X
 .text          0x6b45ed74      0xb34 ../build/x86_Debug/TEST_op_Compare.o
                0x6b45ed74                TEST_Compare_I_X
                0x6b45eecc                TEST_Compare_L_X
                0x6b45f037                TEST_Compare_UX_X
                0x6b45f219                TEST_Compare_X_I
                0x6b45f371                TEST_Compare_X_L
                0x6b45f4dc                TEST_Compare_X_UX
                0x6b45f6be                TEST_Compare_X_X
 .text          0x6b45f8a8     0x172c ../build/x86_Debug/TEST_op_DivRem.o
                0x6b45f8ea                TEST_DivRem_I_X
                0x6b45fc14                TEST_DivRem_L_X
                0x6b45ff5d                TEST_DivRem_UX_X
                0x6b46030b                TEST_DivRem_X_I
                0x6b460581                TEST_DivRem_X_L
                0x6b460865                TEST_DivRem_X_UX
                0x6b460c19                TEST_DivRem_X_X
 .text          0x6b460fd4      0xb34 ../build/x86_Debug/TEST_op_Equals.o
                0x6b460fd4                TEST_Equals_I_X
                0x6b46112c                TEST_Equals_L_X
                0x6b461297                TEST_Equals_UX_X
                0x6b461479                TEST_Equals_X_I
                0x6b4615d1                TEST_Equals_X_L
                0x6b46173c                TEST_Equals_X_UX
                0x6b46191e                TEST_Equals_X_X
 .text          0x6b461b08      0x648 ../build/x86_Debug/TEST_op_From_To.o
                0x6b461b4a                TEST_From_I
                0x6b461cce                TEST_From_L
                0x6b461e71                TEST_To_X_I
                0x6b461fca                TEST_To_X_L
 .text          0x6b462150     0x110c ../build/x86_Debug/TEST_op_GreatestCommonDivisor.o
                0x6b462192                TEST_GreatestCommonDivisor_I_X
                0x6b4623b3                TEST_GreatestCommonDivisor_L_X
                0x6b4625f3                TEST_GreatestCommonDivisor_UX_X
                0x6b46289e                TEST_GreatestCommonDivisor_X_I
                0x6b462abf                TEST_GreatestCommonDivisor_X_L
                0x6b462cff                TEST_GreatestCommonDivisor_X_UX
                0x6b462faa                TEST_GreatestCommonDivisor_X_X
 .text          0x6b46325c     0x10e4 ../build/x86_Debug/TEST_op_Multiply.o
                0x6b46329e                TEST_Multiply_I_X
                0x6b4634b9                TEST_Multiply_L_X
                0x6b4636f3                TEST_Multiply_UX_X
                0x6b463998                TEST_Multiply_X_I
                0x6b463bb3                TEST_Multiply_X_L
                0x6b463ded                TEST_Multiply_X_UX
                0x6b464092                TEST_Multiply_X_X
 .text          0x6b464340      0x258 ../build/x86_Debug/TEST_op_Negate.o
                0x6b464382                TEST_Negate_X
 .text          0x6b464598      0x5c4 ../build/x86_Debug/TEST_op_ParseDN.o
                0x6b4645da                TEST_ParseDN1
                0x6b464800                TEST_ParseDN2
                0x6b4649ae                TEST_ParseDN3
 .text          0x6b464b5c      0x1f0 ../build/x86_Debug/TEST_op_ParseX.o
                0x6b464b9e                TEST_ParseX
 .text          0x6b464d4c      0xff8 ../build/x86_Debug/TEST_op_Remainder.o
                0x6b464d8e                TEST_Remainder_I_X
                0x6b464fbd                TEST_Remainder_L_X
                0x6b46520b                TEST_Remainder_UX_X
                0x6b4654be                TEST_Remainder_X_I
                0x6b465626                TEST_Remainder_X_L
                0x6b4657cb                TEST_Remainder_X_UX
                0x6b465a84                TEST_Remainder_X_X
 .text          0x6b465d44     0x10e4 ../build/x86_Debug/TEST_op_Subtruct.o
                0x6b465d86                TEST_Subtruct_I_X
                0x6b465fa1                TEST_Subtruct_L_X
                0x6b4661db                TEST_Subtruct_UX_X
                0x6b466480                TEST_Subtruct_X_I
                0x6b46669b                TEST_Subtruct_X_L
                0x6b4668d5                TEST_Subtruct_X_UX
                0x6b466b7a                TEST_Subtruct_X_X
 .text          0x6b466e28        0x0 C:/GNU/MINGW64/i686-8.1.0-win32-dwarf-rt_v6-rev0/mingw32/bin/../lib/gcc/i686-w64-mingw32/8.1.0/../../../../i686-w64-mingw32/lib/../lib/libkernel32.a(dgzch.o)
 .text          0x6b466e28        0x0 C:/GNU/MINGW64/i686-8.1.0-win32-dwarf-rt_v6-rev0/mingw32/bin/../lib/gcc/i686-w64-mingw32/8.1.0/../../../../i686-w64-mingw32/lib/../lib/libkernel32.a(dgzct.o)
 .text          0x6b466e28        0x0 C:/GNU/MINGW64/i686-8.1.0-win32-dwarf-rt_v6-rev0/mingw32/bin/../lib/gcc/i686-w64-mingw32/8.1.0/../../../../i686-w64-mingw32/lib/../lib/libuser32.a(dmceh.o)
 .text          0x6b466e28        0x0 C:/GNU/MINGW64/i686-8.1.0-win32-dwarf-rt_v6-rev0/mingw32/bin/../lib/gcc/i686-w64-mingw32/8.1.0/../../../../i686-w64-mingw32/lib/../lib/libuser32.a(dmcet.o)
 *(SORT_BY_NAME(.text$*))
 *(.text.*)
 *(.gnu.linkonce.t.*)
 *(.glue_7t)
 *(.glue_7)
                0x6b466e28                ___CTOR_LIST__ = .
                0x6b466e28                __CTOR_LIST__ = .
                0x6b466e28        0x4 LONG 0xffffffff
 *(.ctors)
 *(.ctor)
 *(SORT_BY_NAME(.ctors.*))
                0x6b466e2c        0x4 LONG 0x0
                0x6b466e30                ___DTOR_LIST__ = .
                0x6b466e30                __DTOR_LIST__ = .
                0x6b466e30        0x4 LONG 0xffffffff
 *(.dtors)
 *(.dtor)
 *(SORT_BY_NAME(.dtors.*))
                0x6b466e34        0x4 LONG 0x0
 *(.fini)
 *(.gcc_exc)
                [!provide]                PROVIDE (etext = .)
                [!provide]                PROVIDE (_etext = .)
 *(.gcc_except_table)

.data           0x6b467000    0x3c800
                0x6b467000                __data_start__ = .
 *(.data)
 .data          0x6b467000        0x0 ../build/x86_Debug/debug.o
 .data          0x6b467000        0x0 ../build/x86_Debug/dllmain.o
 .data          0x6b467000        0x0 ../build/x86_Debug/pmc_add_sub.o
 .data          0x6b467000        0x0 ../build/x86_Debug/pmc_bytes.o
 .data          0x6b467000        0x0 ../build/x86_Debug/pmc_clone.o
 .data          0x6b467000        0x0 ../build/x86_Debug/pmc_compare.o
 .data          0x6b467000        0x0 ../build/x86_Debug/pmc_divrem.o
 .data          0x6b467000        0x0 ../build/x86_Debug/pmc_equals.o
 .data          0x6b467000        0x0 ../build/x86_Debug/pmc_from.o
 .data          0x6b467000        0x0 ../build/x86_Debug/pmc_greatestcommondivisor.o
 .data          0x6b467000        0x0 ../build/x86_Debug/pmc_initialize.o
 .data          0x6b467000        0x0 ../build/x86_Debug/pmc_memory.o
 .data          0x6b467000        0x0 ../build/x86_Debug/pmc_multiply.o
 .data          0x6b467000        0x0 ../build/x86_Debug/pmc_negate.o
 .data          0x6b467000        0x0 ../build/x86_Debug/pmc_parse.o
 .data          0x6b467000        0x0 ../build/x86_Debug/pmc_statistics.o
 .data          0x6b467000        0x0 ../build/x86_Debug/pmc_to.o
 .data          0x6b467000    0x3a200 ../build/x86_Debug/TEST_autogenerated_1.o
 .data          0x6b4a1200     0x2440 ../build/x86_Debug/TEST_autogenerated_2.o
 .data          0x6b4a3640        0x0 ../build/x86_Debug/TEST_op_Add.o
 .data          0x6b4a3640        0x0 ../build/x86_Debug/TEST_op_Clone.o
 .data          0x6b4a3640        0x0 ../build/x86_Debug/TEST_op_Compare.o
 .data          0x6b4a3640        0x0 ../build/x86_Debug/TEST_op_DivRem.o
 .data          0x6b4a3640        0x0 ../build/x86_Debug/TEST_op_Equals.o
 .data          0x6b4a3640        0x0 ../build/x86_Debug/TEST_op_From_To.o
 .data          0x6b4a3640        0x0 ../build/x86_Debug/TEST_op_GreatestCommonDivisor.o
 .data          0x6b4a3640        0x0 ../build/x86_Debug/TEST_op_Multiply.o
 .data          0x6b4a3640        0x0 ../build/x86_Debug/TEST_op_Negate.o
 .data          0x6b4a3640        0x0 ../build/x86_Debug/TEST_op_ParseDN.o
 .data          0x6b4a3640        0x0 ../build/x86_Debug/TEST_op_ParseX.o
 .data          0x6b4a3640        0x0 ../build/x86_Debug/TEST_op_Remainder.o
 .data          0x6b4a3640        0x0 ../build/x86_Debug/TEST_op_Subtruct.o
 .data          0x6b4a3640        0x0 C:/GNU/MINGW64/i686-8.1.0-win32-dwarf-rt_v6-rev0/mingw32/bin/../lib/gcc/i686-w64-mingw32/8.1.0/../../../../i686-w64-mingw32/lib/../lib/libkernel32.a(dgzcs01336.o)
 .data          0x6b4a3640        0x0 C:/GNU/MINGW64/i686-8.1.0-win32-dwarf-rt_v6-rev0/mingw32/bin/../lib/gcc/i686-w64-mingw32/8.1.0/../../../../i686-w64-mingw32/lib/../lib/libkernel32.a(dgzcs00839.o)
 .data          0x6b4a3640        0x0 C:/GNU/MINGW64/i686-8.1.0-win32-dwarf-rt_v6-rev0/mingw32/bin/../lib/gcc/i686-w64-mingw32/8.1.0/../../../../i686-w64-mingw32/lib/../lib/libkernel32.a(dgzcs00729.o)
 .data          0x6b4a3640        0x0 C:/GNU/MINGW64/i686-8.1.0-win32-dwarf-rt_v6-rev0/mingw32/bin/../lib/gcc/i686-w64-mingw32/8.1.0/../../../../i686-w64-mingw32/lib/../lib/libkernel32.a(dgzcs00727.o)
 .data          0x6b4a3640        0x0 C:/GNU/MINGW64/i686-8.1.0-win32-dwarf-rt_v6-rev0/mingw32/bin/../lib/gcc/i686-w64-mingw32/8.1.0/../../../../i686-w64-mingw32/lib/../lib/libkernel32.a(dgzcs00725.o)
 .data          0x6b4a3640        0x0 C:/GNU/MINGW64/i686-8.1.0-win32-dwarf-rt_v6-rev0/mingw32/bin/../lib/gcc/i686-w64-mingw32/8.1.0/../../../../i686-w64-mingw32/lib/../lib/libkernel32.a(dgzcs00723.o)
 .data          0x6b4a3640        0x0 C:/GNU/MINGW64/i686-8.1.0-win32-dwarf-rt_v6-rev0/mingw32/bin/../lib/gcc/i686-w64-mingw32/8.1.0/../../../../i686-w64-mingw32/lib/../lib/libkernel32.a(dgzcs00584.o)
 .data          0x6b4a3640        0x0 C:/GNU/MINGW64/i686-8.1.0-win32-dwarf-rt_v6-rev0/mingw32/bin/../lib/gcc/i686-w64-mingw32/8.1.0/../../../../i686-w64-mingw32/lib/../lib/libkernel32.a(dgzcs00359.o)
 .data          0x6b4a3640        0x0 C:/GNU/MINGW64/i686-8.1.0-win32-dwarf-rt_v6-rev0/mingw32/bin/../lib/gcc/i686-w64-mingw32/8.1.0/../../../../i686-w64-mingw32/lib/../lib/libkernel32.a(dgzch.o)
 .data          0x6b4a3640        0x0 C:/GNU/MINGW64/i686-8.1.0-win32-dwarf-rt_v6-rev0/mingw32/bin/../lib/gcc/i686-w64-mingw32/8.1.0/../../../../i686-w64-mingw32/lib/../lib/libkernel32.a(dgzct.o)
 .data          0x6b4a3640        0x0 C:/GNU/MINGW64/i686-8.1.0-win32-dwarf-rt_v6-rev0/mingw32/bin/../lib/gcc/i686-w64-mingw32/8.1.0/../../../../i686-w64-mingw32/lib/../lib/libuser32.a(dmces00912.o)
 .data          0x6b4a3640        0x0 C:/GNU/MINGW64/i686-8.1.0-win32-dwarf-rt_v6-rev0/mingw32/bin/../lib/gcc/i686-w64-mingw32/8.1.0/../../../../i686-w64-mingw32/lib/../lib/libuser32.a(dmceh.o)
 .data          0x6b4a3640        0x0 C:/GNU/MINGW64/i686-8.1.0-win32-dwarf-rt_v6-rev0/mingw32/bin/../lib/gcc/i686-w64-mingw32/8.1.0/../../../../i686-w64-mingw32/lib/../lib/libuser32.a(dmcet.o)
 *(.data2)
 *(SORT_BY_NAME(.data$*))
 *(.jcr)
                0x6b4a3640                __data_end__ = .
 *(.data_cygwin_nocopy)

.rdata          0x6b4a4000    0x48000
 *(.rdata)
 .rdata         0x6b4a4000      0x1c0 ../build/x86_Debug/debug.o
 .rdata         0x6b4a41c0       0x30 ../build/x86_Debug/pmc_initialize.o
 .rdata         0x6b4a41f0    0x409cc ../build/x86_Debug/TEST_autogenerated_1.o
 .rdata         0x6b4e4bbc     0x4870 ../build/x86_Debug/TEST_autogenerated_2.o
 .rdata         0x6b4e942c      0x30c ../build/x86_Debug/TEST_op_Add.o
 .rdata         0x6b4e9738       0xf4 ../build/x86_Debug/TEST_op_Clone.o
 .rdata         0x6b4e982c      0x33c ../build/x86_Debug/TEST_op_Compare.o
 .rdata         0x6b4e9b68      0x370 ../build/x86_Debug/TEST_op_DivRem.o
 .rdata         0x6b4e9ed8      0x324 ../build/x86_Debug/TEST_op_Equals.o
 .rdata         0x6b4ea1fc      0x1b4 ../build/x86_Debug/TEST_op_From_To.o
 .rdata         0x6b4ea3b0      0x550 ../build/x86_Debug/TEST_op_GreatestCommonDivisor.o
 .rdata         0x6b4ea900      0x3e4 ../build/x86_Debug/TEST_op_Multiply.o
 .rdata         0x6b4eace4       0xf8 ../build/x86_Debug/TEST_op_Negate.o
 .rdata         0x6b4eaddc      0x14c ../build/x86_Debug/TEST_op_ParseDN.o
 .rdata         0x6b4eaf28       0xb8 ../build/x86_Debug/TEST_op_ParseX.o
 .rdata         0x6b4eafe0      0x380 ../build/x86_Debug/TEST_op_Remainder.o
 .rdata         0x6b4eb360      0x398 ../build/x86_Debug/TEST_op_Subtruct.o
 *(SORT_BY_NAME(.rdata$*))
 .rdata$zzz     0x6b4eb6f8       0x40 ../build/x86_Debug/debug.o
 .rdata$zzz     0x6b4eb738       0x40 ../build/x86_Debug/dllmain.o
 .rdata$zzz     0x6b4eb778       0x40 ../build/x86_Debug/pmc_add_sub.o
 .rdata$zzz     0x6b4eb7b8       0x40 ../build/x86_Debug/pmc_bytes.o
 .rdata$zzz     0x6b4eb7f8       0x40 ../build/x86_Debug/pmc_clone.o
 .rdata$zzz     0x6b4eb838       0x40 ../build/x86_Debug/pmc_compare.o
 .rdata$zzz     0x6b4eb878       0x40 ../build/x86_Debug/pmc_divrem.o
 .rdata$zzz     0x6b4eb8b8       0x40 ../build/x86_Debug/pmc_equals.o
 .rdata$zzz     0x6b4eb8f8       0x40 ../build/x86_Debug/pmc_from.o
 .rdata$zzz     0x6b4eb938       0x40 ../build/x86_Debug/pmc_greatestcommondivisor.o
 .rdata$zzz     0x6b4eb978       0x40 ../build/x86_Debug/pmc_initialize.o
 .rdata$zzz     0x6b4eb9b8       0x40 ../build/x86_Debug/pmc_memory.o
 .rdata$zzz     0x6b4eb9f8       0x40 ../build/x86_Debug/pmc_multiply.o
 .rdata$zzz     0x6b4eba38       0x40 ../build/x86_Debug/pmc_negate.o
 .rdata$zzz     0x6b4eba78       0x40 ../build/x86_Debug/pmc_parse.o
 .rdata$zzz     0x6b4ebab8       0x40 ../build/x86_Debug/pmc_statistics.o
 .rdata$zzz     0x6b4ebaf8       0x40 ../build/x86_Debug/pmc_to.o
 .rdata$zzz     0x6b4ebb38       0x40 ../build/x86_Debug/TEST_autogenerated_1.o
 .rdata$zzz     0x6b4ebb78       0x40 ../build/x86_Debug/TEST_autogenerated_2.o
 .rdata$zzz     0x6b4ebbb8       0x40 ../build/x86_Debug/TEST_op_Add.o
 .rdata$zzz     0x6b4ebbf8       0x40 ../build/x86_Debug/TEST_op_Clone.o
 .rdata$zzz     0x6b4ebc38       0x40 ../build/x86_Debug/TEST_op_Compare.o
 .rdata$zzz     0x6b4ebc78       0x40 ../build/x86_Debug/TEST_op_DivRem.o
 .rdata$zzz     0x6b4ebcb8       0x40 ../build/x86_Debug/TEST_op_Equals.o
 .rdata$zzz     0x6b4ebcf8       0x40 ../build/x86_Debug/TEST_op_From_To.o
 .rdata$zzz     0x6b4ebd38       0x40 ../build/x86_Debug/TEST_op_GreatestCommonDivisor.o
 .rdata$zzz     0x6b4ebd78       0x40 ../build/x86_Debug/TEST_op_Multiply.o
 .rdata$zzz     0x6b4ebdb8       0x40 ../build/x86_Debug/TEST_op_Negate.o
 .rdata$zzz     0x6b4ebdf8       0x40 ../build/x86_Debug/TEST_op_ParseDN.o
 .rdata$zzz     0x6b4ebe38       0x40 ../build/x86_Debug/TEST_op_ParseX.o
 .rdata$zzz     0x6b4ebe78       0x40 ../build/x86_Debug/TEST_op_Remainder.o
 .rdata$zzz     0x6b4ebeb8       0x40 ../build/x86_Debug/TEST_op_Subtruct.o
                0x6b4ebef8                __rt_psrelocs_start = .
 *(.rdata_runtime_pseudo_reloc)
                0x6b4ebef8                __rt_psrelocs_end = .
                0x00000000                __rt_psrelocs_size = (__rt_psrelocs_end - __rt_psrelocs_start)
                0x6b4ebef8                ___RUNTIME_PSEUDO_RELOC_LIST_END__ = .
                0x6b4ebef8                __RUNTIME_PSEUDO_RELOC_LIST_END__ = .
                0x6b4ebef8                ___RUNTIME_PSEUDO_RELOC_LIST__ = (. - __rt_psrelocs_size)
                0x6b4ebef8                __RUNTIME_PSEUDO_RELOC_LIST__ = (. - __rt_psrelocs_size)

.eh_frame       0x6b4ec000     0x2000
 *(.eh_frame*)
 .eh_frame      0x6b4ec000      0x130 ../build/x86_Debug/debug.o
 .eh_frame      0x6b4ec130       0x38 ../build/x86_Debug/dllmain.o
 .eh_frame      0x6b4ec168      0x2e8 ../build/x86_Debug/pmc_add_sub.o
 .eh_frame      0x6b4ec450       0x5c ../build/x86_Debug/pmc_bytes.o
 .eh_frame      0x6b4ec4ac       0x38 ../build/x86_Debug/pmc_clone.o
 .eh_frame      0x6b4ec4e4      0x1b8 ../build/x86_Debug/pmc_compare.o
 .eh_frame      0x6b4ec69c      0x15c ../build/x86_Debug/pmc_divrem.o
 .eh_frame      0x6b4ec7f8      0x14c ../build/x86_Debug/pmc_equals.o
 .eh_frame      0x6b4ec944       0xa0 ../build/x86_Debug/pmc_from.o
 .eh_frame      0x6b4ec9e4      0x14c ../build/x86_Debug/pmc_greatestcommondivisor.o
 .eh_frame      0x6b4ecb30       0xec ../build/x86_Debug/pmc_initialize.o
 .eh_frame      0x6b4ecc1c      0x218 ../build/x86_Debug/pmc_memory.o
 .eh_frame      0x6b4ece34      0x1bc ../build/x86_Debug/pmc_multiply.o
 .eh_frame      0x6b4ecff0       0x38 ../build/x86_Debug/pmc_negate.o
 .eh_frame      0x6b4ed028       0x38 ../build/x86_Debug/pmc_parse.o
 .eh_frame      0x6b4ed060       0x38 ../build/x86_Debug/pmc_statistics.o
 .eh_frame      0x6b4ed098       0x5c ../build/x86_Debug/pmc_to.o
 .eh_frame      0x6b4ed0f4       0x3c ../build/x86_Debug/TEST_autogenerated_1.o
 .eh_frame      0x6b4ed130       0x3c ../build/x86_Debug/TEST_autogenerated_2.o
 .eh_frame      0x6b4ed16c      0x16c ../build/x86_Debug/TEST_op_Add.o
 .eh_frame      0x6b4ed2d8       0x64 ../build/x86_Debug/TEST_op_Clone.o
 .eh_frame      0x6b4ed33c      0x14c ../build/x86_Debug/TEST_op_Compare.o
 .eh_frame      0x6b4ed488      0x170 ../build/x86_Debug/TEST_op_DivRem.o
 .eh_frame      0x6b4ed5f8      0x14c ../build/x86_Debug/TEST_op_Equals.o
 .eh_frame      0x6b4ed744       0xec ../build/x86_Debug/TEST_op_From_To.o
 .eh_frame      0x6b4ed830      0x16c ../build/x86_Debug/TEST_op_GreatestCommonDivisor.o
 .eh_frame      0x6b4ed99c      0x16c ../build/x86_Debug/TEST_op_Multiply.o
 .eh_frame      0x6b4edb08       0x64 ../build/x86_Debug/TEST_op_Negate.o
 .eh_frame      0x6b4edb6c       0xbc ../build/x86_Debug/TEST_op_ParseDN.o
 .eh_frame      0x6b4edc28       0x64 ../build/x86_Debug/TEST_op_ParseX.o
 .eh_frame      0x6b4edc8c      0x170 ../build/x86_Debug/TEST_op_Remainder.o
 .eh_frame      0x6b4eddfc      0x16c ../build/x86_Debug/TEST_op_Subtruct.o

.pdata
 *(.pdata*)

.bss            0x6b4ee000     0x1928
                0x6b4ee000                __bss_start__ = .
 *(.bss)
 .bss           0x6b4ee000      0x420 ../build/x86_Debug/debug.o
                0x6b4ee000                test_total_count
                0x6b4ee004                test_ok_count
                0x6b4ee008                __DEBUG_LOG
 .bss           0x6b4ee420        0x0 ../build/x86_Debug/dllmain.o
 .bss           0x6b4ee420        0x0 ../build/x86_Debug/pmc_add_sub.o
 .bss           0x6b4ee420        0x0 ../build/x86_Debug/pmc_bytes.o
 .bss           0x6b4ee420        0x0 ../build/x86_Debug/pmc_clone.o
 .bss           0x6b4ee420        0x0 ../build/x86_Debug/pmc_compare.o
 .bss           0x6b4ee420        0x0 ../build/x86_Debug/pmc_divrem.o
 .bss           0x6b4ee420        0x0 ../build/x86_Debug/pmc_equals.o
 .bss           0x6b4ee420        0x0 ../build/x86_Debug/pmc_from.o
 .bss           0x6b4ee420        0x0 ../build/x86_Debug/pmc_greatestcommondivisor.o
 .bss           0x6b4ee420      0x220 ../build/x86_Debug/pmc_initialize.o
 .bss           0x6b4ee640        0x0 ../build/x86_Debug/pmc_memory.o
 .bss           0x6b4ee640        0x0 ../build/x86_Debug/pmc_multiply.o
 .bss           0x6b4ee640        0x0 ../build/x86_Debug/pmc_negate.o
 .bss           0x6b4ee640        0x0 ../build/x86_Debug/pmc_parse.o
 .bss           0x6b4ee640        0x0 ../build/x86_Debug/pmc_statistics.o
 .bss           0x6b4ee640        0x0 ../build/x86_Debug/pmc_to.o
 .bss           0x6b4ee640      0x1e4 ../build/x86_Debug/TEST_autogenerated_1.o
 .bss           0x6b4ee824      0xae0 ../build/x86_Debug/TEST_autogenerated_2.o
 .bss           0x6b4ef304        0x0 ../build/x86_Debug/TEST_op_Add.o
 .bss           0x6b4ef304        0x0 ../build/x86_Debug/TEST_op_Clone.o
 .bss           0x6b4ef304        0x0 ../build/x86_Debug/TEST_op_Compare.o
 .bss           0x6b4ef304        0x0 ../build/x86_Debug/TEST_op_DivRem.o
 .bss           0x6b4ef304        0x0 ../build/x86_Debug/TEST_op_Equals.o
 .bss           0x6b4ef304        0x0 ../build/x86_Debug/TEST_op_From_To.o
 .bss           0x6b4ef304        0x0 ../build/x86_Debug/TEST_op_GreatestCommonDivisor.o
 .bss           0x6b4ef304        0x0 ../build/x86_Debug/TEST_op_Multiply.o
 .bss           0x6b4ef304        0x0 ../build/x86_Debug/TEST_op_Negate.o
 *fill*         0x6b4ef304       0x1c 
 .bss           0x6b4ef320      0x360 ../build/x86_Debug/TEST_op_ParseDN.o
 .bss           0x6b4ef680      0x120 ../build/x86_Debug/TEST_op_ParseX.o
 .bss           0x6b4ef7a0        0x0 ../build/x86_Debug/TEST_op_Remainder.o
 .bss           0x6b4ef7a0        0x0 ../build/x86_Debug/TEST_op_Subtruct.o
 .bss           0x6b4ef7a0        0x0 C:/GNU/MINGW64/i686-8.1.0-win32-dwarf-rt_v6-rev0/mingw32/bin/../lib/gcc/i686-w64-mingw32/8.1.0/../../../../i686-w64-mingw32/lib/../lib/libkernel32.a(dgzcs01336.o)
 .bss           0x6b4ef7a0        0x0 C:/GNU/MINGW64/i686-8.1.0-win32-dwarf-rt_v6-rev0/mingw32/bin/../lib/gcc/i686-w64-mingw32/8.1.0/../../../../i686-w64-mingw32/lib/../lib/libkernel32.a(dgzcs00839.o)
 .bss           0x6b4ef7a0        0x0 C:/GNU/MINGW64/i686-8.1.0-win32-dwarf-rt_v6-rev0/mingw32/bin/../lib/gcc/i686-w64-mingw32/8.1.0/../../../../i686-w64-mingw32/lib/../lib/libkernel32.a(dgzcs00729.o)
 .bss           0x6b4ef7a0        0x0 C:/GNU/MINGW64/i686-8.1.0-win32-dwarf-rt_v6-rev0/mingw32/bin/../lib/gcc/i686-w64-mingw32/8.1.0/../../../../i686-w64-mingw32/lib/../lib/libkernel32.a(dgzcs00727.o)
 .bss           0x6b4ef7a0        0x0 C:/GNU/MINGW64/i686-8.1.0-win32-dwarf-rt_v6-rev0/mingw32/bin/../lib/gcc/i686-w64-mingw32/8.1.0/../../../../i686-w64-mingw32/lib/../lib/libkernel32.a(dgzcs00725.o)
 .bss           0x6b4ef7a0        0x0 C:/GNU/MINGW64/i686-8.1.0-win32-dwarf-rt_v6-rev0/mingw32/bin/../lib/gcc/i686-w64-mingw32/8.1.0/../../../../i686-w64-mingw32/lib/../lib/libkernel32.a(dgzcs00723.o)
 .bss           0x6b4ef7a0        0x0 C:/GNU/MINGW64/i686-8.1.0-win32-dwarf-rt_v6-rev0/mingw32/bin/../lib/gcc/i686-w64-mingw32/8.1.0/../../../../i686-w64-mingw32/lib/../lib/libkernel32.a(dgzcs00584.o)
 .bss           0x6b4ef7a0        0x0 C:/GNU/MINGW64/i686-8.1.0-win32-dwarf-rt_v6-rev0/mingw32/bin/../lib/gcc/i686-w64-mingw32/8.1.0/../../../../i686-w64-mingw32/lib/../lib/libkernel32.a(dgzcs00359.o)
 .bss           0x6b4ef7a0        0x0 C:/GNU/MINGW64/i686-8.1.0-win32-dwarf-rt_v6-rev0/mingw32/bin/../lib/gcc/i686-w64-mingw32/8.1.0/../../../../i686-w64-mingw32/lib/../lib/libkernel32.a(dgzch.o)
 .bss           0x6b4ef7a0        0x0 C:/GNU/MINGW64/i686-8.1.0-win32-dwarf-rt_v6-rev0/mingw32/bin/../lib/gcc/i686-w64-mingw32/8.1.0/../../../../i686-w64-mingw32/lib/../lib/libkernel32.a(dgzct.o)
 .bss           0x6b4ef7a0        0x0 C:/GNU/MINGW64/i686-8.1.0-win32-dwarf-rt_v6-rev0/mingw32/bin/../lib/gcc/i686-w64-mingw32/8.1.0/../../../../i686-w64-mingw32/lib/../lib/libuser32.a(dmces00912.o)
 .bss           0x6b4ef7a0        0x0 C:/GNU/MINGW64/i686-8.1.0-win32-dwarf-rt_v6-rev0/mingw32/bin/../lib/gcc/i686-w64-mingw32/8.1.0/../../../../i686-w64-mingw32/lib/../lib/libuser32.a(dmceh.o)
 .bss           0x6b4ef7a0        0x0 C:/GNU/MINGW64/i686-8.1.0-win32-dwarf-rt_v6-rev0/mingw32/bin/../lib/gcc/i686-w64-mingw32/8.1.0/../../../../i686-w64-mingw32/lib/../lib/libuser32.a(dmcet.o)
 *(COMMON)
 COMMON         0x6b4ef7a0        0x8 ../build/x86_Debug/debug.o
                0x6b4ef7a0                uint_number_zero
                0x6b4ef7a4                uint_number_one
 *fill*         0x6b4ef7a8       0x18 
 COMMON         0x6b4ef7c0      0x11c ../build/x86_Debug/pmc_initialize.o
                0x6b4ef7c0                ep_uint
 COMMON         0x6b4ef8dc       0x4c ../build/x86_Debug/pmc_memory.o
                0x6b4ef8dc                number_zero
                0x6b4ef8f4                number_minus_one
                0x6b4ef90c                number_one
                0x6b4ef924                hLocalHeap
                0x6b4ef928                __bss_end__ = .

.edata          0x6b4f0000      0x200
 *(.edata)
 .edata         0x6b4f0000       0x88 dll stuff

/DISCARD/
 *(.debug$S)
 *(.debug$T)
 *(.debug$F)
 *(.drectve)
 *(.note.GNU-stack)
 *(.gnu.lto_*)

.idata          0x6b4f1000      0x200
 SORT_BY_NAME(*)(.idata$2)
 .idata$2       0x6b4f1000       0x14 C:/GNU/MINGW64/i686-8.1.0-win32-dwarf-rt_v6-rev0/mingw32/bin/../lib/gcc/i686-w64-mingw32/8.1.0/../../../../i686-w64-mingw32/lib/../lib/libkernel32.a(dgzch.o)
                0x6b4f1000                _head_lib32_libkernel32_a
 .idata$2       0x6b4f1014       0x14 C:/GNU/MINGW64/i686-8.1.0-win32-dwarf-rt_v6-rev0/mingw32/bin/../lib/gcc/i686-w64-mingw32/8.1.0/../../../../i686-w64-mingw32/lib/../lib/libuser32.a(dmceh.o)
                0x6b4f1014                _head_lib32_libuser32_a
 SORT_BY_NAME(*)(.idata$3)
                0x6b4f1028        0x4 LONG 0x0
                0x6b4f102c        0x4 LONG 0x0
                0x6b4f1030        0x4 LONG 0x0
                0x6b4f1034        0x4 LONG 0x0
                0x6b4f1038        0x4 LONG 0x0
 SORT_BY_NAME(*)(.idata$4)
 .idata$4       0x6b4f103c        0x0 C:/GNU/MINGW64/i686-8.1.0-win32-dwarf-rt_v6-rev0/mingw32/bin/../lib/gcc/i686-w64-mingw32/8.1.0/../../../../i686-w64-mingw32/lib/../lib/libkernel32.a(dgzch.o)
 .idata$4       0x6b4f103c        0x4 C:/GNU/MINGW64/i686-8.1.0-win32-dwarf-rt_v6-rev0/mingw32/bin/../lib/gcc/i686-w64-mingw32/8.1.0/../../../../i686-w64-mingw32/lib/../lib/libkernel32.a(dgzcs00359.o)
 .idata$4       0x6b4f1040        0x4 C:/GNU/MINGW64/i686-8.1.0-win32-dwarf-rt_v6-rev0/mingw32/bin/../lib/gcc/i686-w64-mingw32/8.1.0/../../../../i686-w64-mingw32/lib/../lib/libkernel32.a(dgzcs00584.o)
 .idata$4       0x6b4f1044        0x4 C:/GNU/MINGW64/i686-8.1.0-win32-dwarf-rt_v6-rev0/mingw32/bin/../lib/gcc/i686-w64-mingw32/8.1.0/../../../../i686-w64-mingw32/lib/../lib/libkernel32.a(dgzcs00723.o)
 .idata$4       0x6b4f1048        0x4 C:/GNU/MINGW64/i686-8.1.0-win32-dwarf-rt_v6-rev0/mingw32/bin/../lib/gcc/i686-w64-mingw32/8.1.0/../../../../i686-w64-mingw32/lib/../lib/libkernel32.a(dgzcs00725.o)
 .idata$4       0x6b4f104c        0x4 C:/GNU/MINGW64/i686-8.1.0-win32-dwarf-rt_v6-rev0/mingw32/bin/../lib/gcc/i686-w64-mingw32/8.1.0/../../../../i686-w64-mingw32/lib/../lib/libkernel32.a(dgzcs00727.o)
 .idata$4       0x6b4f1050        0x4 C:/GNU/MINGW64/i686-8.1.0-win32-dwarf-rt_v6-rev0/mingw32/bin/../lib/gcc/i686-w64-mingw32/8.1.0/../../../../i686-w64-mingw32/lib/../lib/libkernel32.a(dgzcs00729.o)
 .idata$4       0x6b4f1054        0x4 C:/GNU/MINGW64/i686-8.1.0-win32-dwarf-rt_v6-rev0/mingw32/bin/../lib/gcc/i686-w64-mingw32/8.1.0/../../../../i686-w64-mingw32/lib/../lib/libkernel32.a(dgzcs00839.o)
 .idata$4       0x6b4f1058        0x4 C:/GNU/MINGW64/i686-8.1.0-win32-dwarf-rt_v6-rev0/mingw32/bin/../lib/gcc/i686-w64-mingw32/8.1.0/../../../../i686-w64-mingw32/lib/../lib/libkernel32.a(dgzcs01336.o)
 .idata$4       0x6b4f105c        0x4 C:/GNU/MINGW64/i686-8.1.0-win32-dwarf-rt_v6-rev0/mingw32/bin/../lib/gcc/i686-w64-mingw32/8.1.0/../../../../i686-w64-mingw32/lib/../lib/libkernel32.a(dgzct.o)
 .idata$4       0x6b4f1060        0x0 C:/GNU/MINGW64/i686-8.1.0-win32-dwarf-rt_v6-rev0/mingw32/bin/../lib/gcc/i686-w64-mingw32/8.1.0/../../../../i686-w64-mingw32/lib/../lib/libuser32.a(dmceh.o)
 .idata$4       0x6b4f1060        0x4 C:/GNU/MINGW64/i686-8.1.0-win32-dwarf-rt_v6-rev0/mingw32/bin/../lib/gcc/i686-w64-mingw32/8.1.0/../../../../i686-w64-mingw32/lib/../lib/libuser32.a(dmces00912.o)
 .idata$4       0x6b4f1064        0x4 C:/GNU/MINGW64/i686-8.1.0-win32-dwarf-rt_v6-rev0/mingw32/bin/../lib/gcc/i686-w64-mingw32/8.1.0/../../../../i686-w64-mingw32/lib/../lib/libuser32.a(dmcet.o)
                0x6b4f1068                __IAT_start__ = .
 SORT_BY_NAME(*)(.idata$5)
 .idata$5       0x6b4f1068        0x0 C:/GNU/MINGW64/i686-8.1.0-win32-dwarf-rt_v6-rev0/mingw32/bin/../lib/gcc/i686-w64-mingw32/8.1.0/../../../../i686-w64-mingw32/lib/../lib/libkernel32.a(dgzch.o)
 .idata$5       0x6b4f1068        0x4 C:/GNU/MINGW64/i686-8.1.0-win32-dwarf-rt_v6-rev0/mingw32/bin/../lib/gcc/i686-w64-mingw32/8.1.0/../../../../i686-w64-mingw32/lib/../lib/libkernel32.a(dgzcs00359.o)
                0x6b4f1068                _imp__FreeLibrary@4
 .idata$5       0x6b4f106c        0x4 C:/GNU/MINGW64/i686-8.1.0-win32-dwarf-rt_v6-rev0/mingw32/bin/../lib/gcc/i686-w64-mingw32/8.1.0/../../../../i686-w64-mingw32/lib/../lib/libkernel32.a(dgzcs00584.o)
                0x6b4f106c                _imp__GetProcAddress@8
 .idata$5       0x6b4f1070        0x4 C:/GNU/MINGW64/i686-8.1.0-win32-dwarf-rt_v6-rev0/mingw32/bin/../lib/gcc/i686-w64-mingw32/8.1.0/../../../../i686-w64-mingw32/lib/../lib/libkernel32.a(dgzcs00723.o)
                0x6b4f1070                _imp__HeapAlloc@12
 .idata$5       0x6b4f1074        0x4 C:/GNU/MINGW64/i686-8.1.0-win32-dwarf-rt_v6-rev0/mingw32/bin/../lib/gcc/i686-w64-mingw32/8.1.0/../../../../i686-w64-mingw32/lib/../lib/libkernel32.a(dgzcs00725.o)
                0x6b4f1074                _imp__HeapCreate@12
 .idata$5       0x6b4f1078        0x4 C:/GNU/MINGW64/i686-8.1.0-win32-dwarf-rt_v6-rev0/mingw32/bin/../lib/gcc/i686-w64-mingw32/8.1.0/../../../../i686-w64-mingw32/lib/../lib/libkernel32.a(dgzcs00727.o)
                0x6b4f1078                _imp__HeapDestroy@4
 .idata$5       0x6b4f107c        0x4 C:/GNU/MINGW64/i686-8.1.0-win32-dwarf-rt_v6-rev0/mingw32/bin/../lib/gcc/i686-w64-mingw32/8.1.0/../../../../i686-w64-mingw32/lib/../lib/libkernel32.a(dgzcs00729.o)
                0x6b4f107c                _imp__HeapFree@12
 .idata$5       0x6b4f1080        0x4 C:/GNU/MINGW64/i686-8.1.0-win32-dwarf-rt_v6-rev0/mingw32/bin/../lib/gcc/i686-w64-mingw32/8.1.0/../../../../i686-w64-mingw32/lib/../lib/libkernel32.a(dgzcs00839.o)
                0x6b4f1080                _imp__LoadLibraryA@4
 .idata$5       0x6b4f1084        0x4 C:/GNU/MINGW64/i686-8.1.0-win32-dwarf-rt_v6-rev0/mingw32/bin/../lib/gcc/i686-w64-mingw32/8.1.0/../../../../i686-w64-mingw32/lib/../lib/libkernel32.a(dgzcs01336.o)
                0x6b4f1084                _imp__lstrcpyW@8
 .idata$5       0x6b4f1088        0x4 C:/GNU/MINGW64/i686-8.1.0-win32-dwarf-rt_v6-rev0/mingw32/bin/../lib/gcc/i686-w64-mingw32/8.1.0/../../../../i686-w64-mingw32/lib/../lib/libkernel32.a(dgzct.o)
 .idata$5       0x6b4f108c        0x0 C:/GNU/MINGW64/i686-8.1.0-win32-dwarf-rt_v6-rev0/mingw32/bin/../lib/gcc/i686-w64-mingw32/8.1.0/../../../../i686-w64-mingw32/lib/../lib/libuser32.a(dmceh.o)
 .idata$5       0x6b4f108c        0x4 C:/GNU/MINGW64/i686-8.1.0-win32-dwarf-rt_v6-rev0/mingw32/bin/../lib/gcc/i686-w64-mingw32/8.1.0/../../../../i686-w64-mingw32/lib/../lib/libuser32.a(dmces00912.o)
                0x6b4f108c                _imp__wsprintfW
 .idata$5       0x6b4f1090        0x4 C:/GNU/MINGW64/i686-8.1.0-win32-dwarf-rt_v6-rev0/mingw32/bin/../lib/gcc/i686-w64-mingw32/8.1.0/../../../../i686-w64-mingw32/lib/../lib/libuser32.a(dmcet.o)
                0x6b4f1094                __IAT_end__ = .
 SORT_BY_NAME(*)(.idata$6)
 .idata$6       0x6b4f1094        0xe C:/GNU/MINGW64/i686-8.1.0-win32-dwarf-rt_v6-rev0/mingw32/bin/../lib/gcc/i686-w64-mingw32/8.1.0/../../../../i686-w64-mingw32/lib/../lib/libkernel32.a(dgzcs00359.o)
 .idata$6       0x6b4f10a2       0x12 C:/GNU/MINGW64/i686-8.1.0-win32-dwarf-rt_v6-rev0/mingw32/bin/../lib/gcc/i686-w64-mingw32/8.1.0/../../../../i686-w64-mingw32/lib/../lib/libkernel32.a(dgzcs00584.o)
 .idata$6       0x6b4f10b4        0xc C:/GNU/MINGW64/i686-8.1.0-win32-dwarf-rt_v6-rev0/mingw32/bin/../lib/gcc/i686-w64-mingw32/8.1.0/../../../../i686-w64-mingw32/lib/../lib/libkernel32.a(dgzcs00723.o)
 .idata$6       0x6b4f10c0        0xe C:/GNU/MINGW64/i686-8.1.0-win32-dwarf-rt_v6-rev0/mingw32/bin/../lib/gcc/i686-w64-mingw32/8.1.0/../../../../i686-w64-mingw32/lib/../lib/libkernel32.a(dgzcs00725.o)
 .idata$6       0x6b4f10ce        0xe C:/GNU/MINGW64/i686-8.1.0-win32-dwarf-rt_v6-rev0/mingw32/bin/../lib/gcc/i686-w64-mingw32/8.1.0/../../../../i686-w64-mingw32/lib/../lib/libkernel32.a(dgzcs00727.o)
 .idata$6       0x6b4f10dc        0xc C:/GNU/MINGW64/i686-8.1.0-win32-dwarf-rt_v6-rev0/mingw32/bin/../lib/gcc/i686-w64-mingw32/8.1.0/../../../../i686-w64-mingw32/lib/../lib/libkernel32.a(dgzcs00729.o)
 .idata$6       0x6b4f10e8       0x10 C:/GNU/MINGW64/i686-8.1.0-win32-dwarf-rt_v6-rev0/mingw32/bin/../lib/gcc/i686-w64-mingw32/8.1.0/../../../../i686-w64-mingw32/lib/../lib/libkernel32.a(dgzcs00839.o)
 .idata$6       0x6b4f10f8        0xc C:/GNU/MINGW64/i686-8.1.0-win32-dwarf-rt_v6-rev0/mingw32/bin/../lib/gcc/i686-w64-mingw32/8.1.0/../../../../i686-w64-mingw32/lib/../lib/libkernel32.a(dgzcs01336.o)
 .idata$6       0x6b4f1104        0xc C:/GNU/MINGW64/i686-8.1.0-win32-dwarf-rt_v6-rev0/mingw32/bin/../lib/gcc/i686-w64-mingw32/8.1.0/../../../../i686-w64-mingw32/lib/../lib/libuser32.a(dmces00912.o)
 SORT_BY_NAME(*)(.idata$7)
 .idata$7       0x6b4f1110        0x4 C:/GNU/MINGW64/i686-8.1.0-win32-dwarf-rt_v6-rev0/mingw32/bin/../lib/gcc/i686-w64-mingw32/8.1.0/../../../../i686-w64-mingw32/lib/../lib/libkernel32.a(dgzcs00359.o)
 .idata$7       0x6b4f1114        0x4 C:/GNU/MINGW64/i686-8.1.0-win32-dwarf-rt_v6-rev0/mingw32/bin/../lib/gcc/i686-w64-mingw32/8.1.0/../../../../i686-w64-mingw32/lib/../lib/libkernel32.a(dgzcs00584.o)
 .idata$7       0x6b4f1118        0x4 C:/GNU/MINGW64/i686-8.1.0-win32-dwarf-rt_v6-rev0/mingw32/bin/../lib/gcc/i686-w64-mingw32/8.1.0/../../../../i686-w64-mingw32/lib/../lib/libkernel32.a(dgzcs00723.o)
 .idata$7       0x6b4f111c        0x4 C:/GNU/MINGW64/i686-8.1.0-win32-dwarf-rt_v6-rev0/mingw32/bin/../lib/gcc/i686-w64-mingw32/8.1.0/../../../../i686-w64-mingw32/lib/../lib/libkernel32.a(dgzcs00725.o)
 .idata$7       0x6b4f1120        0x4 C:/GNU/MINGW64/i686-8.1.0-win32-dwarf-rt_v6-rev0/mingw32/bin/../lib/gcc/i686-w64-mingw32/8.1.0/../../../../i686-w64-mingw32/lib/../lib/libkernel32.a(dgzcs00727.o)
 .idata$7       0x6b4f1124        0x4 C:/GNU/MINGW64/i686-8.1.0-win32-dwarf-rt_v6-rev0/mingw32/bin/../lib/gcc/i686-w64-mingw32/8.1.0/../../../../i686-w64-mingw32/lib/../lib/libkernel32.a(dgzcs00729.o)
 .idata$7       0x6b4f1128        0x4 C:/GNU/MINGW64/i686-8.1.0-win32-dwarf-rt_v6-rev0/mingw32/bin/../lib/gcc/i686-w64-mingw32/8.1.0/../../../../i686-w64-mingw32/lib/../lib/libkernel32.a(dgzcs00839.o)
 .idata$7       0x6b4f112c        0x4 C:/GNU/MINGW64/i686-8.1.0-win32-dwarf-rt_v6-rev0/mingw32/bin/../lib/gcc/i686-w64-mingw32/8.1.0/../../../../i686-w64-mingw32/lib/../lib/libkernel32.a(dgzcs01336.o)
 .idata$7       0x6b4f1130       0x10 C:/GNU/MINGW64/i686-8.1.0-win32-dwarf-rt_v6-rev0/mingw32/bin/../lib/gcc/i686-w64-mingw32/8.1.0/../../../../i686-w64-mingw32/lib/../lib/libkernel32.a(dgzct.o)
                0x6b4f1130                _lib32_libkernel32_a_iname
 .idata$7       0x6b4f1140        0x4 C:/GNU/MINGW64/i686-8.1.0-win32-dwarf-rt_v6-rev0/mingw32/bin/../lib/gcc/i686-w64-mingw32/8.1.0/../../../../i686-w64-mingw32/lib/../lib/libuser32.a(dmces00912.o)
 .idata$7       0x6b4f1144        0xc C:/GNU/MINGW64/i686-8.1.0-win32-dwarf-rt_v6-rev0/mingw32/bin/../lib/gcc/i686-w64-mingw32/8.1.0/../../../../i686-w64-mingw32/lib/../lib/libuser32.a(dmcet.o)
                0x6b4f1144                _lib32_libuser32_a_iname

.CRT            0x6b4f2000        0x0
                0x6b4f2000                ___crt_xc_start__ = .
 *(SORT_BY_NAME(.CRT$XC*))
                0x6b4f2000                ___crt_xc_end__ = .
                0x6b4f2000                ___crt_xi_start__ = .
 *(SORT_BY_NAME(.CRT$XI*))
                0x6b4f2000                ___crt_xi_end__ = .
                0x6b4f2000                ___crt_xl_start__ = .
 *(SORT_BY_NAME(.CRT$XL*))
                0x6b4f2000                ___crt_xp_start__ = .
 *(SORT_BY_NAME(.CRT$XP*))
                0x6b4f2000                ___crt_xp_end__ = .
                0x6b4f2000                ___crt_xt_start__ = .
 *(SORT_BY_NAME(.CRT$XT*))
                0x6b4f2000                ___crt_xt_end__ = .

.tls            0x6b4f2000        0x0
                0x6b4f2000                ___tls_start__ = .
 *(.tls$AAA)
 *(.tls)
 *(.tls$)
 *(SORT_BY_NAME(.tls$*))
 *(.tls$ZZZ)
                0x6b4f2000                ___tls_end__ = .

.endjunk        0x6b4f2000        0x0
                [!provide]                PROVIDE (end = .)
                [!provide]                PROVIDE (_end = .)
                0x6b4f2000                __end__ = .

.rsrc           0x6b4f2000      0x400
 *(.rsrc)
 .rsrc          0x6b4f2000      0x378 ../build/x86_Debug/version.o
 *(.rsrc$*)

.reloc          0x6b4f3000    0x50000
 *(.reloc)
 .reloc         0x6b4f3000    0x4ff4c dll stuff

.stab
 *(.stab)

.stabstr
 *(.stabstr)

.debug_aranges  0x6b543000      0x400
 *(.debug_aranges)
 .debug_aranges
                0x6b543000       0x20 ../build/x86_Debug/debug.o
 .debug_aranges
                0x6b543020       0x20 ../build/x86_Debug/dllmain.o
 .debug_aranges
                0x6b543040       0x20 ../build/x86_Debug/pmc_add_sub.o
 .debug_aranges
                0x6b543060       0x20 ../build/x86_Debug/pmc_bytes.o
 .debug_aranges
                0x6b543080       0x20 ../build/x86_Debug/pmc_clone.o
 .debug_aranges
                0x6b5430a0       0x20 ../build/x86_Debug/pmc_compare.o
 .debug_aranges
                0x6b5430c0       0x20 ../build/x86_Debug/pmc_divrem.o
 .debug_aranges
                0x6b5430e0       0x20 ../build/x86_Debug/pmc_equals.o
 .debug_aranges
                0x6b543100       0x20 ../build/x86_Debug/pmc_from.o
 .debug_aranges
                0x6b543120       0x20 ../build/x86_Debug/pmc_greatestcommondivisor.o
 .debug_aranges
                0x6b543140       0x20 ../build/x86_Debug/pmc_initialize.o
 .debug_aranges
                0x6b543160       0x20 ../build/x86_Debug/pmc_memory.o
 .debug_aranges
                0x6b543180       0x20 ../build/x86_Debug/pmc_multiply.o
 .debug_aranges
                0x6b5431a0       0x20 ../build/x86_Debug/pmc_negate.o
 .debug_aranges
                0x6b5431c0       0x20 ../build/x86_Debug/pmc_parse.o
 .debug_aranges
                0x6b5431e0       0x20 ../build/x86_Debug/pmc_statistics.o
 .debug_aranges
                0x6b543200       0x20 ../build/x86_Debug/pmc_to.o
 .debug_aranges
                0x6b543220       0x20 ../build/x86_Debug/TEST_autogenerated_1.o
 .debug_aranges
                0x6b543240       0x20 ../build/x86_Debug/TEST_autogenerated_2.o
 .debug_aranges
                0x6b543260       0x20 ../build/x86_Debug/TEST_op_Add.o
 .debug_aranges
                0x6b543280       0x20 ../build/x86_Debug/TEST_op_Clone.o
 .debug_aranges
                0x6b5432a0       0x20 ../build/x86_Debug/TEST_op_Compare.o
 .debug_aranges
                0x6b5432c0       0x20 ../build/x86_Debug/TEST_op_DivRem.o
 .debug_aranges
                0x6b5432e0       0x20 ../build/x86_Debug/TEST_op_Equals.o
 .debug_aranges
                0x6b543300       0x20 ../build/x86_Debug/TEST_op_From_To.o
 .debug_aranges
                0x6b543320       0x20 ../build/x86_Debug/TEST_op_GreatestCommonDivisor.o
 .debug_aranges
                0x6b543340       0x20 ../build/x86_Debug/TEST_op_Multiply.o
 .debug_aranges
                0x6b543360       0x20 ../build/x86_Debug/TEST_op_Negate.o
 .debug_aranges
                0x6b543380       0x20 ../build/x86_Debug/TEST_op_ParseDN.o
 .debug_aranges
                0x6b5433a0       0x20 ../build/x86_Debug/TEST_op_ParseX.o
 .debug_aranges
                0x6b5433c0       0x20 ../build/x86_Debug/TEST_op_Remainder.o
 .debug_aranges
                0x6b5433e0       0x20 ../build/x86_Debug/TEST_op_Subtruct.o

.zdebug_aranges
 *(.zdebug_aranges)

.debug_pubnames
 *(.debug_pubnames)

.zdebug_pubnames
 *(.zdebug_pubnames)

.debug_pubtypes
 *(.debug_pubtypes)

.zdebug_pubtypes
 *(.zdebug_pubtypes)

.debug_info     0x6b544000   0x15cc00
 *(.debug_info .gnu.linkonce.wi.*)
 .debug_info    0x6b544000     0x6b69 ../build/x86_Debug/debug.o
 .debug_info    0x6b54ab69     0x5f5c ../build/x86_Debug/dllmain.o
 .debug_info    0x6b550ac5     0x6cf1 ../build/x86_Debug/pmc_add_sub.o
 .debug_info    0x6b5577b6     0x6094 ../build/x86_Debug/pmc_bytes.o
 .debug_info    0x6b55d84a     0x5fbf ../build/x86_Debug/pmc_clone.o
 .debug_info    0x6b563809     0x6587 ../build/x86_Debug/pmc_compare.o
 .debug_info    0x6b569d90     0x67f1 ../build/x86_Debug/pmc_divrem.o
 .debug_info    0x6b570581     0x63e4 ../build/x86_Debug/pmc_equals.o
 .debug_info    0x6b576965     0x613f ../build/x86_Debug/pmc_from.o
 .debug_info    0x6b57caa4     0x64c5 ../build/x86_Debug/pmc_greatestcommondivisor.o
 .debug_info    0x6b582f69     0x6b34 ../build/x86_Debug/pmc_initialize.o
 .debug_info    0x6b589a9d     0x6590 ../build/x86_Debug/pmc_memory.o
 .debug_info    0x6b59002d     0x660e ../build/x86_Debug/pmc_multiply.o
 .debug_info    0x6b59663b     0x5fc2 ../build/x86_Debug/pmc_negate.o
 .debug_info    0x6b59c5fd     0x600e ../build/x86_Debug/pmc_parse.o
 .debug_info    0x6b5a260b     0x5ed2 ../build/x86_Debug/pmc_statistics.o
 .debug_info    0x6b5a84dd     0x6078 ../build/x86_Debug/pmc_to.o
 .debug_info    0x6b5ae555    0x54268 ../build/x86_Debug/TEST_autogenerated_1.o
 .debug_info    0x6b6027bd    0x4542a ../build/x86_Debug/TEST_autogenerated_2.o
 .debug_info    0x6b647be7     0x6f87 ../build/x86_Debug/TEST_op_Add.o
 .debug_info    0x6b64eb6e     0x6955 ../build/x86_Debug/TEST_op_Clone.o
 .debug_info    0x6b6554c3     0x6d81 ../build/x86_Debug/TEST_op_Compare.o
 .debug_info    0x6b65c244     0x71c6 ../build/x86_Debug/TEST_op_DivRem.o
 .debug_info    0x6b66340a     0x6d79 ../build/x86_Debug/TEST_op_Equals.o
 .debug_info    0x6b66a183     0x6b3b ../build/x86_Debug/TEST_op_From_To.o
 .debug_info    0x6b670cbe     0x7080 ../build/x86_Debug/TEST_op_GreatestCommonDivisor.o
 .debug_info    0x6b677d3e     0x6faf ../build/x86_Debug/TEST_op_Multiply.o
 .debug_info    0x6b67eced     0x6957 ../build/x86_Debug/TEST_op_Negate.o
 .debug_info    0x6b685644     0x6bb2 ../build/x86_Debug/TEST_op_ParseDN.o
 .debug_info    0x6b68c1f6     0x6959 ../build/x86_Debug/TEST_op_ParseX.o
 .debug_info    0x6b692b4f     0x6fa9 ../build/x86_Debug/TEST_op_Remainder.o
 .debug_info    0x6b699af8     0x6faf ../build/x86_Debug/TEST_op_Subtruct.o

.zdebug_info
 *(.zdebug_info .zdebug.gnu.linkonce.wi.*)

.debug_abbrev   0x6b6a1000     0x5200
 *(.debug_abbrev)
 .debug_abbrev  0x6b6a1000      0x2c1 ../build/x86_Debug/debug.o
 .debug_abbrev  0x6b6a12c1      0x229 ../build/x86_Debug/dllmain.o
 .debug_abbrev  0x6b6a14ea      0x317 ../build/x86_Debug/pmc_add_sub.o
 .debug_abbrev  0x6b6a1801      0x249 ../build/x86_Debug/pmc_bytes.o
 .debug_abbrev  0x6b6a1a4a      0x22b ../build/x86_Debug/pmc_clone.o
 .debug_abbrev  0x6b6a1c75      0x2e1 ../build/x86_Debug/pmc_compare.o
 .debug_abbrev  0x6b6a1f56      0x2d9 ../build/x86_Debug/pmc_divrem.o
 .debug_abbrev  0x6b6a222f      0x283 ../build/x86_Debug/pmc_equals.o
 .debug_abbrev  0x6b6a24b2      0x27f ../build/x86_Debug/pmc_from.o
 .debug_abbrev  0x6b6a2731      0x283 ../build/x86_Debug/pmc_greatestcommondivisor.o
 .debug_abbrev  0x6b6a29b4      0x325 ../build/x86_Debug/pmc_initialize.o
 .debug_abbrev  0x6b6a2cd9      0x3bf ../build/x86_Debug/pmc_memory.o
 .debug_abbrev  0x6b6a3098      0x2f2 ../build/x86_Debug/pmc_multiply.o
 .debug_abbrev  0x6b6a338a      0x22b ../build/x86_Debug/pmc_negate.o
 .debug_abbrev  0x6b6a35b5      0x22b ../build/x86_Debug/pmc_parse.o
 .debug_abbrev  0x6b6a37e0      0x229 ../build/x86_Debug/pmc_statistics.o
 .debug_abbrev  0x6b6a3a09      0x249 ../build/x86_Debug/pmc_to.o
 .debug_abbrev  0x6b6a3c52      0x255 ../build/x86_Debug/TEST_autogenerated_1.o
 .debug_abbrev  0x6b6a3ea7      0x255 ../build/x86_Debug/TEST_autogenerated_2.o
 .debug_abbrev  0x6b6a40fc      0x280 ../build/x86_Debug/TEST_op_Add.o
 .debug_abbrev  0x6b6a437c      0x25e ../build/x86_Debug/TEST_op_Clone.o
 .debug_abbrev  0x6b6a45da      0x280 ../build/x86_Debug/TEST_op_Compare.o
 .debug_abbrev  0x6b6a485a      0x291 ../build/x86_Debug/TEST_op_DivRem.o
 .debug_abbrev  0x6b6a4aeb      0x280 ../build/x86_Debug/TEST_op_Equals.o
 .debug_abbrev  0x6b6a4d6b      0x280 ../build/x86_Debug/TEST_op_From_To.o
 .debug_abbrev  0x6b6a4feb      0x280 ../build/x86_Debug/TEST_op_GreatestCommonDivisor.o
 .debug_abbrev  0x6b6a526b      0x280 ../build/x86_Debug/TEST_op_Multiply.o
 .debug_abbrev  0x6b6a54eb      0x25e ../build/x86_Debug/TEST_op_Negate.o
 .debug_abbrev  0x6b6a5749      0x2b1 ../build/x86_Debug/TEST_op_ParseDN.o
 .debug_abbrev  0x6b6a59fa      0x25e ../build/x86_Debug/TEST_op_ParseX.o
 .debug_abbrev  0x6b6a5c58      0x280 ../build/x86_Debug/TEST_op_Remainder.o
 .debug_abbrev  0x6b6a5ed8      0x280 ../build/x86_Debug/TEST_op_Subtruct.o

.zdebug_abbrev
 *(.zdebug_abbrev)

.debug_line     0x6b6a7000    0x2e200
 *(.debug_line)
 .debug_line    0x6b6a7000      0x3c5 ../build/x86_Debug/debug.o
 .debug_line    0x6b6a73c5      0x2a9 ../build/x86_Debug/dllmain.o
 .debug_line    0x6b6a766e      0xdcc ../build/x86_Debug/pmc_add_sub.o
 .debug_line    0x6b6a843a      0x2fd ../build/x86_Debug/pmc_bytes.o
 .debug_line    0x6b6a8737      0x2d4 ../build/x86_Debug/pmc_clone.o
 .debug_line    0x6b6a8a0b      0x71e ../build/x86_Debug/pmc_compare.o
 .debug_line    0x6b6a9129      0xacc ../build/x86_Debug/pmc_divrem.o
 .debug_line    0x6b6a9bf5      0x5a0 ../build/x86_Debug/pmc_equals.o
 .debug_line    0x6b6aa195      0x32e ../build/x86_Debug/pmc_from.o
 .debug_line    0x6b6aa4c3      0x49c ../build/x86_Debug/pmc_greatestcommondivisor.o
 .debug_line    0x6b6aa95f      0x4da ../build/x86_Debug/pmc_initialize.o
 .debug_line    0x6b6aae39      0x5c5 ../build/x86_Debug/pmc_memory.o
 .debug_line    0x6b6ab3fe      0x675 ../build/x86_Debug/pmc_multiply.o
 .debug_line    0x6b6aba73      0x2c3 ../build/x86_Debug/pmc_negate.o
 .debug_line    0x6b6abd36      0x2c4 ../build/x86_Debug/pmc_parse.o
 .debug_line    0x6b6abffa      0x290 ../build/x86_Debug/pmc_statistics.o
 .debug_line    0x6b6ac28a      0x32e ../build/x86_Debug/pmc_to.o
 .debug_line    0x6b6ac5b8    0x1b9f7 ../build/x86_Debug/TEST_autogenerated_1.o
 .debug_line    0x6b6c7faf     0x907b ../build/x86_Debug/TEST_autogenerated_2.o
 .debug_line    0x6b6d102a      0x62b ../build/x86_Debug/TEST_op_Add.o
 .debug_line    0x6b6d1655      0x341 ../build/x86_Debug/TEST_op_Clone.o
 .debug_line    0x6b6d1996      0x4e8 ../build/x86_Debug/TEST_op_Compare.o
 .debug_line    0x6b6d1e7e      0x752 ../build/x86_Debug/TEST_op_DivRem.o
 .debug_line    0x6b6d25d0      0x4e7 ../build/x86_Debug/TEST_op_Equals.o
 .debug_line    0x6b6d2ab7      0x400 ../build/x86_Debug/TEST_op_From_To.o
 .debug_line    0x6b6d2eb7      0x659 ../build/x86_Debug/TEST_op_GreatestCommonDivisor.o
 .debug_line    0x6b6d3510      0x630 ../build/x86_Debug/TEST_op_Multiply.o
 .debug_line    0x6b6d3b40      0x342 ../build/x86_Debug/TEST_op_Negate.o
 .debug_line    0x6b6d3e82      0x3ef ../build/x86_Debug/TEST_op_ParseDN.o
 .debug_line    0x6b6d4271      0x32d ../build/x86_Debug/TEST_op_ParseX.o
 .debug_line    0x6b6d459e      0x607 ../build/x86_Debug/TEST_op_Remainder.o
 .debug_line    0x6b6d4ba5      0x630 ../build/x86_Debug/TEST_op_Subtruct.o

.zdebug_line
 *(.zdebug_line)

.debug_frame
 *(.debug_frame*)

.zdebug_frame
 *(.zdebug_frame*)

.debug_str      0x6b6d6000     0x3a00
 *(.debug_str)
 .debug_str     0x6b6d6000      0x296 ../build/x86_Debug/debug.o
 .debug_str     0x6b6d6296       0x72 ../build/x86_Debug/dllmain.o
 .debug_str     0x6b6d6308       0xc2 ../build/x86_Debug/pmc_add_sub.o
 .debug_str     0x6b6d63ca       0x96 ../build/x86_Debug/pmc_bytes.o
 .debug_str     0x6b6d6460       0x96 ../build/x86_Debug/pmc_clone.o
 .debug_str     0x6b6d64f6       0xa4 ../build/x86_Debug/pmc_compare.o
 .debug_str     0x6b6d659a       0xb7 ../build/x86_Debug/pmc_divrem.o
 .debug_str     0x6b6d6651       0x9d ../build/x86_Debug/pmc_equals.o
 .debug_str     0x6b6d66ee       0x9d ../build/x86_Debug/pmc_from.o
 .debug_str     0x6b6d678b       0x9d ../build/x86_Debug/pmc_greatestcommondivisor.o
 .debug_str     0x6b6d6828      0x28c ../build/x86_Debug/pmc_initialize.o
 .debug_str     0x6b6d6ab4       0x9d ../build/x86_Debug/pmc_memory.o
 .debug_str     0x6b6d6b51       0xa4 ../build/x86_Debug/pmc_multiply.o
 .debug_str     0x6b6d6bf5       0x96 ../build/x86_Debug/pmc_negate.o
 .debug_str     0x6b6d6c8b       0x96 ../build/x86_Debug/pmc_parse.o
 .debug_str     0x6b6d6d21       0x82 ../build/x86_Debug/pmc_statistics.o
 .debug_str     0x6b6d6da3       0x96 ../build/x86_Debug/pmc_to.o
 .debug_str     0x6b6d6e39      0x28c ../build/x86_Debug/TEST_autogenerated_1.o
 .debug_str     0x6b6d70c5      0x28c ../build/x86_Debug/TEST_autogenerated_2.o
 .debug_str     0x6b6d7351      0x32f ../build/x86_Debug/TEST_op_Add.o
 .debug_str     0x6b6d7680      0x28c ../build/x86_Debug/TEST_op_Clone.o
 .debug_str     0x6b6d790c      0x2da ../build/x86_Debug/TEST_op_Compare.o
 .debug_str     0x6b6d7be6      0x382 ../build/x86_Debug/TEST_op_DivRem.o
 .debug_str     0x6b6d7f68      0x2da ../build/x86_Debug/TEST_op_Equals.o
 .debug_str     0x6b6d8242      0x2c8 ../build/x86_Debug/TEST_op_From_To.o
 .debug_str     0x6b6d850a      0x33e ../build/x86_Debug/TEST_op_GreatestCommonDivisor.o
 .debug_str     0x6b6d8848      0x32f ../build/x86_Debug/TEST_op_Multiply.o
 .debug_str     0x6b6d8b77      0x28c ../build/x86_Debug/TEST_op_Negate.o
 .debug_str     0x6b6d8e03      0x2ef ../build/x86_Debug/TEST_op_ParseDN.o
 .debug_str     0x6b6d90f2      0x28c ../build/x86_Debug/TEST_op_ParseX.o
 .debug_str     0x6b6d937e      0x337 ../build/x86_Debug/TEST_op_Remainder.o
 .debug_str     0x6b6d96b5      0x32f ../build/x86_Debug/TEST_op_Subtruct.o

.zdebug_str
 *(.zdebug_str)

.debug_loc
 *(.debug_loc)

.zdebug_loc
 *(.zdebug_loc)

.debug_macinfo
 *(.debug_macinfo)

.zdebug_macinfo
 *(.zdebug_macinfo)

.debug_weaknames
 *(.debug_weaknames)

.zdebug_weaknames
 *(.zdebug_weaknames)

.debug_funcnames
 *(.debug_funcnames)

.zdebug_funcnames
 *(.zdebug_funcnames)

.debug_typenames
 *(.debug_typenames)

.zdebug_typenames
 *(.zdebug_typenames)

.debug_varnames
 *(.debug_varnames)

.zdebug_varnames
 *(.zdebug_varnames)

.debug_macro
 *(.debug_macro)

.zdebug_macro
 *(.zdebug_macro)

.debug_ranges
 *(.debug_ranges)

.zdebug_ranges
 *(.zdebug_ranges)

.debug_types
 *(.debug_types .gnu.linkonce.wt.*)

.zdebug_types
 *(.zdebug_types .gnu.linkonce.wt.*)

.debug_gdb_scripts
 *(.debug_gdb_scripts)

.zdebug_gdb_scripts
 *(.zdebug_gdb_scripts)
OUTPUT(../../dist/x86_Debug/Palmtree.Math.Core.Sint.dll pei-i386)
LOAD dll stuff
