Archive member included to satisfy reference by file (symbol)

C:/GNU/MINGW64/i686-8.1.0-win32-dwarf-rt_v6-rev0/mingw32/bin/../lib/gcc/i686-w64-mingw32/8.1.0/../../../../i686-w64-mingw32/lib/../lib/libkernel32.a(dgzcs00839.o)
                              ../build/x86_Debug/pmc_initialize.o (_imp__LoadLibraryA@4)
C:/GNU/MINGW64/i686-8.1.0-win32-dwarf-rt_v6-rev0/mingw32/bin/../lib/gcc/i686-w64-mingw32/8.1.0/../../../../i686-w64-mingw32/lib/../lib/libkernel32.a(dgzcs00729.o)
                              ../build/x86_Debug/pmc_memory.o (_imp__HeapFree@12)
C:/GNU/MINGW64/i686-8.1.0-win32-dwarf-rt_v6-rev0/mingw32/bin/../lib/gcc/i686-w64-mingw32/8.1.0/../../../../i686-w64-mingw32/lib/../lib/libkernel32.a(dgzcs00727.o)
                              ../build/x86_Debug/pmc_memory.o (_imp__HeapDestroy@4)
C:/GNU/MINGW64/i686-8.1.0-win32-dwarf-rt_v6-rev0/mingw32/bin/../lib/gcc/i686-w64-mingw32/8.1.0/../../../../i686-w64-mingw32/lib/../lib/libkernel32.a(dgzcs00725.o)
                              ../build/x86_Debug/pmc_memory.o (_imp__HeapCreate@12)
C:/GNU/MINGW64/i686-8.1.0-win32-dwarf-rt_v6-rev0/mingw32/bin/../lib/gcc/i686-w64-mingw32/8.1.0/../../../../i686-w64-mingw32/lib/../lib/libkernel32.a(dgzcs00723.o)
                              ../build/x86_Debug/pmc_memory.o (_imp__HeapAlloc@12)
C:/GNU/MINGW64/i686-8.1.0-win32-dwarf-rt_v6-rev0/mingw32/bin/../lib/gcc/i686-w64-mingw32/8.1.0/../../../../i686-w64-mingw32/lib/../lib/libkernel32.a(dgzcs00584.o)
                              ../build/x86_Debug/pmc_initialize.o (_imp__GetProcAddress@8)
C:/GNU/MINGW64/i686-8.1.0-win32-dwarf-rt_v6-rev0/mingw32/bin/../lib/gcc/i686-w64-mingw32/8.1.0/../../../../i686-w64-mingw32/lib/../lib/libkernel32.a(dgzcs00359.o)
                              ../build/x86_Debug/pmc_initialize.o (_imp__FreeLibrary@4)
C:/GNU/MINGW64/i686-8.1.0-win32-dwarf-rt_v6-rev0/mingw32/bin/../lib/gcc/i686-w64-mingw32/8.1.0/../../../../i686-w64-mingw32/lib/../lib/libkernel32.a(dgzch.o)
                              C:/GNU/MINGW64/i686-8.1.0-win32-dwarf-rt_v6-rev0/mingw32/bin/../lib/gcc/i686-w64-mingw32/8.1.0/../../../../i686-w64-mingw32/lib/../lib/libkernel32.a(dgzcs00839.o) (_head_lib32_libkernel32_a)
C:/GNU/MINGW64/i686-8.1.0-win32-dwarf-rt_v6-rev0/mingw32/bin/../lib/gcc/i686-w64-mingw32/8.1.0/../../../../i686-w64-mingw32/lib/../lib/libkernel32.a(dgzct.o)
                              C:/GNU/MINGW64/i686-8.1.0-win32-dwarf-rt_v6-rev0/mingw32/bin/../lib/gcc/i686-w64-mingw32/8.1.0/../../../../i686-w64-mingw32/lib/../lib/libkernel32.a(dgzch.o) (_lib32_libkernel32_a_iname)
C:/GNU/MINGW64/i686-8.1.0-win32-dwarf-rt_v6-rev0/mingw32/bin/../lib/gcc/i686-w64-mingw32/8.1.0/../../../../i686-w64-mingw32/lib/../lib/libuser32.a(dmces00912.o)
                              ../build/x86_Debug/debug.o (_imp__wsprintfW)
C:/GNU/MINGW64/i686-8.1.0-win32-dwarf-rt_v6-rev0/mingw32/bin/../lib/gcc/i686-w64-mingw32/8.1.0/../../../../i686-w64-mingw32/lib/../lib/libuser32.a(dmceh.o)
                              C:/GNU/MINGW64/i686-8.1.0-win32-dwarf-rt_v6-rev0/mingw32/bin/../lib/gcc/i686-w64-mingw32/8.1.0/../../../../i686-w64-mingw32/lib/../lib/libuser32.a(dmces00912.o) (_head_lib32_libuser32_a)
C:/GNU/MINGW64/i686-8.1.0-win32-dwarf-rt_v6-rev0/mingw32/bin/../lib/gcc/i686-w64-mingw32/8.1.0/../../../../i686-w64-mingw32/lib/../lib/libuser32.a(dmcet.o)
                              C:/GNU/MINGW64/i686-8.1.0-win32-dwarf-rt_v6-rev0/mingw32/bin/../lib/gcc/i686-w64-mingw32/8.1.0/../../../../i686-w64-mingw32/lib/../lib/libuser32.a(dmceh.o) (_lib32_libuser32_a_iname)

Allocating common symbols
Common symbol       size              file

number_zero         0x14              ../build/x86_Debug/pmc_memory.o
number_minus_one    0x14              ../build/x86_Debug/pmc_memory.o
number_one          0x14              ../build/x86_Debug/pmc_memory.o
hLocalHeap          0x4               ../build/x86_Debug/pmc_memory.o
ep_uint             0x118             ../build/x86_Debug/pmc_initialize.o

Discarded input sections

 .drectve       0x00000000       0x14 ../build/x86_Debug/debug.o
 .drectve       0x00000000       0x38 ../build/x86_Debug/pmc_initialize.o
 .drectve       0x00000000       0x74 ../build/x86_Debug/pmc_memory.o
 .text          0x00000000        0x8 C:/GNU/MINGW64/i686-8.1.0-win32-dwarf-rt_v6-rev0/mingw32/bin/../lib/gcc/i686-w64-mingw32/8.1.0/../../../../i686-w64-mingw32/lib/../lib/libkernel32.a(dgzcs00839.o)
 .text          0x00000000        0x8 C:/GNU/MINGW64/i686-8.1.0-win32-dwarf-rt_v6-rev0/mingw32/bin/../lib/gcc/i686-w64-mingw32/8.1.0/../../../../i686-w64-mingw32/lib/../lib/libkernel32.a(dgzcs00729.o)
 .text          0x00000000        0x8 C:/GNU/MINGW64/i686-8.1.0-win32-dwarf-rt_v6-rev0/mingw32/bin/../lib/gcc/i686-w64-mingw32/8.1.0/../../../../i686-w64-mingw32/lib/../lib/libkernel32.a(dgzcs00727.o)
 .text          0x00000000        0x8 C:/GNU/MINGW64/i686-8.1.0-win32-dwarf-rt_v6-rev0/mingw32/bin/../lib/gcc/i686-w64-mingw32/8.1.0/../../../../i686-w64-mingw32/lib/../lib/libkernel32.a(dgzcs00725.o)
 .text          0x00000000        0x8 C:/GNU/MINGW64/i686-8.1.0-win32-dwarf-rt_v6-rev0/mingw32/bin/../lib/gcc/i686-w64-mingw32/8.1.0/../../../../i686-w64-mingw32/lib/../lib/libkernel32.a(dgzcs00723.o)
 .text          0x00000000        0x8 C:/GNU/MINGW64/i686-8.1.0-win32-dwarf-rt_v6-rev0/mingw32/bin/../lib/gcc/i686-w64-mingw32/8.1.0/../../../../i686-w64-mingw32/lib/../lib/libkernel32.a(dgzcs00584.o)
 .text          0x00000000        0x8 C:/GNU/MINGW64/i686-8.1.0-win32-dwarf-rt_v6-rev0/mingw32/bin/../lib/gcc/i686-w64-mingw32/8.1.0/../../../../i686-w64-mingw32/lib/../lib/libkernel32.a(dgzcs00359.o)
 .text          0x00000000        0x8 C:/GNU/MINGW64/i686-8.1.0-win32-dwarf-rt_v6-rev0/mingw32/bin/../lib/gcc/i686-w64-mingw32/8.1.0/../../../../i686-w64-mingw32/lib/../lib/libuser32.a(dmces00912.o)

Memory Configuration

Name             Origin             Length             Attributes
*default*        0x00000000         0xffffffff

Linker script and memory map

                0x6b080000                __image_base__ = 0x6b080000
                0x00000000                __dll__ = 0x0
                0x6b080000                ___ImageBase = 0x6b080000
                0x00001000                __section_alignment__ = 0x1000
                0x00000200                __file_alignment__ = 0x200
                0x00000004                __major_os_version__ = 0x4
                0x00000000                __minor_os_version__ = 0x0
                0x00000001                __major_image_version__ = 0x1
                0x00000000                __minor_image_version__ = 0x0
                0x00000004                __major_subsystem_version__ = 0x4
                0x00000000                __minor_subsystem_version__ = 0x0
                0x00000002                __subsystem__ = 0x2
                0x00200000                __size_of_stack_reserve__ = 0x200000
                0x00001000                __size_of_stack_commit__ = 0x1000
                0x00100000                __size_of_heap_reserve__ = 0x100000
                0x00001000                __size_of_heap_commit__ = 0x1000
                0x00000000                __loader_flags__ = 0x0
                0x00000000                __dll_characteristics__ = 0x0
LOAD ../build/x86_Debug/debug.o
LOAD ../build/x86_Debug/dllmain.o
LOAD ../build/x86_Debug/pmc_add_sub.o
LOAD ../build/x86_Debug/pmc_bytes.o
LOAD ../build/x86_Debug/pmc_clone.o
LOAD ../build/x86_Debug/pmc_from.o
LOAD ../build/x86_Debug/pmc_getnumbertype.o
LOAD ../build/x86_Debug/pmc_initialize.o
LOAD ../build/x86_Debug/pmc_memory.o
LOAD ../build/x86_Debug/pmc_negate.o
LOAD ../build/x86_Debug/pmc_statistics.o
LOAD ../build/x86_Debug/pmc_to.o
LOAD ../build/x86_Debug/TEST_autogenerated.o
LOAD ../build/x86_Debug/TEST_op_Add.o
LOAD ../build/x86_Debug/TEST_op_Clone.o
LOAD ../build/x86_Debug/TEST_op_From_To.o
LOAD ../build/x86_Debug/TEST_op_GetNumberType.o
LOAD ../build/x86_Debug/TEST_op_Negate.o
LOAD ../build/x86_Debug/TEST_op_Subtruct.o
LOAD ../build/x86_Debug/version.o
LOAD ../Palmtree.Math.Core.Sint.def
LOAD C:/GNU/MINGW64/i686-8.1.0-win32-dwarf-rt_v6-rev0/mingw32/bin/../lib/gcc/i686-w64-mingw32/8.1.0/../../../../i686-w64-mingw32/lib/../lib/libkernel32.a
LOAD C:/GNU/MINGW64/i686-8.1.0-win32-dwarf-rt_v6-rev0/mingw32/bin/../lib/gcc/i686-w64-mingw32/8.1.0/../../../../i686-w64-mingw32/lib/../lib/libuser32.a
                0x000003a8                . = SIZEOF_HEADERS
                0x00001000                . = ALIGN (__section_alignment__)

.text           0x6b081000    0x64400
 *(.init)
 *(.text)
 .text          0x6b081000      0x338 ../build/x86_Debug/debug.o
                0x6b0810ee                DoDebug
                0x6b0810ee                DoDebug@4
                0x6b0811e8                TEST_Assert
                0x6b081244                FormatTestLabel
                0x6b081274                FormatTestMesssage
                0x6b08129d                DumpBinary_UNIT
 .text          0x6b081338       0x58 ../build/x86_Debug/dllmain.o
                0x6b081338                DllMain@12
 .text          0x6b081390     0x2548 ../build/x86_Debug/pmc_add_sub.o
                0x6b081a3f                PMC_Add_I_X@12
                0x6b081c5e                PMC_Add_L_X@16
                0x6b081ec4                PMC_Add_UX_X@12
                0x6b082064                PMC_Add_X_I@12
                0x6b0822ad                PMC_Add_X_L@16
                0x6b08253d                PMC_Add_X_UX@12
                0x6b082741                PMC_Add_X_X@12
                0x6b08297c                PMC_Subtruct_I_X@12
                0x6b082b9b                PMC_Subtruct_L_X@16
                0x6b082e01                PMC_Subtruct_UX_X@12
                0x6b082fe3                PMC_Subtruct_X_I@12
                0x6b083230                PMC_Subtruct_X_L@16
                0x6b0834c4                PMC_Subtruct_X_UX@12
                0x6b08369c                PMC_Subtruct_X_X@12
 .text          0x6b0838d8      0x138 ../build/x86_Debug/pmc_bytes.o
                0x6b0838d8                PMC_FromByteArray@12
                0x6b08398a                PMC_ToByteArray@16
 .text          0x6b083a10       0xa8 ../build/x86_Debug/pmc_clone.o
                0x6b083a10                PMC_Clone_X@8
 .text          0x6b083ab8      0x290 ../build/x86_Debug/pmc_from.o
                0x6b083ab8                From_I_Imp
                0x6b083b29                From_L_Imp
                0x6b083bae                PMC_From_I@8
                0x6b083c4d                PMC_From_L@12
 .text          0x6b083d48       0xc0 ../build/x86_Debug/pmc_getnumbertype.o
                0x6b083d48                PMC_GetNumberType_X@8
                0x6b083dff                Initialize_GetPropertyValue
 .text          0x6b083e08      0x28c ../build/x86_Debug/pmc_initialize.o
                0x6b083eeb                PMC_SINT_Initialize@4
                0x6b083eeb                PMC_SINT_Initialize
 .text          0x6b084094      0x7f8 ../build/x86_Debug/pmc_memory.o
                0x6b0842f5                AttatchNumber
                0x6b08433d                AllocateNumber
                0x6b0843bf                DetatchNumber
                0x6b0843e9                DeallocateNumber
                0x6b08443f                CheckNumber
                0x6b084469                DuplicateNumber
                0x6b084564                Negate_Imp
                0x6b084641                PMC_GetConstantValue_I@8
                0x6b08468f                PMC_Dispose@4
                0x6b0846ab                Initialize_Memory
                0x6b084819                AllocateHeapArea
                0x6b08485c                DeallocateHeapArea
 .text          0x6b08488c       0x70 ../build/x86_Debug/pmc_negate.o
                0x6b08488c                PMC_Negate_X@8
 .text          0x6b0848fc       0x1c ../build/x86_Debug/pmc_statistics.o
                0x6b0848fc                PMC_GetStatisticsInfo@4
 .text          0x6b084918      0x18c ../build/x86_Debug/pmc_to.o
                0x6b084918                PMC_To_X_I@8
                0x6b0849c9                PMC_To_X_L@8
 .text          0x6b084aa4    0x5d99c ../build/x86_Debug/TEST_autogenerated.o
                0x6b084aa4                TEST_autogenerated
 .text          0x6b0e2440     0x10e4 ../build/x86_Debug/TEST_op_Add.o
                0x6b0e2482                TEST_Add_I_X
                0x6b0e269d                TEST_Add_L_X
                0x6b0e28d7                TEST_Add_UX_X
                0x6b0e2b7c                TEST_Add_X_I
                0x6b0e2d97                TEST_Add_X_L
                0x6b0e2fd1                TEST_Add_X_UX
                0x6b0e3276                TEST_Add_X_X
 .text          0x6b0e3524      0x258 ../build/x86_Debug/TEST_op_Clone.o
                0x6b0e3566                TEST_Clone_X
 .text          0x6b0e377c      0x648 ../build/x86_Debug/TEST_op_From_To.o
                0x6b0e37be                TEST_From_I
                0x6b0e3942                TEST_From_L
                0x6b0e3ae5                TEST_To_X_I
                0x6b0e3c3e                TEST_To_X_L
 .text          0x6b0e3dc4      0x154 ../build/x86_Debug/TEST_op_GetNumberType.o
                0x6b0e3dc4                TEST_GetNumberType_X
 .text          0x6b0e3f18      0x258 ../build/x86_Debug/TEST_op_Negate.o
                0x6b0e3f5a                TEST_Negate_X
 .text          0x6b0e4170     0x10e4 ../build/x86_Debug/TEST_op_Subtruct.o
                0x6b0e41b2                TEST_Subtruct_I_X
                0x6b0e43cd                TEST_Subtruct_L_X
                0x6b0e4607                TEST_Subtruct_UX_X
                0x6b0e48ac                TEST_Subtruct_X_I
                0x6b0e4ac7                TEST_Subtruct_X_L
                0x6b0e4d01                TEST_Subtruct_X_UX
                0x6b0e4fa6                TEST_Subtruct_X_X
 .text          0x6b0e5254        0x0 C:/GNU/MINGW64/i686-8.1.0-win32-dwarf-rt_v6-rev0/mingw32/bin/../lib/gcc/i686-w64-mingw32/8.1.0/../../../../i686-w64-mingw32/lib/../lib/libkernel32.a(dgzch.o)
 .text          0x6b0e5254        0x0 C:/GNU/MINGW64/i686-8.1.0-win32-dwarf-rt_v6-rev0/mingw32/bin/../lib/gcc/i686-w64-mingw32/8.1.0/../../../../i686-w64-mingw32/lib/../lib/libkernel32.a(dgzct.o)
 .text          0x6b0e5254        0x0 C:/GNU/MINGW64/i686-8.1.0-win32-dwarf-rt_v6-rev0/mingw32/bin/../lib/gcc/i686-w64-mingw32/8.1.0/../../../../i686-w64-mingw32/lib/../lib/libuser32.a(dmceh.o)
 .text          0x6b0e5254        0x0 C:/GNU/MINGW64/i686-8.1.0-win32-dwarf-rt_v6-rev0/mingw32/bin/../lib/gcc/i686-w64-mingw32/8.1.0/../../../../i686-w64-mingw32/lib/../lib/libuser32.a(dmcet.o)
 *(SORT_BY_NAME(.text$*))
 *(.text.*)
 *(.gnu.linkonce.t.*)
 *(.glue_7t)
 *(.glue_7)
                0x6b0e5254                ___CTOR_LIST__ = .
                0x6b0e5254                __CTOR_LIST__ = .
                0x6b0e5254        0x4 LONG 0xffffffff
 *(.ctors)
 *(.ctor)
 *(SORT_BY_NAME(.ctors.*))
                0x6b0e5258        0x4 LONG 0x0
                0x6b0e525c                ___DTOR_LIST__ = .
                0x6b0e525c                __DTOR_LIST__ = .
                0x6b0e525c        0x4 LONG 0xffffffff
 *(.dtors)
 *(.dtor)
 *(SORT_BY_NAME(.dtors.*))
                0x6b0e5260        0x4 LONG 0x0
 *(.fini)
 *(.gcc_exc)
                [!provide]                PROVIDE (etext = .)
                [!provide]                PROVIDE (_etext = .)
 *(.gcc_except_table)

.data           0x6b0e6000     0x5e00
                0x6b0e6000                __data_start__ = .
 *(.data)
 .data          0x6b0e6000        0x0 ../build/x86_Debug/debug.o
 .data          0x6b0e6000        0x0 ../build/x86_Debug/dllmain.o
 .data          0x6b0e6000        0x0 ../build/x86_Debug/pmc_add_sub.o
 .data          0x6b0e6000        0x0 ../build/x86_Debug/pmc_bytes.o
 .data          0x6b0e6000        0x0 ../build/x86_Debug/pmc_clone.o
 .data          0x6b0e6000        0x0 ../build/x86_Debug/pmc_from.o
 .data          0x6b0e6000        0x0 ../build/x86_Debug/pmc_getnumbertype.o
 .data          0x6b0e6000        0x0 ../build/x86_Debug/pmc_initialize.o
 .data          0x6b0e6000        0x0 ../build/x86_Debug/pmc_memory.o
 .data          0x6b0e6000        0x0 ../build/x86_Debug/pmc_negate.o
 .data          0x6b0e6000        0x0 ../build/x86_Debug/pmc_statistics.o
 .data          0x6b0e6000        0x0 ../build/x86_Debug/pmc_to.o
 .data          0x6b0e6000     0x5d70 ../build/x86_Debug/TEST_autogenerated.o
 .data          0x6b0ebd70        0x0 ../build/x86_Debug/TEST_op_Add.o
 .data          0x6b0ebd70        0x0 ../build/x86_Debug/TEST_op_Clone.o
 .data          0x6b0ebd70        0x0 ../build/x86_Debug/TEST_op_From_To.o
 .data          0x6b0ebd70        0x0 ../build/x86_Debug/TEST_op_GetNumberType.o
 .data          0x6b0ebd70        0x0 ../build/x86_Debug/TEST_op_Negate.o
 .data          0x6b0ebd70        0x0 ../build/x86_Debug/TEST_op_Subtruct.o
 .data          0x6b0ebd70        0x0 C:/GNU/MINGW64/i686-8.1.0-win32-dwarf-rt_v6-rev0/mingw32/bin/../lib/gcc/i686-w64-mingw32/8.1.0/../../../../i686-w64-mingw32/lib/../lib/libkernel32.a(dgzcs00839.o)
 .data          0x6b0ebd70        0x0 C:/GNU/MINGW64/i686-8.1.0-win32-dwarf-rt_v6-rev0/mingw32/bin/../lib/gcc/i686-w64-mingw32/8.1.0/../../../../i686-w64-mingw32/lib/../lib/libkernel32.a(dgzcs00729.o)
 .data          0x6b0ebd70        0x0 C:/GNU/MINGW64/i686-8.1.0-win32-dwarf-rt_v6-rev0/mingw32/bin/../lib/gcc/i686-w64-mingw32/8.1.0/../../../../i686-w64-mingw32/lib/../lib/libkernel32.a(dgzcs00727.o)
 .data          0x6b0ebd70        0x0 C:/GNU/MINGW64/i686-8.1.0-win32-dwarf-rt_v6-rev0/mingw32/bin/../lib/gcc/i686-w64-mingw32/8.1.0/../../../../i686-w64-mingw32/lib/../lib/libkernel32.a(dgzcs00725.o)
 .data          0x6b0ebd70        0x0 C:/GNU/MINGW64/i686-8.1.0-win32-dwarf-rt_v6-rev0/mingw32/bin/../lib/gcc/i686-w64-mingw32/8.1.0/../../../../i686-w64-mingw32/lib/../lib/libkernel32.a(dgzcs00723.o)
 .data          0x6b0ebd70        0x0 C:/GNU/MINGW64/i686-8.1.0-win32-dwarf-rt_v6-rev0/mingw32/bin/../lib/gcc/i686-w64-mingw32/8.1.0/../../../../i686-w64-mingw32/lib/../lib/libkernel32.a(dgzcs00584.o)
 .data          0x6b0ebd70        0x0 C:/GNU/MINGW64/i686-8.1.0-win32-dwarf-rt_v6-rev0/mingw32/bin/../lib/gcc/i686-w64-mingw32/8.1.0/../../../../i686-w64-mingw32/lib/../lib/libkernel32.a(dgzcs00359.o)
 .data          0x6b0ebd70        0x0 C:/GNU/MINGW64/i686-8.1.0-win32-dwarf-rt_v6-rev0/mingw32/bin/../lib/gcc/i686-w64-mingw32/8.1.0/../../../../i686-w64-mingw32/lib/../lib/libkernel32.a(dgzch.o)
 .data          0x6b0ebd70        0x0 C:/GNU/MINGW64/i686-8.1.0-win32-dwarf-rt_v6-rev0/mingw32/bin/../lib/gcc/i686-w64-mingw32/8.1.0/../../../../i686-w64-mingw32/lib/../lib/libkernel32.a(dgzct.o)
 .data          0x6b0ebd70        0x0 C:/GNU/MINGW64/i686-8.1.0-win32-dwarf-rt_v6-rev0/mingw32/bin/../lib/gcc/i686-w64-mingw32/8.1.0/../../../../i686-w64-mingw32/lib/../lib/libuser32.a(dmces00912.o)
 .data          0x6b0ebd70        0x0 C:/GNU/MINGW64/i686-8.1.0-win32-dwarf-rt_v6-rev0/mingw32/bin/../lib/gcc/i686-w64-mingw32/8.1.0/../../../../i686-w64-mingw32/lib/../lib/libuser32.a(dmceh.o)
 .data          0x6b0ebd70        0x0 C:/GNU/MINGW64/i686-8.1.0-win32-dwarf-rt_v6-rev0/mingw32/bin/../lib/gcc/i686-w64-mingw32/8.1.0/../../../../i686-w64-mingw32/lib/../lib/libuser32.a(dmcet.o)
 *(.data2)
 *(SORT_BY_NAME(.data$*))
 *(.jcr)
                0x6b0ebd70                __data_end__ = .
 *(.data_cygwin_nocopy)

.rdata          0x6b0ec000     0x1400
 *(.rdata)
 .rdata         0x6b0ec000      0x1c8 ../build/x86_Debug/debug.o
 .rdata         0x6b0ec1c8       0x30 ../build/x86_Debug/pmc_initialize.o
 .rdata         0x6b0ec1f8      0x334 ../build/x86_Debug/TEST_op_Add.o
 .rdata         0x6b0ec52c      0x114 ../build/x86_Debug/TEST_op_Clone.o
 .rdata         0x6b0ec640      0x200 ../build/x86_Debug/TEST_op_From_To.o
 .rdata         0x6b0ec840       0xfc ../build/x86_Debug/TEST_op_GetNumberType.o
 .rdata         0x6b0ec93c      0x118 ../build/x86_Debug/TEST_op_Negate.o
 .rdata         0x6b0eca54      0x3c0 ../build/x86_Debug/TEST_op_Subtruct.o
 *(SORT_BY_NAME(.rdata$*))
 .rdata$zzz     0x6b0ece14       0x40 ../build/x86_Debug/debug.o
 .rdata$zzz     0x6b0ece54       0x40 ../build/x86_Debug/dllmain.o
 .rdata$zzz     0x6b0ece94       0x40 ../build/x86_Debug/pmc_add_sub.o
 .rdata$zzz     0x6b0eced4       0x40 ../build/x86_Debug/pmc_bytes.o
 .rdata$zzz     0x6b0ecf14       0x40 ../build/x86_Debug/pmc_clone.o
 .rdata$zzz     0x6b0ecf54       0x40 ../build/x86_Debug/pmc_from.o
 .rdata$zzz     0x6b0ecf94       0x40 ../build/x86_Debug/pmc_getnumbertype.o
 .rdata$zzz     0x6b0ecfd4       0x40 ../build/x86_Debug/pmc_initialize.o
 .rdata$zzz     0x6b0ed014       0x40 ../build/x86_Debug/pmc_memory.o
 .rdata$zzz     0x6b0ed054       0x40 ../build/x86_Debug/pmc_negate.o
 .rdata$zzz     0x6b0ed094       0x40 ../build/x86_Debug/pmc_statistics.o
 .rdata$zzz     0x6b0ed0d4       0x40 ../build/x86_Debug/pmc_to.o
 .rdata$zzz     0x6b0ed114       0x40 ../build/x86_Debug/TEST_autogenerated.o
 .rdata$zzz     0x6b0ed154       0x40 ../build/x86_Debug/TEST_op_Add.o
 .rdata$zzz     0x6b0ed194       0x40 ../build/x86_Debug/TEST_op_Clone.o
 .rdata$zzz     0x6b0ed1d4       0x40 ../build/x86_Debug/TEST_op_From_To.o
 .rdata$zzz     0x6b0ed214       0x40 ../build/x86_Debug/TEST_op_GetNumberType.o
 .rdata$zzz     0x6b0ed254       0x40 ../build/x86_Debug/TEST_op_Negate.o
 .rdata$zzz     0x6b0ed294       0x40 ../build/x86_Debug/TEST_op_Subtruct.o
                0x6b0ed2d4                __rt_psrelocs_start = .
 *(.rdata_runtime_pseudo_reloc)
                0x6b0ed2d4                __rt_psrelocs_end = .
                0x00000000                __rt_psrelocs_size = (__rt_psrelocs_end - __rt_psrelocs_start)
                0x6b0ed2d4                ___RUNTIME_PSEUDO_RELOC_LIST_END__ = .
                0x6b0ed2d4                __RUNTIME_PSEUDO_RELOC_LIST_END__ = .
                0x6b0ed2d4                ___RUNTIME_PSEUDO_RELOC_LIST__ = (. - __rt_psrelocs_size)
                0x6b0ed2d4                __RUNTIME_PSEUDO_RELOC_LIST__ = (. - __rt_psrelocs_size)

.eh_frame       0x6b0ee000     0x1000
 *(.eh_frame*)
 .eh_frame      0x6b0ee000      0x130 ../build/x86_Debug/debug.o
 .eh_frame      0x6b0ee130       0x38 ../build/x86_Debug/dllmain.o
 .eh_frame      0x6b0ee168      0x308 ../build/x86_Debug/pmc_add_sub.o
 .eh_frame      0x6b0ee470       0x5c ../build/x86_Debug/pmc_bytes.o
 .eh_frame      0x6b0ee4cc       0x38 ../build/x86_Debug/pmc_clone.o
 .eh_frame      0x6b0ee504       0xa0 ../build/x86_Debug/pmc_from.o
 .eh_frame      0x6b0ee5a4       0x4c ../build/x86_Debug/pmc_getnumbertype.o
 .eh_frame      0x6b0ee5f0       0xa4 ../build/x86_Debug/pmc_initialize.o
 .eh_frame      0x6b0ee694      0x268 ../build/x86_Debug/pmc_memory.o
 .eh_frame      0x6b0ee8fc       0x38 ../build/x86_Debug/pmc_negate.o
 .eh_frame      0x6b0ee934       0x38 ../build/x86_Debug/pmc_statistics.o
 .eh_frame      0x6b0ee96c       0x5c ../build/x86_Debug/pmc_to.o
 .eh_frame      0x6b0ee9c8       0x3c ../build/x86_Debug/TEST_autogenerated.o
 .eh_frame      0x6b0eea04      0x16c ../build/x86_Debug/TEST_op_Add.o
 .eh_frame      0x6b0eeb70       0x64 ../build/x86_Debug/TEST_op_Clone.o
 .eh_frame      0x6b0eebd4       0xec ../build/x86_Debug/TEST_op_From_To.o
 .eh_frame      0x6b0eecc0       0x44 ../build/x86_Debug/TEST_op_GetNumberType.o
 .eh_frame      0x6b0eed04       0x64 ../build/x86_Debug/TEST_op_Negate.o
 .eh_frame      0x6b0eed68      0x16c ../build/x86_Debug/TEST_op_Subtruct.o

.pdata
 *(.pdata*)

.bss            0x6b0ef000      0x778
                0x6b0ef000                __bss_start__ = .
 *(.bss)
 .bss           0x6b0ef000      0x420 ../build/x86_Debug/debug.o
                0x6b0ef000                test_total_count
                0x6b0ef004                test_ok_count
                0x6b0ef008                __DEBUG_LOG
 .bss           0x6b0ef420        0x0 ../build/x86_Debug/dllmain.o
 .bss           0x6b0ef420        0x0 ../build/x86_Debug/pmc_add_sub.o
 .bss           0x6b0ef420        0x0 ../build/x86_Debug/pmc_bytes.o
 .bss           0x6b0ef420        0x0 ../build/x86_Debug/pmc_clone.o
 .bss           0x6b0ef420        0x0 ../build/x86_Debug/pmc_from.o
 .bss           0x6b0ef420        0x0 ../build/x86_Debug/pmc_getnumbertype.o
 .bss           0x6b0ef420      0x1a0 ../build/x86_Debug/pmc_initialize.o
 .bss           0x6b0ef5c0        0x0 ../build/x86_Debug/pmc_memory.o
 .bss           0x6b0ef5c0        0x0 ../build/x86_Debug/pmc_negate.o
 .bss           0x6b0ef5c0        0x0 ../build/x86_Debug/pmc_statistics.o
 .bss           0x6b0ef5c0        0x0 ../build/x86_Debug/pmc_to.o
 .bss           0x6b0ef5c0       0x44 ../build/x86_Debug/TEST_autogenerated.o
 .bss           0x6b0ef604        0x0 ../build/x86_Debug/TEST_op_Add.o
 .bss           0x6b0ef604        0x0 ../build/x86_Debug/TEST_op_Clone.o
 .bss           0x6b0ef604        0x0 ../build/x86_Debug/TEST_op_From_To.o
 .bss           0x6b0ef604        0x0 ../build/x86_Debug/TEST_op_GetNumberType.o
 .bss           0x6b0ef604        0x0 ../build/x86_Debug/TEST_op_Negate.o
 .bss           0x6b0ef604        0x0 ../build/x86_Debug/TEST_op_Subtruct.o
 .bss           0x6b0ef604        0x0 C:/GNU/MINGW64/i686-8.1.0-win32-dwarf-rt_v6-rev0/mingw32/bin/../lib/gcc/i686-w64-mingw32/8.1.0/../../../../i686-w64-mingw32/lib/../lib/libkernel32.a(dgzcs00839.o)
 .bss           0x6b0ef604        0x0 C:/GNU/MINGW64/i686-8.1.0-win32-dwarf-rt_v6-rev0/mingw32/bin/../lib/gcc/i686-w64-mingw32/8.1.0/../../../../i686-w64-mingw32/lib/../lib/libkernel32.a(dgzcs00729.o)
 .bss           0x6b0ef604        0x0 C:/GNU/MINGW64/i686-8.1.0-win32-dwarf-rt_v6-rev0/mingw32/bin/../lib/gcc/i686-w64-mingw32/8.1.0/../../../../i686-w64-mingw32/lib/../lib/libkernel32.a(dgzcs00727.o)
 .bss           0x6b0ef604        0x0 C:/GNU/MINGW64/i686-8.1.0-win32-dwarf-rt_v6-rev0/mingw32/bin/../lib/gcc/i686-w64-mingw32/8.1.0/../../../../i686-w64-mingw32/lib/../lib/libkernel32.a(dgzcs00725.o)
 .bss           0x6b0ef604        0x0 C:/GNU/MINGW64/i686-8.1.0-win32-dwarf-rt_v6-rev0/mingw32/bin/../lib/gcc/i686-w64-mingw32/8.1.0/../../../../i686-w64-mingw32/lib/../lib/libkernel32.a(dgzcs00723.o)
 .bss           0x6b0ef604        0x0 C:/GNU/MINGW64/i686-8.1.0-win32-dwarf-rt_v6-rev0/mingw32/bin/../lib/gcc/i686-w64-mingw32/8.1.0/../../../../i686-w64-mingw32/lib/../lib/libkernel32.a(dgzcs00584.o)
 .bss           0x6b0ef604        0x0 C:/GNU/MINGW64/i686-8.1.0-win32-dwarf-rt_v6-rev0/mingw32/bin/../lib/gcc/i686-w64-mingw32/8.1.0/../../../../i686-w64-mingw32/lib/../lib/libkernel32.a(dgzcs00359.o)
 .bss           0x6b0ef604        0x0 C:/GNU/MINGW64/i686-8.1.0-win32-dwarf-rt_v6-rev0/mingw32/bin/../lib/gcc/i686-w64-mingw32/8.1.0/../../../../i686-w64-mingw32/lib/../lib/libkernel32.a(dgzch.o)
 .bss           0x6b0ef604        0x0 C:/GNU/MINGW64/i686-8.1.0-win32-dwarf-rt_v6-rev0/mingw32/bin/../lib/gcc/i686-w64-mingw32/8.1.0/../../../../i686-w64-mingw32/lib/../lib/libkernel32.a(dgzct.o)
 .bss           0x6b0ef604        0x0 C:/GNU/MINGW64/i686-8.1.0-win32-dwarf-rt_v6-rev0/mingw32/bin/../lib/gcc/i686-w64-mingw32/8.1.0/../../../../i686-w64-mingw32/lib/../lib/libuser32.a(dmces00912.o)
 .bss           0x6b0ef604        0x0 C:/GNU/MINGW64/i686-8.1.0-win32-dwarf-rt_v6-rev0/mingw32/bin/../lib/gcc/i686-w64-mingw32/8.1.0/../../../../i686-w64-mingw32/lib/../lib/libuser32.a(dmceh.o)
 .bss           0x6b0ef604        0x0 C:/GNU/MINGW64/i686-8.1.0-win32-dwarf-rt_v6-rev0/mingw32/bin/../lib/gcc/i686-w64-mingw32/8.1.0/../../../../i686-w64-mingw32/lib/../lib/libuser32.a(dmcet.o)
 *(COMMON)
 *fill*         0x6b0ef604       0x1c 
 COMMON         0x6b0ef620      0x118 ../build/x86_Debug/pmc_initialize.o
                0x6b0ef620                ep_uint
 COMMON         0x6b0ef738       0x40 ../build/x86_Debug/pmc_memory.o
                0x6b0ef738                number_zero
                0x6b0ef74c                number_minus_one
                0x6b0ef760                number_one
                0x6b0ef774                hLocalHeap
                0x6b0ef778                __bss_end__ = .

.edata          0x6b0f0000      0x200
 *(.edata)
 .edata         0x6b0f0000       0xa8 dll stuff

/DISCARD/
 *(.debug$S)
 *(.debug$T)
 *(.debug$F)
 *(.drectve)
 *(.note.GNU-stack)
 *(.gnu.lto_*)

.idata          0x6b0f1000      0x200
 SORT_BY_NAME(*)(.idata$2)
 .idata$2       0x6b0f1000       0x14 C:/GNU/MINGW64/i686-8.1.0-win32-dwarf-rt_v6-rev0/mingw32/bin/../lib/gcc/i686-w64-mingw32/8.1.0/../../../../i686-w64-mingw32/lib/../lib/libkernel32.a(dgzch.o)
                0x6b0f1000                _head_lib32_libkernel32_a
 .idata$2       0x6b0f1014       0x14 C:/GNU/MINGW64/i686-8.1.0-win32-dwarf-rt_v6-rev0/mingw32/bin/../lib/gcc/i686-w64-mingw32/8.1.0/../../../../i686-w64-mingw32/lib/../lib/libuser32.a(dmceh.o)
                0x6b0f1014                _head_lib32_libuser32_a
 SORT_BY_NAME(*)(.idata$3)
                0x6b0f1028        0x4 LONG 0x0
                0x6b0f102c        0x4 LONG 0x0
                0x6b0f1030        0x4 LONG 0x0
                0x6b0f1034        0x4 LONG 0x0
                0x6b0f1038        0x4 LONG 0x0
 SORT_BY_NAME(*)(.idata$4)
 .idata$4       0x6b0f103c        0x0 C:/GNU/MINGW64/i686-8.1.0-win32-dwarf-rt_v6-rev0/mingw32/bin/../lib/gcc/i686-w64-mingw32/8.1.0/../../../../i686-w64-mingw32/lib/../lib/libkernel32.a(dgzch.o)
 .idata$4       0x6b0f103c        0x4 C:/GNU/MINGW64/i686-8.1.0-win32-dwarf-rt_v6-rev0/mingw32/bin/../lib/gcc/i686-w64-mingw32/8.1.0/../../../../i686-w64-mingw32/lib/../lib/libkernel32.a(dgzcs00359.o)
 .idata$4       0x6b0f1040        0x4 C:/GNU/MINGW64/i686-8.1.0-win32-dwarf-rt_v6-rev0/mingw32/bin/../lib/gcc/i686-w64-mingw32/8.1.0/../../../../i686-w64-mingw32/lib/../lib/libkernel32.a(dgzcs00584.o)
 .idata$4       0x6b0f1044        0x4 C:/GNU/MINGW64/i686-8.1.0-win32-dwarf-rt_v6-rev0/mingw32/bin/../lib/gcc/i686-w64-mingw32/8.1.0/../../../../i686-w64-mingw32/lib/../lib/libkernel32.a(dgzcs00723.o)
 .idata$4       0x6b0f1048        0x4 C:/GNU/MINGW64/i686-8.1.0-win32-dwarf-rt_v6-rev0/mingw32/bin/../lib/gcc/i686-w64-mingw32/8.1.0/../../../../i686-w64-mingw32/lib/../lib/libkernel32.a(dgzcs00725.o)
 .idata$4       0x6b0f104c        0x4 C:/GNU/MINGW64/i686-8.1.0-win32-dwarf-rt_v6-rev0/mingw32/bin/../lib/gcc/i686-w64-mingw32/8.1.0/../../../../i686-w64-mingw32/lib/../lib/libkernel32.a(dgzcs00727.o)
 .idata$4       0x6b0f1050        0x4 C:/GNU/MINGW64/i686-8.1.0-win32-dwarf-rt_v6-rev0/mingw32/bin/../lib/gcc/i686-w64-mingw32/8.1.0/../../../../i686-w64-mingw32/lib/../lib/libkernel32.a(dgzcs00729.o)
 .idata$4       0x6b0f1054        0x4 C:/GNU/MINGW64/i686-8.1.0-win32-dwarf-rt_v6-rev0/mingw32/bin/../lib/gcc/i686-w64-mingw32/8.1.0/../../../../i686-w64-mingw32/lib/../lib/libkernel32.a(dgzcs00839.o)
 .idata$4       0x6b0f1058        0x4 C:/GNU/MINGW64/i686-8.1.0-win32-dwarf-rt_v6-rev0/mingw32/bin/../lib/gcc/i686-w64-mingw32/8.1.0/../../../../i686-w64-mingw32/lib/../lib/libkernel32.a(dgzct.o)
 .idata$4       0x6b0f105c        0x0 C:/GNU/MINGW64/i686-8.1.0-win32-dwarf-rt_v6-rev0/mingw32/bin/../lib/gcc/i686-w64-mingw32/8.1.0/../../../../i686-w64-mingw32/lib/../lib/libuser32.a(dmceh.o)
 .idata$4       0x6b0f105c        0x4 C:/GNU/MINGW64/i686-8.1.0-win32-dwarf-rt_v6-rev0/mingw32/bin/../lib/gcc/i686-w64-mingw32/8.1.0/../../../../i686-w64-mingw32/lib/../lib/libuser32.a(dmces00912.o)
 .idata$4       0x6b0f1060        0x4 C:/GNU/MINGW64/i686-8.1.0-win32-dwarf-rt_v6-rev0/mingw32/bin/../lib/gcc/i686-w64-mingw32/8.1.0/../../../../i686-w64-mingw32/lib/../lib/libuser32.a(dmcet.o)
                0x6b0f1064                __IAT_start__ = .
 SORT_BY_NAME(*)(.idata$5)
 .idata$5       0x6b0f1064        0x0 C:/GNU/MINGW64/i686-8.1.0-win32-dwarf-rt_v6-rev0/mingw32/bin/../lib/gcc/i686-w64-mingw32/8.1.0/../../../../i686-w64-mingw32/lib/../lib/libkernel32.a(dgzch.o)
 .idata$5       0x6b0f1064        0x4 C:/GNU/MINGW64/i686-8.1.0-win32-dwarf-rt_v6-rev0/mingw32/bin/../lib/gcc/i686-w64-mingw32/8.1.0/../../../../i686-w64-mingw32/lib/../lib/libkernel32.a(dgzcs00359.o)
                0x6b0f1064                _imp__FreeLibrary@4
 .idata$5       0x6b0f1068        0x4 C:/GNU/MINGW64/i686-8.1.0-win32-dwarf-rt_v6-rev0/mingw32/bin/../lib/gcc/i686-w64-mingw32/8.1.0/../../../../i686-w64-mingw32/lib/../lib/libkernel32.a(dgzcs00584.o)
                0x6b0f1068                _imp__GetProcAddress@8
 .idata$5       0x6b0f106c        0x4 C:/GNU/MINGW64/i686-8.1.0-win32-dwarf-rt_v6-rev0/mingw32/bin/../lib/gcc/i686-w64-mingw32/8.1.0/../../../../i686-w64-mingw32/lib/../lib/libkernel32.a(dgzcs00723.o)
                0x6b0f106c                _imp__HeapAlloc@12
 .idata$5       0x6b0f1070        0x4 C:/GNU/MINGW64/i686-8.1.0-win32-dwarf-rt_v6-rev0/mingw32/bin/../lib/gcc/i686-w64-mingw32/8.1.0/../../../../i686-w64-mingw32/lib/../lib/libkernel32.a(dgzcs00725.o)
                0x6b0f1070                _imp__HeapCreate@12
 .idata$5       0x6b0f1074        0x4 C:/GNU/MINGW64/i686-8.1.0-win32-dwarf-rt_v6-rev0/mingw32/bin/../lib/gcc/i686-w64-mingw32/8.1.0/../../../../i686-w64-mingw32/lib/../lib/libkernel32.a(dgzcs00727.o)
                0x6b0f1074                _imp__HeapDestroy@4
 .idata$5       0x6b0f1078        0x4 C:/GNU/MINGW64/i686-8.1.0-win32-dwarf-rt_v6-rev0/mingw32/bin/../lib/gcc/i686-w64-mingw32/8.1.0/../../../../i686-w64-mingw32/lib/../lib/libkernel32.a(dgzcs00729.o)
                0x6b0f1078                _imp__HeapFree@12
 .idata$5       0x6b0f107c        0x4 C:/GNU/MINGW64/i686-8.1.0-win32-dwarf-rt_v6-rev0/mingw32/bin/../lib/gcc/i686-w64-mingw32/8.1.0/../../../../i686-w64-mingw32/lib/../lib/libkernel32.a(dgzcs00839.o)
                0x6b0f107c                _imp__LoadLibraryA@4
 .idata$5       0x6b0f1080        0x4 C:/GNU/MINGW64/i686-8.1.0-win32-dwarf-rt_v6-rev0/mingw32/bin/../lib/gcc/i686-w64-mingw32/8.1.0/../../../../i686-w64-mingw32/lib/../lib/libkernel32.a(dgzct.o)
 .idata$5       0x6b0f1084        0x0 C:/GNU/MINGW64/i686-8.1.0-win32-dwarf-rt_v6-rev0/mingw32/bin/../lib/gcc/i686-w64-mingw32/8.1.0/../../../../i686-w64-mingw32/lib/../lib/libuser32.a(dmceh.o)
 .idata$5       0x6b0f1084        0x4 C:/GNU/MINGW64/i686-8.1.0-win32-dwarf-rt_v6-rev0/mingw32/bin/../lib/gcc/i686-w64-mingw32/8.1.0/../../../../i686-w64-mingw32/lib/../lib/libuser32.a(dmces00912.o)
                0x6b0f1084                _imp__wsprintfW
 .idata$5       0x6b0f1088        0x4 C:/GNU/MINGW64/i686-8.1.0-win32-dwarf-rt_v6-rev0/mingw32/bin/../lib/gcc/i686-w64-mingw32/8.1.0/../../../../i686-w64-mingw32/lib/../lib/libuser32.a(dmcet.o)
                0x6b0f108c                __IAT_end__ = .
 SORT_BY_NAME(*)(.idata$6)
 .idata$6       0x6b0f108c        0xe C:/GNU/MINGW64/i686-8.1.0-win32-dwarf-rt_v6-rev0/mingw32/bin/../lib/gcc/i686-w64-mingw32/8.1.0/../../../../i686-w64-mingw32/lib/../lib/libkernel32.a(dgzcs00359.o)
 .idata$6       0x6b0f109a       0x12 C:/GNU/MINGW64/i686-8.1.0-win32-dwarf-rt_v6-rev0/mingw32/bin/../lib/gcc/i686-w64-mingw32/8.1.0/../../../../i686-w64-mingw32/lib/../lib/libkernel32.a(dgzcs00584.o)
 .idata$6       0x6b0f10ac        0xc C:/GNU/MINGW64/i686-8.1.0-win32-dwarf-rt_v6-rev0/mingw32/bin/../lib/gcc/i686-w64-mingw32/8.1.0/../../../../i686-w64-mingw32/lib/../lib/libkernel32.a(dgzcs00723.o)
 .idata$6       0x6b0f10b8        0xe C:/GNU/MINGW64/i686-8.1.0-win32-dwarf-rt_v6-rev0/mingw32/bin/../lib/gcc/i686-w64-mingw32/8.1.0/../../../../i686-w64-mingw32/lib/../lib/libkernel32.a(dgzcs00725.o)
 .idata$6       0x6b0f10c6        0xe C:/GNU/MINGW64/i686-8.1.0-win32-dwarf-rt_v6-rev0/mingw32/bin/../lib/gcc/i686-w64-mingw32/8.1.0/../../../../i686-w64-mingw32/lib/../lib/libkernel32.a(dgzcs00727.o)
 .idata$6       0x6b0f10d4        0xc C:/GNU/MINGW64/i686-8.1.0-win32-dwarf-rt_v6-rev0/mingw32/bin/../lib/gcc/i686-w64-mingw32/8.1.0/../../../../i686-w64-mingw32/lib/../lib/libkernel32.a(dgzcs00729.o)
 .idata$6       0x6b0f10e0       0x10 C:/GNU/MINGW64/i686-8.1.0-win32-dwarf-rt_v6-rev0/mingw32/bin/../lib/gcc/i686-w64-mingw32/8.1.0/../../../../i686-w64-mingw32/lib/../lib/libkernel32.a(dgzcs00839.o)
 .idata$6       0x6b0f10f0        0xc C:/GNU/MINGW64/i686-8.1.0-win32-dwarf-rt_v6-rev0/mingw32/bin/../lib/gcc/i686-w64-mingw32/8.1.0/../../../../i686-w64-mingw32/lib/../lib/libuser32.a(dmces00912.o)
 SORT_BY_NAME(*)(.idata$7)
 .idata$7       0x6b0f10fc        0x4 C:/GNU/MINGW64/i686-8.1.0-win32-dwarf-rt_v6-rev0/mingw32/bin/../lib/gcc/i686-w64-mingw32/8.1.0/../../../../i686-w64-mingw32/lib/../lib/libkernel32.a(dgzcs00359.o)
 .idata$7       0x6b0f1100        0x4 C:/GNU/MINGW64/i686-8.1.0-win32-dwarf-rt_v6-rev0/mingw32/bin/../lib/gcc/i686-w64-mingw32/8.1.0/../../../../i686-w64-mingw32/lib/../lib/libkernel32.a(dgzcs00584.o)
 .idata$7       0x6b0f1104        0x4 C:/GNU/MINGW64/i686-8.1.0-win32-dwarf-rt_v6-rev0/mingw32/bin/../lib/gcc/i686-w64-mingw32/8.1.0/../../../../i686-w64-mingw32/lib/../lib/libkernel32.a(dgzcs00723.o)
 .idata$7       0x6b0f1108        0x4 C:/GNU/MINGW64/i686-8.1.0-win32-dwarf-rt_v6-rev0/mingw32/bin/../lib/gcc/i686-w64-mingw32/8.1.0/../../../../i686-w64-mingw32/lib/../lib/libkernel32.a(dgzcs00725.o)
 .idata$7       0x6b0f110c        0x4 C:/GNU/MINGW64/i686-8.1.0-win32-dwarf-rt_v6-rev0/mingw32/bin/../lib/gcc/i686-w64-mingw32/8.1.0/../../../../i686-w64-mingw32/lib/../lib/libkernel32.a(dgzcs00727.o)
 .idata$7       0x6b0f1110        0x4 C:/GNU/MINGW64/i686-8.1.0-win32-dwarf-rt_v6-rev0/mingw32/bin/../lib/gcc/i686-w64-mingw32/8.1.0/../../../../i686-w64-mingw32/lib/../lib/libkernel32.a(dgzcs00729.o)
 .idata$7       0x6b0f1114        0x4 C:/GNU/MINGW64/i686-8.1.0-win32-dwarf-rt_v6-rev0/mingw32/bin/../lib/gcc/i686-w64-mingw32/8.1.0/../../../../i686-w64-mingw32/lib/../lib/libkernel32.a(dgzcs00839.o)
 .idata$7       0x6b0f1118       0x10 C:/GNU/MINGW64/i686-8.1.0-win32-dwarf-rt_v6-rev0/mingw32/bin/../lib/gcc/i686-w64-mingw32/8.1.0/../../../../i686-w64-mingw32/lib/../lib/libkernel32.a(dgzct.o)
                0x6b0f1118                _lib32_libkernel32_a_iname
 .idata$7       0x6b0f1128        0x4 C:/GNU/MINGW64/i686-8.1.0-win32-dwarf-rt_v6-rev0/mingw32/bin/../lib/gcc/i686-w64-mingw32/8.1.0/../../../../i686-w64-mingw32/lib/../lib/libuser32.a(dmces00912.o)
 .idata$7       0x6b0f112c        0xc C:/GNU/MINGW64/i686-8.1.0-win32-dwarf-rt_v6-rev0/mingw32/bin/../lib/gcc/i686-w64-mingw32/8.1.0/../../../../i686-w64-mingw32/lib/../lib/libuser32.a(dmcet.o)
                0x6b0f112c                _lib32_libuser32_a_iname

.CRT            0x6b0f2000        0x0
                0x6b0f2000                ___crt_xc_start__ = .
 *(SORT_BY_NAME(.CRT$XC*))
                0x6b0f2000                ___crt_xc_end__ = .
                0x6b0f2000                ___crt_xi_start__ = .
 *(SORT_BY_NAME(.CRT$XI*))
                0x6b0f2000                ___crt_xi_end__ = .
                0x6b0f2000                ___crt_xl_start__ = .
 *(SORT_BY_NAME(.CRT$XL*))
                0x6b0f2000                ___crt_xp_start__ = .
 *(SORT_BY_NAME(.CRT$XP*))
                0x6b0f2000                ___crt_xp_end__ = .
                0x6b0f2000                ___crt_xt_start__ = .
 *(SORT_BY_NAME(.CRT$XT*))
                0x6b0f2000                ___crt_xt_end__ = .

.tls            0x6b0f2000        0x0
                0x6b0f2000                ___tls_start__ = .
 *(.tls$AAA)
 *(.tls)
 *(.tls$)
 *(SORT_BY_NAME(.tls$*))
 *(.tls$ZZZ)
                0x6b0f2000                ___tls_end__ = .

.endjunk        0x6b0f2000        0x0
                [!provide]                PROVIDE (end = .)
                [!provide]                PROVIDE (_end = .)
                0x6b0f2000                __end__ = .

.rsrc           0x6b0f2000      0x400
 *(.rsrc)
 .rsrc          0x6b0f2000      0x378 ../build/x86_Debug/version.o
 *(.rsrc$*)

.reloc          0x6b0f3000     0x7000
 *(.reloc)
 .reloc         0x6b0f3000     0x6f78 dll stuff

.stab
 *(.stab)

.stabstr
 *(.stabstr)

.debug_aranges  0x6b0fa000      0x400
 *(.debug_aranges)
 .debug_aranges
                0x6b0fa000       0x20 ../build/x86_Debug/debug.o
 .debug_aranges
                0x6b0fa020       0x20 ../build/x86_Debug/dllmain.o
 .debug_aranges
                0x6b0fa040       0x20 ../build/x86_Debug/pmc_add_sub.o
 .debug_aranges
                0x6b0fa060       0x20 ../build/x86_Debug/pmc_bytes.o
 .debug_aranges
                0x6b0fa080       0x20 ../build/x86_Debug/pmc_clone.o
 .debug_aranges
                0x6b0fa0a0       0x20 ../build/x86_Debug/pmc_from.o
 .debug_aranges
                0x6b0fa0c0       0x20 ../build/x86_Debug/pmc_getnumbertype.o
 .debug_aranges
                0x6b0fa0e0       0x20 ../build/x86_Debug/pmc_initialize.o
 .debug_aranges
                0x6b0fa100       0x20 ../build/x86_Debug/pmc_memory.o
 .debug_aranges
                0x6b0fa120       0x20 ../build/x86_Debug/pmc_negate.o
 .debug_aranges
                0x6b0fa140       0x20 ../build/x86_Debug/pmc_statistics.o
 .debug_aranges
                0x6b0fa160       0x20 ../build/x86_Debug/pmc_to.o
 .debug_aranges
                0x6b0fa180       0x20 ../build/x86_Debug/TEST_autogenerated.o
 .debug_aranges
                0x6b0fa1a0       0x20 ../build/x86_Debug/TEST_op_Add.o
 .debug_aranges
                0x6b0fa1c0       0x20 ../build/x86_Debug/TEST_op_Clone.o
 .debug_aranges
                0x6b0fa1e0       0x20 ../build/x86_Debug/TEST_op_From_To.o
 .debug_aranges
                0x6b0fa200       0x20 ../build/x86_Debug/TEST_op_GetNumberType.o
 .debug_aranges
                0x6b0fa220       0x20 ../build/x86_Debug/TEST_op_Negate.o
 .debug_aranges
                0x6b0fa240       0x20 ../build/x86_Debug/TEST_op_Subtruct.o

.zdebug_aranges
 *(.zdebug_aranges)

.debug_pubnames
 *(.debug_pubnames)

.zdebug_pubnames
 *(.zdebug_pubnames)

.debug_pubtypes
 *(.debug_pubtypes)

.zdebug_pubtypes
 *(.zdebug_pubtypes)

.debug_info     0x6b0fb000    0x7fc00
 *(.debug_info .gnu.linkonce.wi.*)
 .debug_info    0x6b0fb000     0x643a ../build/x86_Debug/debug.o
 .debug_info    0x6b10143a     0x59cd ../build/x86_Debug/dllmain.o
 .debug_info    0x6b106e07     0x67b4 ../build/x86_Debug/pmc_add_sub.o
 .debug_info    0x6b10d5bb     0x5aa5 ../build/x86_Debug/pmc_bytes.o
 .debug_info    0x6b113060     0x59d0 ../build/x86_Debug/pmc_clone.o
 .debug_info    0x6b118a30     0x5b50 ../build/x86_Debug/pmc_from.o
 .debug_info    0x6b11e580     0x5a5f ../build/x86_Debug/pmc_getnumbertype.o
 .debug_info    0x6b123fdf     0x632d ../build/x86_Debug/pmc_initialize.o
 .debug_info    0x6b12a30c     0x63c4 ../build/x86_Debug/pmc_memory.o
 .debug_info    0x6b1306d0     0x59d3 ../build/x86_Debug/pmc_negate.o
 .debug_info    0x6b1360a3     0x5943 ../build/x86_Debug/pmc_statistics.o
 .debug_info    0x6b13b9e6     0x5a89 ../build/x86_Debug/pmc_to.o
 .debug_info    0x6b14146f    0x14d4c ../build/x86_Debug/TEST_autogenerated.o
 .debug_info    0x6b1561bb     0x6594 ../build/x86_Debug/TEST_op_Add.o
 .debug_info    0x6b15c74f     0x5f62 ../build/x86_Debug/TEST_op_Clone.o
 .debug_info    0x6b1626b1     0x6148 ../build/x86_Debug/TEST_op_From_To.o
 .debug_info    0x6b1687f9     0x5e98 ../build/x86_Debug/TEST_op_GetNumberType.o
 .debug_info    0x6b16e691     0x5f64 ../build/x86_Debug/TEST_op_Negate.o
 .debug_info    0x6b1745f5     0x65bc ../build/x86_Debug/TEST_op_Subtruct.o

.zdebug_info
 *(.zdebug_info .zdebug.gnu.linkonce.wi.*)

.debug_abbrev   0x6b17b000     0x2800
 *(.debug_abbrev)
 .debug_abbrev  0x6b17b000      0x29b ../build/x86_Debug/debug.o
 .debug_abbrev  0x6b17b29b      0x192 ../build/x86_Debug/dllmain.o
 .debug_abbrev  0x6b17b42d      0x280 ../build/x86_Debug/pmc_add_sub.o
 .debug_abbrev  0x6b17b6ad      0x1b2 ../build/x86_Debug/pmc_bytes.o
 .debug_abbrev  0x6b17b85f      0x194 ../build/x86_Debug/pmc_clone.o
 .debug_abbrev  0x6b17b9f3      0x1e8 ../build/x86_Debug/pmc_from.o
 .debug_abbrev  0x6b17bbdb      0x1c9 ../build/x86_Debug/pmc_getnumbertype.o
 .debug_abbrev  0x6b17bda4      0x2cd ../build/x86_Debug/pmc_initialize.o
 .debug_abbrev  0x6b17c071      0x3c0 ../build/x86_Debug/pmc_memory.o
 .debug_abbrev  0x6b17c431      0x194 ../build/x86_Debug/pmc_negate.o
 .debug_abbrev  0x6b17c5c5      0x192 ../build/x86_Debug/pmc_statistics.o
 .debug_abbrev  0x6b17c757      0x1b2 ../build/x86_Debug/pmc_to.o
 .debug_abbrev  0x6b17c909      0x21c ../build/x86_Debug/TEST_autogenerated.o
 .debug_abbrev  0x6b17cb25      0x20b ../build/x86_Debug/TEST_op_Add.o
 .debug_abbrev  0x6b17cd30      0x1e9 ../build/x86_Debug/TEST_op_Clone.o
 .debug_abbrev  0x6b17cf19      0x20b ../build/x86_Debug/TEST_op_From_To.o
 .debug_abbrev  0x6b17d124      0x1cf ../build/x86_Debug/TEST_op_GetNumberType.o
 .debug_abbrev  0x6b17d2f3      0x1e9 ../build/x86_Debug/TEST_op_Negate.o
 .debug_abbrev  0x6b17d4dc      0x20b ../build/x86_Debug/TEST_op_Subtruct.o

.zdebug_abbrev
 *(.zdebug_abbrev)

.debug_line     0x6b17e000     0x8c00
 *(.debug_line)
 .debug_line    0x6b17e000      0x3a4 ../build/x86_Debug/debug.o
 .debug_line    0x6b17e3a4      0x28b ../build/x86_Debug/dllmain.o
 .debug_line    0x6b17e62f      0xde1 ../build/x86_Debug/pmc_add_sub.o
 .debug_line    0x6b17f410      0x2ce ../build/x86_Debug/pmc_bytes.o
 .debug_line    0x6b17f6de      0x2a5 ../build/x86_Debug/pmc_clone.o
 .debug_line    0x6b17f983      0x2ff ../build/x86_Debug/pmc_from.o
 .debug_line    0x6b17fc82      0x2d3 ../build/x86_Debug/pmc_getnumbertype.o
 .debug_line    0x6b17ff55      0x3ec ../build/x86_Debug/pmc_initialize.o
 .debug_line    0x6b180341      0x637 ../build/x86_Debug/pmc_memory.o
 .debug_line    0x6b180978      0x294 ../build/x86_Debug/pmc_negate.o
 .debug_line    0x6b180c0c      0x272 ../build/x86_Debug/pmc_statistics.o
 .debug_line    0x6b180e7e      0x2ff ../build/x86_Debug/pmc_to.o
 .debug_line    0x6b18117d     0x4089 ../build/x86_Debug/TEST_autogenerated.o
 .debug_line    0x6b185206      0x5fc ../build/x86_Debug/TEST_op_Add.o
 .debug_line    0x6b185802      0x312 ../build/x86_Debug/TEST_op_Clone.o
 .debug_line    0x6b185b14      0x3d1 ../build/x86_Debug/TEST_op_From_To.o
 .debug_line    0x6b185ee5      0x2ca ../build/x86_Debug/TEST_op_GetNumberType.o
 .debug_line    0x6b1861af      0x313 ../build/x86_Debug/TEST_op_Negate.o
 .debug_line    0x6b1864c2      0x601 ../build/x86_Debug/TEST_op_Subtruct.o

.zdebug_line
 *(.zdebug_line)

.debug_frame
 *(.debug_frame*)

.zdebug_frame
 *(.zdebug_frame*)

.debug_str      0x6b187000      0xa00
 *(.debug_str)
 .debug_str     0x6b187000       0xa3 ../build/x86_Debug/debug.o
 .debug_str     0x6b1870a3        0x9 ../build/x86_Debug/dllmain.o
 .debug_str     0x6b1870ac       0x49 ../build/x86_Debug/pmc_add_sub.o
 .debug_str     0x6b1870f5        0x9 ../build/x86_Debug/pmc_bytes.o
 .debug_str     0x6b1870fe        0x9 ../build/x86_Debug/pmc_clone.o
 .debug_str     0x6b187107       0x10 ../build/x86_Debug/pmc_from.o
 .debug_str     0x6b187117       0x7c ../build/x86_Debug/pmc_getnumbertype.o
 .debug_str     0x6b187193       0x99 ../build/x86_Debug/pmc_initialize.o
 .debug_str     0x6b18722c       0x10 ../build/x86_Debug/pmc_memory.o
 .debug_str     0x6b18723c        0x9 ../build/x86_Debug/pmc_negate.o
 .debug_str     0x6b187245       0x19 ../build/x86_Debug/pmc_statistics.o
 .debug_str     0x6b18725e        0x9 ../build/x86_Debug/pmc_to.o
 .debug_str     0x6b187267       0x99 ../build/x86_Debug/TEST_autogenerated.o
 .debug_str     0x6b187300      0x13c ../build/x86_Debug/TEST_op_Add.o
 .debug_str     0x6b18743c       0x99 ../build/x86_Debug/TEST_op_Clone.o
 .debug_str     0x6b1874d5       0xd5 ../build/x86_Debug/TEST_op_From_To.o
 .debug_str     0x6b1875aa       0x99 ../build/x86_Debug/TEST_op_GetNumberType.o
 .debug_str     0x6b187643       0x99 ../build/x86_Debug/TEST_op_Negate.o
 .debug_str     0x6b1876dc      0x13c ../build/x86_Debug/TEST_op_Subtruct.o

.zdebug_str
 *(.zdebug_str)

.debug_loc
 *(.debug_loc)

.zdebug_loc
 *(.zdebug_loc)

.debug_macinfo
 *(.debug_macinfo)

.zdebug_macinfo
 *(.zdebug_macinfo)

.debug_weaknames
 *(.debug_weaknames)

.zdebug_weaknames
 *(.zdebug_weaknames)

.debug_funcnames
 *(.debug_funcnames)

.zdebug_funcnames
 *(.zdebug_funcnames)

.debug_typenames
 *(.debug_typenames)

.zdebug_typenames
 *(.zdebug_typenames)

.debug_varnames
 *(.debug_varnames)

.zdebug_varnames
 *(.zdebug_varnames)

.debug_macro
 *(.debug_macro)

.zdebug_macro
 *(.zdebug_macro)

.debug_ranges
 *(.debug_ranges)

.zdebug_ranges
 *(.zdebug_ranges)

.debug_types
 *(.debug_types .gnu.linkonce.wt.*)

.zdebug_types
 *(.zdebug_types .gnu.linkonce.wt.*)

.debug_gdb_scripts
 *(.debug_gdb_scripts)

.zdebug_gdb_scripts
 *(.zdebug_gdb_scripts)
OUTPUT(../../dist/x86_Debug/Palmtree.Math.Core.Sint.dll pei-i386)
LOAD dll stuff
