Archive member included to satisfy reference by file (symbol)

C:/GNU/MINGW64/x86_64-8.1.0-win32-seh-rt_v6-rev0/mingw64/bin/../lib/gcc/x86_64-w64-mingw32/8.1.0/../../../../x86_64-w64-mingw32/lib/../lib/libkernel32.a(dqifs00954.o)
                              ../build/x64_Release/pmc_initialize.o (__imp_LoadLibraryA)
C:/GNU/MINGW64/x86_64-8.1.0-win32-seh-rt_v6-rev0/mingw64/bin/../lib/gcc/x86_64-w64-mingw32/8.1.0/../../../../x86_64-w64-mingw32/lib/../lib/libkernel32.a(dqifs00841.o)
                              ../build/x64_Release/pmc_memory.o (__imp_HeapFree)
C:/GNU/MINGW64/x86_64-8.1.0-win32-seh-rt_v6-rev0/mingw64/bin/../lib/gcc/x86_64-w64-mingw32/8.1.0/../../../../x86_64-w64-mingw32/lib/../lib/libkernel32.a(dqifs00839.o)
                              ../build/x64_Release/pmc_memory.o (__imp_HeapDestroy)
C:/GNU/MINGW64/x86_64-8.1.0-win32-seh-rt_v6-rev0/mingw64/bin/../lib/gcc/x86_64-w64-mingw32/8.1.0/../../../../x86_64-w64-mingw32/lib/../lib/libkernel32.a(dqifs00837.o)
                              ../build/x64_Release/pmc_memory.o (__imp_HeapCreate)
C:/GNU/MINGW64/x86_64-8.1.0-win32-seh-rt_v6-rev0/mingw64/bin/../lib/gcc/x86_64-w64-mingw32/8.1.0/../../../../x86_64-w64-mingw32/lib/../lib/libkernel32.a(dqifs00835.o)
                              ../build/x64_Release/pmc_memory.o (__imp_HeapAlloc)
C:/GNU/MINGW64/x86_64-8.1.0-win32-seh-rt_v6-rev0/mingw64/bin/../lib/gcc/x86_64-w64-mingw32/8.1.0/../../../../x86_64-w64-mingw32/lib/../lib/libkernel32.a(dqifs00689.o)
                              ../build/x64_Release/pmc_initialize.o (__imp_GetProcAddress)
C:/GNU/MINGW64/x86_64-8.1.0-win32-seh-rt_v6-rev0/mingw64/bin/../lib/gcc/x86_64-w64-mingw32/8.1.0/../../../../x86_64-w64-mingw32/lib/../lib/libkernel32.a(dqifs00427.o)
                              ../build/x64_Release/pmc_initialize.o (__imp_FreeLibrary)
C:/GNU/MINGW64/x86_64-8.1.0-win32-seh-rt_v6-rev0/mingw64/bin/../lib/gcc/x86_64-w64-mingw32/8.1.0/../../../../x86_64-w64-mingw32/lib/../lib/libkernel32.a(dqifh.o)
                              C:/GNU/MINGW64/x86_64-8.1.0-win32-seh-rt_v6-rev0/mingw64/bin/../lib/gcc/x86_64-w64-mingw32/8.1.0/../../../../x86_64-w64-mingw32/lib/../lib/libkernel32.a(dqifs00954.o) (_head_lib64_libkernel32_a)
C:/GNU/MINGW64/x86_64-8.1.0-win32-seh-rt_v6-rev0/mingw64/bin/../lib/gcc/x86_64-w64-mingw32/8.1.0/../../../../x86_64-w64-mingw32/lib/../lib/libkernel32.a(dqift.o)
                              C:/GNU/MINGW64/x86_64-8.1.0-win32-seh-rt_v6-rev0/mingw64/bin/../lib/gcc/x86_64-w64-mingw32/8.1.0/../../../../x86_64-w64-mingw32/lib/../lib/libkernel32.a(dqifh.o) (__lib64_libkernel32_a_iname)

Allocating common symbols
Common symbol       size              file

number_one          0x20              ../build/x64_Release/pmc_memory.o
number_minus_one    0x20              ../build/x64_Release/pmc_memory.o
number_zero         0x20              ../build/x64_Release/pmc_memory.o
uint_number_one     0x8               ../build/x64_Release/debug.o
ep_uint             0x228             ../build/x64_Release/pmc_initialize.o
hLocalHeap          0x8               ../build/x64_Release/pmc_memory.o
uint_number_zero    0x8               ../build/x64_Release/debug.o

Discarded input sections

 .drectve       0x0000000000000000       0x54 ../build/x64_Release/debug.o
 .drectve       0x0000000000000000       0x40 ../build/x64_Release/dllmain.o
 .drectve       0x0000000000000000       0x40 ../build/x64_Release/pmc_add_sub.o
 .drectve       0x0000000000000000       0x40 ../build/x64_Release/pmc_bytes.o
 .rdata$.refptr.ep_uint
                0x0000000000000000       0x10 ../build/x64_Release/pmc_bytes.o
 .drectve       0x0000000000000000       0x40 ../build/x64_Release/pmc_clone.o
 .rdata$.refptr.number_zero
                0x0000000000000000       0x10 ../build/x64_Release/pmc_clone.o
 .drectve       0x0000000000000000       0x40 ../build/x64_Release/pmc_compare.o
 .rdata$.refptr.ep_uint
                0x0000000000000000       0x10 ../build/x64_Release/pmc_compare.o
 .drectve       0x0000000000000000       0x40 ../build/x64_Release/pmc_divrem.o
 .rdata$.refptr.ep_uint
                0x0000000000000000       0x10 ../build/x64_Release/pmc_divrem.o
 .rdata$.refptr.number_zero
                0x0000000000000000       0x10 ../build/x64_Release/pmc_divrem.o
 .drectve       0x0000000000000000       0x40 ../build/x64_Release/pmc_equals.o
 .rdata$.refptr.ep_uint
                0x0000000000000000       0x10 ../build/x64_Release/pmc_equals.o
 .drectve       0x0000000000000000       0x40 ../build/x64_Release/pmc_from.o
 .rdata$.refptr.number_zero
                0x0000000000000000       0x10 ../build/x64_Release/pmc_from.o
 .rdata$.refptr.ep_uint
                0x0000000000000000       0x10 ../build/x64_Release/pmc_from.o
 .drectve       0x0000000000000000       0x74 ../build/x64_Release/pmc_initialize.o
 .drectve       0x0000000000000000       0xb0 ../build/x64_Release/pmc_memory.o
 .rdata$.refptr.ep_uint
                0x0000000000000000       0x10 ../build/x64_Release/pmc_memory.o
 .drectve       0x0000000000000000       0x40 ../build/x64_Release/pmc_multiply.o
 .rdata$.refptr.number_zero
                0x0000000000000000       0x10 ../build/x64_Release/pmc_multiply.o
 .rdata$.refptr.ep_uint
                0x0000000000000000       0x10 ../build/x64_Release/pmc_multiply.o
 .drectve       0x0000000000000000       0x40 ../build/x64_Release/pmc_negate.o
 .drectve       0x0000000000000000       0x40 ../build/x64_Release/pmc_statistics.o
 .rdata$.refptr.ep_uint
                0x0000000000000000       0x10 ../build/x64_Release/pmc_statistics.o
 .drectve       0x0000000000000000       0x40 ../build/x64_Release/pmc_to.o
 .rdata$.refptr.ep_uint
                0x0000000000000000       0x10 ../build/x64_Release/pmc_to.o
 .drectve       0x0000000000000000       0x40 ../build/x64_Release/TEST_autogenerated.o
 .drectve       0x0000000000000000       0x40 ../build/x64_Release/TEST_op_Add.o
 .drectve       0x0000000000000000       0x40 ../build/x64_Release/TEST_op_Clone.o
 .drectve       0x0000000000000000       0x40 ../build/x64_Release/TEST_op_Compare.o
 .drectve       0x0000000000000000       0x40 ../build/x64_Release/TEST_op_Equals.o
 .drectve       0x0000000000000000       0x40 ../build/x64_Release/TEST_op_From_To.o
 .drectve       0x0000000000000000       0x40 ../build/x64_Release/TEST_op_Multiply.o
 .drectve       0x0000000000000000       0x40 ../build/x64_Release/TEST_op_Negate.o
 .drectve       0x0000000000000000       0x40 ../build/x64_Release/TEST_op_Subtruct.o

Memory Configuration

Name             Origin             Length             Attributes
*default*        0x0000000000000000 0xffffffffffffffff

Linker script and memory map

                0x000000006d840000                __image_base__ = 0x6d840000
                0x0000000000000000                __dll__ = 0x0
                0x000000006d840000                __ImageBase = 0x6d840000
                0x0000000000001000                __section_alignment__ = 0x1000
                0x0000000000000200                __file_alignment__ = 0x200
                0x0000000000000004                __major_os_version__ = 0x4
                0x0000000000000000                __minor_os_version__ = 0x0
                0x0000000000000000                __major_image_version__ = 0x0
                0x0000000000000000                __minor_image_version__ = 0x0
                0x0000000000000005                __major_subsystem_version__ = 0x5
                0x0000000000000002                __minor_subsystem_version__ = 0x2
                0x0000000000000002                __subsystem__ = 0x2
                0x0000000000200000                __size_of_stack_reserve__ = 0x200000
                0x0000000000001000                __size_of_stack_commit__ = 0x1000
                0x0000000000100000                __size_of_heap_reserve__ = 0x100000
                0x0000000000001000                __size_of_heap_commit__ = 0x1000
                0x0000000000000000                __loader_flags__ = 0x0
                0x0000000000000000                __dll_characteristics__ = 0x0
LOAD ../build/x64_Release/debug.o
LOAD ../build/x64_Release/dllmain.o
LOAD ../build/x64_Release/pmc_add_sub.o
LOAD ../build/x64_Release/pmc_bytes.o
LOAD ../build/x64_Release/pmc_clone.o
LOAD ../build/x64_Release/pmc_compare.o
LOAD ../build/x64_Release/pmc_divrem.o
LOAD ../build/x64_Release/pmc_equals.o
LOAD ../build/x64_Release/pmc_from.o
LOAD ../build/x64_Release/pmc_initialize.o
LOAD ../build/x64_Release/pmc_memory.o
LOAD ../build/x64_Release/pmc_multiply.o
LOAD ../build/x64_Release/pmc_negate.o
LOAD ../build/x64_Release/pmc_statistics.o
LOAD ../build/x64_Release/pmc_to.o
LOAD ../build/x64_Release/TEST_autogenerated.o
LOAD ../build/x64_Release/TEST_op_Add.o
LOAD ../build/x64_Release/TEST_op_Clone.o
LOAD ../build/x64_Release/TEST_op_Compare.o
LOAD ../build/x64_Release/TEST_op_DivRem.o
LOAD ../build/x64_Release/TEST_op_Equals.o
LOAD ../build/x64_Release/TEST_op_From_To.o
LOAD ../build/x64_Release/TEST_op_Multiply.o
LOAD ../build/x64_Release/TEST_op_Negate.o
LOAD ../build/x64_Release/TEST_op_Remainder.o
LOAD ../build/x64_Release/TEST_op_Subtruct.o
LOAD ../build/x64_Release/version.o
LOAD ../Palmtree.Math.Core.Sint.def
LOAD C:/GNU/MINGW64/x86_64-8.1.0-win32-seh-rt_v6-rev0/mingw64/bin/../lib/gcc/x86_64-w64-mingw32/8.1.0/../../../../x86_64-w64-mingw32/lib/../lib/libkernel32.a
LOAD C:/GNU/MINGW64/x86_64-8.1.0-win32-seh-rt_v6-rev0/mingw64/bin/../lib/gcc/x86_64-w64-mingw32/8.1.0/../../../../x86_64-w64-mingw32/lib/../lib/libuser32.a
                0x00000000000002f0                . = SIZEOF_HEADERS
                0x0000000000001000                . = ALIGN (__section_alignment__)

.text           0x000000006d841000     0x4400
 *(.init)
 *(.text)
 .text          0x000000006d841000       0x10 ../build/x64_Release/debug.o
                0x000000006d841000                DoDebug
 .text          0x000000006d841010       0x50 ../build/x64_Release/dllmain.o
                0x000000006d841010                DllMain
 .text          0x000000006d841060     0x16e0 ../build/x64_Release/pmc_add_sub.o
                0x000000006d841400                PMC_Add_I_X
                0x000000006d841570                PMC_Add_L_X
                0x000000006d841700                PMC_Add_UX_X
                0x000000006d841810                PMC_Add_X_I
                0x000000006d8419a0                PMC_Add_X_L
                0x000000006d841b50                PMC_Add_X_UX
                0x000000006d841c80                PMC_Add_X_X
                0x000000006d841da0                PMC_Subtruct_I_X
                0x000000006d841f10                PMC_Subtruct_L_X
                0x000000006d8420a0                PMC_Subtruct_UX_X
                0x000000006d8421b0                PMC_Subtruct_X_I
                0x000000006d842340                PMC_Subtruct_X_L
                0x000000006d8424f0                PMC_Subtruct_X_UX
                0x000000006d842620                PMC_Subtruct_X_X
 .text          0x000000006d842740       0xf0 ../build/x64_Release/pmc_bytes.o
                0x000000006d842740                PMC_FromByteArray
                0x000000006d8427e0                PMC_ToByteArray
 .text          0x000000006d842830       0x70 ../build/x64_Release/pmc_clone.o
                0x000000006d842830                PMC_Clone_X
 .text          0x000000006d8428a0      0x600 ../build/x64_Release/pmc_compare.o
                0x000000006d8428a0                PMC_Compare_I_X
                0x000000006d842980                PMC_Compare_L_X
                0x000000006d842a60                PMC_Compare_UX_X
                0x000000006d842af0                PMC_Compare_X_I
                0x000000006d842c00                PMC_Compare_X_L
                0x000000006d842d20                PMC_Compare_X_UX
                0x000000006d842dc0                PMC_Compare_X_X
 .text          0x000000006d842ea0      0xc00 ../build/x64_Release/pmc_divrem.o
                0x000000006d842ea0                PMC_DivRem_I_X
                0x000000006d843070                PMC_DivRem_L_X
                0x000000006d843260                PMC_DivRem_UX_X
                0x000000006d8433a0                PMC_DivRem_X_I
                0x000000006d843520                PMC_DivRem_X_L
                0x000000006d8436d0                PMC_DivRem_X_UX
                0x000000006d8438a0                PMC_DivRem_X_X
 .text          0x000000006d843aa0      0x470 ../build/x64_Release/pmc_equals.o
                0x000000006d843aa0                PMC_Equals_I_X
                0x000000006d843b40                PMC_Equals_L_X
                0x000000006d843c00                PMC_Equals_UX_X
                0x000000006d843ca0                PMC_Equals_X_I
                0x000000006d843d40                PMC_Equals_X_L
                0x000000006d843de0                PMC_Equals_X_UX
                0x000000006d843e70                PMC_Equals_X_X
 .text          0x000000006d843f10      0x190 ../build/x64_Release/pmc_from.o
                0x000000006d843f90                From_I_Imp
                0x000000006d843fb0                From_L_Imp
                0x000000006d843fd0                PMC_From_I
                0x000000006d844030                PMC_From_L
 .text          0x000000006d8440a0      0x460 ../build/x64_Release/pmc_initialize.o
                0x000000006d8440a0                PMC_SINT_Initialize
 .text          0x000000006d844500      0x570 ../build/x64_Release/pmc_memory.o
                0x000000006d844600                AttatchNumber
                0x000000006d844620                AllocateNumber
                0x000000006d844680                DetatchNumber
                0x000000006d8446a0                DeallocateNumber
                0x000000006d8446c0                CheckNumber
                0x000000006d8446f0                DuplicateNumber
                0x000000006d8447b0                Negate_Imp
                0x000000006d844870                PMC_GetConstantValue_I
                0x000000006d8448b0                PMC_Dispose
                0x000000006d8448d0                Initialize_Memory
                0x000000006d844a10                AllocateHeapArea
                0x000000006d844a40                DeallocateHeapArea
 .text          0x000000006d844a70      0x690 ../build/x64_Release/pmc_multiply.o
                0x000000006d844b90                PMC_Multiply_I_X
                0x000000006d844c70                PMC_Multiply_L_X
                0x000000006d844d50                PMC_Multiply_UX_X
                0x000000006d844df0                PMC_Multiply_X_I
                0x000000006d844eb0                PMC_Multiply_X_L
                0x000000006d844f80                PMC_Multiply_X_UX
                0x000000006d845010                PMC_Multiply_X_X
 .text          0x000000006d845100       0x60 ../build/x64_Release/pmc_negate.o
                0x000000006d845100                PMC_Negate_X
 .text          0x000000006d845160       0x10 ../build/x64_Release/pmc_statistics.o
                0x000000006d845160                PMC_GetStatisticsInfo
 .text          0x000000006d845170      0x100 ../build/x64_Release/pmc_to.o
                0x000000006d845170                PMC_To_X_I
                0x000000006d8451f0                PMC_To_X_L
 .text          0x000000006d845270        0x0 ../build/x64_Release/TEST_autogenerated.o
 .text          0x000000006d845270        0x0 ../build/x64_Release/TEST_op_Add.o
 .text          0x000000006d845270        0x0 ../build/x64_Release/TEST_op_Clone.o
 .text          0x000000006d845270        0x0 ../build/x64_Release/TEST_op_Compare.o
 .text          0x000000006d845270        0x0 ../build/x64_Release/TEST_op_DivRem.o
 .text          0x000000006d845270        0x0 ../build/x64_Release/TEST_op_Equals.o
 .text          0x000000006d845270        0x0 ../build/x64_Release/TEST_op_From_To.o
 .text          0x000000006d845270        0x0 ../build/x64_Release/TEST_op_Multiply.o
 .text          0x000000006d845270        0x0 ../build/x64_Release/TEST_op_Negate.o
 .text          0x000000006d845270        0x0 ../build/x64_Release/TEST_op_Remainder.o
 .text          0x000000006d845270        0x0 ../build/x64_Release/TEST_op_Subtruct.o
 .text          0x000000006d845270        0x8 C:/GNU/MINGW64/x86_64-8.1.0-win32-seh-rt_v6-rev0/mingw64/bin/../lib/gcc/x86_64-w64-mingw32/8.1.0/../../../../x86_64-w64-mingw32/lib/../lib/libkernel32.a(dqifs00954.o)
                0x000000006d845270                LoadLibraryA
 .text          0x000000006d845278        0x8 C:/GNU/MINGW64/x86_64-8.1.0-win32-seh-rt_v6-rev0/mingw64/bin/../lib/gcc/x86_64-w64-mingw32/8.1.0/../../../../x86_64-w64-mingw32/lib/../lib/libkernel32.a(dqifs00841.o)
                0x000000006d845278                HeapFree
 .text          0x000000006d845280        0x8 C:/GNU/MINGW64/x86_64-8.1.0-win32-seh-rt_v6-rev0/mingw64/bin/../lib/gcc/x86_64-w64-mingw32/8.1.0/../../../../x86_64-w64-mingw32/lib/../lib/libkernel32.a(dqifs00839.o)
                0x000000006d845280                HeapDestroy
 .text          0x000000006d845288        0x8 C:/GNU/MINGW64/x86_64-8.1.0-win32-seh-rt_v6-rev0/mingw64/bin/../lib/gcc/x86_64-w64-mingw32/8.1.0/../../../../x86_64-w64-mingw32/lib/../lib/libkernel32.a(dqifs00837.o)
                0x000000006d845288                HeapCreate
 .text          0x000000006d845290        0x8 C:/GNU/MINGW64/x86_64-8.1.0-win32-seh-rt_v6-rev0/mingw64/bin/../lib/gcc/x86_64-w64-mingw32/8.1.0/../../../../x86_64-w64-mingw32/lib/../lib/libkernel32.a(dqifs00835.o)
                0x000000006d845290                HeapAlloc
 .text          0x000000006d845298        0x8 C:/GNU/MINGW64/x86_64-8.1.0-win32-seh-rt_v6-rev0/mingw64/bin/../lib/gcc/x86_64-w64-mingw32/8.1.0/../../../../x86_64-w64-mingw32/lib/../lib/libkernel32.a(dqifs00689.o)
                0x000000006d845298                GetProcAddress
 .text          0x000000006d8452a0        0x8 C:/GNU/MINGW64/x86_64-8.1.0-win32-seh-rt_v6-rev0/mingw64/bin/../lib/gcc/x86_64-w64-mingw32/8.1.0/../../../../x86_64-w64-mingw32/lib/../lib/libkernel32.a(dqifs00427.o)
                0x000000006d8452a0                FreeLibrary
 *fill*         0x000000006d8452a8        0x8 
 .text          0x000000006d8452b0        0x0 C:/GNU/MINGW64/x86_64-8.1.0-win32-seh-rt_v6-rev0/mingw64/bin/../lib/gcc/x86_64-w64-mingw32/8.1.0/../../../../x86_64-w64-mingw32/lib/../lib/libkernel32.a(dqifh.o)
 .text          0x000000006d8452b0        0x0 C:/GNU/MINGW64/x86_64-8.1.0-win32-seh-rt_v6-rev0/mingw64/bin/../lib/gcc/x86_64-w64-mingw32/8.1.0/../../../../x86_64-w64-mingw32/lib/../lib/libkernel32.a(dqift.o)
 *(SORT_BY_NAME(.text$*))
 *(.text.*)
 *(.gnu.linkonce.t.*)
 *(.glue_7t)
 *(.glue_7)
                0x000000006d8452b0                . = ALIGN (0x8)
                0x000000006d8452b0                ___CTOR_LIST__ = .
                0x000000006d8452b0                __CTOR_LIST__ = .
                0x000000006d8452b0        0x4 LONG 0xffffffffffffffff
                0x000000006d8452b4        0x4 LONG 0xffffffffffffffff
 *(.ctors)
 *(.ctor)
 *(SORT_BY_NAME(.ctors.*))
                0x000000006d8452b8        0x4 LONG 0x0
                0x000000006d8452bc        0x4 LONG 0x0
                0x000000006d8452c0                ___DTOR_LIST__ = .
                0x000000006d8452c0                __DTOR_LIST__ = .
                0x000000006d8452c0        0x4 LONG 0xffffffffffffffff
                0x000000006d8452c4        0x4 LONG 0xffffffffffffffff
 *(.dtors)
 *(.dtor)
 *(SORT_BY_NAME(.dtors.*))
                0x000000006d8452c8        0x4 LONG 0x0
                0x000000006d8452cc        0x4 LONG 0x0
 *(.fini)
 *(.gcc_exc)
                [!provide]                        PROVIDE (etext = .)
 *(.gcc_except_table)

.data           0x000000006d846000        0x0
                0x000000006d846000                __data_start__ = .
 *(.data)
 .data          0x000000006d846000        0x0 ../build/x64_Release/debug.o
 .data          0x000000006d846000        0x0 ../build/x64_Release/dllmain.o
 .data          0x000000006d846000        0x0 ../build/x64_Release/pmc_add_sub.o
 .data          0x000000006d846000        0x0 ../build/x64_Release/pmc_bytes.o
 .data          0x000000006d846000        0x0 ../build/x64_Release/pmc_clone.o
 .data          0x000000006d846000        0x0 ../build/x64_Release/pmc_compare.o
 .data          0x000000006d846000        0x0 ../build/x64_Release/pmc_divrem.o
 .data          0x000000006d846000        0x0 ../build/x64_Release/pmc_equals.o
 .data          0x000000006d846000        0x0 ../build/x64_Release/pmc_from.o
 .data          0x000000006d846000        0x0 ../build/x64_Release/pmc_initialize.o
 .data          0x000000006d846000        0x0 ../build/x64_Release/pmc_memory.o
 .data          0x000000006d846000        0x0 ../build/x64_Release/pmc_multiply.o
 .data          0x000000006d846000        0x0 ../build/x64_Release/pmc_negate.o
 .data          0x000000006d846000        0x0 ../build/x64_Release/pmc_statistics.o
 .data          0x000000006d846000        0x0 ../build/x64_Release/pmc_to.o
 .data          0x000000006d846000        0x0 ../build/x64_Release/TEST_autogenerated.o
 .data          0x000000006d846000        0x0 ../build/x64_Release/TEST_op_Add.o
 .data          0x000000006d846000        0x0 ../build/x64_Release/TEST_op_Clone.o
 .data          0x000000006d846000        0x0 ../build/x64_Release/TEST_op_Compare.o
 .data          0x000000006d846000        0x0 ../build/x64_Release/TEST_op_DivRem.o
 .data          0x000000006d846000        0x0 ../build/x64_Release/TEST_op_Equals.o
 .data          0x000000006d846000        0x0 ../build/x64_Release/TEST_op_From_To.o
 .data          0x000000006d846000        0x0 ../build/x64_Release/TEST_op_Multiply.o
 .data          0x000000006d846000        0x0 ../build/x64_Release/TEST_op_Negate.o
 .data          0x000000006d846000        0x0 ../build/x64_Release/TEST_op_Remainder.o
 .data          0x000000006d846000        0x0 ../build/x64_Release/TEST_op_Subtruct.o
 .data          0x000000006d846000        0x0 C:/GNU/MINGW64/x86_64-8.1.0-win32-seh-rt_v6-rev0/mingw64/bin/../lib/gcc/x86_64-w64-mingw32/8.1.0/../../../../x86_64-w64-mingw32/lib/../lib/libkernel32.a(dqifs00954.o)
 .data          0x000000006d846000        0x0 C:/GNU/MINGW64/x86_64-8.1.0-win32-seh-rt_v6-rev0/mingw64/bin/../lib/gcc/x86_64-w64-mingw32/8.1.0/../../../../x86_64-w64-mingw32/lib/../lib/libkernel32.a(dqifs00841.o)
 .data          0x000000006d846000        0x0 C:/GNU/MINGW64/x86_64-8.1.0-win32-seh-rt_v6-rev0/mingw64/bin/../lib/gcc/x86_64-w64-mingw32/8.1.0/../../../../x86_64-w64-mingw32/lib/../lib/libkernel32.a(dqifs00839.o)
 .data          0x000000006d846000        0x0 C:/GNU/MINGW64/x86_64-8.1.0-win32-seh-rt_v6-rev0/mingw64/bin/../lib/gcc/x86_64-w64-mingw32/8.1.0/../../../../x86_64-w64-mingw32/lib/../lib/libkernel32.a(dqifs00837.o)
 .data          0x000000006d846000        0x0 C:/GNU/MINGW64/x86_64-8.1.0-win32-seh-rt_v6-rev0/mingw64/bin/../lib/gcc/x86_64-w64-mingw32/8.1.0/../../../../x86_64-w64-mingw32/lib/../lib/libkernel32.a(dqifs00835.o)
 .data          0x000000006d846000        0x0 C:/GNU/MINGW64/x86_64-8.1.0-win32-seh-rt_v6-rev0/mingw64/bin/../lib/gcc/x86_64-w64-mingw32/8.1.0/../../../../x86_64-w64-mingw32/lib/../lib/libkernel32.a(dqifs00689.o)
 .data          0x000000006d846000        0x0 C:/GNU/MINGW64/x86_64-8.1.0-win32-seh-rt_v6-rev0/mingw64/bin/../lib/gcc/x86_64-w64-mingw32/8.1.0/../../../../x86_64-w64-mingw32/lib/../lib/libkernel32.a(dqifs00427.o)
 .data          0x000000006d846000        0x0 C:/GNU/MINGW64/x86_64-8.1.0-win32-seh-rt_v6-rev0/mingw64/bin/../lib/gcc/x86_64-w64-mingw32/8.1.0/../../../../x86_64-w64-mingw32/lib/../lib/libkernel32.a(dqifh.o)
 .data          0x000000006d846000        0x0 C:/GNU/MINGW64/x86_64-8.1.0-win32-seh-rt_v6-rev0/mingw64/bin/../lib/gcc/x86_64-w64-mingw32/8.1.0/../../../../x86_64-w64-mingw32/lib/../lib/libkernel32.a(dqift.o)
 *(.data2)
 *(SORT_BY_NAME(.data$*))
 *(.jcr)
                0x000000006d846000                __data_end__ = .
 *(.data_cygwin_nocopy)

.rdata          0x000000006d846000      0xc00
 *(.rdata)
 .rdata         0x000000006d846000       0x30 ../build/x64_Release/pmc_initialize.o
 *(SORT_BY_NAME(.rdata$*))
 .rdata$.refptr.PMC_Add_I_X
                0x000000006d846030       0x10 ../build/x64_Release/pmc_initialize.o
                0x000000006d846030                .refptr.PMC_Add_I_X
 .rdata$.refptr.PMC_Add_L_X
                0x000000006d846040       0x10 ../build/x64_Release/pmc_initialize.o
                0x000000006d846040                .refptr.PMC_Add_L_X
 .rdata$.refptr.PMC_Add_UX_X
                0x000000006d846050       0x10 ../build/x64_Release/pmc_initialize.o
                0x000000006d846050                .refptr.PMC_Add_UX_X
 .rdata$.refptr.PMC_Add_X_I
                0x000000006d846060       0x10 ../build/x64_Release/pmc_initialize.o
                0x000000006d846060                .refptr.PMC_Add_X_I
 .rdata$.refptr.PMC_Add_X_L
                0x000000006d846070       0x10 ../build/x64_Release/pmc_initialize.o
                0x000000006d846070                .refptr.PMC_Add_X_L
 .rdata$.refptr.PMC_Add_X_UX
                0x000000006d846080       0x10 ../build/x64_Release/pmc_initialize.o
                0x000000006d846080                .refptr.PMC_Add_X_UX
 .rdata$.refptr.PMC_Add_X_X
                0x000000006d846090       0x10 ../build/x64_Release/pmc_initialize.o
                0x000000006d846090                .refptr.PMC_Add_X_X
 .rdata$.refptr.PMC_Clone_X
                0x000000006d8460a0       0x10 ../build/x64_Release/pmc_initialize.o
                0x000000006d8460a0                .refptr.PMC_Clone_X
 .rdata$.refptr.PMC_Compare_I_X
                0x000000006d8460b0       0x10 ../build/x64_Release/pmc_initialize.o
                0x000000006d8460b0                .refptr.PMC_Compare_I_X
 .rdata$.refptr.PMC_Compare_L_X
                0x000000006d8460c0       0x10 ../build/x64_Release/pmc_initialize.o
                0x000000006d8460c0                .refptr.PMC_Compare_L_X
 .rdata$.refptr.PMC_Compare_UX_X
                0x000000006d8460d0       0x10 ../build/x64_Release/pmc_initialize.o
                0x000000006d8460d0                .refptr.PMC_Compare_UX_X
 .rdata$.refptr.PMC_Compare_X_I
                0x000000006d8460e0       0x10 ../build/x64_Release/pmc_initialize.o
                0x000000006d8460e0                .refptr.PMC_Compare_X_I
 .rdata$.refptr.PMC_Compare_X_L
                0x000000006d8460f0       0x10 ../build/x64_Release/pmc_initialize.o
                0x000000006d8460f0                .refptr.PMC_Compare_X_L
 .rdata$.refptr.PMC_Compare_X_UX
                0x000000006d846100       0x10 ../build/x64_Release/pmc_initialize.o
                0x000000006d846100                .refptr.PMC_Compare_X_UX
 .rdata$.refptr.PMC_Compare_X_X
                0x000000006d846110       0x10 ../build/x64_Release/pmc_initialize.o
                0x000000006d846110                .refptr.PMC_Compare_X_X
 .rdata$.refptr.PMC_Dispose
                0x000000006d846120       0x10 ../build/x64_Release/pmc_initialize.o
                0x000000006d846120                .refptr.PMC_Dispose
 .rdata$.refptr.PMC_DivRem_I_X
                0x000000006d846130       0x10 ../build/x64_Release/pmc_initialize.o
                0x000000006d846130                .refptr.PMC_DivRem_I_X
 .rdata$.refptr.PMC_DivRem_L_X
                0x000000006d846140       0x10 ../build/x64_Release/pmc_initialize.o
                0x000000006d846140                .refptr.PMC_DivRem_L_X
 .rdata$.refptr.PMC_DivRem_UX_X
                0x000000006d846150       0x10 ../build/x64_Release/pmc_initialize.o
                0x000000006d846150                .refptr.PMC_DivRem_UX_X
 .rdata$.refptr.PMC_DivRem_X_I
                0x000000006d846160       0x10 ../build/x64_Release/pmc_initialize.o
                0x000000006d846160                .refptr.PMC_DivRem_X_I
 .rdata$.refptr.PMC_DivRem_X_L
                0x000000006d846170       0x10 ../build/x64_Release/pmc_initialize.o
                0x000000006d846170                .refptr.PMC_DivRem_X_L
 .rdata$.refptr.PMC_DivRem_X_UX
                0x000000006d846180       0x10 ../build/x64_Release/pmc_initialize.o
                0x000000006d846180                .refptr.PMC_DivRem_X_UX
 .rdata$.refptr.PMC_DivRem_X_X
                0x000000006d846190       0x10 ../build/x64_Release/pmc_initialize.o
                0x000000006d846190                .refptr.PMC_DivRem_X_X
 .rdata$.refptr.PMC_Equals_I_X
                0x000000006d8461a0       0x10 ../build/x64_Release/pmc_initialize.o
                0x000000006d8461a0                .refptr.PMC_Equals_I_X
 .rdata$.refptr.PMC_Equals_L_X
                0x000000006d8461b0       0x10 ../build/x64_Release/pmc_initialize.o
                0x000000006d8461b0                .refptr.PMC_Equals_L_X
 .rdata$.refptr.PMC_Equals_UX_X
                0x000000006d8461c0       0x10 ../build/x64_Release/pmc_initialize.o
                0x000000006d8461c0                .refptr.PMC_Equals_UX_X
 .rdata$.refptr.PMC_Equals_X_I
                0x000000006d8461d0       0x10 ../build/x64_Release/pmc_initialize.o
                0x000000006d8461d0                .refptr.PMC_Equals_X_I
 .rdata$.refptr.PMC_Equals_X_L
                0x000000006d8461e0       0x10 ../build/x64_Release/pmc_initialize.o
                0x000000006d8461e0                .refptr.PMC_Equals_X_L
 .rdata$.refptr.PMC_Equals_X_UX
                0x000000006d8461f0       0x10 ../build/x64_Release/pmc_initialize.o
                0x000000006d8461f0                .refptr.PMC_Equals_X_UX
 .rdata$.refptr.PMC_Equals_X_X
                0x000000006d846200       0x10 ../build/x64_Release/pmc_initialize.o
                0x000000006d846200                .refptr.PMC_Equals_X_X
 .rdata$.refptr.PMC_FromByteArray
                0x000000006d846210       0x10 ../build/x64_Release/pmc_initialize.o
                0x000000006d846210                .refptr.PMC_FromByteArray
 .rdata$.refptr.PMC_From_I
                0x000000006d846220       0x10 ../build/x64_Release/pmc_initialize.o
                0x000000006d846220                .refptr.PMC_From_I
 .rdata$.refptr.PMC_From_L
                0x000000006d846230       0x10 ../build/x64_Release/pmc_initialize.o
                0x000000006d846230                .refptr.PMC_From_L
 .rdata$.refptr.PMC_GetConstantValue_I
                0x000000006d846240       0x10 ../build/x64_Release/pmc_initialize.o
                0x000000006d846240                .refptr.PMC_GetConstantValue_I
 .rdata$.refptr.PMC_GetStatisticsInfo
                0x000000006d846250       0x10 ../build/x64_Release/pmc_initialize.o
                0x000000006d846250                .refptr.PMC_GetStatisticsInfo
 .rdata$.refptr.PMC_Multiply_I_X
                0x000000006d846260       0x10 ../build/x64_Release/pmc_initialize.o
                0x000000006d846260                .refptr.PMC_Multiply_I_X
 .rdata$.refptr.PMC_Multiply_L_X
                0x000000006d846270       0x10 ../build/x64_Release/pmc_initialize.o
                0x000000006d846270                .refptr.PMC_Multiply_L_X
 .rdata$.refptr.PMC_Multiply_UX_X
                0x000000006d846280       0x10 ../build/x64_Release/pmc_initialize.o
                0x000000006d846280                .refptr.PMC_Multiply_UX_X
 .rdata$.refptr.PMC_Multiply_X_I
                0x000000006d846290       0x10 ../build/x64_Release/pmc_initialize.o
                0x000000006d846290                .refptr.PMC_Multiply_X_I
 .rdata$.refptr.PMC_Multiply_X_L
                0x000000006d8462a0       0x10 ../build/x64_Release/pmc_initialize.o
                0x000000006d8462a0                .refptr.PMC_Multiply_X_L
 .rdata$.refptr.PMC_Multiply_X_UX
                0x000000006d8462b0       0x10 ../build/x64_Release/pmc_initialize.o
                0x000000006d8462b0                .refptr.PMC_Multiply_X_UX
 .rdata$.refptr.PMC_Multiply_X_X
                0x000000006d8462c0       0x10 ../build/x64_Release/pmc_initialize.o
                0x000000006d8462c0                .refptr.PMC_Multiply_X_X
 .rdata$.refptr.PMC_Negate_X
                0x000000006d8462d0       0x10 ../build/x64_Release/pmc_initialize.o
                0x000000006d8462d0                .refptr.PMC_Negate_X
 .rdata$.refptr.PMC_Subtruct_I_X
                0x000000006d8462e0       0x10 ../build/x64_Release/pmc_initialize.o
                0x000000006d8462e0                .refptr.PMC_Subtruct_I_X
 .rdata$.refptr.PMC_Subtruct_L_X
                0x000000006d8462f0       0x10 ../build/x64_Release/pmc_initialize.o
                0x000000006d8462f0                .refptr.PMC_Subtruct_L_X
 .rdata$.refptr.PMC_Subtruct_UX_X
                0x000000006d846300       0x10 ../build/x64_Release/pmc_initialize.o
                0x000000006d846300                .refptr.PMC_Subtruct_UX_X
 .rdata$.refptr.PMC_Subtruct_X_I
                0x000000006d846310       0x10 ../build/x64_Release/pmc_initialize.o
                0x000000006d846310                .refptr.PMC_Subtruct_X_I
 .rdata$.refptr.PMC_Subtruct_X_L
                0x000000006d846320       0x10 ../build/x64_Release/pmc_initialize.o
                0x000000006d846320                .refptr.PMC_Subtruct_X_L
 .rdata$.refptr.PMC_Subtruct_X_UX
                0x000000006d846330       0x10 ../build/x64_Release/pmc_initialize.o
                0x000000006d846330                .refptr.PMC_Subtruct_X_UX
 .rdata$.refptr.PMC_Subtruct_X_X
                0x000000006d846340       0x10 ../build/x64_Release/pmc_initialize.o
                0x000000006d846340                .refptr.PMC_Subtruct_X_X
 .rdata$.refptr.PMC_ToByteArray
                0x000000006d846350       0x10 ../build/x64_Release/pmc_initialize.o
                0x000000006d846350                .refptr.PMC_ToByteArray
 .rdata$.refptr.PMC_To_X_I
                0x000000006d846360       0x10 ../build/x64_Release/pmc_initialize.o
                0x000000006d846360                .refptr.PMC_To_X_I
 .rdata$.refptr.PMC_To_X_L
                0x000000006d846370       0x10 ../build/x64_Release/pmc_initialize.o
                0x000000006d846370                .refptr.PMC_To_X_L
 .rdata$.refptr.ep_uint
                0x000000006d846380       0x10 ../build/x64_Release/pmc_add_sub.o
                0x000000006d846380                .refptr.ep_uint
 .rdata$.refptr.number_zero
                0x000000006d846390       0x10 ../build/x64_Release/pmc_add_sub.o
                0x000000006d846390                .refptr.number_zero
 .rdata$zzz     0x000000006d8463a0       0x40 ../build/x64_Release/debug.o
 .rdata$zzz     0x000000006d8463e0       0x40 ../build/x64_Release/dllmain.o
 .rdata$zzz     0x000000006d846420       0x40 ../build/x64_Release/pmc_add_sub.o
 .rdata$zzz     0x000000006d846460       0x40 ../build/x64_Release/pmc_bytes.o
 .rdata$zzz     0x000000006d8464a0       0x40 ../build/x64_Release/pmc_clone.o
 .rdata$zzz     0x000000006d8464e0       0x40 ../build/x64_Release/pmc_compare.o
 .rdata$zzz     0x000000006d846520       0x40 ../build/x64_Release/pmc_divrem.o
 .rdata$zzz     0x000000006d846560       0x40 ../build/x64_Release/pmc_equals.o
 .rdata$zzz     0x000000006d8465a0       0x40 ../build/x64_Release/pmc_from.o
 .rdata$zzz     0x000000006d8465e0       0x40 ../build/x64_Release/pmc_initialize.o
 .rdata$zzz     0x000000006d846620       0x40 ../build/x64_Release/pmc_memory.o
 .rdata$zzz     0x000000006d846660       0x40 ../build/x64_Release/pmc_multiply.o
 .rdata$zzz     0x000000006d8466a0       0x40 ../build/x64_Release/pmc_negate.o
 .rdata$zzz     0x000000006d8466e0       0x40 ../build/x64_Release/pmc_statistics.o
 .rdata$zzz     0x000000006d846720       0x40 ../build/x64_Release/pmc_to.o
 .rdata$zzz     0x000000006d846760       0x40 ../build/x64_Release/TEST_autogenerated.o
 .rdata$zzz     0x000000006d8467a0       0x40 ../build/x64_Release/TEST_op_Add.o
 .rdata$zzz     0x000000006d8467e0       0x40 ../build/x64_Release/TEST_op_Clone.o
 .rdata$zzz     0x000000006d846820       0x40 ../build/x64_Release/TEST_op_Compare.o
 .rdata$zzz     0x000000006d846860       0x40 ../build/x64_Release/TEST_op_DivRem.o
 .rdata$zzz     0x000000006d8468a0       0x40 ../build/x64_Release/TEST_op_Equals.o
 .rdata$zzz     0x000000006d8468e0       0x40 ../build/x64_Release/TEST_op_From_To.o
 .rdata$zzz     0x000000006d846920       0x40 ../build/x64_Release/TEST_op_Multiply.o
 .rdata$zzz     0x000000006d846960       0x40 ../build/x64_Release/TEST_op_Negate.o
 .rdata$zzz     0x000000006d8469a0       0x40 ../build/x64_Release/TEST_op_Remainder.o
 .rdata$zzz     0x000000006d8469e0       0x40 ../build/x64_Release/TEST_op_Subtruct.o
                0x000000006d846a20                __rt_psrelocs_start = .
 *(.rdata_runtime_pseudo_reloc)
                0x000000006d846a20                __rt_psrelocs_end = .
                0x0000000000000000                __rt_psrelocs_size = (__rt_psrelocs_end - __rt_psrelocs_start)
                0x000000006d846a20                ___RUNTIME_PSEUDO_RELOC_LIST_END__ = .
                0x000000006d846a20                __RUNTIME_PSEUDO_RELOC_LIST_END__ = .
                0x000000006d846a20                ___RUNTIME_PSEUDO_RELOC_LIST__ = (. - __rt_psrelocs_size)
                0x000000006d846a20                __RUNTIME_PSEUDO_RELOC_LIST__ = (. - __rt_psrelocs_size)

.eh_frame
 *(.eh_frame*)

.pdata          0x000000006d847000      0x400
 *(.pdata*)
 .pdata         0x000000006d847000        0xc ../build/x64_Release/debug.o
 .pdata         0x000000006d84700c        0xc ../build/x64_Release/dllmain.o
 .pdata         0x000000006d847018       0xf0 ../build/x64_Release/pmc_add_sub.o
 .pdata         0x000000006d847108       0x18 ../build/x64_Release/pmc_bytes.o
 .pdata         0x000000006d847120        0xc ../build/x64_Release/pmc_clone.o
 .pdata         0x000000006d84712c       0x54 ../build/x64_Release/pmc_compare.o
 .pdata         0x000000006d847180       0x54 ../build/x64_Release/pmc_divrem.o
 .pdata         0x000000006d8471d4       0x54 ../build/x64_Release/pmc_equals.o
 .pdata         0x000000006d847228       0x48 ../build/x64_Release/pmc_from.o
 .pdata         0x000000006d847270        0xc ../build/x64_Release/pmc_initialize.o
 .pdata         0x000000006d84727c       0xb4 ../build/x64_Release/pmc_memory.o
 .pdata         0x000000006d847330       0x78 ../build/x64_Release/pmc_multiply.o
 .pdata         0x000000006d8473a8        0xc ../build/x64_Release/pmc_negate.o
 .pdata         0x000000006d8473b4        0xc ../build/x64_Release/pmc_statistics.o
 .pdata         0x000000006d8473c0       0x18 ../build/x64_Release/pmc_to.o

.xdata          0x000000006d848000      0x600
 *(.xdata*)
 .xdata         0x000000006d848000        0x4 ../build/x64_Release/debug.o
 .xdata         0x000000006d848004        0x8 ../build/x64_Release/dllmain.o
 .xdata         0x000000006d84800c      0x134 ../build/x64_Release/pmc_add_sub.o
 .xdata         0x000000006d848140       0x1c ../build/x64_Release/pmc_bytes.o
 .xdata         0x000000006d84815c        0xc ../build/x64_Release/pmc_clone.o
 .xdata         0x000000006d848168       0x54 ../build/x64_Release/pmc_compare.o
 .xdata         0x000000006d8481bc       0x98 ../build/x64_Release/pmc_divrem.o
 .xdata         0x000000006d848254       0x5c ../build/x64_Release/pmc_equals.o
 .xdata         0x000000006d8482b0       0x30 ../build/x64_Release/pmc_from.o
 .xdata         0x000000006d8482e0        0xc ../build/x64_Release/pmc_initialize.o
 .xdata         0x000000006d8482ec       0x6c ../build/x64_Release/pmc_memory.o
 .xdata         0x000000006d848358       0x94 ../build/x64_Release/pmc_multiply.o
 .xdata         0x000000006d8483ec        0xc ../build/x64_Release/pmc_negate.o
 .xdata         0x000000006d8483f8        0x4 ../build/x64_Release/pmc_statistics.o
 .xdata         0x000000006d8483fc       0x18 ../build/x64_Release/pmc_to.o

.bss            0x000000006d849000      0x6c8
                0x000000006d849000                __bss_start__ = .
 *(.bss)
 .bss           0x000000006d849000        0x0 ../build/x64_Release/debug.o
 .bss           0x000000006d849000        0x0 ../build/x64_Release/dllmain.o
 .bss           0x000000006d849000        0x0 ../build/x64_Release/pmc_add_sub.o
 .bss           0x000000006d849000        0x0 ../build/x64_Release/pmc_bytes.o
 .bss           0x000000006d849000        0x0 ../build/x64_Release/pmc_clone.o
 .bss           0x000000006d849000        0x0 ../build/x64_Release/pmc_compare.o
 .bss           0x000000006d849000        0x0 ../build/x64_Release/pmc_divrem.o
 .bss           0x000000006d849000        0x0 ../build/x64_Release/pmc_equals.o
 .bss           0x000000006d849000        0x0 ../build/x64_Release/pmc_from.o
 .bss           0x000000006d849000      0x400 ../build/x64_Release/pmc_initialize.o
 .bss           0x000000006d849400        0x0 ../build/x64_Release/pmc_memory.o
 .bss           0x000000006d849400        0x0 ../build/x64_Release/pmc_multiply.o
 .bss           0x000000006d849400        0x0 ../build/x64_Release/pmc_negate.o
 .bss           0x000000006d849400        0x0 ../build/x64_Release/pmc_statistics.o
 .bss           0x000000006d849400        0x0 ../build/x64_Release/pmc_to.o
 .bss           0x000000006d849400        0x0 ../build/x64_Release/TEST_autogenerated.o
 .bss           0x000000006d849400        0x0 ../build/x64_Release/TEST_op_Add.o
 .bss           0x000000006d849400        0x0 ../build/x64_Release/TEST_op_Clone.o
 .bss           0x000000006d849400        0x0 ../build/x64_Release/TEST_op_Compare.o
 .bss           0x000000006d849400        0x0 ../build/x64_Release/TEST_op_DivRem.o
 .bss           0x000000006d849400        0x0 ../build/x64_Release/TEST_op_Equals.o
 .bss           0x000000006d849400        0x0 ../build/x64_Release/TEST_op_From_To.o
 .bss           0x000000006d849400        0x0 ../build/x64_Release/TEST_op_Multiply.o
 .bss           0x000000006d849400        0x0 ../build/x64_Release/TEST_op_Negate.o
 .bss           0x000000006d849400        0x0 ../build/x64_Release/TEST_op_Remainder.o
 .bss           0x000000006d849400        0x0 ../build/x64_Release/TEST_op_Subtruct.o
 .bss           0x000000006d849400        0x0 C:/GNU/MINGW64/x86_64-8.1.0-win32-seh-rt_v6-rev0/mingw64/bin/../lib/gcc/x86_64-w64-mingw32/8.1.0/../../../../x86_64-w64-mingw32/lib/../lib/libkernel32.a(dqifs00954.o)
 .bss           0x000000006d849400        0x0 C:/GNU/MINGW64/x86_64-8.1.0-win32-seh-rt_v6-rev0/mingw64/bin/../lib/gcc/x86_64-w64-mingw32/8.1.0/../../../../x86_64-w64-mingw32/lib/../lib/libkernel32.a(dqifs00841.o)
 .bss           0x000000006d849400        0x0 C:/GNU/MINGW64/x86_64-8.1.0-win32-seh-rt_v6-rev0/mingw64/bin/../lib/gcc/x86_64-w64-mingw32/8.1.0/../../../../x86_64-w64-mingw32/lib/../lib/libkernel32.a(dqifs00839.o)
 .bss           0x000000006d849400        0x0 C:/GNU/MINGW64/x86_64-8.1.0-win32-seh-rt_v6-rev0/mingw64/bin/../lib/gcc/x86_64-w64-mingw32/8.1.0/../../../../x86_64-w64-mingw32/lib/../lib/libkernel32.a(dqifs00837.o)
 .bss           0x000000006d849400        0x0 C:/GNU/MINGW64/x86_64-8.1.0-win32-seh-rt_v6-rev0/mingw64/bin/../lib/gcc/x86_64-w64-mingw32/8.1.0/../../../../x86_64-w64-mingw32/lib/../lib/libkernel32.a(dqifs00835.o)
 .bss           0x000000006d849400        0x0 C:/GNU/MINGW64/x86_64-8.1.0-win32-seh-rt_v6-rev0/mingw64/bin/../lib/gcc/x86_64-w64-mingw32/8.1.0/../../../../x86_64-w64-mingw32/lib/../lib/libkernel32.a(dqifs00689.o)
 .bss           0x000000006d849400        0x0 C:/GNU/MINGW64/x86_64-8.1.0-win32-seh-rt_v6-rev0/mingw64/bin/../lib/gcc/x86_64-w64-mingw32/8.1.0/../../../../x86_64-w64-mingw32/lib/../lib/libkernel32.a(dqifs00427.o)
 .bss           0x000000006d849400        0x0 C:/GNU/MINGW64/x86_64-8.1.0-win32-seh-rt_v6-rev0/mingw64/bin/../lib/gcc/x86_64-w64-mingw32/8.1.0/../../../../x86_64-w64-mingw32/lib/../lib/libkernel32.a(dqifh.o)
 .bss           0x000000006d849400        0x0 C:/GNU/MINGW64/x86_64-8.1.0-win32-seh-rt_v6-rev0/mingw64/bin/../lib/gcc/x86_64-w64-mingw32/8.1.0/../../../../x86_64-w64-mingw32/lib/../lib/libkernel32.a(dqift.o)
 *(COMMON)
 COMMON         0x000000006d849400       0x10 ../build/x64_Release/debug.o
                0x000000006d849400                uint_number_one
                0x000000006d849408                uint_number_zero
 *fill*         0x000000006d849410       0x10 
 COMMON         0x000000006d849420      0x228 ../build/x64_Release/pmc_initialize.o
                0x000000006d849420                ep_uint
 *fill*         0x000000006d849648       0x18 
 COMMON         0x000000006d849660       0x68 ../build/x64_Release/pmc_memory.o
                0x000000006d849660                number_one
                0x000000006d849680                number_minus_one
                0x000000006d8496a0                number_zero
                0x000000006d8496c0                hLocalHeap
                0x000000006d8496c8                __bss_end__ = .

.edata          0x000000006d84a000      0x200
 *(.edata)
 .edata         0x000000006d84a000       0x74 dll stuff

/DISCARD/
 *(.debug$S)
 *(.debug$T)
 *(.debug$F)
 *(.drectve)
 *(.note.GNU-stack)
 *(.gnu.lto_*)

.idata          0x000000006d84b000      0x200
 SORT_BY_NAME(*)(.idata$2)
 .idata$2       0x000000006d84b000       0x14 C:/GNU/MINGW64/x86_64-8.1.0-win32-seh-rt_v6-rev0/mingw64/bin/../lib/gcc/x86_64-w64-mingw32/8.1.0/../../../../x86_64-w64-mingw32/lib/../lib/libkernel32.a(dqifh.o)
                0x000000006d84b000                _head_lib64_libkernel32_a
 SORT_BY_NAME(*)(.idata$3)
                0x000000006d84b014        0x4 LONG 0x0
                0x000000006d84b018        0x4 LONG 0x0
                0x000000006d84b01c        0x4 LONG 0x0
                0x000000006d84b020        0x4 LONG 0x0
                0x000000006d84b024        0x4 LONG 0x0
 SORT_BY_NAME(*)(.idata$4)
 .idata$4       0x000000006d84b028        0x0 C:/GNU/MINGW64/x86_64-8.1.0-win32-seh-rt_v6-rev0/mingw64/bin/../lib/gcc/x86_64-w64-mingw32/8.1.0/../../../../x86_64-w64-mingw32/lib/../lib/libkernel32.a(dqifh.o)
 .idata$4       0x000000006d84b028        0x8 C:/GNU/MINGW64/x86_64-8.1.0-win32-seh-rt_v6-rev0/mingw64/bin/../lib/gcc/x86_64-w64-mingw32/8.1.0/../../../../x86_64-w64-mingw32/lib/../lib/libkernel32.a(dqifs00427.o)
 .idata$4       0x000000006d84b030        0x8 C:/GNU/MINGW64/x86_64-8.1.0-win32-seh-rt_v6-rev0/mingw64/bin/../lib/gcc/x86_64-w64-mingw32/8.1.0/../../../../x86_64-w64-mingw32/lib/../lib/libkernel32.a(dqifs00689.o)
 .idata$4       0x000000006d84b038        0x8 C:/GNU/MINGW64/x86_64-8.1.0-win32-seh-rt_v6-rev0/mingw64/bin/../lib/gcc/x86_64-w64-mingw32/8.1.0/../../../../x86_64-w64-mingw32/lib/../lib/libkernel32.a(dqifs00835.o)
 .idata$4       0x000000006d84b040        0x8 C:/GNU/MINGW64/x86_64-8.1.0-win32-seh-rt_v6-rev0/mingw64/bin/../lib/gcc/x86_64-w64-mingw32/8.1.0/../../../../x86_64-w64-mingw32/lib/../lib/libkernel32.a(dqifs00837.o)
 .idata$4       0x000000006d84b048        0x8 C:/GNU/MINGW64/x86_64-8.1.0-win32-seh-rt_v6-rev0/mingw64/bin/../lib/gcc/x86_64-w64-mingw32/8.1.0/../../../../x86_64-w64-mingw32/lib/../lib/libkernel32.a(dqifs00839.o)
 .idata$4       0x000000006d84b050        0x8 C:/GNU/MINGW64/x86_64-8.1.0-win32-seh-rt_v6-rev0/mingw64/bin/../lib/gcc/x86_64-w64-mingw32/8.1.0/../../../../x86_64-w64-mingw32/lib/../lib/libkernel32.a(dqifs00841.o)
 .idata$4       0x000000006d84b058        0x8 C:/GNU/MINGW64/x86_64-8.1.0-win32-seh-rt_v6-rev0/mingw64/bin/../lib/gcc/x86_64-w64-mingw32/8.1.0/../../../../x86_64-w64-mingw32/lib/../lib/libkernel32.a(dqifs00954.o)
 .idata$4       0x000000006d84b060        0x8 C:/GNU/MINGW64/x86_64-8.1.0-win32-seh-rt_v6-rev0/mingw64/bin/../lib/gcc/x86_64-w64-mingw32/8.1.0/../../../../x86_64-w64-mingw32/lib/../lib/libkernel32.a(dqift.o)
                0x000000006d84b068                __IAT_start__ = .
 SORT_BY_NAME(*)(.idata$5)
 .idata$5       0x000000006d84b068        0x0 C:/GNU/MINGW64/x86_64-8.1.0-win32-seh-rt_v6-rev0/mingw64/bin/../lib/gcc/x86_64-w64-mingw32/8.1.0/../../../../x86_64-w64-mingw32/lib/../lib/libkernel32.a(dqifh.o)
 .idata$5       0x000000006d84b068        0x8 C:/GNU/MINGW64/x86_64-8.1.0-win32-seh-rt_v6-rev0/mingw64/bin/../lib/gcc/x86_64-w64-mingw32/8.1.0/../../../../x86_64-w64-mingw32/lib/../lib/libkernel32.a(dqifs00427.o)
                0x000000006d84b068                __imp_FreeLibrary
 .idata$5       0x000000006d84b070        0x8 C:/GNU/MINGW64/x86_64-8.1.0-win32-seh-rt_v6-rev0/mingw64/bin/../lib/gcc/x86_64-w64-mingw32/8.1.0/../../../../x86_64-w64-mingw32/lib/../lib/libkernel32.a(dqifs00689.o)
                0x000000006d84b070                __imp_GetProcAddress
 .idata$5       0x000000006d84b078        0x8 C:/GNU/MINGW64/x86_64-8.1.0-win32-seh-rt_v6-rev0/mingw64/bin/../lib/gcc/x86_64-w64-mingw32/8.1.0/../../../../x86_64-w64-mingw32/lib/../lib/libkernel32.a(dqifs00835.o)
                0x000000006d84b078                __imp_HeapAlloc
 .idata$5       0x000000006d84b080        0x8 C:/GNU/MINGW64/x86_64-8.1.0-win32-seh-rt_v6-rev0/mingw64/bin/../lib/gcc/x86_64-w64-mingw32/8.1.0/../../../../x86_64-w64-mingw32/lib/../lib/libkernel32.a(dqifs00837.o)
                0x000000006d84b080                __imp_HeapCreate
 .idata$5       0x000000006d84b088        0x8 C:/GNU/MINGW64/x86_64-8.1.0-win32-seh-rt_v6-rev0/mingw64/bin/../lib/gcc/x86_64-w64-mingw32/8.1.0/../../../../x86_64-w64-mingw32/lib/../lib/libkernel32.a(dqifs00839.o)
                0x000000006d84b088                __imp_HeapDestroy
 .idata$5       0x000000006d84b090        0x8 C:/GNU/MINGW64/x86_64-8.1.0-win32-seh-rt_v6-rev0/mingw64/bin/../lib/gcc/x86_64-w64-mingw32/8.1.0/../../../../x86_64-w64-mingw32/lib/../lib/libkernel32.a(dqifs00841.o)
                0x000000006d84b090                __imp_HeapFree
 .idata$5       0x000000006d84b098        0x8 C:/GNU/MINGW64/x86_64-8.1.0-win32-seh-rt_v6-rev0/mingw64/bin/../lib/gcc/x86_64-w64-mingw32/8.1.0/../../../../x86_64-w64-mingw32/lib/../lib/libkernel32.a(dqifs00954.o)
                0x000000006d84b098                __imp_LoadLibraryA
 .idata$5       0x000000006d84b0a0        0x8 C:/GNU/MINGW64/x86_64-8.1.0-win32-seh-rt_v6-rev0/mingw64/bin/../lib/gcc/x86_64-w64-mingw32/8.1.0/../../../../x86_64-w64-mingw32/lib/../lib/libkernel32.a(dqift.o)
                0x000000006d84b0a8                __IAT_end__ = .
 SORT_BY_NAME(*)(.idata$6)
 .idata$6       0x000000006d84b0a8        0xe C:/GNU/MINGW64/x86_64-8.1.0-win32-seh-rt_v6-rev0/mingw64/bin/../lib/gcc/x86_64-w64-mingw32/8.1.0/../../../../x86_64-w64-mingw32/lib/../lib/libkernel32.a(dqifs00427.o)
 .idata$6       0x000000006d84b0b6       0x12 C:/GNU/MINGW64/x86_64-8.1.0-win32-seh-rt_v6-rev0/mingw64/bin/../lib/gcc/x86_64-w64-mingw32/8.1.0/../../../../x86_64-w64-mingw32/lib/../lib/libkernel32.a(dqifs00689.o)
 .idata$6       0x000000006d84b0c8        0xc C:/GNU/MINGW64/x86_64-8.1.0-win32-seh-rt_v6-rev0/mingw64/bin/../lib/gcc/x86_64-w64-mingw32/8.1.0/../../../../x86_64-w64-mingw32/lib/../lib/libkernel32.a(dqifs00835.o)
 .idata$6       0x000000006d84b0d4        0xe C:/GNU/MINGW64/x86_64-8.1.0-win32-seh-rt_v6-rev0/mingw64/bin/../lib/gcc/x86_64-w64-mingw32/8.1.0/../../../../x86_64-w64-mingw32/lib/../lib/libkernel32.a(dqifs00837.o)
 .idata$6       0x000000006d84b0e2        0xe C:/GNU/MINGW64/x86_64-8.1.0-win32-seh-rt_v6-rev0/mingw64/bin/../lib/gcc/x86_64-w64-mingw32/8.1.0/../../../../x86_64-w64-mingw32/lib/../lib/libkernel32.a(dqifs00839.o)
 .idata$6       0x000000006d84b0f0        0xc C:/GNU/MINGW64/x86_64-8.1.0-win32-seh-rt_v6-rev0/mingw64/bin/../lib/gcc/x86_64-w64-mingw32/8.1.0/../../../../x86_64-w64-mingw32/lib/../lib/libkernel32.a(dqifs00841.o)
 .idata$6       0x000000006d84b0fc       0x10 C:/GNU/MINGW64/x86_64-8.1.0-win32-seh-rt_v6-rev0/mingw64/bin/../lib/gcc/x86_64-w64-mingw32/8.1.0/../../../../x86_64-w64-mingw32/lib/../lib/libkernel32.a(dqifs00954.o)
 SORT_BY_NAME(*)(.idata$7)
 .idata$7       0x000000006d84b10c        0x4 C:/GNU/MINGW64/x86_64-8.1.0-win32-seh-rt_v6-rev0/mingw64/bin/../lib/gcc/x86_64-w64-mingw32/8.1.0/../../../../x86_64-w64-mingw32/lib/../lib/libkernel32.a(dqifs00427.o)
 .idata$7       0x000000006d84b110        0x4 C:/GNU/MINGW64/x86_64-8.1.0-win32-seh-rt_v6-rev0/mingw64/bin/../lib/gcc/x86_64-w64-mingw32/8.1.0/../../../../x86_64-w64-mingw32/lib/../lib/libkernel32.a(dqifs00689.o)
 .idata$7       0x000000006d84b114        0x4 C:/GNU/MINGW64/x86_64-8.1.0-win32-seh-rt_v6-rev0/mingw64/bin/../lib/gcc/x86_64-w64-mingw32/8.1.0/../../../../x86_64-w64-mingw32/lib/../lib/libkernel32.a(dqifs00835.o)
 .idata$7       0x000000006d84b118        0x4 C:/GNU/MINGW64/x86_64-8.1.0-win32-seh-rt_v6-rev0/mingw64/bin/../lib/gcc/x86_64-w64-mingw32/8.1.0/../../../../x86_64-w64-mingw32/lib/../lib/libkernel32.a(dqifs00837.o)
 .idata$7       0x000000006d84b11c        0x4 C:/GNU/MINGW64/x86_64-8.1.0-win32-seh-rt_v6-rev0/mingw64/bin/../lib/gcc/x86_64-w64-mingw32/8.1.0/../../../../x86_64-w64-mingw32/lib/../lib/libkernel32.a(dqifs00839.o)
 .idata$7       0x000000006d84b120        0x4 C:/GNU/MINGW64/x86_64-8.1.0-win32-seh-rt_v6-rev0/mingw64/bin/../lib/gcc/x86_64-w64-mingw32/8.1.0/../../../../x86_64-w64-mingw32/lib/../lib/libkernel32.a(dqifs00841.o)
 .idata$7       0x000000006d84b124        0x4 C:/GNU/MINGW64/x86_64-8.1.0-win32-seh-rt_v6-rev0/mingw64/bin/../lib/gcc/x86_64-w64-mingw32/8.1.0/../../../../x86_64-w64-mingw32/lib/../lib/libkernel32.a(dqifs00954.o)
 .idata$7       0x000000006d84b128       0x10 C:/GNU/MINGW64/x86_64-8.1.0-win32-seh-rt_v6-rev0/mingw64/bin/../lib/gcc/x86_64-w64-mingw32/8.1.0/../../../../x86_64-w64-mingw32/lib/../lib/libkernel32.a(dqift.o)
                0x000000006d84b128                __lib64_libkernel32_a_iname

.CRT            0x000000006d84c000        0x0
                0x000000006d84c000                ___crt_xc_start__ = .
 *(SORT_BY_NAME(.CRT$XC*))
                0x000000006d84c000                ___crt_xc_end__ = .
                0x000000006d84c000                ___crt_xi_start__ = .
 *(SORT_BY_NAME(.CRT$XI*))
                0x000000006d84c000                ___crt_xi_end__ = .
                0x000000006d84c000                ___crt_xl_start__ = .
 *(SORT_BY_NAME(.CRT$XL*))
                0x000000006d84c000                ___crt_xp_start__ = .
 *(SORT_BY_NAME(.CRT$XP*))
                0x000000006d84c000                ___crt_xp_end__ = .
                0x000000006d84c000                ___crt_xt_start__ = .
 *(SORT_BY_NAME(.CRT$XT*))
                0x000000006d84c000                ___crt_xt_end__ = .

.tls            0x000000006d84c000        0x0
                0x000000006d84c000                ___tls_start__ = .
 *(.tls$AAA)
 *(.tls)
 *(.tls$)
 *(SORT_BY_NAME(.tls$*))
 *(.tls$ZZZ)
                0x000000006d84c000                ___tls_end__ = .

.endjunk        0x000000006d84c000        0x0
                [!provide]                        PROVIDE (end = .)
                [!provide]                        PROVIDE (_end = .)
                0x000000006d84c000                __end__ = .

.rsrc           0x000000006d84c000      0x400
 *(.rsrc)
 .rsrc          0x000000006d84c000      0x378 ../build/x64_Release/version.o
 *(.rsrc$*)

.reloc          0x000000006d84d000      0x200
 *(.reloc)
 .reloc         0x000000006d84d000       0x78 dll stuff

.stab
 *(.stab)

.stabstr
 *(.stabstr)

.debug_aranges
 *(.debug_aranges)

.zdebug_aranges
 *(.zdebug_aranges)

.debug_pubnames
 *(.debug_pubnames)

.zdebug_pubnames
 *(.zdebug_pubnames)

.debug_pubtypes
 *(.debug_pubtypes)

.zdebug_pubtypes
 *(.zdebug_pubtypes)

.debug_info
 *(.debug_info .gnu.linkonce.wi.*)

.zdebug_info
 *(.zdebug_info .zdebug.gnu.linkonce.wi.*)

.debug_abbrev
 *(.debug_abbrev)

.zdebug_abbrev
 *(.zdebug_abbrev)

.debug_line
 *(.debug_line)

.zdebug_line
 *(.zdebug_line)

.debug_frame
 *(.debug_frame)

.zdebug_frame
 *(.zdebug_frame)

.debug_str
 *(.debug_str)

.zdebug_str
 *(.zdebug_str)

.debug_loc
 *(.debug_loc)

.zdebug_loc
 *(.zdebug_loc)

.debug_macinfo
 *(.debug_macinfo)

.zdebug_macinfo
 *(.zdebug_macinfo)

.debug_weaknames
 *(.debug_weaknames)

.zdebug_weaknames
 *(.zdebug_weaknames)

.debug_funcnames
 *(.debug_funcnames)

.zdebug_funcnames
 *(.zdebug_funcnames)

.debug_typenames
 *(.debug_typenames)

.zdebug_typenames
 *(.zdebug_typenames)

.debug_varnames
 *(.debug_varnames)

.zdebug_varnames
 *(.zdebug_varnames)

.debug_macro
 *(.debug_macro)

.zdebug_macro
 *(.zdebug_macro)

.debug_ranges
 *(.debug_ranges)

.zdebug_ranges
 *(.zdebug_ranges)

.debug_types
 *(.debug_types .gnu.linkonce.wt.*)

.zdebug_types
 *(.zdebug_types .zdebug.gnu.linkonce.wt.*)

.debug_gdb_scripts
 *(.debug_gdb_scripts)

.zdebug_gdb_scripts
 *(.zdebug_gdb_scripts)
OUTPUT(../../dist/x64_Release/Palmtree.Math.Core.Sint.dll pei-x86-64)
LOAD dll stuff
