Archive member included to satisfy reference by file (symbol)

C:/GNU/MINGW64/x86_64-8.1.0-win32-seh-rt_v6-rev0/mingw64/bin/../lib/gcc/x86_64-w64-mingw32/8.1.0/../../../../x86_64-w64-mingw32/lib/../lib/libkernel32.a(dqifs00954.o)
                              ../build/x64_Release/pmc_initialize.o (__imp_LoadLibraryA)
C:/GNU/MINGW64/x86_64-8.1.0-win32-seh-rt_v6-rev0/mingw64/bin/../lib/gcc/x86_64-w64-mingw32/8.1.0/../../../../x86_64-w64-mingw32/lib/../lib/libkernel32.a(dqifs00841.o)
                              ../build/x64_Release/pmc_memory.o (__imp_HeapFree)
C:/GNU/MINGW64/x86_64-8.1.0-win32-seh-rt_v6-rev0/mingw64/bin/../lib/gcc/x86_64-w64-mingw32/8.1.0/../../../../x86_64-w64-mingw32/lib/../lib/libkernel32.a(dqifs00839.o)
                              ../build/x64_Release/pmc_memory.o (__imp_HeapDestroy)
C:/GNU/MINGW64/x86_64-8.1.0-win32-seh-rt_v6-rev0/mingw64/bin/../lib/gcc/x86_64-w64-mingw32/8.1.0/../../../../x86_64-w64-mingw32/lib/../lib/libkernel32.a(dqifs00837.o)
                              ../build/x64_Release/pmc_memory.o (__imp_HeapCreate)
C:/GNU/MINGW64/x86_64-8.1.0-win32-seh-rt_v6-rev0/mingw64/bin/../lib/gcc/x86_64-w64-mingw32/8.1.0/../../../../x86_64-w64-mingw32/lib/../lib/libkernel32.a(dqifs00835.o)
                              ../build/x64_Release/pmc_memory.o (__imp_HeapAlloc)
C:/GNU/MINGW64/x86_64-8.1.0-win32-seh-rt_v6-rev0/mingw64/bin/../lib/gcc/x86_64-w64-mingw32/8.1.0/../../../../x86_64-w64-mingw32/lib/../lib/libkernel32.a(dqifs00689.o)
                              ../build/x64_Release/pmc_initialize.o (__imp_GetProcAddress)
C:/GNU/MINGW64/x86_64-8.1.0-win32-seh-rt_v6-rev0/mingw64/bin/../lib/gcc/x86_64-w64-mingw32/8.1.0/../../../../x86_64-w64-mingw32/lib/../lib/libkernel32.a(dqifs00427.o)
                              ../build/x64_Release/pmc_initialize.o (__imp_FreeLibrary)
C:/GNU/MINGW64/x86_64-8.1.0-win32-seh-rt_v6-rev0/mingw64/bin/../lib/gcc/x86_64-w64-mingw32/8.1.0/../../../../x86_64-w64-mingw32/lib/../lib/libkernel32.a(dqifh.o)
                              C:/GNU/MINGW64/x86_64-8.1.0-win32-seh-rt_v6-rev0/mingw64/bin/../lib/gcc/x86_64-w64-mingw32/8.1.0/../../../../x86_64-w64-mingw32/lib/../lib/libkernel32.a(dqifs00954.o) (_head_lib64_libkernel32_a)
C:/GNU/MINGW64/x86_64-8.1.0-win32-seh-rt_v6-rev0/mingw64/bin/../lib/gcc/x86_64-w64-mingw32/8.1.0/../../../../x86_64-w64-mingw32/lib/../lib/libkernel32.a(dqift.o)
                              C:/GNU/MINGW64/x86_64-8.1.0-win32-seh-rt_v6-rev0/mingw64/bin/../lib/gcc/x86_64-w64-mingw32/8.1.0/../../../../x86_64-w64-mingw32/lib/../lib/libkernel32.a(dqifh.o) (__lib64_libkernel32_a_iname)

Allocating common symbols
Common symbol       size              file

number_one          0x18              ../build/x64_Release/pmc_memory.o
number_minus_one    0x18              ../build/x64_Release/pmc_memory.o
number_zero         0x18              ../build/x64_Release/pmc_memory.o
ep_uint             0x230             ../build/x64_Release/pmc_initialize.o
hLocalHeap          0x8               ../build/x64_Release/pmc_memory.o

Discarded input sections

 .drectve       0x0000000000000000       0x14 ../build/x64_Release/debug.o
 .rdata$.refptr.ep_uint
                0x0000000000000000       0x10 ../build/x64_Release/pmc_bytes.o
 .rdata$.refptr.number_zero
                0x0000000000000000       0x10 ../build/x64_Release/pmc_clone.o
 .rdata$.refptr.number_zero
                0x0000000000000000       0x10 ../build/x64_Release/pmc_from.o
 .rdata$.refptr.ep_uint
                0x0000000000000000       0x10 ../build/x64_Release/pmc_from.o
 .rdata$.refptr.ep_uint
                0x0000000000000000       0x10 ../build/x64_Release/pmc_getnumbertype.o
 .drectve       0x0000000000000000       0x38 ../build/x64_Release/pmc_initialize.o
 .drectve       0x0000000000000000       0x70 ../build/x64_Release/pmc_memory.o
 .rdata$.refptr.ep_uint
                0x0000000000000000       0x10 ../build/x64_Release/pmc_memory.o
 .rdata$.refptr.number_zero
                0x0000000000000000       0x10 ../build/x64_Release/pmc_multiply.o
 .rdata$.refptr.ep_uint
                0x0000000000000000       0x10 ../build/x64_Release/pmc_multiply.o
 .rdata$.refptr.ep_uint
                0x0000000000000000       0x10 ../build/x64_Release/pmc_statistics.o
 .rdata$.refptr.ep_uint
                0x0000000000000000       0x10 ../build/x64_Release/pmc_to.o

Memory Configuration

Name             Origin             Length             Attributes
*default*        0x0000000000000000 0xffffffffffffffff

Linker script and memory map

                0x000000006d840000                __image_base__ = 0x6d840000
                0x0000000000000000                __dll__ = 0x0
                0x000000006d840000                __ImageBase = 0x6d840000
                0x0000000000001000                __section_alignment__ = 0x1000
                0x0000000000000200                __file_alignment__ = 0x200
                0x0000000000000004                __major_os_version__ = 0x4
                0x0000000000000000                __minor_os_version__ = 0x0
                0x0000000000000000                __major_image_version__ = 0x0
                0x0000000000000000                __minor_image_version__ = 0x0
                0x0000000000000005                __major_subsystem_version__ = 0x5
                0x0000000000000002                __minor_subsystem_version__ = 0x2
                0x0000000000000002                __subsystem__ = 0x2
                0x0000000000200000                __size_of_stack_reserve__ = 0x200000
                0x0000000000001000                __size_of_stack_commit__ = 0x1000
                0x0000000000100000                __size_of_heap_reserve__ = 0x100000
                0x0000000000001000                __size_of_heap_commit__ = 0x1000
                0x0000000000000000                __loader_flags__ = 0x0
                0x0000000000000000                __dll_characteristics__ = 0x0
LOAD ../build/x64_Release/debug.o
LOAD ../build/x64_Release/dllmain.o
LOAD ../build/x64_Release/pmc_add_sub.o
LOAD ../build/x64_Release/pmc_bytes.o
LOAD ../build/x64_Release/pmc_clone.o
LOAD ../build/x64_Release/pmc_from.o
LOAD ../build/x64_Release/pmc_getnumbertype.o
LOAD ../build/x64_Release/pmc_initialize.o
LOAD ../build/x64_Release/pmc_memory.o
LOAD ../build/x64_Release/pmc_multiply.o
LOAD ../build/x64_Release/pmc_negate.o
LOAD ../build/x64_Release/pmc_statistics.o
LOAD ../build/x64_Release/pmc_to.o
LOAD ../build/x64_Release/TEST_autogenerated.o
LOAD ../build/x64_Release/TEST_op_Add.o
LOAD ../build/x64_Release/TEST_op_Clone.o
LOAD ../build/x64_Release/TEST_op_From_To.o
LOAD ../build/x64_Release/TEST_op_GetNumberType.o
LOAD ../build/x64_Release/TEST_op_Multiply.o
LOAD ../build/x64_Release/TEST_op_Negate.o
LOAD ../build/x64_Release/TEST_op_Subtruct.o
LOAD ../build/x64_Release/version.o
LOAD ../Palmtree.Math.Core.Sint.def
LOAD C:/GNU/MINGW64/x86_64-8.1.0-win32-seh-rt_v6-rev0/mingw64/bin/../lib/gcc/x86_64-w64-mingw32/8.1.0/../../../../x86_64-w64-mingw32/lib/../lib/libkernel32.a
LOAD C:/GNU/MINGW64/x86_64-8.1.0-win32-seh-rt_v6-rev0/mingw64/bin/../lib/gcc/x86_64-w64-mingw32/8.1.0/../../../../x86_64-w64-mingw32/lib/../lib/libuser32.a
                0x00000000000002f0                . = SIZEOF_HEADERS
                0x0000000000001000                . = ALIGN (__section_alignment__)

.text           0x000000006d841000     0x2e00
 *(.init)
 *(.text)
 .text          0x000000006d841000       0x10 ../build/x64_Release/debug.o
                0x000000006d841000                DoDebug
 .text          0x000000006d841010       0x50 ../build/x64_Release/dllmain.o
                0x000000006d841010                DllMain
 .text          0x000000006d841060     0x1790 ../build/x64_Release/pmc_add_sub.o
                0x000000006d841400                PMC_Add_I_X
                0x000000006d841570                PMC_Add_L_X
                0x000000006d841700                PMC_Add_UX_X
                0x000000006d841830                PMC_Add_X_I
                0x000000006d8419c0                PMC_Add_X_L
                0x000000006d841b70                PMC_Add_X_UX
                0x000000006d841cd0                PMC_Add_X_X
                0x000000006d841df0                PMC_Subtruct_I_X
                0x000000006d841f60                PMC_Subtruct_L_X
                0x000000006d8420f0                PMC_Subtruct_UX_X
                0x000000006d842230                PMC_Subtruct_X_I
                0x000000006d8423c0                PMC_Subtruct_X_L
                0x000000006d842570                PMC_Subtruct_X_UX
                0x000000006d8426d0                PMC_Subtruct_X_X
 .text          0x000000006d8427f0       0xf0 ../build/x64_Release/pmc_bytes.o
                0x000000006d8427f0                PMC_FromByteArray
                0x000000006d842890                PMC_ToByteArray
 .text          0x000000006d8428e0       0x70 ../build/x64_Release/pmc_clone.o
                0x000000006d8428e0                PMC_Clone_X
 .text          0x000000006d842950      0x190 ../build/x64_Release/pmc_from.o
                0x000000006d8429d0                From_I_Imp
                0x000000006d8429f0                From_L_Imp
                0x000000006d842a10                PMC_From_I
                0x000000006d842a70                PMC_From_L
 .text          0x000000006d842ae0       0xc0 ../build/x64_Release/pmc_getnumbertype.o
                0x000000006d842ae0                IsZero_UINT
                0x000000006d842b10                PMC_GetNumberType_X
                0x000000006d842b90                Initialize_GetPropertyValue
 .text          0x000000006d842ba0      0x2f0 ../build/x64_Release/pmc_initialize.o
                0x000000006d842ba0                PMC_SINT_Initialize
 .text          0x000000006d842e90      0x5d0 ../build/x64_Release/pmc_memory.o
                0x000000006d843000                AttatchNumber
                0x000000006d843020                AllocateNumber
                0x000000006d843080                DetatchNumber
                0x000000006d8430a0                DeallocateNumber
                0x000000006d8430c0                CheckNumber
                0x000000006d8430e0                DuplicateNumber
                0x000000006d8431a0                Negate_Imp
                0x000000006d843260                PMC_GetConstantValue_I
                0x000000006d8432a0                PMC_Dispose
                0x000000006d8432c0                Initialize_Memory
                0x000000006d843400                AllocateHeapArea
                0x000000006d843430                DeallocateHeapArea
 .text          0x000000006d843460      0x6f0 ../build/x64_Release/pmc_multiply.o
                0x000000006d843580                PMC_Multiply_I_X
                0x000000006d843660                PMC_Multiply_L_X
                0x000000006d843740                PMC_Multiply_UX_X
                0x000000006d843820                PMC_Multiply_X_I
                0x000000006d8438e0                PMC_Multiply_X_L
                0x000000006d8439b0                PMC_Multiply_X_UX
                0x000000006d843a60                PMC_Multiply_X_X
 .text          0x000000006d843b50       0x60 ../build/x64_Release/pmc_negate.o
                0x000000006d843b50                PMC_Negate_X
 .text          0x000000006d843bb0       0x10 ../build/x64_Release/pmc_statistics.o
                0x000000006d843bb0                PMC_GetStatisticsInfo
 .text          0x000000006d843bc0      0x100 ../build/x64_Release/pmc_to.o
                0x000000006d843bc0                PMC_To_X_I
                0x000000006d843c40                PMC_To_X_L
 .text          0x000000006d843cc0        0x0 ../build/x64_Release/TEST_autogenerated.o
 .text          0x000000006d843cc0        0x0 ../build/x64_Release/TEST_op_Add.o
 .text          0x000000006d843cc0        0x0 ../build/x64_Release/TEST_op_Clone.o
 .text          0x000000006d843cc0        0x0 ../build/x64_Release/TEST_op_From_To.o
 .text          0x000000006d843cc0        0x0 ../build/x64_Release/TEST_op_GetNumberType.o
 .text          0x000000006d843cc0        0x0 ../build/x64_Release/TEST_op_Multiply.o
 .text          0x000000006d843cc0        0x0 ../build/x64_Release/TEST_op_Negate.o
 .text          0x000000006d843cc0        0x0 ../build/x64_Release/TEST_op_Subtruct.o
 .text          0x000000006d843cc0        0x8 C:/GNU/MINGW64/x86_64-8.1.0-win32-seh-rt_v6-rev0/mingw64/bin/../lib/gcc/x86_64-w64-mingw32/8.1.0/../../../../x86_64-w64-mingw32/lib/../lib/libkernel32.a(dqifs00954.o)
                0x000000006d843cc0                LoadLibraryA
 .text          0x000000006d843cc8        0x8 C:/GNU/MINGW64/x86_64-8.1.0-win32-seh-rt_v6-rev0/mingw64/bin/../lib/gcc/x86_64-w64-mingw32/8.1.0/../../../../x86_64-w64-mingw32/lib/../lib/libkernel32.a(dqifs00841.o)
                0x000000006d843cc8                HeapFree
 .text          0x000000006d843cd0        0x8 C:/GNU/MINGW64/x86_64-8.1.0-win32-seh-rt_v6-rev0/mingw64/bin/../lib/gcc/x86_64-w64-mingw32/8.1.0/../../../../x86_64-w64-mingw32/lib/../lib/libkernel32.a(dqifs00839.o)
                0x000000006d843cd0                HeapDestroy
 .text          0x000000006d843cd8        0x8 C:/GNU/MINGW64/x86_64-8.1.0-win32-seh-rt_v6-rev0/mingw64/bin/../lib/gcc/x86_64-w64-mingw32/8.1.0/../../../../x86_64-w64-mingw32/lib/../lib/libkernel32.a(dqifs00837.o)
                0x000000006d843cd8                HeapCreate
 .text          0x000000006d843ce0        0x8 C:/GNU/MINGW64/x86_64-8.1.0-win32-seh-rt_v6-rev0/mingw64/bin/../lib/gcc/x86_64-w64-mingw32/8.1.0/../../../../x86_64-w64-mingw32/lib/../lib/libkernel32.a(dqifs00835.o)
                0x000000006d843ce0                HeapAlloc
 .text          0x000000006d843ce8        0x8 C:/GNU/MINGW64/x86_64-8.1.0-win32-seh-rt_v6-rev0/mingw64/bin/../lib/gcc/x86_64-w64-mingw32/8.1.0/../../../../x86_64-w64-mingw32/lib/../lib/libkernel32.a(dqifs00689.o)
                0x000000006d843ce8                GetProcAddress
 .text          0x000000006d843cf0        0x8 C:/GNU/MINGW64/x86_64-8.1.0-win32-seh-rt_v6-rev0/mingw64/bin/../lib/gcc/x86_64-w64-mingw32/8.1.0/../../../../x86_64-w64-mingw32/lib/../lib/libkernel32.a(dqifs00427.o)
                0x000000006d843cf0                FreeLibrary
 *fill*         0x000000006d843cf8        0x8 
 .text          0x000000006d843d00        0x0 C:/GNU/MINGW64/x86_64-8.1.0-win32-seh-rt_v6-rev0/mingw64/bin/../lib/gcc/x86_64-w64-mingw32/8.1.0/../../../../x86_64-w64-mingw32/lib/../lib/libkernel32.a(dqifh.o)
 .text          0x000000006d843d00        0x0 C:/GNU/MINGW64/x86_64-8.1.0-win32-seh-rt_v6-rev0/mingw64/bin/../lib/gcc/x86_64-w64-mingw32/8.1.0/../../../../x86_64-w64-mingw32/lib/../lib/libkernel32.a(dqift.o)
 *(SORT_BY_NAME(.text$*))
 *(.text.*)
 *(.gnu.linkonce.t.*)
 *(.glue_7t)
 *(.glue_7)
                0x000000006d843d00                . = ALIGN (0x8)
                0x000000006d843d00                ___CTOR_LIST__ = .
                0x000000006d843d00                __CTOR_LIST__ = .
                0x000000006d843d00        0x4 LONG 0xffffffffffffffff
                0x000000006d843d04        0x4 LONG 0xffffffffffffffff
 *(.ctors)
 *(.ctor)
 *(SORT_BY_NAME(.ctors.*))
                0x000000006d843d08        0x4 LONG 0x0
                0x000000006d843d0c        0x4 LONG 0x0
                0x000000006d843d10                ___DTOR_LIST__ = .
                0x000000006d843d10                __DTOR_LIST__ = .
                0x000000006d843d10        0x4 LONG 0xffffffffffffffff
                0x000000006d843d14        0x4 LONG 0xffffffffffffffff
 *(.dtors)
 *(.dtor)
 *(SORT_BY_NAME(.dtors.*))
                0x000000006d843d18        0x4 LONG 0x0
                0x000000006d843d1c        0x4 LONG 0x0
 *(.fini)
 *(.gcc_exc)
                [!provide]                        PROVIDE (etext = .)
 *(.gcc_except_table)

.data           0x000000006d844000        0x0
                0x000000006d844000                __data_start__ = .
 *(.data)
 .data          0x000000006d844000        0x0 ../build/x64_Release/debug.o
 .data          0x000000006d844000        0x0 ../build/x64_Release/dllmain.o
 .data          0x000000006d844000        0x0 ../build/x64_Release/pmc_add_sub.o
 .data          0x000000006d844000        0x0 ../build/x64_Release/pmc_bytes.o
 .data          0x000000006d844000        0x0 ../build/x64_Release/pmc_clone.o
 .data          0x000000006d844000        0x0 ../build/x64_Release/pmc_from.o
 .data          0x000000006d844000        0x0 ../build/x64_Release/pmc_getnumbertype.o
 .data          0x000000006d844000        0x0 ../build/x64_Release/pmc_initialize.o
 .data          0x000000006d844000        0x0 ../build/x64_Release/pmc_memory.o
 .data          0x000000006d844000        0x0 ../build/x64_Release/pmc_multiply.o
 .data          0x000000006d844000        0x0 ../build/x64_Release/pmc_negate.o
 .data          0x000000006d844000        0x0 ../build/x64_Release/pmc_statistics.o
 .data          0x000000006d844000        0x0 ../build/x64_Release/pmc_to.o
 .data          0x000000006d844000        0x0 ../build/x64_Release/TEST_autogenerated.o
 .data          0x000000006d844000        0x0 ../build/x64_Release/TEST_op_Add.o
 .data          0x000000006d844000        0x0 ../build/x64_Release/TEST_op_Clone.o
 .data          0x000000006d844000        0x0 ../build/x64_Release/TEST_op_From_To.o
 .data          0x000000006d844000        0x0 ../build/x64_Release/TEST_op_GetNumberType.o
 .data          0x000000006d844000        0x0 ../build/x64_Release/TEST_op_Multiply.o
 .data          0x000000006d844000        0x0 ../build/x64_Release/TEST_op_Negate.o
 .data          0x000000006d844000        0x0 ../build/x64_Release/TEST_op_Subtruct.o
 .data          0x000000006d844000        0x0 C:/GNU/MINGW64/x86_64-8.1.0-win32-seh-rt_v6-rev0/mingw64/bin/../lib/gcc/x86_64-w64-mingw32/8.1.0/../../../../x86_64-w64-mingw32/lib/../lib/libkernel32.a(dqifs00954.o)
 .data          0x000000006d844000        0x0 C:/GNU/MINGW64/x86_64-8.1.0-win32-seh-rt_v6-rev0/mingw64/bin/../lib/gcc/x86_64-w64-mingw32/8.1.0/../../../../x86_64-w64-mingw32/lib/../lib/libkernel32.a(dqifs00841.o)
 .data          0x000000006d844000        0x0 C:/GNU/MINGW64/x86_64-8.1.0-win32-seh-rt_v6-rev0/mingw64/bin/../lib/gcc/x86_64-w64-mingw32/8.1.0/../../../../x86_64-w64-mingw32/lib/../lib/libkernel32.a(dqifs00839.o)
 .data          0x000000006d844000        0x0 C:/GNU/MINGW64/x86_64-8.1.0-win32-seh-rt_v6-rev0/mingw64/bin/../lib/gcc/x86_64-w64-mingw32/8.1.0/../../../../x86_64-w64-mingw32/lib/../lib/libkernel32.a(dqifs00837.o)
 .data          0x000000006d844000        0x0 C:/GNU/MINGW64/x86_64-8.1.0-win32-seh-rt_v6-rev0/mingw64/bin/../lib/gcc/x86_64-w64-mingw32/8.1.0/../../../../x86_64-w64-mingw32/lib/../lib/libkernel32.a(dqifs00835.o)
 .data          0x000000006d844000        0x0 C:/GNU/MINGW64/x86_64-8.1.0-win32-seh-rt_v6-rev0/mingw64/bin/../lib/gcc/x86_64-w64-mingw32/8.1.0/../../../../x86_64-w64-mingw32/lib/../lib/libkernel32.a(dqifs00689.o)
 .data          0x000000006d844000        0x0 C:/GNU/MINGW64/x86_64-8.1.0-win32-seh-rt_v6-rev0/mingw64/bin/../lib/gcc/x86_64-w64-mingw32/8.1.0/../../../../x86_64-w64-mingw32/lib/../lib/libkernel32.a(dqifs00427.o)
 .data          0x000000006d844000        0x0 C:/GNU/MINGW64/x86_64-8.1.0-win32-seh-rt_v6-rev0/mingw64/bin/../lib/gcc/x86_64-w64-mingw32/8.1.0/../../../../x86_64-w64-mingw32/lib/../lib/libkernel32.a(dqifh.o)
 .data          0x000000006d844000        0x0 C:/GNU/MINGW64/x86_64-8.1.0-win32-seh-rt_v6-rev0/mingw64/bin/../lib/gcc/x86_64-w64-mingw32/8.1.0/../../../../x86_64-w64-mingw32/lib/../lib/libkernel32.a(dqift.o)
 *(.data2)
 *(SORT_BY_NAME(.data$*))
 *(.jcr)
                0x000000006d844000                __data_end__ = .
 *(.data_cygwin_nocopy)

.rdata          0x000000006d844000      0x800
 *(.rdata)
 .rdata         0x000000006d844000       0x30 ../build/x64_Release/pmc_initialize.o
 *(SORT_BY_NAME(.rdata$*))
 .rdata$.refptr.PMC_Add_I_X
                0x000000006d844030       0x10 ../build/x64_Release/pmc_initialize.o
                0x000000006d844030                .refptr.PMC_Add_I_X
 .rdata$.refptr.PMC_Add_L_X
                0x000000006d844040       0x10 ../build/x64_Release/pmc_initialize.o
                0x000000006d844040                .refptr.PMC_Add_L_X
 .rdata$.refptr.PMC_Add_UX_X
                0x000000006d844050       0x10 ../build/x64_Release/pmc_initialize.o
                0x000000006d844050                .refptr.PMC_Add_UX_X
 .rdata$.refptr.PMC_Add_X_I
                0x000000006d844060       0x10 ../build/x64_Release/pmc_initialize.o
                0x000000006d844060                .refptr.PMC_Add_X_I
 .rdata$.refptr.PMC_Add_X_L
                0x000000006d844070       0x10 ../build/x64_Release/pmc_initialize.o
                0x000000006d844070                .refptr.PMC_Add_X_L
 .rdata$.refptr.PMC_Add_X_UX
                0x000000006d844080       0x10 ../build/x64_Release/pmc_initialize.o
                0x000000006d844080                .refptr.PMC_Add_X_UX
 .rdata$.refptr.PMC_Add_X_X
                0x000000006d844090       0x10 ../build/x64_Release/pmc_initialize.o
                0x000000006d844090                .refptr.PMC_Add_X_X
 .rdata$.refptr.PMC_Clone_X
                0x000000006d8440a0       0x10 ../build/x64_Release/pmc_initialize.o
                0x000000006d8440a0                .refptr.PMC_Clone_X
 .rdata$.refptr.PMC_Dispose
                0x000000006d8440b0       0x10 ../build/x64_Release/pmc_initialize.o
                0x000000006d8440b0                .refptr.PMC_Dispose
 .rdata$.refptr.PMC_FromByteArray
                0x000000006d8440c0       0x10 ../build/x64_Release/pmc_initialize.o
                0x000000006d8440c0                .refptr.PMC_FromByteArray
 .rdata$.refptr.PMC_From_I
                0x000000006d8440d0       0x10 ../build/x64_Release/pmc_initialize.o
                0x000000006d8440d0                .refptr.PMC_From_I
 .rdata$.refptr.PMC_From_L
                0x000000006d8440e0       0x10 ../build/x64_Release/pmc_initialize.o
                0x000000006d8440e0                .refptr.PMC_From_L
 .rdata$.refptr.PMC_GetConstantValue_I
                0x000000006d8440f0       0x10 ../build/x64_Release/pmc_initialize.o
                0x000000006d8440f0                .refptr.PMC_GetConstantValue_I
 .rdata$.refptr.PMC_GetNumberType_X
                0x000000006d844100       0x10 ../build/x64_Release/pmc_initialize.o
                0x000000006d844100                .refptr.PMC_GetNumberType_X
 .rdata$.refptr.PMC_GetStatisticsInfo
                0x000000006d844110       0x10 ../build/x64_Release/pmc_initialize.o
                0x000000006d844110                .refptr.PMC_GetStatisticsInfo
 .rdata$.refptr.PMC_Multiply_I_X
                0x000000006d844120       0x10 ../build/x64_Release/pmc_initialize.o
                0x000000006d844120                .refptr.PMC_Multiply_I_X
 .rdata$.refptr.PMC_Multiply_L_X
                0x000000006d844130       0x10 ../build/x64_Release/pmc_initialize.o
                0x000000006d844130                .refptr.PMC_Multiply_L_X
 .rdata$.refptr.PMC_Multiply_UX_X
                0x000000006d844140       0x10 ../build/x64_Release/pmc_initialize.o
                0x000000006d844140                .refptr.PMC_Multiply_UX_X
 .rdata$.refptr.PMC_Multiply_X_I
                0x000000006d844150       0x10 ../build/x64_Release/pmc_initialize.o
                0x000000006d844150                .refptr.PMC_Multiply_X_I
 .rdata$.refptr.PMC_Multiply_X_L
                0x000000006d844160       0x10 ../build/x64_Release/pmc_initialize.o
                0x000000006d844160                .refptr.PMC_Multiply_X_L
 .rdata$.refptr.PMC_Multiply_X_UX
                0x000000006d844170       0x10 ../build/x64_Release/pmc_initialize.o
                0x000000006d844170                .refptr.PMC_Multiply_X_UX
 .rdata$.refptr.PMC_Multiply_X_X
                0x000000006d844180       0x10 ../build/x64_Release/pmc_initialize.o
                0x000000006d844180                .refptr.PMC_Multiply_X_X
 .rdata$.refptr.PMC_Negate_X
                0x000000006d844190       0x10 ../build/x64_Release/pmc_initialize.o
                0x000000006d844190                .refptr.PMC_Negate_X
 .rdata$.refptr.PMC_Subtruct_I_X
                0x000000006d8441a0       0x10 ../build/x64_Release/pmc_initialize.o
                0x000000006d8441a0                .refptr.PMC_Subtruct_I_X
 .rdata$.refptr.PMC_Subtruct_L_X
                0x000000006d8441b0       0x10 ../build/x64_Release/pmc_initialize.o
                0x000000006d8441b0                .refptr.PMC_Subtruct_L_X
 .rdata$.refptr.PMC_Subtruct_UX_X
                0x000000006d8441c0       0x10 ../build/x64_Release/pmc_initialize.o
                0x000000006d8441c0                .refptr.PMC_Subtruct_UX_X
 .rdata$.refptr.PMC_Subtruct_X_I
                0x000000006d8441d0       0x10 ../build/x64_Release/pmc_initialize.o
                0x000000006d8441d0                .refptr.PMC_Subtruct_X_I
 .rdata$.refptr.PMC_Subtruct_X_L
                0x000000006d8441e0       0x10 ../build/x64_Release/pmc_initialize.o
                0x000000006d8441e0                .refptr.PMC_Subtruct_X_L
 .rdata$.refptr.PMC_Subtruct_X_UX
                0x000000006d8441f0       0x10 ../build/x64_Release/pmc_initialize.o
                0x000000006d8441f0                .refptr.PMC_Subtruct_X_UX
 .rdata$.refptr.PMC_Subtruct_X_X
                0x000000006d844200       0x10 ../build/x64_Release/pmc_initialize.o
                0x000000006d844200                .refptr.PMC_Subtruct_X_X
 .rdata$.refptr.PMC_ToByteArray
                0x000000006d844210       0x10 ../build/x64_Release/pmc_initialize.o
                0x000000006d844210                .refptr.PMC_ToByteArray
 .rdata$.refptr.PMC_To_X_I
                0x000000006d844220       0x10 ../build/x64_Release/pmc_initialize.o
                0x000000006d844220                .refptr.PMC_To_X_I
 .rdata$.refptr.PMC_To_X_L
                0x000000006d844230       0x10 ../build/x64_Release/pmc_initialize.o
                0x000000006d844230                .refptr.PMC_To_X_L
 .rdata$.refptr.ep_uint
                0x000000006d844240       0x10 ../build/x64_Release/pmc_add_sub.o
                0x000000006d844240                .refptr.ep_uint
 .rdata$.refptr.number_zero
                0x000000006d844250       0x10 ../build/x64_Release/pmc_add_sub.o
                0x000000006d844250                .refptr.number_zero
 .rdata$zzz     0x000000006d844260       0x40 ../build/x64_Release/debug.o
 .rdata$zzz     0x000000006d8442a0       0x40 ../build/x64_Release/dllmain.o
 .rdata$zzz     0x000000006d8442e0       0x40 ../build/x64_Release/pmc_add_sub.o
 .rdata$zzz     0x000000006d844320       0x40 ../build/x64_Release/pmc_bytes.o
 .rdata$zzz     0x000000006d844360       0x40 ../build/x64_Release/pmc_clone.o
 .rdata$zzz     0x000000006d8443a0       0x40 ../build/x64_Release/pmc_from.o
 .rdata$zzz     0x000000006d8443e0       0x40 ../build/x64_Release/pmc_getnumbertype.o
 .rdata$zzz     0x000000006d844420       0x40 ../build/x64_Release/pmc_initialize.o
 .rdata$zzz     0x000000006d844460       0x40 ../build/x64_Release/pmc_memory.o
 .rdata$zzz     0x000000006d8444a0       0x40 ../build/x64_Release/pmc_multiply.o
 .rdata$zzz     0x000000006d8444e0       0x40 ../build/x64_Release/pmc_negate.o
 .rdata$zzz     0x000000006d844520       0x40 ../build/x64_Release/pmc_statistics.o
 .rdata$zzz     0x000000006d844560       0x40 ../build/x64_Release/pmc_to.o
 .rdata$zzz     0x000000006d8445a0       0x40 ../build/x64_Release/TEST_autogenerated.o
 .rdata$zzz     0x000000006d8445e0       0x40 ../build/x64_Release/TEST_op_Add.o
 .rdata$zzz     0x000000006d844620       0x40 ../build/x64_Release/TEST_op_Clone.o
 .rdata$zzz     0x000000006d844660       0x40 ../build/x64_Release/TEST_op_From_To.o
 .rdata$zzz     0x000000006d8446a0       0x40 ../build/x64_Release/TEST_op_GetNumberType.o
 .rdata$zzz     0x000000006d8446e0       0x40 ../build/x64_Release/TEST_op_Multiply.o
 .rdata$zzz     0x000000006d844720       0x40 ../build/x64_Release/TEST_op_Negate.o
 .rdata$zzz     0x000000006d844760       0x40 ../build/x64_Release/TEST_op_Subtruct.o
                0x000000006d8447a0                __rt_psrelocs_start = .
 *(.rdata_runtime_pseudo_reloc)
                0x000000006d8447a0                __rt_psrelocs_end = .
                0x0000000000000000                __rt_psrelocs_size = (__rt_psrelocs_end - __rt_psrelocs_start)
                0x000000006d8447a0                ___RUNTIME_PSEUDO_RELOC_LIST_END__ = .
                0x000000006d8447a0                __RUNTIME_PSEUDO_RELOC_LIST_END__ = .
                0x000000006d8447a0                ___RUNTIME_PSEUDO_RELOC_LIST__ = (. - __rt_psrelocs_size)
                0x000000006d8447a0                __RUNTIME_PSEUDO_RELOC_LIST__ = (. - __rt_psrelocs_size)

.eh_frame
 *(.eh_frame*)

.pdata          0x000000006d845000      0x400
 *(.pdata*)
 .pdata         0x000000006d845000        0xc ../build/x64_Release/debug.o
 .pdata         0x000000006d84500c        0xc ../build/x64_Release/dllmain.o
 .pdata         0x000000006d845018       0xf0 ../build/x64_Release/pmc_add_sub.o
 .pdata         0x000000006d845108       0x18 ../build/x64_Release/pmc_bytes.o
 .pdata         0x000000006d845120        0xc ../build/x64_Release/pmc_clone.o
 .pdata         0x000000006d84512c       0x48 ../build/x64_Release/pmc_from.o
 .pdata         0x000000006d845174       0x24 ../build/x64_Release/pmc_getnumbertype.o
 .pdata         0x000000006d845198        0xc ../build/x64_Release/pmc_initialize.o
 .pdata         0x000000006d8451a4       0xb4 ../build/x64_Release/pmc_memory.o
 .pdata         0x000000006d845258       0x78 ../build/x64_Release/pmc_multiply.o
 .pdata         0x000000006d8452d0        0xc ../build/x64_Release/pmc_negate.o
 .pdata         0x000000006d8452dc        0xc ../build/x64_Release/pmc_statistics.o
 .pdata         0x000000006d8452e8       0x18 ../build/x64_Release/pmc_to.o

.xdata          0x000000006d846000      0x400
 *(.xdata*)
 .xdata         0x000000006d846000        0x4 ../build/x64_Release/debug.o
 .xdata         0x000000006d846004        0x8 ../build/x64_Release/dllmain.o
 .xdata         0x000000006d84600c      0x134 ../build/x64_Release/pmc_add_sub.o
 .xdata         0x000000006d846140       0x1c ../build/x64_Release/pmc_bytes.o
 .xdata         0x000000006d84615c        0xc ../build/x64_Release/pmc_clone.o
 .xdata         0x000000006d846168       0x30 ../build/x64_Release/pmc_from.o
 .xdata         0x000000006d846198       0x18 ../build/x64_Release/pmc_getnumbertype.o
 .xdata         0x000000006d8461b0        0xc ../build/x64_Release/pmc_initialize.o
 .xdata         0x000000006d8461bc       0x78 ../build/x64_Release/pmc_memory.o
 .xdata         0x000000006d846234       0x94 ../build/x64_Release/pmc_multiply.o
 .xdata         0x000000006d8462c8        0xc ../build/x64_Release/pmc_negate.o
 .xdata         0x000000006d8462d4        0x4 ../build/x64_Release/pmc_statistics.o
 .xdata         0x000000006d8462d8       0x18 ../build/x64_Release/pmc_to.o

.bss            0x000000006d847000      0x5f0
                0x000000006d847000                __bss_start__ = .
 *(.bss)
 .bss           0x000000006d847000        0x0 ../build/x64_Release/debug.o
 .bss           0x000000006d847000        0x0 ../build/x64_Release/dllmain.o
 .bss           0x000000006d847000        0x0 ../build/x64_Release/pmc_add_sub.o
 .bss           0x000000006d847000        0x0 ../build/x64_Release/pmc_bytes.o
 .bss           0x000000006d847000        0x0 ../build/x64_Release/pmc_clone.o
 .bss           0x000000006d847000        0x0 ../build/x64_Release/pmc_from.o
 .bss           0x000000006d847000        0x0 ../build/x64_Release/pmc_getnumbertype.o
 .bss           0x000000006d847000      0x360 ../build/x64_Release/pmc_initialize.o
 .bss           0x000000006d847360        0x0 ../build/x64_Release/pmc_memory.o
 .bss           0x000000006d847360        0x0 ../build/x64_Release/pmc_multiply.o
 .bss           0x000000006d847360        0x0 ../build/x64_Release/pmc_negate.o
 .bss           0x000000006d847360        0x0 ../build/x64_Release/pmc_statistics.o
 .bss           0x000000006d847360        0x0 ../build/x64_Release/pmc_to.o
 .bss           0x000000006d847360        0x0 ../build/x64_Release/TEST_autogenerated.o
 .bss           0x000000006d847360        0x0 ../build/x64_Release/TEST_op_Add.o
 .bss           0x000000006d847360        0x0 ../build/x64_Release/TEST_op_Clone.o
 .bss           0x000000006d847360        0x0 ../build/x64_Release/TEST_op_From_To.o
 .bss           0x000000006d847360        0x0 ../build/x64_Release/TEST_op_GetNumberType.o
 .bss           0x000000006d847360        0x0 ../build/x64_Release/TEST_op_Multiply.o
 .bss           0x000000006d847360        0x0 ../build/x64_Release/TEST_op_Negate.o
 .bss           0x000000006d847360        0x0 ../build/x64_Release/TEST_op_Subtruct.o
 .bss           0x000000006d847360        0x0 C:/GNU/MINGW64/x86_64-8.1.0-win32-seh-rt_v6-rev0/mingw64/bin/../lib/gcc/x86_64-w64-mingw32/8.1.0/../../../../x86_64-w64-mingw32/lib/../lib/libkernel32.a(dqifs00954.o)
 .bss           0x000000006d847360        0x0 C:/GNU/MINGW64/x86_64-8.1.0-win32-seh-rt_v6-rev0/mingw64/bin/../lib/gcc/x86_64-w64-mingw32/8.1.0/../../../../x86_64-w64-mingw32/lib/../lib/libkernel32.a(dqifs00841.o)
 .bss           0x000000006d847360        0x0 C:/GNU/MINGW64/x86_64-8.1.0-win32-seh-rt_v6-rev0/mingw64/bin/../lib/gcc/x86_64-w64-mingw32/8.1.0/../../../../x86_64-w64-mingw32/lib/../lib/libkernel32.a(dqifs00839.o)
 .bss           0x000000006d847360        0x0 C:/GNU/MINGW64/x86_64-8.1.0-win32-seh-rt_v6-rev0/mingw64/bin/../lib/gcc/x86_64-w64-mingw32/8.1.0/../../../../x86_64-w64-mingw32/lib/../lib/libkernel32.a(dqifs00837.o)
 .bss           0x000000006d847360        0x0 C:/GNU/MINGW64/x86_64-8.1.0-win32-seh-rt_v6-rev0/mingw64/bin/../lib/gcc/x86_64-w64-mingw32/8.1.0/../../../../x86_64-w64-mingw32/lib/../lib/libkernel32.a(dqifs00835.o)
 .bss           0x000000006d847360        0x0 C:/GNU/MINGW64/x86_64-8.1.0-win32-seh-rt_v6-rev0/mingw64/bin/../lib/gcc/x86_64-w64-mingw32/8.1.0/../../../../x86_64-w64-mingw32/lib/../lib/libkernel32.a(dqifs00689.o)
 .bss           0x000000006d847360        0x0 C:/GNU/MINGW64/x86_64-8.1.0-win32-seh-rt_v6-rev0/mingw64/bin/../lib/gcc/x86_64-w64-mingw32/8.1.0/../../../../x86_64-w64-mingw32/lib/../lib/libkernel32.a(dqifs00427.o)
 .bss           0x000000006d847360        0x0 C:/GNU/MINGW64/x86_64-8.1.0-win32-seh-rt_v6-rev0/mingw64/bin/../lib/gcc/x86_64-w64-mingw32/8.1.0/../../../../x86_64-w64-mingw32/lib/../lib/libkernel32.a(dqifh.o)
 .bss           0x000000006d847360        0x0 C:/GNU/MINGW64/x86_64-8.1.0-win32-seh-rt_v6-rev0/mingw64/bin/../lib/gcc/x86_64-w64-mingw32/8.1.0/../../../../x86_64-w64-mingw32/lib/../lib/libkernel32.a(dqift.o)
 *(COMMON)
 COMMON         0x000000006d847360      0x230 ../build/x64_Release/pmc_initialize.o
                0x000000006d847360                ep_uint
 COMMON         0x000000006d847590       0x60 ../build/x64_Release/pmc_memory.o
                0x000000006d847590                number_one
                0x000000006d8475b0                number_minus_one
                0x000000006d8475d0                number_zero
                0x000000006d8475e8                hLocalHeap
                0x000000006d8475f0                __bss_end__ = .

.edata          0x000000006d848000      0x200
 *(.edata)
 .edata         0x000000006d848000       0x74 dll stuff

/DISCARD/
 *(.debug$S)
 *(.debug$T)
 *(.debug$F)
 *(.drectve)
 *(.note.GNU-stack)
 *(.gnu.lto_*)

.idata          0x000000006d849000      0x200
 SORT_BY_NAME(*)(.idata$2)
 .idata$2       0x000000006d849000       0x14 C:/GNU/MINGW64/x86_64-8.1.0-win32-seh-rt_v6-rev0/mingw64/bin/../lib/gcc/x86_64-w64-mingw32/8.1.0/../../../../x86_64-w64-mingw32/lib/../lib/libkernel32.a(dqifh.o)
                0x000000006d849000                _head_lib64_libkernel32_a
 SORT_BY_NAME(*)(.idata$3)
                0x000000006d849014        0x4 LONG 0x0
                0x000000006d849018        0x4 LONG 0x0
                0x000000006d84901c        0x4 LONG 0x0
                0x000000006d849020        0x4 LONG 0x0
                0x000000006d849024        0x4 LONG 0x0
 SORT_BY_NAME(*)(.idata$4)
 .idata$4       0x000000006d849028        0x0 C:/GNU/MINGW64/x86_64-8.1.0-win32-seh-rt_v6-rev0/mingw64/bin/../lib/gcc/x86_64-w64-mingw32/8.1.0/../../../../x86_64-w64-mingw32/lib/../lib/libkernel32.a(dqifh.o)
 .idata$4       0x000000006d849028        0x8 C:/GNU/MINGW64/x86_64-8.1.0-win32-seh-rt_v6-rev0/mingw64/bin/../lib/gcc/x86_64-w64-mingw32/8.1.0/../../../../x86_64-w64-mingw32/lib/../lib/libkernel32.a(dqifs00427.o)
 .idata$4       0x000000006d849030        0x8 C:/GNU/MINGW64/x86_64-8.1.0-win32-seh-rt_v6-rev0/mingw64/bin/../lib/gcc/x86_64-w64-mingw32/8.1.0/../../../../x86_64-w64-mingw32/lib/../lib/libkernel32.a(dqifs00689.o)
 .idata$4       0x000000006d849038        0x8 C:/GNU/MINGW64/x86_64-8.1.0-win32-seh-rt_v6-rev0/mingw64/bin/../lib/gcc/x86_64-w64-mingw32/8.1.0/../../../../x86_64-w64-mingw32/lib/../lib/libkernel32.a(dqifs00835.o)
 .idata$4       0x000000006d849040        0x8 C:/GNU/MINGW64/x86_64-8.1.0-win32-seh-rt_v6-rev0/mingw64/bin/../lib/gcc/x86_64-w64-mingw32/8.1.0/../../../../x86_64-w64-mingw32/lib/../lib/libkernel32.a(dqifs00837.o)
 .idata$4       0x000000006d849048        0x8 C:/GNU/MINGW64/x86_64-8.1.0-win32-seh-rt_v6-rev0/mingw64/bin/../lib/gcc/x86_64-w64-mingw32/8.1.0/../../../../x86_64-w64-mingw32/lib/../lib/libkernel32.a(dqifs00839.o)
 .idata$4       0x000000006d849050        0x8 C:/GNU/MINGW64/x86_64-8.1.0-win32-seh-rt_v6-rev0/mingw64/bin/../lib/gcc/x86_64-w64-mingw32/8.1.0/../../../../x86_64-w64-mingw32/lib/../lib/libkernel32.a(dqifs00841.o)
 .idata$4       0x000000006d849058        0x8 C:/GNU/MINGW64/x86_64-8.1.0-win32-seh-rt_v6-rev0/mingw64/bin/../lib/gcc/x86_64-w64-mingw32/8.1.0/../../../../x86_64-w64-mingw32/lib/../lib/libkernel32.a(dqifs00954.o)
 .idata$4       0x000000006d849060        0x8 C:/GNU/MINGW64/x86_64-8.1.0-win32-seh-rt_v6-rev0/mingw64/bin/../lib/gcc/x86_64-w64-mingw32/8.1.0/../../../../x86_64-w64-mingw32/lib/../lib/libkernel32.a(dqift.o)
                0x000000006d849068                __IAT_start__ = .
 SORT_BY_NAME(*)(.idata$5)
 .idata$5       0x000000006d849068        0x0 C:/GNU/MINGW64/x86_64-8.1.0-win32-seh-rt_v6-rev0/mingw64/bin/../lib/gcc/x86_64-w64-mingw32/8.1.0/../../../../x86_64-w64-mingw32/lib/../lib/libkernel32.a(dqifh.o)
 .idata$5       0x000000006d849068        0x8 C:/GNU/MINGW64/x86_64-8.1.0-win32-seh-rt_v6-rev0/mingw64/bin/../lib/gcc/x86_64-w64-mingw32/8.1.0/../../../../x86_64-w64-mingw32/lib/../lib/libkernel32.a(dqifs00427.o)
                0x000000006d849068                __imp_FreeLibrary
 .idata$5       0x000000006d849070        0x8 C:/GNU/MINGW64/x86_64-8.1.0-win32-seh-rt_v6-rev0/mingw64/bin/../lib/gcc/x86_64-w64-mingw32/8.1.0/../../../../x86_64-w64-mingw32/lib/../lib/libkernel32.a(dqifs00689.o)
                0x000000006d849070                __imp_GetProcAddress
 .idata$5       0x000000006d849078        0x8 C:/GNU/MINGW64/x86_64-8.1.0-win32-seh-rt_v6-rev0/mingw64/bin/../lib/gcc/x86_64-w64-mingw32/8.1.0/../../../../x86_64-w64-mingw32/lib/../lib/libkernel32.a(dqifs00835.o)
                0x000000006d849078                __imp_HeapAlloc
 .idata$5       0x000000006d849080        0x8 C:/GNU/MINGW64/x86_64-8.1.0-win32-seh-rt_v6-rev0/mingw64/bin/../lib/gcc/x86_64-w64-mingw32/8.1.0/../../../../x86_64-w64-mingw32/lib/../lib/libkernel32.a(dqifs00837.o)
                0x000000006d849080                __imp_HeapCreate
 .idata$5       0x000000006d849088        0x8 C:/GNU/MINGW64/x86_64-8.1.0-win32-seh-rt_v6-rev0/mingw64/bin/../lib/gcc/x86_64-w64-mingw32/8.1.0/../../../../x86_64-w64-mingw32/lib/../lib/libkernel32.a(dqifs00839.o)
                0x000000006d849088                __imp_HeapDestroy
 .idata$5       0x000000006d849090        0x8 C:/GNU/MINGW64/x86_64-8.1.0-win32-seh-rt_v6-rev0/mingw64/bin/../lib/gcc/x86_64-w64-mingw32/8.1.0/../../../../x86_64-w64-mingw32/lib/../lib/libkernel32.a(dqifs00841.o)
                0x000000006d849090                __imp_HeapFree
 .idata$5       0x000000006d849098        0x8 C:/GNU/MINGW64/x86_64-8.1.0-win32-seh-rt_v6-rev0/mingw64/bin/../lib/gcc/x86_64-w64-mingw32/8.1.0/../../../../x86_64-w64-mingw32/lib/../lib/libkernel32.a(dqifs00954.o)
                0x000000006d849098                __imp_LoadLibraryA
 .idata$5       0x000000006d8490a0        0x8 C:/GNU/MINGW64/x86_64-8.1.0-win32-seh-rt_v6-rev0/mingw64/bin/../lib/gcc/x86_64-w64-mingw32/8.1.0/../../../../x86_64-w64-mingw32/lib/../lib/libkernel32.a(dqift.o)
                0x000000006d8490a8                __IAT_end__ = .
 SORT_BY_NAME(*)(.idata$6)
 .idata$6       0x000000006d8490a8        0xe C:/GNU/MINGW64/x86_64-8.1.0-win32-seh-rt_v6-rev0/mingw64/bin/../lib/gcc/x86_64-w64-mingw32/8.1.0/../../../../x86_64-w64-mingw32/lib/../lib/libkernel32.a(dqifs00427.o)
 .idata$6       0x000000006d8490b6       0x12 C:/GNU/MINGW64/x86_64-8.1.0-win32-seh-rt_v6-rev0/mingw64/bin/../lib/gcc/x86_64-w64-mingw32/8.1.0/../../../../x86_64-w64-mingw32/lib/../lib/libkernel32.a(dqifs00689.o)
 .idata$6       0x000000006d8490c8        0xc C:/GNU/MINGW64/x86_64-8.1.0-win32-seh-rt_v6-rev0/mingw64/bin/../lib/gcc/x86_64-w64-mingw32/8.1.0/../../../../x86_64-w64-mingw32/lib/../lib/libkernel32.a(dqifs00835.o)
 .idata$6       0x000000006d8490d4        0xe C:/GNU/MINGW64/x86_64-8.1.0-win32-seh-rt_v6-rev0/mingw64/bin/../lib/gcc/x86_64-w64-mingw32/8.1.0/../../../../x86_64-w64-mingw32/lib/../lib/libkernel32.a(dqifs00837.o)
 .idata$6       0x000000006d8490e2        0xe C:/GNU/MINGW64/x86_64-8.1.0-win32-seh-rt_v6-rev0/mingw64/bin/../lib/gcc/x86_64-w64-mingw32/8.1.0/../../../../x86_64-w64-mingw32/lib/../lib/libkernel32.a(dqifs00839.o)
 .idata$6       0x000000006d8490f0        0xc C:/GNU/MINGW64/x86_64-8.1.0-win32-seh-rt_v6-rev0/mingw64/bin/../lib/gcc/x86_64-w64-mingw32/8.1.0/../../../../x86_64-w64-mingw32/lib/../lib/libkernel32.a(dqifs00841.o)
 .idata$6       0x000000006d8490fc       0x10 C:/GNU/MINGW64/x86_64-8.1.0-win32-seh-rt_v6-rev0/mingw64/bin/../lib/gcc/x86_64-w64-mingw32/8.1.0/../../../../x86_64-w64-mingw32/lib/../lib/libkernel32.a(dqifs00954.o)
 SORT_BY_NAME(*)(.idata$7)
 .idata$7       0x000000006d84910c        0x4 C:/GNU/MINGW64/x86_64-8.1.0-win32-seh-rt_v6-rev0/mingw64/bin/../lib/gcc/x86_64-w64-mingw32/8.1.0/../../../../x86_64-w64-mingw32/lib/../lib/libkernel32.a(dqifs00427.o)
 .idata$7       0x000000006d849110        0x4 C:/GNU/MINGW64/x86_64-8.1.0-win32-seh-rt_v6-rev0/mingw64/bin/../lib/gcc/x86_64-w64-mingw32/8.1.0/../../../../x86_64-w64-mingw32/lib/../lib/libkernel32.a(dqifs00689.o)
 .idata$7       0x000000006d849114        0x4 C:/GNU/MINGW64/x86_64-8.1.0-win32-seh-rt_v6-rev0/mingw64/bin/../lib/gcc/x86_64-w64-mingw32/8.1.0/../../../../x86_64-w64-mingw32/lib/../lib/libkernel32.a(dqifs00835.o)
 .idata$7       0x000000006d849118        0x4 C:/GNU/MINGW64/x86_64-8.1.0-win32-seh-rt_v6-rev0/mingw64/bin/../lib/gcc/x86_64-w64-mingw32/8.1.0/../../../../x86_64-w64-mingw32/lib/../lib/libkernel32.a(dqifs00837.o)
 .idata$7       0x000000006d84911c        0x4 C:/GNU/MINGW64/x86_64-8.1.0-win32-seh-rt_v6-rev0/mingw64/bin/../lib/gcc/x86_64-w64-mingw32/8.1.0/../../../../x86_64-w64-mingw32/lib/../lib/libkernel32.a(dqifs00839.o)
 .idata$7       0x000000006d849120        0x4 C:/GNU/MINGW64/x86_64-8.1.0-win32-seh-rt_v6-rev0/mingw64/bin/../lib/gcc/x86_64-w64-mingw32/8.1.0/../../../../x86_64-w64-mingw32/lib/../lib/libkernel32.a(dqifs00841.o)
 .idata$7       0x000000006d849124        0x4 C:/GNU/MINGW64/x86_64-8.1.0-win32-seh-rt_v6-rev0/mingw64/bin/../lib/gcc/x86_64-w64-mingw32/8.1.0/../../../../x86_64-w64-mingw32/lib/../lib/libkernel32.a(dqifs00954.o)
 .idata$7       0x000000006d849128       0x10 C:/GNU/MINGW64/x86_64-8.1.0-win32-seh-rt_v6-rev0/mingw64/bin/../lib/gcc/x86_64-w64-mingw32/8.1.0/../../../../x86_64-w64-mingw32/lib/../lib/libkernel32.a(dqift.o)
                0x000000006d849128                __lib64_libkernel32_a_iname

.CRT            0x000000006d84a000        0x0
                0x000000006d84a000                ___crt_xc_start__ = .
 *(SORT_BY_NAME(.CRT$XC*))
                0x000000006d84a000                ___crt_xc_end__ = .
                0x000000006d84a000                ___crt_xi_start__ = .
 *(SORT_BY_NAME(.CRT$XI*))
                0x000000006d84a000                ___crt_xi_end__ = .
                0x000000006d84a000                ___crt_xl_start__ = .
 *(SORT_BY_NAME(.CRT$XL*))
                0x000000006d84a000                ___crt_xp_start__ = .
 *(SORT_BY_NAME(.CRT$XP*))
                0x000000006d84a000                ___crt_xp_end__ = .
                0x000000006d84a000                ___crt_xt_start__ = .
 *(SORT_BY_NAME(.CRT$XT*))
                0x000000006d84a000                ___crt_xt_end__ = .

.tls            0x000000006d84a000        0x0
                0x000000006d84a000                ___tls_start__ = .
 *(.tls$AAA)
 *(.tls)
 *(.tls$)
 *(SORT_BY_NAME(.tls$*))
 *(.tls$ZZZ)
                0x000000006d84a000                ___tls_end__ = .

.endjunk        0x000000006d84a000        0x0
                [!provide]                        PROVIDE (end = .)
                [!provide]                        PROVIDE (_end = .)
                0x000000006d84a000                __end__ = .

.rsrc           0x000000006d84a000      0x400
 *(.rsrc)
 .rsrc          0x000000006d84a000      0x378 ../build/x64_Release/version.o
 *(.rsrc$*)

.reloc          0x000000006d84b000      0x200
 *(.reloc)
 .reloc         0x000000006d84b000       0x50 dll stuff

.stab
 *(.stab)

.stabstr
 *(.stabstr)

.debug_aranges
 *(.debug_aranges)

.zdebug_aranges
 *(.zdebug_aranges)

.debug_pubnames
 *(.debug_pubnames)

.zdebug_pubnames
 *(.zdebug_pubnames)

.debug_pubtypes
 *(.debug_pubtypes)

.zdebug_pubtypes
 *(.zdebug_pubtypes)

.debug_info
 *(.debug_info .gnu.linkonce.wi.*)

.zdebug_info
 *(.zdebug_info .zdebug.gnu.linkonce.wi.*)

.debug_abbrev
 *(.debug_abbrev)

.zdebug_abbrev
 *(.zdebug_abbrev)

.debug_line
 *(.debug_line)

.zdebug_line
 *(.zdebug_line)

.debug_frame
 *(.debug_frame)

.zdebug_frame
 *(.zdebug_frame)

.debug_str
 *(.debug_str)

.zdebug_str
 *(.zdebug_str)

.debug_loc
 *(.debug_loc)

.zdebug_loc
 *(.zdebug_loc)

.debug_macinfo
 *(.debug_macinfo)

.zdebug_macinfo
 *(.zdebug_macinfo)

.debug_weaknames
 *(.debug_weaknames)

.zdebug_weaknames
 *(.zdebug_weaknames)

.debug_funcnames
 *(.debug_funcnames)

.zdebug_funcnames
 *(.zdebug_funcnames)

.debug_typenames
 *(.debug_typenames)

.zdebug_typenames
 *(.zdebug_typenames)

.debug_varnames
 *(.debug_varnames)

.zdebug_varnames
 *(.zdebug_varnames)

.debug_macro
 *(.debug_macro)

.zdebug_macro
 *(.zdebug_macro)

.debug_ranges
 *(.debug_ranges)

.zdebug_ranges
 *(.zdebug_ranges)

.debug_types
 *(.debug_types .gnu.linkonce.wt.*)

.zdebug_types
 *(.zdebug_types .zdebug.gnu.linkonce.wt.*)

.debug_gdb_scripts
 *(.debug_gdb_scripts)

.zdebug_gdb_scripts
 *(.zdebug_gdb_scripts)
OUTPUT(../../dist/x64_Release/Palmtree.Math.Core.Sint.dll pei-x86-64)
LOAD dll stuff
