Archive member included to satisfy reference by file (symbol)

C:/GNU/MINGW64/x86_64-8.1.0-win32-seh-rt_v6-rev0/mingw64/bin/../lib/gcc/x86_64-w64-mingw32/8.1.0/../../../../x86_64-w64-mingw32/lib/../lib/libkernel32.a(dqifs00954.o)
                              ../build/x64_Debug/pmc_initialize.o (__imp_LoadLibraryA)
C:/GNU/MINGW64/x86_64-8.1.0-win32-seh-rt_v6-rev0/mingw64/bin/../lib/gcc/x86_64-w64-mingw32/8.1.0/../../../../x86_64-w64-mingw32/lib/../lib/libkernel32.a(dqifs00841.o)
                              ../build/x64_Debug/pmc_memory.o (__imp_HeapFree)
C:/GNU/MINGW64/x86_64-8.1.0-win32-seh-rt_v6-rev0/mingw64/bin/../lib/gcc/x86_64-w64-mingw32/8.1.0/../../../../x86_64-w64-mingw32/lib/../lib/libkernel32.a(dqifs00839.o)
                              ../build/x64_Debug/pmc_memory.o (__imp_HeapDestroy)
C:/GNU/MINGW64/x86_64-8.1.0-win32-seh-rt_v6-rev0/mingw64/bin/../lib/gcc/x86_64-w64-mingw32/8.1.0/../../../../x86_64-w64-mingw32/lib/../lib/libkernel32.a(dqifs00837.o)
                              ../build/x64_Debug/pmc_memory.o (__imp_HeapCreate)
C:/GNU/MINGW64/x86_64-8.1.0-win32-seh-rt_v6-rev0/mingw64/bin/../lib/gcc/x86_64-w64-mingw32/8.1.0/../../../../x86_64-w64-mingw32/lib/../lib/libkernel32.a(dqifs00835.o)
                              ../build/x64_Debug/pmc_memory.o (__imp_HeapAlloc)
C:/GNU/MINGW64/x86_64-8.1.0-win32-seh-rt_v6-rev0/mingw64/bin/../lib/gcc/x86_64-w64-mingw32/8.1.0/../../../../x86_64-w64-mingw32/lib/../lib/libkernel32.a(dqifs00689.o)
                              ../build/x64_Debug/pmc_initialize.o (__imp_GetProcAddress)
C:/GNU/MINGW64/x86_64-8.1.0-win32-seh-rt_v6-rev0/mingw64/bin/../lib/gcc/x86_64-w64-mingw32/8.1.0/../../../../x86_64-w64-mingw32/lib/../lib/libkernel32.a(dqifs00427.o)
                              ../build/x64_Debug/pmc_initialize.o (__imp_FreeLibrary)
C:/GNU/MINGW64/x86_64-8.1.0-win32-seh-rt_v6-rev0/mingw64/bin/../lib/gcc/x86_64-w64-mingw32/8.1.0/../../../../x86_64-w64-mingw32/lib/../lib/libkernel32.a(dqifh.o)
                              C:/GNU/MINGW64/x86_64-8.1.0-win32-seh-rt_v6-rev0/mingw64/bin/../lib/gcc/x86_64-w64-mingw32/8.1.0/../../../../x86_64-w64-mingw32/lib/../lib/libkernel32.a(dqifs00954.o) (_head_lib64_libkernel32_a)
C:/GNU/MINGW64/x86_64-8.1.0-win32-seh-rt_v6-rev0/mingw64/bin/../lib/gcc/x86_64-w64-mingw32/8.1.0/../../../../x86_64-w64-mingw32/lib/../lib/libkernel32.a(dqift.o)
                              C:/GNU/MINGW64/x86_64-8.1.0-win32-seh-rt_v6-rev0/mingw64/bin/../lib/gcc/x86_64-w64-mingw32/8.1.0/../../../../x86_64-w64-mingw32/lib/../lib/libkernel32.a(dqifh.o) (__lib64_libkernel32_a_iname)
C:/GNU/MINGW64/x86_64-8.1.0-win32-seh-rt_v6-rev0/mingw64/bin/../lib/gcc/x86_64-w64-mingw32/8.1.0/../../../../x86_64-w64-mingw32/lib/../lib/libuser32.a(dyqes00958.o)
                              ../build/x64_Debug/debug.o (__imp_wsprintfW)
C:/GNU/MINGW64/x86_64-8.1.0-win32-seh-rt_v6-rev0/mingw64/bin/../lib/gcc/x86_64-w64-mingw32/8.1.0/../../../../x86_64-w64-mingw32/lib/../lib/libuser32.a(dyqeh.o)
                              C:/GNU/MINGW64/x86_64-8.1.0-win32-seh-rt_v6-rev0/mingw64/bin/../lib/gcc/x86_64-w64-mingw32/8.1.0/../../../../x86_64-w64-mingw32/lib/../lib/libuser32.a(dyqes00958.o) (_head_lib64_libuser32_a)
C:/GNU/MINGW64/x86_64-8.1.0-win32-seh-rt_v6-rev0/mingw64/bin/../lib/gcc/x86_64-w64-mingw32/8.1.0/../../../../x86_64-w64-mingw32/lib/../lib/libuser32.a(dyqet.o)
                              C:/GNU/MINGW64/x86_64-8.1.0-win32-seh-rt_v6-rev0/mingw64/bin/../lib/gcc/x86_64-w64-mingw32/8.1.0/../../../../x86_64-w64-mingw32/lib/../lib/libuser32.a(dyqeh.o) (__lib64_libuser32_a_iname)

Allocating common symbols
Common symbol       size              file

number_one          0x20              ../build/x64_Debug/pmc_memory.o
number_minus_one    0x20              ../build/x64_Debug/pmc_memory.o
number_zero         0x20              ../build/x64_Debug/pmc_memory.o
uint_number_one     0x8               ../build/x64_Debug/debug.o
ep_uint             0x228             ../build/x64_Debug/pmc_initialize.o
hLocalHeap          0x8               ../build/x64_Debug/pmc_memory.o
uint_number_zero    0x8               ../build/x64_Debug/debug.o

Discarded input sections

 .drectve       0x0000000000000000       0x54 ../build/x64_Debug/debug.o
 .drectve       0x0000000000000000       0x40 ../build/x64_Debug/dllmain.o
 .drectve       0x0000000000000000       0x40 ../build/x64_Debug/pmc_add_sub.o
 .drectve       0x0000000000000000       0x40 ../build/x64_Debug/pmc_bytes.o
 .rdata$.refptr.ep_uint
                0x0000000000000000       0x10 ../build/x64_Debug/pmc_bytes.o
 .drectve       0x0000000000000000       0x40 ../build/x64_Debug/pmc_clone.o
 .rdata$.refptr.number_zero
                0x0000000000000000       0x10 ../build/x64_Debug/pmc_clone.o
 .drectve       0x0000000000000000       0x40 ../build/x64_Debug/pmc_divrem.o
 .rdata$.refptr.ep_uint
                0x0000000000000000       0x10 ../build/x64_Debug/pmc_divrem.o
 .rdata$.refptr.number_zero
                0x0000000000000000       0x10 ../build/x64_Debug/pmc_divrem.o
 .drectve       0x0000000000000000       0x40 ../build/x64_Debug/pmc_from.o
 .rdata$.refptr.ep_uint
                0x0000000000000000       0x10 ../build/x64_Debug/pmc_from.o
 .rdata$.refptr.number_zero
                0x0000000000000000       0x10 ../build/x64_Debug/pmc_from.o
 .drectve       0x0000000000000000       0x74 ../build/x64_Debug/pmc_initialize.o
 .drectve       0x0000000000000000       0xb0 ../build/x64_Debug/pmc_memory.o
 .rdata$.refptr.ep_uint
                0x0000000000000000       0x10 ../build/x64_Debug/pmc_memory.o
 .drectve       0x0000000000000000       0x40 ../build/x64_Debug/pmc_multiply.o
 .rdata$.refptr.number_zero
                0x0000000000000000       0x10 ../build/x64_Debug/pmc_multiply.o
 .rdata$.refptr.ep_uint
                0x0000000000000000       0x10 ../build/x64_Debug/pmc_multiply.o
 .drectve       0x0000000000000000       0x40 ../build/x64_Debug/pmc_negate.o
 .drectve       0x0000000000000000       0x40 ../build/x64_Debug/pmc_statistics.o
 .rdata$.refptr.ep_uint
                0x0000000000000000       0x10 ../build/x64_Debug/pmc_statistics.o
 .drectve       0x0000000000000000       0x40 ../build/x64_Debug/pmc_to.o
 .rdata$.refptr.ep_uint
                0x0000000000000000       0x10 ../build/x64_Debug/pmc_to.o
 .drectve       0x0000000000000000       0x40 ../build/x64_Debug/TEST_autogenerated.o
 .drectve       0x0000000000000000       0x40 ../build/x64_Debug/TEST_op_Add.o
 .drectve       0x0000000000000000       0x40 ../build/x64_Debug/TEST_op_Clone.o
 .drectve       0x0000000000000000       0x40 ../build/x64_Debug/TEST_op_From_To.o
 .drectve       0x0000000000000000       0x40 ../build/x64_Debug/TEST_op_Multiply.o
 .drectve       0x0000000000000000       0x40 ../build/x64_Debug/TEST_op_Negate.o
 .drectve       0x0000000000000000       0x40 ../build/x64_Debug/TEST_op_Subtruct.o

Memory Configuration

Name             Origin             Length             Attributes
*default*        0x0000000000000000 0xffffffffffffffff

Linker script and memory map

                0x00000000660c0000                __image_base__ = 0x660c0000
                0x0000000000000000                __dll__ = 0x0
                0x00000000660c0000                __ImageBase = 0x660c0000
                0x0000000000001000                __section_alignment__ = 0x1000
                0x0000000000000200                __file_alignment__ = 0x200
                0x0000000000000004                __major_os_version__ = 0x4
                0x0000000000000000                __minor_os_version__ = 0x0
                0x0000000000000000                __major_image_version__ = 0x0
                0x0000000000000000                __minor_image_version__ = 0x0
                0x0000000000000005                __major_subsystem_version__ = 0x5
                0x0000000000000002                __minor_subsystem_version__ = 0x2
                0x0000000000000002                __subsystem__ = 0x2
                0x0000000000200000                __size_of_stack_reserve__ = 0x200000
                0x0000000000001000                __size_of_stack_commit__ = 0x1000
                0x0000000000100000                __size_of_heap_reserve__ = 0x100000
                0x0000000000001000                __size_of_heap_commit__ = 0x1000
                0x0000000000000000                __loader_flags__ = 0x0
                0x0000000000000000                __dll_characteristics__ = 0x0
LOAD ../build/x64_Debug/debug.o
LOAD ../build/x64_Debug/dllmain.o
LOAD ../build/x64_Debug/pmc_add_sub.o
LOAD ../build/x64_Debug/pmc_bytes.o
LOAD ../build/x64_Debug/pmc_clone.o
LOAD ../build/x64_Debug/pmc_divrem.o
LOAD ../build/x64_Debug/pmc_from.o
LOAD ../build/x64_Debug/pmc_initialize.o
LOAD ../build/x64_Debug/pmc_memory.o
LOAD ../build/x64_Debug/pmc_multiply.o
LOAD ../build/x64_Debug/pmc_negate.o
LOAD ../build/x64_Debug/pmc_statistics.o
LOAD ../build/x64_Debug/pmc_to.o
LOAD ../build/x64_Debug/TEST_autogenerated.o
LOAD ../build/x64_Debug/TEST_op_Add.o
LOAD ../build/x64_Debug/TEST_op_Clone.o
LOAD ../build/x64_Debug/TEST_op_DivRem.o
LOAD ../build/x64_Debug/TEST_op_From_To.o
LOAD ../build/x64_Debug/TEST_op_Multiply.o
LOAD ../build/x64_Debug/TEST_op_Negate.o
LOAD ../build/x64_Debug/TEST_op_Remainder.o
LOAD ../build/x64_Debug/TEST_op_Subtruct.o
LOAD ../build/x64_Debug/version.o
LOAD ../Palmtree.Math.Core.Sint.def
LOAD C:/GNU/MINGW64/x86_64-8.1.0-win32-seh-rt_v6-rev0/mingw64/bin/../lib/gcc/x86_64-w64-mingw32/8.1.0/../../../../x86_64-w64-mingw32/lib/../lib/libkernel32.a
LOAD C:/GNU/MINGW64/x86_64-8.1.0-win32-seh-rt_v6-rev0/mingw64/bin/../lib/gcc/x86_64-w64-mingw32/8.1.0/../../../../x86_64-w64-mingw32/lib/../lib/libuser32.a
                0x0000000000000408                . = SIZEOF_HEADERS
                0x0000000000001000                . = ALIGN (__section_alignment__)

.text           0x00000000660c1000   0x10de00
 *(.init)
 *(.text)
 .text          0x00000000660c1000      0x3c0 ../build/x64_Debug/debug.o
                0x00000000660c110f                DoDebug
                0x00000000660c120f                TEST_Assert
                0x00000000660c1281                FormatTestLabel
                0x00000000660c12c1                FormatTestMesssage
                0x00000000660c12f7                DumpBinary_UNIT
 .text          0x00000000660c13c0       0x70 ../build/x64_Debug/dllmain.o
                0x00000000660c13c0                DllMain
 .text          0x00000000660c1430     0x2430 ../build/x64_Debug/pmc_add_sub.o
                0x00000000660c1b77                PMC_Add_I_X
                0x00000000660c1d9f                PMC_Add_L_X
                0x00000000660c1fd0                PMC_Add_UX_X
                0x00000000660c216c                PMC_Add_X_I
                0x00000000660c2380                PMC_Add_X_L
                0x00000000660c259c                PMC_Add_X_UX
                0x00000000660c2784                PMC_Add_X_X
                0x00000000660c29e0                PMC_Subtruct_I_X
                0x00000000660c2c08                PMC_Subtruct_L_X
                0x00000000660c2e39                PMC_Subtruct_UX_X
                0x00000000660c2fe6                PMC_Subtruct_X_I
                0x00000000660c31fc                PMC_Subtruct_X_L
                0x00000000660c341a                PMC_Subtruct_X_UX
                0x00000000660c3602                PMC_Subtruct_X_X
 .text          0x00000000660c3860      0x160 ../build/x64_Debug/pmc_bytes.o
                0x00000000660c3860                PMC_FromByteArray
                0x00000000660c3927                PMC_ToByteArray
 .text          0x00000000660c39c0       0xc0 ../build/x64_Debug/pmc_clone.o
                0x00000000660c39c0                PMC_Clone_X
 .text          0x00000000660c3a80     0x10d0 ../build/x64_Debug/pmc_divrem.o
                0x00000000660c3b30                PMC_DivRem_I_X
                0x00000000660c3d62                PMC_DivRem_L_X
                0x00000000660c3fa2                PMC_DivRem_UX_X
                0x00000000660c417e                PMC_DivRem_X_I
                0x00000000660c4385                PMC_DivRem_X_L
                0x00000000660c459a                PMC_DivRem_X_UX
                0x00000000660c484c                PMC_DivRem_X_X
 .text          0x00000000660c4b50      0x250 ../build/x64_Debug/pmc_from.o
                0x00000000660c4b50                From_I_Imp
                0x00000000660c4bcf                From_L_Imp
                0x00000000660c4c50                PMC_From_I
                0x00000000660c4cf3                PMC_From_L
 .text          0x00000000660c4da0      0x580 ../build/x64_Debug/pmc_initialize.o
                0x00000000660c5028                PMC_SINT_Initialize
 .text          0x00000000660c5320      0x8c0 ../build/x64_Debug/pmc_memory.o
                0x00000000660c5566                AttatchNumber
                0x00000000660c55b8                AllocateNumber
                0x00000000660c5648                DetatchNumber
                0x00000000660c567c                DeallocateNumber
                0x00000000660c56d8                CheckNumber
                0x00000000660c570a                DuplicateNumber
                0x00000000660c582e                Negate_Imp
                0x00000000660c5930                PMC_GetConstantValue_I
                0x00000000660c5993                PMC_Dispose
                0x00000000660c59ba                Initialize_Memory
                0x00000000660c5b45                AllocateHeapArea
                0x00000000660c5b94                DeallocateHeapArea
 .text          0x00000000660c5be0      0xae0 ../build/x64_Debug/pmc_multiply.o
                0x00000000660c5e90                PMC_Multiply_I_X
                0x00000000660c5fcf                PMC_Multiply_L_X
                0x00000000660c6111                PMC_Multiply_UX_X
                0x00000000660c61f7                PMC_Multiply_X_I
                0x00000000660c632b                PMC_Multiply_X_L
                0x00000000660c6462                PMC_Multiply_X_UX
                0x00000000660c6548                PMC_Multiply_X_X
 .text          0x00000000660c66c0       0x90 ../build/x64_Debug/pmc_negate.o
                0x00000000660c66c0                PMC_Negate_X
 .text          0x00000000660c6750       0x30 ../build/x64_Debug/pmc_statistics.o
                0x00000000660c6750                PMC_GetStatisticsInfo
 .text          0x00000000660c6780      0x1b0 ../build/x64_Debug/pmc_to.o
                0x00000000660c6780                PMC_To_X_I
                0x00000000660c6847                PMC_To_X_L
 .text          0x00000000660c6930   0x101500 ../build/x64_Debug/TEST_autogenerated.o
                0x00000000660c6930                TEST_autogenerated
 .text          0x00000000661c7e30     0x12d0 ../build/x64_Debug/TEST_op_Add.o
                0x00000000661c7e8b                TEST_Add_I_X
                0x00000000661c80ea                TEST_Add_L_X
                0x00000000661c834a                TEST_Add_UX_X
                0x00000000661c8645                TEST_Add_X_I
                0x00000000661c88a4                TEST_Add_X_L
                0x00000000661c8b04                TEST_Add_X_UX
                0x00000000661c8dff                TEST_Add_X_X
 .text          0x00000000661c9100      0x2c0 ../build/x64_Debug/TEST_op_Clone.o
                0x00000000661c915b                TEST_Clone_X
 .text          0x00000000661c93c0     0x1930 ../build/x64_Debug/TEST_op_DivRem.o
                0x00000000661c941b                TEST_DivRem_I_X
                0x00000000661c979d                TEST_DivRem_L_X
                0x00000000661c9b20                TEST_DivRem_UX_X
                0x00000000661c9f38                TEST_DivRem_X_I
                0x00000000661ca1ef                TEST_DivRem_X_L
                0x00000000661ca4a9                TEST_DivRem_X_UX
                0x00000000661ca8c7                TEST_DivRem_X_X
 .text          0x00000000661cacf0      0x660 ../build/x64_Debug/TEST_op_From_To.o
                0x00000000661cad4b                TEST_From_I
                0x00000000661caf06                TEST_From_L
                0x00000000661cb0c2                TEST_To_X_I
                0x00000000661cb206                TEST_To_X_L
 .text          0x00000000661cb350     0x12d0 ../build/x64_Debug/TEST_op_Multiply.o
                0x00000000661cb3ab                TEST_Multiply_I_X
                0x00000000661cb60a                TEST_Multiply_L_X
                0x00000000661cb86a                TEST_Multiply_UX_X
                0x00000000661cbb65                TEST_Multiply_X_I
                0x00000000661cbdc4                TEST_Multiply_X_L
                0x00000000661cc024                TEST_Multiply_X_UX
                0x00000000661cc31f                TEST_Multiply_X_X
 .text          0x00000000661cc620      0x2c0 ../build/x64_Debug/TEST_op_Negate.o
                0x00000000661cc67b                TEST_Negate_X
 .text          0x00000000661cc8e0     0x1130 ../build/x64_Debug/TEST_op_Remainder.o
                0x00000000661cc93b                TEST_Remainder_I_X
                0x00000000661ccbb5                TEST_Remainder_L_X
                0x00000000661cce30                TEST_Remainder_UX_X
                0x00000000661cd140                TEST_Remainder_X_I
                0x00000000661cd28c                TEST_Remainder_X_L
                0x00000000661cd3db                TEST_Remainder_X_UX
                0x00000000661cd6f1                TEST_Remainder_X_X
 .text          0x00000000661cda10     0x12d0 ../build/x64_Debug/TEST_op_Subtruct.o
                0x00000000661cda6b                TEST_Subtruct_I_X
                0x00000000661cdcca                TEST_Subtruct_L_X
                0x00000000661cdf2a                TEST_Subtruct_UX_X
                0x00000000661ce225                TEST_Subtruct_X_I
                0x00000000661ce484                TEST_Subtruct_X_L
                0x00000000661ce6e4                TEST_Subtruct_X_UX
                0x00000000661ce9df                TEST_Subtruct_X_X
 .text          0x00000000661cece0        0x8 C:/GNU/MINGW64/x86_64-8.1.0-win32-seh-rt_v6-rev0/mingw64/bin/../lib/gcc/x86_64-w64-mingw32/8.1.0/../../../../x86_64-w64-mingw32/lib/../lib/libkernel32.a(dqifs00954.o)
                0x00000000661cece0                LoadLibraryA
 .text          0x00000000661cece8        0x8 C:/GNU/MINGW64/x86_64-8.1.0-win32-seh-rt_v6-rev0/mingw64/bin/../lib/gcc/x86_64-w64-mingw32/8.1.0/../../../../x86_64-w64-mingw32/lib/../lib/libkernel32.a(dqifs00841.o)
                0x00000000661cece8                HeapFree
 .text          0x00000000661cecf0        0x8 C:/GNU/MINGW64/x86_64-8.1.0-win32-seh-rt_v6-rev0/mingw64/bin/../lib/gcc/x86_64-w64-mingw32/8.1.0/../../../../x86_64-w64-mingw32/lib/../lib/libkernel32.a(dqifs00839.o)
                0x00000000661cecf0                HeapDestroy
 .text          0x00000000661cecf8        0x8 C:/GNU/MINGW64/x86_64-8.1.0-win32-seh-rt_v6-rev0/mingw64/bin/../lib/gcc/x86_64-w64-mingw32/8.1.0/../../../../x86_64-w64-mingw32/lib/../lib/libkernel32.a(dqifs00837.o)
                0x00000000661cecf8                HeapCreate
 .text          0x00000000661ced00        0x8 C:/GNU/MINGW64/x86_64-8.1.0-win32-seh-rt_v6-rev0/mingw64/bin/../lib/gcc/x86_64-w64-mingw32/8.1.0/../../../../x86_64-w64-mingw32/lib/../lib/libkernel32.a(dqifs00835.o)
                0x00000000661ced00                HeapAlloc
 .text          0x00000000661ced08        0x8 C:/GNU/MINGW64/x86_64-8.1.0-win32-seh-rt_v6-rev0/mingw64/bin/../lib/gcc/x86_64-w64-mingw32/8.1.0/../../../../x86_64-w64-mingw32/lib/../lib/libkernel32.a(dqifs00689.o)
                0x00000000661ced08                GetProcAddress
 .text          0x00000000661ced10        0x8 C:/GNU/MINGW64/x86_64-8.1.0-win32-seh-rt_v6-rev0/mingw64/bin/../lib/gcc/x86_64-w64-mingw32/8.1.0/../../../../x86_64-w64-mingw32/lib/../lib/libkernel32.a(dqifs00427.o)
                0x00000000661ced10                FreeLibrary
 *fill*         0x00000000661ced18        0x8 
 .text          0x00000000661ced20        0x0 C:/GNU/MINGW64/x86_64-8.1.0-win32-seh-rt_v6-rev0/mingw64/bin/../lib/gcc/x86_64-w64-mingw32/8.1.0/../../../../x86_64-w64-mingw32/lib/../lib/libkernel32.a(dqifh.o)
 .text          0x00000000661ced20        0x0 C:/GNU/MINGW64/x86_64-8.1.0-win32-seh-rt_v6-rev0/mingw64/bin/../lib/gcc/x86_64-w64-mingw32/8.1.0/../../../../x86_64-w64-mingw32/lib/../lib/libkernel32.a(dqift.o)
 .text          0x00000000661ced20        0x8 C:/GNU/MINGW64/x86_64-8.1.0-win32-seh-rt_v6-rev0/mingw64/bin/../lib/gcc/x86_64-w64-mingw32/8.1.0/../../../../x86_64-w64-mingw32/lib/../lib/libuser32.a(dyqes00958.o)
                0x00000000661ced20                wsprintfW
 *fill*         0x00000000661ced28        0x8 
 .text          0x00000000661ced30        0x0 C:/GNU/MINGW64/x86_64-8.1.0-win32-seh-rt_v6-rev0/mingw64/bin/../lib/gcc/x86_64-w64-mingw32/8.1.0/../../../../x86_64-w64-mingw32/lib/../lib/libuser32.a(dyqeh.o)
 .text          0x00000000661ced30        0x0 C:/GNU/MINGW64/x86_64-8.1.0-win32-seh-rt_v6-rev0/mingw64/bin/../lib/gcc/x86_64-w64-mingw32/8.1.0/../../../../x86_64-w64-mingw32/lib/../lib/libuser32.a(dyqet.o)
 *(SORT_BY_NAME(.text$*))
 *(.text.*)
 *(.gnu.linkonce.t.*)
 *(.glue_7t)
 *(.glue_7)
                0x00000000661ced30                . = ALIGN (0x8)
                0x00000000661ced30                ___CTOR_LIST__ = .
                0x00000000661ced30                __CTOR_LIST__ = .
                0x00000000661ced30        0x4 LONG 0xffffffffffffffff
                0x00000000661ced34        0x4 LONG 0xffffffffffffffff
 *(.ctors)
 *(.ctor)
 *(SORT_BY_NAME(.ctors.*))
                0x00000000661ced38        0x4 LONG 0x0
                0x00000000661ced3c        0x4 LONG 0x0
                0x00000000661ced40                ___DTOR_LIST__ = .
                0x00000000661ced40                __DTOR_LIST__ = .
                0x00000000661ced40        0x4 LONG 0xffffffffffffffff
                0x00000000661ced44        0x4 LONG 0xffffffffffffffff
 *(.dtors)
 *(.dtor)
 *(SORT_BY_NAME(.dtors.*))
                0x00000000661ced48        0x4 LONG 0x0
                0x00000000661ced4c        0x4 LONG 0x0
 *(.fini)
 *(.gcc_exc)
                [!provide]                        PROVIDE (etext = .)
 *(.gcc_except_table)

.data           0x00000000661cf000    0x10000
                0x00000000661cf000                __data_start__ = .
 *(.data)
 .data          0x00000000661cf000        0x0 ../build/x64_Debug/debug.o
 .data          0x00000000661cf000        0x0 ../build/x64_Debug/dllmain.o
 .data          0x00000000661cf000        0x0 ../build/x64_Debug/pmc_add_sub.o
 .data          0x00000000661cf000        0x0 ../build/x64_Debug/pmc_bytes.o
 .data          0x00000000661cf000        0x0 ../build/x64_Debug/pmc_clone.o
 .data          0x00000000661cf000        0x0 ../build/x64_Debug/pmc_divrem.o
 .data          0x00000000661cf000        0x0 ../build/x64_Debug/pmc_from.o
 .data          0x00000000661cf000        0x0 ../build/x64_Debug/pmc_initialize.o
 .data          0x00000000661cf000        0x0 ../build/x64_Debug/pmc_memory.o
 .data          0x00000000661cf000        0x0 ../build/x64_Debug/pmc_multiply.o
 .data          0x00000000661cf000        0x0 ../build/x64_Debug/pmc_negate.o
 .data          0x00000000661cf000        0x0 ../build/x64_Debug/pmc_statistics.o
 .data          0x00000000661cf000        0x0 ../build/x64_Debug/pmc_to.o
 .data          0x00000000661cf000     0xffe0 ../build/x64_Debug/TEST_autogenerated.o
 .data          0x00000000661defe0        0x0 ../build/x64_Debug/TEST_op_Add.o
 .data          0x00000000661defe0        0x0 ../build/x64_Debug/TEST_op_Clone.o
 .data          0x00000000661defe0        0x0 ../build/x64_Debug/TEST_op_DivRem.o
 .data          0x00000000661defe0        0x0 ../build/x64_Debug/TEST_op_From_To.o
 .data          0x00000000661defe0        0x0 ../build/x64_Debug/TEST_op_Multiply.o
 .data          0x00000000661defe0        0x0 ../build/x64_Debug/TEST_op_Negate.o
 .data          0x00000000661defe0        0x0 ../build/x64_Debug/TEST_op_Remainder.o
 .data          0x00000000661defe0        0x0 ../build/x64_Debug/TEST_op_Subtruct.o
 .data          0x00000000661defe0        0x0 C:/GNU/MINGW64/x86_64-8.1.0-win32-seh-rt_v6-rev0/mingw64/bin/../lib/gcc/x86_64-w64-mingw32/8.1.0/../../../../x86_64-w64-mingw32/lib/../lib/libkernel32.a(dqifs00954.o)
 .data          0x00000000661defe0        0x0 C:/GNU/MINGW64/x86_64-8.1.0-win32-seh-rt_v6-rev0/mingw64/bin/../lib/gcc/x86_64-w64-mingw32/8.1.0/../../../../x86_64-w64-mingw32/lib/../lib/libkernel32.a(dqifs00841.o)
 .data          0x00000000661defe0        0x0 C:/GNU/MINGW64/x86_64-8.1.0-win32-seh-rt_v6-rev0/mingw64/bin/../lib/gcc/x86_64-w64-mingw32/8.1.0/../../../../x86_64-w64-mingw32/lib/../lib/libkernel32.a(dqifs00839.o)
 .data          0x00000000661defe0        0x0 C:/GNU/MINGW64/x86_64-8.1.0-win32-seh-rt_v6-rev0/mingw64/bin/../lib/gcc/x86_64-w64-mingw32/8.1.0/../../../../x86_64-w64-mingw32/lib/../lib/libkernel32.a(dqifs00837.o)
 .data          0x00000000661defe0        0x0 C:/GNU/MINGW64/x86_64-8.1.0-win32-seh-rt_v6-rev0/mingw64/bin/../lib/gcc/x86_64-w64-mingw32/8.1.0/../../../../x86_64-w64-mingw32/lib/../lib/libkernel32.a(dqifs00835.o)
 .data          0x00000000661defe0        0x0 C:/GNU/MINGW64/x86_64-8.1.0-win32-seh-rt_v6-rev0/mingw64/bin/../lib/gcc/x86_64-w64-mingw32/8.1.0/../../../../x86_64-w64-mingw32/lib/../lib/libkernel32.a(dqifs00689.o)
 .data          0x00000000661defe0        0x0 C:/GNU/MINGW64/x86_64-8.1.0-win32-seh-rt_v6-rev0/mingw64/bin/../lib/gcc/x86_64-w64-mingw32/8.1.0/../../../../x86_64-w64-mingw32/lib/../lib/libkernel32.a(dqifs00427.o)
 .data          0x00000000661defe0        0x0 C:/GNU/MINGW64/x86_64-8.1.0-win32-seh-rt_v6-rev0/mingw64/bin/../lib/gcc/x86_64-w64-mingw32/8.1.0/../../../../x86_64-w64-mingw32/lib/../lib/libkernel32.a(dqifh.o)
 .data          0x00000000661defe0        0x0 C:/GNU/MINGW64/x86_64-8.1.0-win32-seh-rt_v6-rev0/mingw64/bin/../lib/gcc/x86_64-w64-mingw32/8.1.0/../../../../x86_64-w64-mingw32/lib/../lib/libkernel32.a(dqift.o)
 .data          0x00000000661defe0        0x0 C:/GNU/MINGW64/x86_64-8.1.0-win32-seh-rt_v6-rev0/mingw64/bin/../lib/gcc/x86_64-w64-mingw32/8.1.0/../../../../x86_64-w64-mingw32/lib/../lib/libuser32.a(dyqes00958.o)
 .data          0x00000000661defe0        0x0 C:/GNU/MINGW64/x86_64-8.1.0-win32-seh-rt_v6-rev0/mingw64/bin/../lib/gcc/x86_64-w64-mingw32/8.1.0/../../../../x86_64-w64-mingw32/lib/../lib/libuser32.a(dyqeh.o)
 .data          0x00000000661defe0        0x0 C:/GNU/MINGW64/x86_64-8.1.0-win32-seh-rt_v6-rev0/mingw64/bin/../lib/gcc/x86_64-w64-mingw32/8.1.0/../../../../x86_64-w64-mingw32/lib/../lib/libuser32.a(dyqet.o)
 *(.data2)
 *(SORT_BY_NAME(.data$*))
 *(.jcr)
                0x00000000661defe0                __data_end__ = .
 *(.data_cygwin_nocopy)

.rdata          0x00000000661df000     0x2000
 *(.rdata)
 .rdata         0x00000000661df000      0x1d0 ../build/x64_Debug/debug.o
 .rdata         0x00000000661df1d0       0x30 ../build/x64_Debug/pmc_initialize.o
 .rdata         0x00000000661df200      0x320 ../build/x64_Debug/TEST_op_Add.o
 .rdata         0x00000000661df520      0x100 ../build/x64_Debug/TEST_op_Clone.o
 .rdata         0x00000000661df620      0x390 ../build/x64_Debug/TEST_op_DivRem.o
 .rdata         0x00000000661df9b0      0x1c0 ../build/x64_Debug/TEST_op_From_To.o
 .rdata         0x00000000661dfb70      0x410 ../build/x64_Debug/TEST_op_Multiply.o
 .rdata         0x00000000661dff80      0x100 ../build/x64_Debug/TEST_op_Negate.o
 .rdata         0x00000000661e0080      0x3b0 ../build/x64_Debug/TEST_op_Remainder.o
 .rdata         0x00000000661e0430      0x3c0 ../build/x64_Debug/TEST_op_Subtruct.o
 *(SORT_BY_NAME(.rdata$*))
 .rdata$.refptr.PMC_Add_I_X
                0x00000000661e07f0       0x10 ../build/x64_Debug/pmc_initialize.o
                0x00000000661e07f0                .refptr.PMC_Add_I_X
 .rdata$.refptr.PMC_Add_L_X
                0x00000000661e0800       0x10 ../build/x64_Debug/pmc_initialize.o
                0x00000000661e0800                .refptr.PMC_Add_L_X
 .rdata$.refptr.PMC_Add_UX_X
                0x00000000661e0810       0x10 ../build/x64_Debug/pmc_initialize.o
                0x00000000661e0810                .refptr.PMC_Add_UX_X
 .rdata$.refptr.PMC_Add_X_I
                0x00000000661e0820       0x10 ../build/x64_Debug/pmc_initialize.o
                0x00000000661e0820                .refptr.PMC_Add_X_I
 .rdata$.refptr.PMC_Add_X_L
                0x00000000661e0830       0x10 ../build/x64_Debug/pmc_initialize.o
                0x00000000661e0830                .refptr.PMC_Add_X_L
 .rdata$.refptr.PMC_Add_X_UX
                0x00000000661e0840       0x10 ../build/x64_Debug/pmc_initialize.o
                0x00000000661e0840                .refptr.PMC_Add_X_UX
 .rdata$.refptr.PMC_Add_X_X
                0x00000000661e0850       0x10 ../build/x64_Debug/pmc_initialize.o
                0x00000000661e0850                .refptr.PMC_Add_X_X
 .rdata$.refptr.PMC_Clone_X
                0x00000000661e0860       0x10 ../build/x64_Debug/pmc_initialize.o
                0x00000000661e0860                .refptr.PMC_Clone_X
 .rdata$.refptr.PMC_Dispose
                0x00000000661e0870       0x10 ../build/x64_Debug/pmc_initialize.o
                0x00000000661e0870                .refptr.PMC_Dispose
 .rdata$.refptr.PMC_DivRem_I_X
                0x00000000661e0880       0x10 ../build/x64_Debug/pmc_initialize.o
                0x00000000661e0880                .refptr.PMC_DivRem_I_X
 .rdata$.refptr.PMC_DivRem_L_X
                0x00000000661e0890       0x10 ../build/x64_Debug/pmc_initialize.o
                0x00000000661e0890                .refptr.PMC_DivRem_L_X
 .rdata$.refptr.PMC_DivRem_UX_X
                0x00000000661e08a0       0x10 ../build/x64_Debug/pmc_initialize.o
                0x00000000661e08a0                .refptr.PMC_DivRem_UX_X
 .rdata$.refptr.PMC_DivRem_X_I
                0x00000000661e08b0       0x10 ../build/x64_Debug/pmc_initialize.o
                0x00000000661e08b0                .refptr.PMC_DivRem_X_I
 .rdata$.refptr.PMC_DivRem_X_L
                0x00000000661e08c0       0x10 ../build/x64_Debug/pmc_initialize.o
                0x00000000661e08c0                .refptr.PMC_DivRem_X_L
 .rdata$.refptr.PMC_DivRem_X_UX
                0x00000000661e08d0       0x10 ../build/x64_Debug/pmc_initialize.o
                0x00000000661e08d0                .refptr.PMC_DivRem_X_UX
 .rdata$.refptr.PMC_DivRem_X_X
                0x00000000661e08e0       0x10 ../build/x64_Debug/pmc_initialize.o
                0x00000000661e08e0                .refptr.PMC_DivRem_X_X
 .rdata$.refptr.PMC_FromByteArray
                0x00000000661e08f0       0x10 ../build/x64_Debug/pmc_initialize.o
                0x00000000661e08f0                .refptr.PMC_FromByteArray
 .rdata$.refptr.PMC_From_I
                0x00000000661e0900       0x10 ../build/x64_Debug/pmc_initialize.o
                0x00000000661e0900                .refptr.PMC_From_I
 .rdata$.refptr.PMC_From_L
                0x00000000661e0910       0x10 ../build/x64_Debug/pmc_initialize.o
                0x00000000661e0910                .refptr.PMC_From_L
 .rdata$.refptr.PMC_GetConstantValue_I
                0x00000000661e0920       0x10 ../build/x64_Debug/pmc_initialize.o
                0x00000000661e0920                .refptr.PMC_GetConstantValue_I
 .rdata$.refptr.PMC_GetStatisticsInfo
                0x00000000661e0930       0x10 ../build/x64_Debug/pmc_initialize.o
                0x00000000661e0930                .refptr.PMC_GetStatisticsInfo
 .rdata$.refptr.PMC_Multiply_I_X
                0x00000000661e0940       0x10 ../build/x64_Debug/pmc_initialize.o
                0x00000000661e0940                .refptr.PMC_Multiply_I_X
 .rdata$.refptr.PMC_Multiply_L_X
                0x00000000661e0950       0x10 ../build/x64_Debug/pmc_initialize.o
                0x00000000661e0950                .refptr.PMC_Multiply_L_X
 .rdata$.refptr.PMC_Multiply_UX_X
                0x00000000661e0960       0x10 ../build/x64_Debug/pmc_initialize.o
                0x00000000661e0960                .refptr.PMC_Multiply_UX_X
 .rdata$.refptr.PMC_Multiply_X_I
                0x00000000661e0970       0x10 ../build/x64_Debug/pmc_initialize.o
                0x00000000661e0970                .refptr.PMC_Multiply_X_I
 .rdata$.refptr.PMC_Multiply_X_L
                0x00000000661e0980       0x10 ../build/x64_Debug/pmc_initialize.o
                0x00000000661e0980                .refptr.PMC_Multiply_X_L
 .rdata$.refptr.PMC_Multiply_X_UX
                0x00000000661e0990       0x10 ../build/x64_Debug/pmc_initialize.o
                0x00000000661e0990                .refptr.PMC_Multiply_X_UX
 .rdata$.refptr.PMC_Multiply_X_X
                0x00000000661e09a0       0x10 ../build/x64_Debug/pmc_initialize.o
                0x00000000661e09a0                .refptr.PMC_Multiply_X_X
 .rdata$.refptr.PMC_Negate_X
                0x00000000661e09b0       0x10 ../build/x64_Debug/pmc_initialize.o
                0x00000000661e09b0                .refptr.PMC_Negate_X
 .rdata$.refptr.PMC_Subtruct_I_X
                0x00000000661e09c0       0x10 ../build/x64_Debug/pmc_initialize.o
                0x00000000661e09c0                .refptr.PMC_Subtruct_I_X
 .rdata$.refptr.PMC_Subtruct_L_X
                0x00000000661e09d0       0x10 ../build/x64_Debug/pmc_initialize.o
                0x00000000661e09d0                .refptr.PMC_Subtruct_L_X
 .rdata$.refptr.PMC_Subtruct_UX_X
                0x00000000661e09e0       0x10 ../build/x64_Debug/pmc_initialize.o
                0x00000000661e09e0                .refptr.PMC_Subtruct_UX_X
 .rdata$.refptr.PMC_Subtruct_X_I
                0x00000000661e09f0       0x10 ../build/x64_Debug/pmc_initialize.o
                0x00000000661e09f0                .refptr.PMC_Subtruct_X_I
 .rdata$.refptr.PMC_Subtruct_X_L
                0x00000000661e0a00       0x10 ../build/x64_Debug/pmc_initialize.o
                0x00000000661e0a00                .refptr.PMC_Subtruct_X_L
 .rdata$.refptr.PMC_Subtruct_X_UX
                0x00000000661e0a10       0x10 ../build/x64_Debug/pmc_initialize.o
                0x00000000661e0a10                .refptr.PMC_Subtruct_X_UX
 .rdata$.refptr.PMC_Subtruct_X_X
                0x00000000661e0a20       0x10 ../build/x64_Debug/pmc_initialize.o
                0x00000000661e0a20                .refptr.PMC_Subtruct_X_X
 .rdata$.refptr.PMC_ToByteArray
                0x00000000661e0a30       0x10 ../build/x64_Debug/pmc_initialize.o
                0x00000000661e0a30                .refptr.PMC_ToByteArray
 .rdata$.refptr.PMC_To_X_I
                0x00000000661e0a40       0x10 ../build/x64_Debug/pmc_initialize.o
                0x00000000661e0a40                .refptr.PMC_To_X_I
 .rdata$.refptr.PMC_To_X_L
                0x00000000661e0a50       0x10 ../build/x64_Debug/pmc_initialize.o
                0x00000000661e0a50                .refptr.PMC_To_X_L
 .rdata$.refptr.ep_uint
                0x00000000661e0a60       0x10 ../build/x64_Debug/pmc_add_sub.o
                0x00000000661e0a60                .refptr.ep_uint
 .rdata$.refptr.number_zero
                0x00000000661e0a70       0x10 ../build/x64_Debug/pmc_add_sub.o
                0x00000000661e0a70                .refptr.number_zero
 .rdata$zzz     0x00000000661e0a80       0x40 ../build/x64_Debug/debug.o
 .rdata$zzz     0x00000000661e0ac0       0x40 ../build/x64_Debug/dllmain.o
 .rdata$zzz     0x00000000661e0b00       0x40 ../build/x64_Debug/pmc_add_sub.o
 .rdata$zzz     0x00000000661e0b40       0x40 ../build/x64_Debug/pmc_bytes.o
 .rdata$zzz     0x00000000661e0b80       0x40 ../build/x64_Debug/pmc_clone.o
 .rdata$zzz     0x00000000661e0bc0       0x40 ../build/x64_Debug/pmc_divrem.o
 .rdata$zzz     0x00000000661e0c00       0x40 ../build/x64_Debug/pmc_from.o
 .rdata$zzz     0x00000000661e0c40       0x40 ../build/x64_Debug/pmc_initialize.o
 .rdata$zzz     0x00000000661e0c80       0x40 ../build/x64_Debug/pmc_memory.o
 .rdata$zzz     0x00000000661e0cc0       0x40 ../build/x64_Debug/pmc_multiply.o
 .rdata$zzz     0x00000000661e0d00       0x40 ../build/x64_Debug/pmc_negate.o
 .rdata$zzz     0x00000000661e0d40       0x40 ../build/x64_Debug/pmc_statistics.o
 .rdata$zzz     0x00000000661e0d80       0x40 ../build/x64_Debug/pmc_to.o
 .rdata$zzz     0x00000000661e0dc0       0x40 ../build/x64_Debug/TEST_autogenerated.o
 .rdata$zzz     0x00000000661e0e00       0x40 ../build/x64_Debug/TEST_op_Add.o
 .rdata$zzz     0x00000000661e0e40       0x40 ../build/x64_Debug/TEST_op_Clone.o
 .rdata$zzz     0x00000000661e0e80       0x40 ../build/x64_Debug/TEST_op_DivRem.o
 .rdata$zzz     0x00000000661e0ec0       0x40 ../build/x64_Debug/TEST_op_From_To.o
 .rdata$zzz     0x00000000661e0f00       0x40 ../build/x64_Debug/TEST_op_Multiply.o
 .rdata$zzz     0x00000000661e0f40       0x40 ../build/x64_Debug/TEST_op_Negate.o
 .rdata$zzz     0x00000000661e0f80       0x40 ../build/x64_Debug/TEST_op_Remainder.o
 .rdata$zzz     0x00000000661e0fc0       0x40 ../build/x64_Debug/TEST_op_Subtruct.o
                0x00000000661e1000                __rt_psrelocs_start = .
 *(.rdata_runtime_pseudo_reloc)
                0x00000000661e1000                __rt_psrelocs_end = .
                0x0000000000000000                __rt_psrelocs_size = (__rt_psrelocs_end - __rt_psrelocs_start)
                0x00000000661e1000                ___RUNTIME_PSEUDO_RELOC_LIST_END__ = .
                0x00000000661e1000                __RUNTIME_PSEUDO_RELOC_LIST_END__ = .
                0x00000000661e1000                ___RUNTIME_PSEUDO_RELOC_LIST__ = (. - __rt_psrelocs_size)
                0x00000000661e1000                __RUNTIME_PSEUDO_RELOC_LIST__ = (. - __rt_psrelocs_size)

.eh_frame
 *(.eh_frame*)

.pdata          0x00000000661e1000      0x800
 *(.pdata*)
 .pdata         0x00000000661e1000       0x60 ../build/x64_Debug/debug.o
 .pdata         0x00000000661e1060        0xc ../build/x64_Debug/dllmain.o
 .pdata         0x00000000661e106c      0x108 ../build/x64_Debug/pmc_add_sub.o
 .pdata         0x00000000661e1174       0x18 ../build/x64_Debug/pmc_bytes.o
 .pdata         0x00000000661e118c        0xc ../build/x64_Debug/pmc_clone.o
 .pdata         0x00000000661e1198       0x6c ../build/x64_Debug/pmc_divrem.o
 .pdata         0x00000000661e1204       0x30 ../build/x64_Debug/pmc_from.o
 .pdata         0x00000000661e1234       0x48 ../build/x64_Debug/pmc_initialize.o
 .pdata         0x00000000661e127c       0xc0 ../build/x64_Debug/pmc_memory.o
 .pdata         0x00000000661e133c       0x90 ../build/x64_Debug/pmc_multiply.o
 .pdata         0x00000000661e13cc        0xc ../build/x64_Debug/pmc_negate.o
 .pdata         0x00000000661e13d8        0xc ../build/x64_Debug/pmc_statistics.o
 .pdata         0x00000000661e13e4       0x18 ../build/x64_Debug/pmc_to.o
 .pdata         0x00000000661e13fc        0xc ../build/x64_Debug/TEST_autogenerated.o
 .pdata         0x00000000661e1408       0x60 ../build/x64_Debug/TEST_op_Add.o
 .pdata         0x00000000661e1468       0x18 ../build/x64_Debug/TEST_op_Clone.o
 .pdata         0x00000000661e1480       0x60 ../build/x64_Debug/TEST_op_DivRem.o
 .pdata         0x00000000661e14e0       0x3c ../build/x64_Debug/TEST_op_From_To.o
 .pdata         0x00000000661e151c       0x60 ../build/x64_Debug/TEST_op_Multiply.o
 .pdata         0x00000000661e157c       0x18 ../build/x64_Debug/TEST_op_Negate.o
 .pdata         0x00000000661e1594       0x60 ../build/x64_Debug/TEST_op_Remainder.o
 .pdata         0x00000000661e15f4       0x60 ../build/x64_Debug/TEST_op_Subtruct.o

.xdata          0x00000000661e2000      0x800
 *(.xdata*)
 .xdata         0x00000000661e2000       0x60 ../build/x64_Debug/debug.o
 .xdata         0x00000000661e2060        0xc ../build/x64_Debug/dllmain.o
 .xdata         0x00000000661e206c      0x100 ../build/x64_Debug/pmc_add_sub.o
 .xdata         0x00000000661e216c       0x18 ../build/x64_Debug/pmc_bytes.o
 .xdata         0x00000000661e2184        0xc ../build/x64_Debug/pmc_clone.o
 .xdata         0x00000000661e2190       0x64 ../build/x64_Debug/pmc_divrem.o
 .xdata         0x00000000661e21f4       0x30 ../build/x64_Debug/pmc_from.o
 .xdata         0x00000000661e2224       0x4c ../build/x64_Debug/pmc_initialize.o
 .xdata         0x00000000661e2270       0xb8 ../build/x64_Debug/pmc_memory.o
 .xdata         0x00000000661e2328       0x88 ../build/x64_Debug/pmc_multiply.o
 .xdata         0x00000000661e23b0        0xc ../build/x64_Debug/pmc_negate.o
 .xdata         0x00000000661e23bc        0xc ../build/x64_Debug/pmc_statistics.o
 .xdata         0x00000000661e23c8       0x18 ../build/x64_Debug/pmc_to.o
 .xdata         0x00000000661e23e0       0x18 ../build/x64_Debug/TEST_autogenerated.o
 .xdata         0x00000000661e23f8       0x78 ../build/x64_Debug/TEST_op_Add.o
 .xdata         0x00000000661e2470       0x18 ../build/x64_Debug/TEST_op_Clone.o
 .xdata         0x00000000661e2488       0x78 ../build/x64_Debug/TEST_op_DivRem.o
 .xdata         0x00000000661e2500       0x48 ../build/x64_Debug/TEST_op_From_To.o
 .xdata         0x00000000661e2548       0x78 ../build/x64_Debug/TEST_op_Multiply.o
 .xdata         0x00000000661e25c0       0x18 ../build/x64_Debug/TEST_op_Negate.o
 .xdata         0x00000000661e25d8       0x78 ../build/x64_Debug/TEST_op_Remainder.o
 .xdata         0x00000000661e2650       0x78 ../build/x64_Debug/TEST_op_Subtruct.o

.bss            0x00000000661e3000      0xdc8
                0x00000000661e3000                __bss_start__ = .
 *(.bss)
 .bss           0x00000000661e3000      0x420 ../build/x64_Debug/debug.o
                0x00000000661e3000                test_total_count
                0x00000000661e3004                test_ok_count
                0x00000000661e3008                __DEBUG_LOG
 .bss           0x00000000661e3420        0x0 ../build/x64_Debug/dllmain.o
 .bss           0x00000000661e3420        0x0 ../build/x64_Debug/pmc_add_sub.o
 .bss           0x00000000661e3420        0x0 ../build/x64_Debug/pmc_bytes.o
 .bss           0x00000000661e3420        0x0 ../build/x64_Debug/pmc_clone.o
 .bss           0x00000000661e3420        0x0 ../build/x64_Debug/pmc_divrem.o
 .bss           0x00000000661e3420        0x0 ../build/x64_Debug/pmc_from.o
 .bss           0x00000000661e3420      0x380 ../build/x64_Debug/pmc_initialize.o
 .bss           0x00000000661e37a0        0x0 ../build/x64_Debug/pmc_memory.o
 .bss           0x00000000661e37a0        0x0 ../build/x64_Debug/pmc_multiply.o
 .bss           0x00000000661e37a0        0x0 ../build/x64_Debug/pmc_negate.o
 .bss           0x00000000661e37a0        0x0 ../build/x64_Debug/pmc_statistics.o
 .bss           0x00000000661e37a0        0x0 ../build/x64_Debug/pmc_to.o
 .bss           0x00000000661e37a0      0x360 ../build/x64_Debug/TEST_autogenerated.o
 .bss           0x00000000661e3b00        0x0 ../build/x64_Debug/TEST_op_Add.o
 .bss           0x00000000661e3b00        0x0 ../build/x64_Debug/TEST_op_Clone.o
 .bss           0x00000000661e3b00        0x0 ../build/x64_Debug/TEST_op_DivRem.o
 .bss           0x00000000661e3b00        0x0 ../build/x64_Debug/TEST_op_From_To.o
 .bss           0x00000000661e3b00        0x0 ../build/x64_Debug/TEST_op_Multiply.o
 .bss           0x00000000661e3b00        0x0 ../build/x64_Debug/TEST_op_Negate.o
 .bss           0x00000000661e3b00        0x0 ../build/x64_Debug/TEST_op_Remainder.o
 .bss           0x00000000661e3b00        0x0 ../build/x64_Debug/TEST_op_Subtruct.o
 .bss           0x00000000661e3b00        0x0 C:/GNU/MINGW64/x86_64-8.1.0-win32-seh-rt_v6-rev0/mingw64/bin/../lib/gcc/x86_64-w64-mingw32/8.1.0/../../../../x86_64-w64-mingw32/lib/../lib/libkernel32.a(dqifs00954.o)
 .bss           0x00000000661e3b00        0x0 C:/GNU/MINGW64/x86_64-8.1.0-win32-seh-rt_v6-rev0/mingw64/bin/../lib/gcc/x86_64-w64-mingw32/8.1.0/../../../../x86_64-w64-mingw32/lib/../lib/libkernel32.a(dqifs00841.o)
 .bss           0x00000000661e3b00        0x0 C:/GNU/MINGW64/x86_64-8.1.0-win32-seh-rt_v6-rev0/mingw64/bin/../lib/gcc/x86_64-w64-mingw32/8.1.0/../../../../x86_64-w64-mingw32/lib/../lib/libkernel32.a(dqifs00839.o)
 .bss           0x00000000661e3b00        0x0 C:/GNU/MINGW64/x86_64-8.1.0-win32-seh-rt_v6-rev0/mingw64/bin/../lib/gcc/x86_64-w64-mingw32/8.1.0/../../../../x86_64-w64-mingw32/lib/../lib/libkernel32.a(dqifs00837.o)
 .bss           0x00000000661e3b00        0x0 C:/GNU/MINGW64/x86_64-8.1.0-win32-seh-rt_v6-rev0/mingw64/bin/../lib/gcc/x86_64-w64-mingw32/8.1.0/../../../../x86_64-w64-mingw32/lib/../lib/libkernel32.a(dqifs00835.o)
 .bss           0x00000000661e3b00        0x0 C:/GNU/MINGW64/x86_64-8.1.0-win32-seh-rt_v6-rev0/mingw64/bin/../lib/gcc/x86_64-w64-mingw32/8.1.0/../../../../x86_64-w64-mingw32/lib/../lib/libkernel32.a(dqifs00689.o)
 .bss           0x00000000661e3b00        0x0 C:/GNU/MINGW64/x86_64-8.1.0-win32-seh-rt_v6-rev0/mingw64/bin/../lib/gcc/x86_64-w64-mingw32/8.1.0/../../../../x86_64-w64-mingw32/lib/../lib/libkernel32.a(dqifs00427.o)
 .bss           0x00000000661e3b00        0x0 C:/GNU/MINGW64/x86_64-8.1.0-win32-seh-rt_v6-rev0/mingw64/bin/../lib/gcc/x86_64-w64-mingw32/8.1.0/../../../../x86_64-w64-mingw32/lib/../lib/libkernel32.a(dqifh.o)
 .bss           0x00000000661e3b00        0x0 C:/GNU/MINGW64/x86_64-8.1.0-win32-seh-rt_v6-rev0/mingw64/bin/../lib/gcc/x86_64-w64-mingw32/8.1.0/../../../../x86_64-w64-mingw32/lib/../lib/libkernel32.a(dqift.o)
 .bss           0x00000000661e3b00        0x0 C:/GNU/MINGW64/x86_64-8.1.0-win32-seh-rt_v6-rev0/mingw64/bin/../lib/gcc/x86_64-w64-mingw32/8.1.0/../../../../x86_64-w64-mingw32/lib/../lib/libuser32.a(dyqes00958.o)
 .bss           0x00000000661e3b00        0x0 C:/GNU/MINGW64/x86_64-8.1.0-win32-seh-rt_v6-rev0/mingw64/bin/../lib/gcc/x86_64-w64-mingw32/8.1.0/../../../../x86_64-w64-mingw32/lib/../lib/libuser32.a(dyqeh.o)
 .bss           0x00000000661e3b00        0x0 C:/GNU/MINGW64/x86_64-8.1.0-win32-seh-rt_v6-rev0/mingw64/bin/../lib/gcc/x86_64-w64-mingw32/8.1.0/../../../../x86_64-w64-mingw32/lib/../lib/libuser32.a(dyqet.o)
 *(COMMON)
 COMMON         0x00000000661e3b00       0x10 ../build/x64_Debug/debug.o
                0x00000000661e3b00                uint_number_one
                0x00000000661e3b08                uint_number_zero
 *fill*         0x00000000661e3b10       0x10 
 COMMON         0x00000000661e3b20      0x228 ../build/x64_Debug/pmc_initialize.o
                0x00000000661e3b20                ep_uint
 *fill*         0x00000000661e3d48       0x18 
 COMMON         0x00000000661e3d60       0x68 ../build/x64_Debug/pmc_memory.o
                0x00000000661e3d60                number_one
                0x00000000661e3d80                number_minus_one
                0x00000000661e3da0                number_zero
                0x00000000661e3dc0                hLocalHeap
                0x00000000661e3dc8                __bss_end__ = .

.edata          0x00000000661e4000      0x200
 *(.edata)
 .edata         0x00000000661e4000       0x74 dll stuff

/DISCARD/
 *(.debug$S)
 *(.debug$T)
 *(.debug$F)
 *(.drectve)
 *(.note.GNU-stack)
 *(.gnu.lto_*)

.idata          0x00000000661e5000      0x200
 SORT_BY_NAME(*)(.idata$2)
 .idata$2       0x00000000661e5000       0x14 C:/GNU/MINGW64/x86_64-8.1.0-win32-seh-rt_v6-rev0/mingw64/bin/../lib/gcc/x86_64-w64-mingw32/8.1.0/../../../../x86_64-w64-mingw32/lib/../lib/libkernel32.a(dqifh.o)
                0x00000000661e5000                _head_lib64_libkernel32_a
 .idata$2       0x00000000661e5014       0x14 C:/GNU/MINGW64/x86_64-8.1.0-win32-seh-rt_v6-rev0/mingw64/bin/../lib/gcc/x86_64-w64-mingw32/8.1.0/../../../../x86_64-w64-mingw32/lib/../lib/libuser32.a(dyqeh.o)
                0x00000000661e5014                _head_lib64_libuser32_a
 SORT_BY_NAME(*)(.idata$3)
                0x00000000661e5028        0x4 LONG 0x0
                0x00000000661e502c        0x4 LONG 0x0
                0x00000000661e5030        0x4 LONG 0x0
                0x00000000661e5034        0x4 LONG 0x0
                0x00000000661e5038        0x4 LONG 0x0
 SORT_BY_NAME(*)(.idata$4)
 .idata$4       0x00000000661e503c        0x0 C:/GNU/MINGW64/x86_64-8.1.0-win32-seh-rt_v6-rev0/mingw64/bin/../lib/gcc/x86_64-w64-mingw32/8.1.0/../../../../x86_64-w64-mingw32/lib/../lib/libkernel32.a(dqifh.o)
 .idata$4       0x00000000661e503c        0x8 C:/GNU/MINGW64/x86_64-8.1.0-win32-seh-rt_v6-rev0/mingw64/bin/../lib/gcc/x86_64-w64-mingw32/8.1.0/../../../../x86_64-w64-mingw32/lib/../lib/libkernel32.a(dqifs00427.o)
 .idata$4       0x00000000661e5044        0x8 C:/GNU/MINGW64/x86_64-8.1.0-win32-seh-rt_v6-rev0/mingw64/bin/../lib/gcc/x86_64-w64-mingw32/8.1.0/../../../../x86_64-w64-mingw32/lib/../lib/libkernel32.a(dqifs00689.o)
 .idata$4       0x00000000661e504c        0x8 C:/GNU/MINGW64/x86_64-8.1.0-win32-seh-rt_v6-rev0/mingw64/bin/../lib/gcc/x86_64-w64-mingw32/8.1.0/../../../../x86_64-w64-mingw32/lib/../lib/libkernel32.a(dqifs00835.o)
 .idata$4       0x00000000661e5054        0x8 C:/GNU/MINGW64/x86_64-8.1.0-win32-seh-rt_v6-rev0/mingw64/bin/../lib/gcc/x86_64-w64-mingw32/8.1.0/../../../../x86_64-w64-mingw32/lib/../lib/libkernel32.a(dqifs00837.o)
 .idata$4       0x00000000661e505c        0x8 C:/GNU/MINGW64/x86_64-8.1.0-win32-seh-rt_v6-rev0/mingw64/bin/../lib/gcc/x86_64-w64-mingw32/8.1.0/../../../../x86_64-w64-mingw32/lib/../lib/libkernel32.a(dqifs00839.o)
 .idata$4       0x00000000661e5064        0x8 C:/GNU/MINGW64/x86_64-8.1.0-win32-seh-rt_v6-rev0/mingw64/bin/../lib/gcc/x86_64-w64-mingw32/8.1.0/../../../../x86_64-w64-mingw32/lib/../lib/libkernel32.a(dqifs00841.o)
 .idata$4       0x00000000661e506c        0x8 C:/GNU/MINGW64/x86_64-8.1.0-win32-seh-rt_v6-rev0/mingw64/bin/../lib/gcc/x86_64-w64-mingw32/8.1.0/../../../../x86_64-w64-mingw32/lib/../lib/libkernel32.a(dqifs00954.o)
 .idata$4       0x00000000661e5074        0x8 C:/GNU/MINGW64/x86_64-8.1.0-win32-seh-rt_v6-rev0/mingw64/bin/../lib/gcc/x86_64-w64-mingw32/8.1.0/../../../../x86_64-w64-mingw32/lib/../lib/libkernel32.a(dqift.o)
 .idata$4       0x00000000661e507c        0x0 C:/GNU/MINGW64/x86_64-8.1.0-win32-seh-rt_v6-rev0/mingw64/bin/../lib/gcc/x86_64-w64-mingw32/8.1.0/../../../../x86_64-w64-mingw32/lib/../lib/libuser32.a(dyqeh.o)
 .idata$4       0x00000000661e507c        0x8 C:/GNU/MINGW64/x86_64-8.1.0-win32-seh-rt_v6-rev0/mingw64/bin/../lib/gcc/x86_64-w64-mingw32/8.1.0/../../../../x86_64-w64-mingw32/lib/../lib/libuser32.a(dyqes00958.o)
 .idata$4       0x00000000661e5084        0x8 C:/GNU/MINGW64/x86_64-8.1.0-win32-seh-rt_v6-rev0/mingw64/bin/../lib/gcc/x86_64-w64-mingw32/8.1.0/../../../../x86_64-w64-mingw32/lib/../lib/libuser32.a(dyqet.o)
                0x00000000661e508c                __IAT_start__ = .
 SORT_BY_NAME(*)(.idata$5)
 .idata$5       0x00000000661e508c        0x0 C:/GNU/MINGW64/x86_64-8.1.0-win32-seh-rt_v6-rev0/mingw64/bin/../lib/gcc/x86_64-w64-mingw32/8.1.0/../../../../x86_64-w64-mingw32/lib/../lib/libkernel32.a(dqifh.o)
 .idata$5       0x00000000661e508c        0x8 C:/GNU/MINGW64/x86_64-8.1.0-win32-seh-rt_v6-rev0/mingw64/bin/../lib/gcc/x86_64-w64-mingw32/8.1.0/../../../../x86_64-w64-mingw32/lib/../lib/libkernel32.a(dqifs00427.o)
                0x00000000661e508c                __imp_FreeLibrary
 .idata$5       0x00000000661e5094        0x8 C:/GNU/MINGW64/x86_64-8.1.0-win32-seh-rt_v6-rev0/mingw64/bin/../lib/gcc/x86_64-w64-mingw32/8.1.0/../../../../x86_64-w64-mingw32/lib/../lib/libkernel32.a(dqifs00689.o)
                0x00000000661e5094                __imp_GetProcAddress
 .idata$5       0x00000000661e509c        0x8 C:/GNU/MINGW64/x86_64-8.1.0-win32-seh-rt_v6-rev0/mingw64/bin/../lib/gcc/x86_64-w64-mingw32/8.1.0/../../../../x86_64-w64-mingw32/lib/../lib/libkernel32.a(dqifs00835.o)
                0x00000000661e509c                __imp_HeapAlloc
 .idata$5       0x00000000661e50a4        0x8 C:/GNU/MINGW64/x86_64-8.1.0-win32-seh-rt_v6-rev0/mingw64/bin/../lib/gcc/x86_64-w64-mingw32/8.1.0/../../../../x86_64-w64-mingw32/lib/../lib/libkernel32.a(dqifs00837.o)
                0x00000000661e50a4                __imp_HeapCreate
 .idata$5       0x00000000661e50ac        0x8 C:/GNU/MINGW64/x86_64-8.1.0-win32-seh-rt_v6-rev0/mingw64/bin/../lib/gcc/x86_64-w64-mingw32/8.1.0/../../../../x86_64-w64-mingw32/lib/../lib/libkernel32.a(dqifs00839.o)
                0x00000000661e50ac                __imp_HeapDestroy
 .idata$5       0x00000000661e50b4        0x8 C:/GNU/MINGW64/x86_64-8.1.0-win32-seh-rt_v6-rev0/mingw64/bin/../lib/gcc/x86_64-w64-mingw32/8.1.0/../../../../x86_64-w64-mingw32/lib/../lib/libkernel32.a(dqifs00841.o)
                0x00000000661e50b4                __imp_HeapFree
 .idata$5       0x00000000661e50bc        0x8 C:/GNU/MINGW64/x86_64-8.1.0-win32-seh-rt_v6-rev0/mingw64/bin/../lib/gcc/x86_64-w64-mingw32/8.1.0/../../../../x86_64-w64-mingw32/lib/../lib/libkernel32.a(dqifs00954.o)
                0x00000000661e50bc                __imp_LoadLibraryA
 .idata$5       0x00000000661e50c4        0x8 C:/GNU/MINGW64/x86_64-8.1.0-win32-seh-rt_v6-rev0/mingw64/bin/../lib/gcc/x86_64-w64-mingw32/8.1.0/../../../../x86_64-w64-mingw32/lib/../lib/libkernel32.a(dqift.o)
 .idata$5       0x00000000661e50cc        0x0 C:/GNU/MINGW64/x86_64-8.1.0-win32-seh-rt_v6-rev0/mingw64/bin/../lib/gcc/x86_64-w64-mingw32/8.1.0/../../../../x86_64-w64-mingw32/lib/../lib/libuser32.a(dyqeh.o)
 .idata$5       0x00000000661e50cc        0x8 C:/GNU/MINGW64/x86_64-8.1.0-win32-seh-rt_v6-rev0/mingw64/bin/../lib/gcc/x86_64-w64-mingw32/8.1.0/../../../../x86_64-w64-mingw32/lib/../lib/libuser32.a(dyqes00958.o)
                0x00000000661e50cc                __imp_wsprintfW
 .idata$5       0x00000000661e50d4        0x8 C:/GNU/MINGW64/x86_64-8.1.0-win32-seh-rt_v6-rev0/mingw64/bin/../lib/gcc/x86_64-w64-mingw32/8.1.0/../../../../x86_64-w64-mingw32/lib/../lib/libuser32.a(dyqet.o)
                0x00000000661e50dc                __IAT_end__ = .
 SORT_BY_NAME(*)(.idata$6)
 .idata$6       0x00000000661e50dc        0xe C:/GNU/MINGW64/x86_64-8.1.0-win32-seh-rt_v6-rev0/mingw64/bin/../lib/gcc/x86_64-w64-mingw32/8.1.0/../../../../x86_64-w64-mingw32/lib/../lib/libkernel32.a(dqifs00427.o)
 .idata$6       0x00000000661e50ea       0x12 C:/GNU/MINGW64/x86_64-8.1.0-win32-seh-rt_v6-rev0/mingw64/bin/../lib/gcc/x86_64-w64-mingw32/8.1.0/../../../../x86_64-w64-mingw32/lib/../lib/libkernel32.a(dqifs00689.o)
 .idata$6       0x00000000661e50fc        0xc C:/GNU/MINGW64/x86_64-8.1.0-win32-seh-rt_v6-rev0/mingw64/bin/../lib/gcc/x86_64-w64-mingw32/8.1.0/../../../../x86_64-w64-mingw32/lib/../lib/libkernel32.a(dqifs00835.o)
 .idata$6       0x00000000661e5108        0xe C:/GNU/MINGW64/x86_64-8.1.0-win32-seh-rt_v6-rev0/mingw64/bin/../lib/gcc/x86_64-w64-mingw32/8.1.0/../../../../x86_64-w64-mingw32/lib/../lib/libkernel32.a(dqifs00837.o)
 .idata$6       0x00000000661e5116        0xe C:/GNU/MINGW64/x86_64-8.1.0-win32-seh-rt_v6-rev0/mingw64/bin/../lib/gcc/x86_64-w64-mingw32/8.1.0/../../../../x86_64-w64-mingw32/lib/../lib/libkernel32.a(dqifs00839.o)
 .idata$6       0x00000000661e5124        0xc C:/GNU/MINGW64/x86_64-8.1.0-win32-seh-rt_v6-rev0/mingw64/bin/../lib/gcc/x86_64-w64-mingw32/8.1.0/../../../../x86_64-w64-mingw32/lib/../lib/libkernel32.a(dqifs00841.o)
 .idata$6       0x00000000661e5130       0x10 C:/GNU/MINGW64/x86_64-8.1.0-win32-seh-rt_v6-rev0/mingw64/bin/../lib/gcc/x86_64-w64-mingw32/8.1.0/../../../../x86_64-w64-mingw32/lib/../lib/libkernel32.a(dqifs00954.o)
 .idata$6       0x00000000661e5140        0xc C:/GNU/MINGW64/x86_64-8.1.0-win32-seh-rt_v6-rev0/mingw64/bin/../lib/gcc/x86_64-w64-mingw32/8.1.0/../../../../x86_64-w64-mingw32/lib/../lib/libuser32.a(dyqes00958.o)
 SORT_BY_NAME(*)(.idata$7)
 .idata$7       0x00000000661e514c        0x4 C:/GNU/MINGW64/x86_64-8.1.0-win32-seh-rt_v6-rev0/mingw64/bin/../lib/gcc/x86_64-w64-mingw32/8.1.0/../../../../x86_64-w64-mingw32/lib/../lib/libkernel32.a(dqifs00427.o)
 .idata$7       0x00000000661e5150        0x4 C:/GNU/MINGW64/x86_64-8.1.0-win32-seh-rt_v6-rev0/mingw64/bin/../lib/gcc/x86_64-w64-mingw32/8.1.0/../../../../x86_64-w64-mingw32/lib/../lib/libkernel32.a(dqifs00689.o)
 .idata$7       0x00000000661e5154        0x4 C:/GNU/MINGW64/x86_64-8.1.0-win32-seh-rt_v6-rev0/mingw64/bin/../lib/gcc/x86_64-w64-mingw32/8.1.0/../../../../x86_64-w64-mingw32/lib/../lib/libkernel32.a(dqifs00835.o)
 .idata$7       0x00000000661e5158        0x4 C:/GNU/MINGW64/x86_64-8.1.0-win32-seh-rt_v6-rev0/mingw64/bin/../lib/gcc/x86_64-w64-mingw32/8.1.0/../../../../x86_64-w64-mingw32/lib/../lib/libkernel32.a(dqifs00837.o)
 .idata$7       0x00000000661e515c        0x4 C:/GNU/MINGW64/x86_64-8.1.0-win32-seh-rt_v6-rev0/mingw64/bin/../lib/gcc/x86_64-w64-mingw32/8.1.0/../../../../x86_64-w64-mingw32/lib/../lib/libkernel32.a(dqifs00839.o)
 .idata$7       0x00000000661e5160        0x4 C:/GNU/MINGW64/x86_64-8.1.0-win32-seh-rt_v6-rev0/mingw64/bin/../lib/gcc/x86_64-w64-mingw32/8.1.0/../../../../x86_64-w64-mingw32/lib/../lib/libkernel32.a(dqifs00841.o)
 .idata$7       0x00000000661e5164        0x4 C:/GNU/MINGW64/x86_64-8.1.0-win32-seh-rt_v6-rev0/mingw64/bin/../lib/gcc/x86_64-w64-mingw32/8.1.0/../../../../x86_64-w64-mingw32/lib/../lib/libkernel32.a(dqifs00954.o)
 .idata$7       0x00000000661e5168       0x10 C:/GNU/MINGW64/x86_64-8.1.0-win32-seh-rt_v6-rev0/mingw64/bin/../lib/gcc/x86_64-w64-mingw32/8.1.0/../../../../x86_64-w64-mingw32/lib/../lib/libkernel32.a(dqift.o)
                0x00000000661e5168                __lib64_libkernel32_a_iname
 .idata$7       0x00000000661e5178        0x4 C:/GNU/MINGW64/x86_64-8.1.0-win32-seh-rt_v6-rev0/mingw64/bin/../lib/gcc/x86_64-w64-mingw32/8.1.0/../../../../x86_64-w64-mingw32/lib/../lib/libuser32.a(dyqes00958.o)
 .idata$7       0x00000000661e517c        0xc C:/GNU/MINGW64/x86_64-8.1.0-win32-seh-rt_v6-rev0/mingw64/bin/../lib/gcc/x86_64-w64-mingw32/8.1.0/../../../../x86_64-w64-mingw32/lib/../lib/libuser32.a(dyqet.o)
                0x00000000661e517c                __lib64_libuser32_a_iname

.CRT            0x00000000661e6000        0x0
                0x00000000661e6000                ___crt_xc_start__ = .
 *(SORT_BY_NAME(.CRT$XC*))
                0x00000000661e6000                ___crt_xc_end__ = .
                0x00000000661e6000                ___crt_xi_start__ = .
 *(SORT_BY_NAME(.CRT$XI*))
                0x00000000661e6000                ___crt_xi_end__ = .
                0x00000000661e6000                ___crt_xl_start__ = .
 *(SORT_BY_NAME(.CRT$XL*))
                0x00000000661e6000                ___crt_xp_start__ = .
 *(SORT_BY_NAME(.CRT$XP*))
                0x00000000661e6000                ___crt_xp_end__ = .
                0x00000000661e6000                ___crt_xt_start__ = .
 *(SORT_BY_NAME(.CRT$XT*))
                0x00000000661e6000                ___crt_xt_end__ = .

.tls            0x00000000661e6000        0x0
                0x00000000661e6000                ___tls_start__ = .
 *(.tls$AAA)
 *(.tls)
 *(.tls$)
 *(SORT_BY_NAME(.tls$*))
 *(.tls$ZZZ)
                0x00000000661e6000                ___tls_end__ = .

.endjunk        0x00000000661e6000        0x0
                [!provide]                        PROVIDE (end = .)
                [!provide]                        PROVIDE (_end = .)
                0x00000000661e6000                __end__ = .

.rsrc           0x00000000661e6000      0x400
 *(.rsrc)
 .rsrc          0x00000000661e6000      0x378 ../build/x64_Debug/version.o
 *(.rsrc$*)

.reloc          0x00000000661e7000      0x200
 *(.reloc)
 .reloc         0x00000000661e7000       0x5c dll stuff

.stab
 *(.stab)

.stabstr
 *(.stabstr)

.debug_aranges  0x00000000661e8000      0x600
 *(.debug_aranges)
 .debug_aranges
                0x00000000661e8000       0x30 ../build/x64_Debug/debug.o
 .debug_aranges
                0x00000000661e8030       0x30 ../build/x64_Debug/dllmain.o
 .debug_aranges
                0x00000000661e8060       0x30 ../build/x64_Debug/pmc_add_sub.o
 .debug_aranges
                0x00000000661e8090       0x30 ../build/x64_Debug/pmc_bytes.o
 .debug_aranges
                0x00000000661e80c0       0x30 ../build/x64_Debug/pmc_clone.o
 .debug_aranges
                0x00000000661e80f0       0x30 ../build/x64_Debug/pmc_divrem.o
 .debug_aranges
                0x00000000661e8120       0x30 ../build/x64_Debug/pmc_from.o
 .debug_aranges
                0x00000000661e8150       0x30 ../build/x64_Debug/pmc_initialize.o
 .debug_aranges
                0x00000000661e8180       0x30 ../build/x64_Debug/pmc_memory.o
 .debug_aranges
                0x00000000661e81b0       0x30 ../build/x64_Debug/pmc_multiply.o
 .debug_aranges
                0x00000000661e81e0       0x30 ../build/x64_Debug/pmc_negate.o
 .debug_aranges
                0x00000000661e8210       0x30 ../build/x64_Debug/pmc_statistics.o
 .debug_aranges
                0x00000000661e8240       0x30 ../build/x64_Debug/pmc_to.o
 .debug_aranges
                0x00000000661e8270       0x30 ../build/x64_Debug/TEST_autogenerated.o
 .debug_aranges
                0x00000000661e82a0       0x30 ../build/x64_Debug/TEST_op_Add.o
 .debug_aranges
                0x00000000661e82d0       0x30 ../build/x64_Debug/TEST_op_Clone.o
 .debug_aranges
                0x00000000661e8300       0x30 ../build/x64_Debug/TEST_op_DivRem.o
 .debug_aranges
                0x00000000661e8330       0x30 ../build/x64_Debug/TEST_op_From_To.o
 .debug_aranges
                0x00000000661e8360       0x30 ../build/x64_Debug/TEST_op_Multiply.o
 .debug_aranges
                0x00000000661e8390       0x30 ../build/x64_Debug/TEST_op_Negate.o
 .debug_aranges
                0x00000000661e83c0       0x30 ../build/x64_Debug/TEST_op_Remainder.o
 .debug_aranges
                0x00000000661e83f0       0x30 ../build/x64_Debug/TEST_op_Subtruct.o

.zdebug_aranges
 *(.zdebug_aranges)

.debug_pubnames
 *(.debug_pubnames)

.zdebug_pubnames
 *(.zdebug_pubnames)

.debug_pubtypes
 *(.debug_pubtypes)

.zdebug_pubtypes
 *(.zdebug_pubtypes)

.debug_info     0x00000000661e9000    0xb8800
 *(.debug_info .gnu.linkonce.wi.*)
 .debug_info    0x00000000661e9000     0x670e ../build/x64_Debug/debug.o
 .debug_info    0x00000000661ef70e     0x5d16 ../build/x64_Debug/dllmain.o
 .debug_info    0x00000000661f5424     0x6ab5 ../build/x64_Debug/pmc_add_sub.o
 .debug_info    0x00000000661fbed9     0x5e39 ../build/x64_Debug/pmc_bytes.o
 .debug_info    0x0000000066201d12     0x5d76 ../build/x64_Debug/pmc_clone.o
 .debug_info    0x0000000066207a88     0x65e7 ../build/x64_Debug/pmc_divrem.o
 .debug_info    0x000000006620e06f     0x5f21 ../build/x64_Debug/pmc_from.o
 .debug_info    0x0000000066213f90     0x66ab ../build/x64_Debug/pmc_initialize.o
 .debug_info    0x000000006621a63b     0x63ba ../build/x64_Debug/pmc_memory.o
 .debug_info    0x00000000662209f5     0x639d ../build/x64_Debug/pmc_multiply.o
 .debug_info    0x0000000066226d92     0x5d78 ../build/x64_Debug/pmc_negate.o
 .debug_info    0x000000006622cb0a     0x5c7f ../build/x64_Debug/pmc_statistics.o
 .debug_info    0x0000000066232789     0x5e2b ../build/x64_Debug/pmc_to.o
 .debug_info    0x00000000662385b4    0x34f92 ../build/x64_Debug/TEST_autogenerated.o
 .debug_info    0x000000006626d546     0x6b16 ../build/x64_Debug/TEST_op_Add.o
 .debug_info    0x000000006627405c     0x64b0 ../build/x64_Debug/TEST_op_Clone.o
 .debug_info    0x000000006627a50c     0x693d ../build/x64_Debug/TEST_op_DivRem.o
 .debug_info    0x0000000066280e49     0x66ac ../build/x64_Debug/TEST_op_From_To.o
 .debug_info    0x00000000662874f5     0x6b3e ../build/x64_Debug/TEST_op_Multiply.o
 .debug_info    0x000000006628e033     0x64b2 ../build/x64_Debug/TEST_op_Negate.o
 .debug_info    0x00000000662944e5     0x670d ../build/x64_Debug/TEST_op_Remainder.o
 .debug_info    0x000000006629abf2     0x6b3e ../build/x64_Debug/TEST_op_Subtruct.o

.zdebug_info
 *(.zdebug_info .zdebug.gnu.linkonce.wi.*)

.debug_abbrev   0x00000000662a2000     0x3c00
 *(.debug_abbrev)
 .debug_abbrev  0x00000000662a2000      0x2d6 ../build/x64_Debug/debug.o
 .debug_abbrev  0x00000000662a22d6      0x238 ../build/x64_Debug/dllmain.o
 .debug_abbrev  0x00000000662a250e      0x324 ../build/x64_Debug/pmc_add_sub.o
 .debug_abbrev  0x00000000662a2832      0x256 ../build/x64_Debug/pmc_bytes.o
 .debug_abbrev  0x00000000662a2a88      0x23a ../build/x64_Debug/pmc_clone.o
 .debug_abbrev  0x00000000662a2cc2      0x2e6 ../build/x64_Debug/pmc_divrem.o
 .debug_abbrev  0x00000000662a2fa8      0x270 ../build/x64_Debug/pmc_from.o
 .debug_abbrev  0x00000000662a3218      0x351 ../build/x64_Debug/pmc_initialize.o
 .debug_abbrev  0x00000000662a3569      0x3e2 ../build/x64_Debug/pmc_memory.o
 .debug_abbrev  0x00000000662a394b      0x2ff ../build/x64_Debug/pmc_multiply.o
 .debug_abbrev  0x00000000662a3c4a      0x23a ../build/x64_Debug/pmc_negate.o
 .debug_abbrev  0x00000000662a3e84      0x238 ../build/x64_Debug/pmc_statistics.o
 .debug_abbrev  0x00000000662a40bc      0x256 ../build/x64_Debug/pmc_to.o
 .debug_abbrev  0x00000000662a4312      0x288 ../build/x64_Debug/TEST_autogenerated.o
 .debug_abbrev  0x00000000662a459a      0x2b3 ../build/x64_Debug/TEST_op_Add.o
 .debug_abbrev  0x00000000662a484d      0x291 ../build/x64_Debug/TEST_op_Clone.o
 .debug_abbrev  0x00000000662a4ade      0x275 ../build/x64_Debug/TEST_op_DivRem.o
 .debug_abbrev  0x00000000662a4d53      0x2b3 ../build/x64_Debug/TEST_op_From_To.o
 .debug_abbrev  0x00000000662a5006      0x2b3 ../build/x64_Debug/TEST_op_Multiply.o
 .debug_abbrev  0x00000000662a52b9      0x291 ../build/x64_Debug/TEST_op_Negate.o
 .debug_abbrev  0x00000000662a554a      0x264 ../build/x64_Debug/TEST_op_Remainder.o
 .debug_abbrev  0x00000000662a57ae      0x2b3 ../build/x64_Debug/TEST_op_Subtruct.o

.zdebug_abbrev
 *(.zdebug_abbrev)

.debug_line     0x00000000662a6000    0x10400
 *(.debug_line)
 .debug_line    0x00000000662a6000      0x3a9 ../build/x64_Debug/debug.o
 .debug_line    0x00000000662a63a9      0x2a2 ../build/x64_Debug/dllmain.o
 .debug_line    0x00000000662a664b      0xdaa ../build/x64_Debug/pmc_add_sub.o
 .debug_line    0x00000000662a73f5      0x2e4 ../build/x64_Debug/pmc_bytes.o
 .debug_line    0x00000000662a76d9      0x2bc ../build/x64_Debug/pmc_clone.o
 .debug_line    0x00000000662a7995      0xa96 ../build/x64_Debug/pmc_divrem.o
 .debug_line    0x00000000662a842b      0x30f ../build/x64_Debug/pmc_from.o
 .debug_line    0x00000000662a873a      0x48d ../build/x64_Debug/pmc_initialize.o
 .debug_line    0x00000000662a8bc7      0x582 ../build/x64_Debug/pmc_memory.o
 .debug_line    0x00000000662a9149      0x659 ../build/x64_Debug/pmc_multiply.o
 .debug_line    0x00000000662a97a2      0x2aa ../build/x64_Debug/pmc_negate.o
 .debug_line    0x00000000662a9a4c      0x288 ../build/x64_Debug/pmc_statistics.o
 .debug_line    0x00000000662a9cd4      0x314 ../build/x64_Debug/pmc_to.o
 .debug_line    0x00000000662a9fe8     0x9a6c ../build/x64_Debug/TEST_autogenerated.o
 .debug_line    0x00000000662b3a54      0x61d ../build/x64_Debug/TEST_op_Add.o
 .debug_line    0x00000000662b4071      0x32b ../build/x64_Debug/TEST_op_Clone.o
 .debug_line    0x00000000662b439c      0x71c ../build/x64_Debug/TEST_op_DivRem.o
 .debug_line    0x00000000662b4ab8      0x3ea ../build/x64_Debug/TEST_op_From_To.o
 .debug_line    0x00000000662b4ea2      0x622 ../build/x64_Debug/TEST_op_Multiply.o
 .debug_line    0x00000000662b54c4      0x32c ../build/x64_Debug/TEST_op_Negate.o
 .debug_line    0x00000000662b57f0      0x5ce ../build/x64_Debug/TEST_op_Remainder.o
 .debug_line    0x00000000662b5dbe      0x622 ../build/x64_Debug/TEST_op_Subtruct.o

.zdebug_line
 *(.zdebug_line)

.debug_frame    0x00000000662b7000     0x1c00
 *(.debug_frame)
 .debug_frame   0x00000000662b7000      0x158 ../build/x64_Debug/debug.o
 .debug_frame   0x00000000662b7158       0x40 ../build/x64_Debug/dllmain.o
 .debug_frame   0x00000000662b7198      0x388 ../build/x64_Debug/pmc_add_sub.o
 .debug_frame   0x00000000662b7520       0x68 ../build/x64_Debug/pmc_bytes.o
 .debug_frame   0x00000000662b7588       0x40 ../build/x64_Debug/pmc_clone.o
 .debug_frame   0x00000000662b75c8      0x180 ../build/x64_Debug/pmc_divrem.o
 .debug_frame   0x00000000662b7748       0xb8 ../build/x64_Debug/pmc_from.o
 .debug_frame   0x00000000662b7800      0x128 ../build/x64_Debug/pmc_initialize.o
 .debug_frame   0x00000000662b7928      0x298 ../build/x64_Debug/pmc_memory.o
 .debug_frame   0x00000000662b7bc0      0x1f8 ../build/x64_Debug/pmc_multiply.o
 .debug_frame   0x00000000662b7db8       0x40 ../build/x64_Debug/pmc_negate.o
 .debug_frame   0x00000000662b7df8       0x40 ../build/x64_Debug/pmc_statistics.o
 .debug_frame   0x00000000662b7e38       0x68 ../build/x64_Debug/pmc_to.o
 .debug_frame   0x00000000662b7ea0       0x78 ../build/x64_Debug/TEST_autogenerated.o
 .debug_frame   0x00000000662b7f18      0x200 ../build/x64_Debug/TEST_op_Add.o
 .debug_frame   0x00000000662b8118       0x80 ../build/x64_Debug/TEST_op_Clone.o
 .debug_frame   0x00000000662b8198      0x200 ../build/x64_Debug/TEST_op_DivRem.o
 .debug_frame   0x00000000662b8398      0x130 ../build/x64_Debug/TEST_op_From_To.o
 .debug_frame   0x00000000662b84c8      0x200 ../build/x64_Debug/TEST_op_Multiply.o
 .debug_frame   0x00000000662b86c8       0x80 ../build/x64_Debug/TEST_op_Negate.o
 .debug_frame   0x00000000662b8748      0x1f0 ../build/x64_Debug/TEST_op_Remainder.o
 .debug_frame   0x00000000662b8938      0x200 ../build/x64_Debug/TEST_op_Subtruct.o

.zdebug_frame
 *(.zdebug_frame)

.debug_str      0x00000000662b9000     0x1400
 *(.debug_str)
 .debug_str     0x00000000662b9000      0x13f ../build/x64_Debug/debug.o
 .debug_str     0x00000000662b913f       0x19 ../build/x64_Debug/dllmain.o
 .debug_str     0x00000000662b9158       0x69 ../build/x64_Debug/pmc_add_sub.o
 .debug_str     0x00000000662b91c1       0x3d ../build/x64_Debug/pmc_bytes.o
 .debug_str     0x00000000662b91fe       0x3d ../build/x64_Debug/pmc_clone.o
 .debug_str     0x00000000662b923b       0x5e ../build/x64_Debug/pmc_divrem.o
 .debug_str     0x00000000662b9299       0x44 ../build/x64_Debug/pmc_from.o
 .debug_str     0x00000000662b92dd      0x15d ../build/x64_Debug/pmc_initialize.o
 .debug_str     0x00000000662b943a       0x6e ../build/x64_Debug/pmc_memory.o
 .debug_str     0x00000000662b94a8       0x4b ../build/x64_Debug/pmc_multiply.o
 .debug_str     0x00000000662b94f3       0x3d ../build/x64_Debug/pmc_negate.o
 .debug_str     0x00000000662b9530       0x29 ../build/x64_Debug/pmc_statistics.o
 .debug_str     0x00000000662b9559       0x3d ../build/x64_Debug/pmc_to.o
 .debug_str     0x00000000662b9596      0x135 ../build/x64_Debug/TEST_autogenerated.o
 .debug_str     0x00000000662b96cb      0x1d8 ../build/x64_Debug/TEST_op_Add.o
 .debug_str     0x00000000662b98a3      0x135 ../build/x64_Debug/TEST_op_Clone.o
 .debug_str     0x00000000662b99d8      0x207 ../build/x64_Debug/TEST_op_DivRem.o
 .debug_str     0x00000000662b9bdf      0x171 ../build/x64_Debug/TEST_op_From_To.o
 .debug_str     0x00000000662b9d50      0x1d8 ../build/x64_Debug/TEST_op_Multiply.o
 .debug_str     0x00000000662b9f28      0x135 ../build/x64_Debug/TEST_op_Negate.o
 .debug_str     0x00000000662ba05d      0x1bc ../build/x64_Debug/TEST_op_Remainder.o
 .debug_str     0x00000000662ba219      0x1d8 ../build/x64_Debug/TEST_op_Subtruct.o

.zdebug_str
 *(.zdebug_str)

.debug_loc
 *(.debug_loc)

.zdebug_loc
 *(.zdebug_loc)

.debug_macinfo
 *(.debug_macinfo)

.zdebug_macinfo
 *(.zdebug_macinfo)

.debug_weaknames
 *(.debug_weaknames)

.zdebug_weaknames
 *(.zdebug_weaknames)

.debug_funcnames
 *(.debug_funcnames)

.zdebug_funcnames
 *(.zdebug_funcnames)

.debug_typenames
 *(.debug_typenames)

.zdebug_typenames
 *(.zdebug_typenames)

.debug_varnames
 *(.debug_varnames)

.zdebug_varnames
 *(.zdebug_varnames)

.debug_macro
 *(.debug_macro)

.zdebug_macro
 *(.zdebug_macro)

.debug_ranges
 *(.debug_ranges)

.zdebug_ranges
 *(.zdebug_ranges)

.debug_types
 *(.debug_types .gnu.linkonce.wt.*)

.zdebug_types
 *(.zdebug_types .zdebug.gnu.linkonce.wt.*)

.debug_gdb_scripts
 *(.debug_gdb_scripts)

.zdebug_gdb_scripts
 *(.zdebug_gdb_scripts)
OUTPUT(../../dist/x64_Debug/Palmtree.Math.Core.Sint.dll pei-x86-64)
LOAD dll stuff
