Archive member included to satisfy reference by file (symbol)

C:/GNU/MINGW64/x86_64-8.1.0-win32-seh-rt_v6-rev0/mingw64/bin/../lib/gcc/x86_64-w64-mingw32/8.1.0/../../../../x86_64-w64-mingw32/lib/../lib/libkernel32.a(dqifs00954.o)
                              ../build/x64_Debug/pmc_initialize.o (__imp_LoadLibraryA)
C:/GNU/MINGW64/x86_64-8.1.0-win32-seh-rt_v6-rev0/mingw64/bin/../lib/gcc/x86_64-w64-mingw32/8.1.0/../../../../x86_64-w64-mingw32/lib/../lib/libkernel32.a(dqifs00841.o)
                              ../build/x64_Debug/pmc_memory.o (__imp_HeapFree)
C:/GNU/MINGW64/x86_64-8.1.0-win32-seh-rt_v6-rev0/mingw64/bin/../lib/gcc/x86_64-w64-mingw32/8.1.0/../../../../x86_64-w64-mingw32/lib/../lib/libkernel32.a(dqifs00839.o)
                              ../build/x64_Debug/pmc_memory.o (__imp_HeapDestroy)
C:/GNU/MINGW64/x86_64-8.1.0-win32-seh-rt_v6-rev0/mingw64/bin/../lib/gcc/x86_64-w64-mingw32/8.1.0/../../../../x86_64-w64-mingw32/lib/../lib/libkernel32.a(dqifs00837.o)
                              ../build/x64_Debug/pmc_memory.o (__imp_HeapCreate)
C:/GNU/MINGW64/x86_64-8.1.0-win32-seh-rt_v6-rev0/mingw64/bin/../lib/gcc/x86_64-w64-mingw32/8.1.0/../../../../x86_64-w64-mingw32/lib/../lib/libkernel32.a(dqifs00835.o)
                              ../build/x64_Debug/pmc_memory.o (__imp_HeapAlloc)
C:/GNU/MINGW64/x86_64-8.1.0-win32-seh-rt_v6-rev0/mingw64/bin/../lib/gcc/x86_64-w64-mingw32/8.1.0/../../../../x86_64-w64-mingw32/lib/../lib/libkernel32.a(dqifs00689.o)
                              ../build/x64_Debug/pmc_initialize.o (__imp_GetProcAddress)
C:/GNU/MINGW64/x86_64-8.1.0-win32-seh-rt_v6-rev0/mingw64/bin/../lib/gcc/x86_64-w64-mingw32/8.1.0/../../../../x86_64-w64-mingw32/lib/../lib/libkernel32.a(dqifs00427.o)
                              ../build/x64_Debug/pmc_initialize.o (__imp_FreeLibrary)
C:/GNU/MINGW64/x86_64-8.1.0-win32-seh-rt_v6-rev0/mingw64/bin/../lib/gcc/x86_64-w64-mingw32/8.1.0/../../../../x86_64-w64-mingw32/lib/../lib/libkernel32.a(dqifh.o)
                              C:/GNU/MINGW64/x86_64-8.1.0-win32-seh-rt_v6-rev0/mingw64/bin/../lib/gcc/x86_64-w64-mingw32/8.1.0/../../../../x86_64-w64-mingw32/lib/../lib/libkernel32.a(dqifs00954.o) (_head_lib64_libkernel32_a)
C:/GNU/MINGW64/x86_64-8.1.0-win32-seh-rt_v6-rev0/mingw64/bin/../lib/gcc/x86_64-w64-mingw32/8.1.0/../../../../x86_64-w64-mingw32/lib/../lib/libkernel32.a(dqift.o)
                              C:/GNU/MINGW64/x86_64-8.1.0-win32-seh-rt_v6-rev0/mingw64/bin/../lib/gcc/x86_64-w64-mingw32/8.1.0/../../../../x86_64-w64-mingw32/lib/../lib/libkernel32.a(dqifh.o) (__lib64_libkernel32_a_iname)
C:/GNU/MINGW64/x86_64-8.1.0-win32-seh-rt_v6-rev0/mingw64/bin/../lib/gcc/x86_64-w64-mingw32/8.1.0/../../../../x86_64-w64-mingw32/lib/../lib/libuser32.a(dyqes00958.o)
                              ../build/x64_Debug/debug.o (__imp_wsprintfW)
C:/GNU/MINGW64/x86_64-8.1.0-win32-seh-rt_v6-rev0/mingw64/bin/../lib/gcc/x86_64-w64-mingw32/8.1.0/../../../../x86_64-w64-mingw32/lib/../lib/libuser32.a(dyqeh.o)
                              C:/GNU/MINGW64/x86_64-8.1.0-win32-seh-rt_v6-rev0/mingw64/bin/../lib/gcc/x86_64-w64-mingw32/8.1.0/../../../../x86_64-w64-mingw32/lib/../lib/libuser32.a(dyqes00958.o) (_head_lib64_libuser32_a)
C:/GNU/MINGW64/x86_64-8.1.0-win32-seh-rt_v6-rev0/mingw64/bin/../lib/gcc/x86_64-w64-mingw32/8.1.0/../../../../x86_64-w64-mingw32/lib/../lib/libuser32.a(dyqet.o)
                              C:/GNU/MINGW64/x86_64-8.1.0-win32-seh-rt_v6-rev0/mingw64/bin/../lib/gcc/x86_64-w64-mingw32/8.1.0/../../../../x86_64-w64-mingw32/lib/../lib/libuser32.a(dyqeh.o) (__lib64_libuser32_a_iname)

Allocating common symbols
Common symbol       size              file

number_one          0x18              ../build/x64_Debug/pmc_memory.o
number_minus_one    0x18              ../build/x64_Debug/pmc_memory.o
number_zero         0x18              ../build/x64_Debug/pmc_memory.o
ep_uint             0x230             ../build/x64_Debug/pmc_initialize.o
hLocalHeap          0x8               ../build/x64_Debug/pmc_memory.o

Discarded input sections

 .drectve       0x0000000000000000       0x14 ../build/x64_Debug/debug.o
 .rdata$.refptr.ep_uint
                0x0000000000000000       0x10 ../build/x64_Debug/pmc_bytes.o
 .rdata$.refptr.number_zero
                0x0000000000000000       0x10 ../build/x64_Debug/pmc_clone.o
 .rdata$.refptr.ep_uint
                0x0000000000000000       0x10 ../build/x64_Debug/pmc_from.o
 .rdata$.refptr.number_zero
                0x0000000000000000       0x10 ../build/x64_Debug/pmc_from.o
 .drectve       0x0000000000000000       0x38 ../build/x64_Debug/pmc_initialize.o
 .drectve       0x0000000000000000       0x70 ../build/x64_Debug/pmc_memory.o
 .rdata$.refptr.ep_uint
                0x0000000000000000       0x10 ../build/x64_Debug/pmc_memory.o
 .rdata$.refptr.ep_uint
                0x0000000000000000       0x10 ../build/x64_Debug/pmc_statistics.o
 .rdata$.refptr.ep_uint
                0x0000000000000000       0x10 ../build/x64_Debug/pmc_to.o

Memory Configuration

Name             Origin             Length             Attributes
*default*        0x0000000000000000 0xffffffffffffffff

Linker script and memory map

                0x00000000660c0000                __image_base__ = 0x660c0000
                0x0000000000000000                __dll__ = 0x0
                0x00000000660c0000                __ImageBase = 0x660c0000
                0x0000000000001000                __section_alignment__ = 0x1000
                0x0000000000000200                __file_alignment__ = 0x200
                0x0000000000000004                __major_os_version__ = 0x4
                0x0000000000000000                __minor_os_version__ = 0x0
                0x0000000000000000                __major_image_version__ = 0x0
                0x0000000000000000                __minor_image_version__ = 0x0
                0x0000000000000005                __major_subsystem_version__ = 0x5
                0x0000000000000002                __minor_subsystem_version__ = 0x2
                0x0000000000000002                __subsystem__ = 0x2
                0x0000000000200000                __size_of_stack_reserve__ = 0x200000
                0x0000000000001000                __size_of_stack_commit__ = 0x1000
                0x0000000000100000                __size_of_heap_reserve__ = 0x100000
                0x0000000000001000                __size_of_heap_commit__ = 0x1000
                0x0000000000000000                __loader_flags__ = 0x0
                0x0000000000000000                __dll_characteristics__ = 0x0
LOAD ../build/x64_Debug/debug.o
LOAD ../build/x64_Debug/dllmain.o
LOAD ../build/x64_Debug/pmc_add_sub.o
LOAD ../build/x64_Debug/pmc_bytes.o
LOAD ../build/x64_Debug/pmc_clone.o
LOAD ../build/x64_Debug/pmc_from.o
LOAD ../build/x64_Debug/pmc_getnumbertype.o
LOAD ../build/x64_Debug/pmc_initialize.o
LOAD ../build/x64_Debug/pmc_memory.o
LOAD ../build/x64_Debug/pmc_negate.o
LOAD ../build/x64_Debug/pmc_statistics.o
LOAD ../build/x64_Debug/pmc_to.o
LOAD ../build/x64_Debug/TEST_autogenerated.o
LOAD ../build/x64_Debug/TEST_op_Add.o
LOAD ../build/x64_Debug/TEST_op_Clone.o
LOAD ../build/x64_Debug/TEST_op_From_To.o
LOAD ../build/x64_Debug/TEST_op_GetNumberType.o
LOAD ../build/x64_Debug/TEST_op_Negate.o
LOAD ../build/x64_Debug/TEST_op_Subtruct.o
LOAD ../build/x64_Debug/version.o
LOAD ../Palmtree.Math.Core.Sint.def
LOAD C:/GNU/MINGW64/x86_64-8.1.0-win32-seh-rt_v6-rev0/mingw64/bin/../lib/gcc/x86_64-w64-mingw32/8.1.0/../../../../x86_64-w64-mingw32/lib/../lib/libkernel32.a
LOAD C:/GNU/MINGW64/x86_64-8.1.0-win32-seh-rt_v6-rev0/mingw64/bin/../lib/gcc/x86_64-w64-mingw32/8.1.0/../../../../x86_64-w64-mingw32/lib/../lib/libuser32.a
                0x0000000000000408                . = SIZEOF_HEADERS
                0x0000000000001000                . = ALIGN (__section_alignment__)

.text           0x00000000660c1000    0x67800
 *(.init)
 *(.text)
 .text          0x00000000660c1000      0x3c0 ../build/x64_Debug/debug.o
                0x00000000660c110f                DoDebug
                0x00000000660c120f                TEST_Assert
                0x00000000660c1281                FormatTestLabel
                0x00000000660c12c1                FormatTestMesssage
                0x00000000660c12f7                DumpBinary_UNIT
 .text          0x00000000660c13c0       0x70 ../build/x64_Debug/dllmain.o
                0x00000000660c13c0                DllMain
 .text          0x00000000660c1430     0x2520 ../build/x64_Debug/pmc_add_sub.o
                0x00000000660c1ad5                PMC_Add_I_X
                0x00000000660c1cfd                PMC_Add_L_X
                0x00000000660c1f2e                PMC_Add_UX_X
                0x00000000660c20e5                PMC_Add_X_I
                0x00000000660c232e                PMC_Add_X_L
                0x00000000660c2580                PMC_Add_X_UX
                0x00000000660c27a1                PMC_Add_X_X
                0x00000000660c29fd                PMC_Subtruct_I_X
                0x00000000660c2c25                PMC_Subtruct_L_X
                0x00000000660c2e56                PMC_Subtruct_UX_X
                0x00000000660c304f                PMC_Subtruct_X_I
                0x00000000660c329c                PMC_Subtruct_X_L
                0x00000000660c34f6                PMC_Subtruct_X_UX
                0x00000000660c36ed                PMC_Subtruct_X_X
 .text          0x00000000660c3950      0x160 ../build/x64_Debug/pmc_bytes.o
                0x00000000660c3950                PMC_FromByteArray
                0x00000000660c3a17                PMC_ToByteArray
 .text          0x00000000660c3ab0       0xd0 ../build/x64_Debug/pmc_clone.o
                0x00000000660c3ab0                PMC_Clone_X
 .text          0x00000000660c3b80      0x250 ../build/x64_Debug/pmc_from.o
                0x00000000660c3b80                From_I_Imp
                0x00000000660c3bff                From_L_Imp
                0x00000000660c3c80                PMC_From_I
                0x00000000660c3d23                PMC_From_L
 .text          0x00000000660c3dd0       0xe0 ../build/x64_Debug/pmc_getnumbertype.o
                0x00000000660c3dd0                PMC_GetNumberType_X
                0x00000000660c3e9e                Initialize_GetPropertyValue
 .text          0x00000000660c3eb0      0x350 ../build/x64_Debug/pmc_initialize.o
                0x00000000660c3fd0                PMC_SINT_Initialize
 .text          0x00000000660c4200      0x8d0 ../build/x64_Debug/pmc_memory.o
                0x00000000660c4455                AttatchNumber
                0x00000000660c44a7                AllocateNumber
                0x00000000660c4537                DetatchNumber
                0x00000000660c456b                DeallocateNumber
                0x00000000660c45c7                CheckNumber
                0x00000000660c45f8                DuplicateNumber
                0x00000000660c471f                Negate_Imp
                0x00000000660c4824                PMC_GetConstantValue_I
                0x00000000660c4887                PMC_Dispose
                0x00000000660c48ae                Initialize_Memory
                0x00000000660c4a31                AllocateHeapArea
                0x00000000660c4a80                DeallocateHeapArea
 .text          0x00000000660c4ad0       0x90 ../build/x64_Debug/pmc_negate.o
                0x00000000660c4ad0                PMC_Negate_X
 .text          0x00000000660c4b60       0x30 ../build/x64_Debug/pmc_statistics.o
                0x00000000660c4b60                PMC_GetStatisticsInfo
 .text          0x00000000660c4b90      0x1b0 ../build/x64_Debug/pmc_to.o
                0x00000000660c4b90                PMC_To_X_I
                0x00000000660c4c57                PMC_To_X_L
 .text          0x00000000660c4d40    0x60730 ../build/x64_Debug/TEST_autogenerated.o
                0x00000000660c4d40                TEST_autogenerated
 .text          0x0000000066125470     0x12d0 ../build/x64_Debug/TEST_op_Add.o
                0x00000000661254cb                TEST_Add_I_X
                0x000000006612572a                TEST_Add_L_X
                0x000000006612598a                TEST_Add_UX_X
                0x0000000066125c85                TEST_Add_X_I
                0x0000000066125ee4                TEST_Add_X_L
                0x0000000066126144                TEST_Add_X_UX
                0x000000006612643f                TEST_Add_X_X
 .text          0x0000000066126740      0x2c0 ../build/x64_Debug/TEST_op_Clone.o
                0x000000006612679b                TEST_Clone_X
 .text          0x0000000066126a00      0x660 ../build/x64_Debug/TEST_op_From_To.o
                0x0000000066126a5b                TEST_From_I
                0x0000000066126c16                TEST_From_L
                0x0000000066126dd2                TEST_To_X_I
                0x0000000066126f16                TEST_To_X_L
 .text          0x0000000066127060      0x140 ../build/x64_Debug/TEST_op_GetNumberType.o
                0x0000000066127060                TEST_GetNumberType_X
 .text          0x00000000661271a0      0x2c0 ../build/x64_Debug/TEST_op_Negate.o
                0x00000000661271fb                TEST_Negate_X
 .text          0x0000000066127460     0x12d0 ../build/x64_Debug/TEST_op_Subtruct.o
                0x00000000661274bb                TEST_Subtruct_I_X
                0x000000006612771a                TEST_Subtruct_L_X
                0x000000006612797a                TEST_Subtruct_UX_X
                0x0000000066127c75                TEST_Subtruct_X_I
                0x0000000066127ed4                TEST_Subtruct_X_L
                0x0000000066128134                TEST_Subtruct_X_UX
                0x000000006612842f                TEST_Subtruct_X_X
 .text          0x0000000066128730        0x8 C:/GNU/MINGW64/x86_64-8.1.0-win32-seh-rt_v6-rev0/mingw64/bin/../lib/gcc/x86_64-w64-mingw32/8.1.0/../../../../x86_64-w64-mingw32/lib/../lib/libkernel32.a(dqifs00954.o)
                0x0000000066128730                LoadLibraryA
 .text          0x0000000066128738        0x8 C:/GNU/MINGW64/x86_64-8.1.0-win32-seh-rt_v6-rev0/mingw64/bin/../lib/gcc/x86_64-w64-mingw32/8.1.0/../../../../x86_64-w64-mingw32/lib/../lib/libkernel32.a(dqifs00841.o)
                0x0000000066128738                HeapFree
 .text          0x0000000066128740        0x8 C:/GNU/MINGW64/x86_64-8.1.0-win32-seh-rt_v6-rev0/mingw64/bin/../lib/gcc/x86_64-w64-mingw32/8.1.0/../../../../x86_64-w64-mingw32/lib/../lib/libkernel32.a(dqifs00839.o)
                0x0000000066128740                HeapDestroy
 .text          0x0000000066128748        0x8 C:/GNU/MINGW64/x86_64-8.1.0-win32-seh-rt_v6-rev0/mingw64/bin/../lib/gcc/x86_64-w64-mingw32/8.1.0/../../../../x86_64-w64-mingw32/lib/../lib/libkernel32.a(dqifs00837.o)
                0x0000000066128748                HeapCreate
 .text          0x0000000066128750        0x8 C:/GNU/MINGW64/x86_64-8.1.0-win32-seh-rt_v6-rev0/mingw64/bin/../lib/gcc/x86_64-w64-mingw32/8.1.0/../../../../x86_64-w64-mingw32/lib/../lib/libkernel32.a(dqifs00835.o)
                0x0000000066128750                HeapAlloc
 .text          0x0000000066128758        0x8 C:/GNU/MINGW64/x86_64-8.1.0-win32-seh-rt_v6-rev0/mingw64/bin/../lib/gcc/x86_64-w64-mingw32/8.1.0/../../../../x86_64-w64-mingw32/lib/../lib/libkernel32.a(dqifs00689.o)
                0x0000000066128758                GetProcAddress
 .text          0x0000000066128760        0x8 C:/GNU/MINGW64/x86_64-8.1.0-win32-seh-rt_v6-rev0/mingw64/bin/../lib/gcc/x86_64-w64-mingw32/8.1.0/../../../../x86_64-w64-mingw32/lib/../lib/libkernel32.a(dqifs00427.o)
                0x0000000066128760                FreeLibrary
 *fill*         0x0000000066128768        0x8 
 .text          0x0000000066128770        0x0 C:/GNU/MINGW64/x86_64-8.1.0-win32-seh-rt_v6-rev0/mingw64/bin/../lib/gcc/x86_64-w64-mingw32/8.1.0/../../../../x86_64-w64-mingw32/lib/../lib/libkernel32.a(dqifh.o)
 .text          0x0000000066128770        0x0 C:/GNU/MINGW64/x86_64-8.1.0-win32-seh-rt_v6-rev0/mingw64/bin/../lib/gcc/x86_64-w64-mingw32/8.1.0/../../../../x86_64-w64-mingw32/lib/../lib/libkernel32.a(dqift.o)
 .text          0x0000000066128770        0x8 C:/GNU/MINGW64/x86_64-8.1.0-win32-seh-rt_v6-rev0/mingw64/bin/../lib/gcc/x86_64-w64-mingw32/8.1.0/../../../../x86_64-w64-mingw32/lib/../lib/libuser32.a(dyqes00958.o)
                0x0000000066128770                wsprintfW
 *fill*         0x0000000066128778        0x8 
 .text          0x0000000066128780        0x0 C:/GNU/MINGW64/x86_64-8.1.0-win32-seh-rt_v6-rev0/mingw64/bin/../lib/gcc/x86_64-w64-mingw32/8.1.0/../../../../x86_64-w64-mingw32/lib/../lib/libuser32.a(dyqeh.o)
 .text          0x0000000066128780        0x0 C:/GNU/MINGW64/x86_64-8.1.0-win32-seh-rt_v6-rev0/mingw64/bin/../lib/gcc/x86_64-w64-mingw32/8.1.0/../../../../x86_64-w64-mingw32/lib/../lib/libuser32.a(dyqet.o)
 *(SORT_BY_NAME(.text$*))
 *(.text.*)
 *(.gnu.linkonce.t.*)
 *(.glue_7t)
 *(.glue_7)
                0x0000000066128780                . = ALIGN (0x8)
                0x0000000066128780                ___CTOR_LIST__ = .
                0x0000000066128780                __CTOR_LIST__ = .
                0x0000000066128780        0x4 LONG 0xffffffffffffffff
                0x0000000066128784        0x4 LONG 0xffffffffffffffff
 *(.ctors)
 *(.ctor)
 *(SORT_BY_NAME(.ctors.*))
                0x0000000066128788        0x4 LONG 0x0
                0x000000006612878c        0x4 LONG 0x0
                0x0000000066128790                ___DTOR_LIST__ = .
                0x0000000066128790                __DTOR_LIST__ = .
                0x0000000066128790        0x4 LONG 0xffffffffffffffff
                0x0000000066128794        0x4 LONG 0xffffffffffffffff
 *(.dtors)
 *(.dtor)
 *(SORT_BY_NAME(.dtors.*))
                0x0000000066128798        0x4 LONG 0x0
                0x000000006612879c        0x4 LONG 0x0
 *(.fini)
 *(.gcc_exc)
                [!provide]                        PROVIDE (etext = .)
 *(.gcc_except_table)

.data           0x0000000066129000     0x8600
                0x0000000066129000                __data_start__ = .
 *(.data)
 .data          0x0000000066129000        0x0 ../build/x64_Debug/debug.o
 .data          0x0000000066129000        0x0 ../build/x64_Debug/dllmain.o
 .data          0x0000000066129000        0x0 ../build/x64_Debug/pmc_add_sub.o
 .data          0x0000000066129000        0x0 ../build/x64_Debug/pmc_bytes.o
 .data          0x0000000066129000        0x0 ../build/x64_Debug/pmc_clone.o
 .data          0x0000000066129000        0x0 ../build/x64_Debug/pmc_from.o
 .data          0x0000000066129000        0x0 ../build/x64_Debug/pmc_getnumbertype.o
 .data          0x0000000066129000        0x0 ../build/x64_Debug/pmc_initialize.o
 .data          0x0000000066129000        0x0 ../build/x64_Debug/pmc_memory.o
 .data          0x0000000066129000        0x0 ../build/x64_Debug/pmc_negate.o
 .data          0x0000000066129000        0x0 ../build/x64_Debug/pmc_statistics.o
 .data          0x0000000066129000        0x0 ../build/x64_Debug/pmc_to.o
 .data          0x0000000066129000     0x85c0 ../build/x64_Debug/TEST_autogenerated.o
 .data          0x00000000661315c0        0x0 ../build/x64_Debug/TEST_op_Add.o
 .data          0x00000000661315c0        0x0 ../build/x64_Debug/TEST_op_Clone.o
 .data          0x00000000661315c0        0x0 ../build/x64_Debug/TEST_op_From_To.o
 .data          0x00000000661315c0        0x0 ../build/x64_Debug/TEST_op_GetNumberType.o
 .data          0x00000000661315c0        0x0 ../build/x64_Debug/TEST_op_Negate.o
 .data          0x00000000661315c0        0x0 ../build/x64_Debug/TEST_op_Subtruct.o
 .data          0x00000000661315c0        0x0 C:/GNU/MINGW64/x86_64-8.1.0-win32-seh-rt_v6-rev0/mingw64/bin/../lib/gcc/x86_64-w64-mingw32/8.1.0/../../../../x86_64-w64-mingw32/lib/../lib/libkernel32.a(dqifs00954.o)
 .data          0x00000000661315c0        0x0 C:/GNU/MINGW64/x86_64-8.1.0-win32-seh-rt_v6-rev0/mingw64/bin/../lib/gcc/x86_64-w64-mingw32/8.1.0/../../../../x86_64-w64-mingw32/lib/../lib/libkernel32.a(dqifs00841.o)
 .data          0x00000000661315c0        0x0 C:/GNU/MINGW64/x86_64-8.1.0-win32-seh-rt_v6-rev0/mingw64/bin/../lib/gcc/x86_64-w64-mingw32/8.1.0/../../../../x86_64-w64-mingw32/lib/../lib/libkernel32.a(dqifs00839.o)
 .data          0x00000000661315c0        0x0 C:/GNU/MINGW64/x86_64-8.1.0-win32-seh-rt_v6-rev0/mingw64/bin/../lib/gcc/x86_64-w64-mingw32/8.1.0/../../../../x86_64-w64-mingw32/lib/../lib/libkernel32.a(dqifs00837.o)
 .data          0x00000000661315c0        0x0 C:/GNU/MINGW64/x86_64-8.1.0-win32-seh-rt_v6-rev0/mingw64/bin/../lib/gcc/x86_64-w64-mingw32/8.1.0/../../../../x86_64-w64-mingw32/lib/../lib/libkernel32.a(dqifs00835.o)
 .data          0x00000000661315c0        0x0 C:/GNU/MINGW64/x86_64-8.1.0-win32-seh-rt_v6-rev0/mingw64/bin/../lib/gcc/x86_64-w64-mingw32/8.1.0/../../../../x86_64-w64-mingw32/lib/../lib/libkernel32.a(dqifs00689.o)
 .data          0x00000000661315c0        0x0 C:/GNU/MINGW64/x86_64-8.1.0-win32-seh-rt_v6-rev0/mingw64/bin/../lib/gcc/x86_64-w64-mingw32/8.1.0/../../../../x86_64-w64-mingw32/lib/../lib/libkernel32.a(dqifs00427.o)
 .data          0x00000000661315c0        0x0 C:/GNU/MINGW64/x86_64-8.1.0-win32-seh-rt_v6-rev0/mingw64/bin/../lib/gcc/x86_64-w64-mingw32/8.1.0/../../../../x86_64-w64-mingw32/lib/../lib/libkernel32.a(dqifh.o)
 .data          0x00000000661315c0        0x0 C:/GNU/MINGW64/x86_64-8.1.0-win32-seh-rt_v6-rev0/mingw64/bin/../lib/gcc/x86_64-w64-mingw32/8.1.0/../../../../x86_64-w64-mingw32/lib/../lib/libkernel32.a(dqift.o)
 .data          0x00000000661315c0        0x0 C:/GNU/MINGW64/x86_64-8.1.0-win32-seh-rt_v6-rev0/mingw64/bin/../lib/gcc/x86_64-w64-mingw32/8.1.0/../../../../x86_64-w64-mingw32/lib/../lib/libuser32.a(dyqes00958.o)
 .data          0x00000000661315c0        0x0 C:/GNU/MINGW64/x86_64-8.1.0-win32-seh-rt_v6-rev0/mingw64/bin/../lib/gcc/x86_64-w64-mingw32/8.1.0/../../../../x86_64-w64-mingw32/lib/../lib/libuser32.a(dyqeh.o)
 .data          0x00000000661315c0        0x0 C:/GNU/MINGW64/x86_64-8.1.0-win32-seh-rt_v6-rev0/mingw64/bin/../lib/gcc/x86_64-w64-mingw32/8.1.0/../../../../x86_64-w64-mingw32/lib/../lib/libuser32.a(dyqet.o)
 *(.data2)
 *(SORT_BY_NAME(.data$*))
 *(.jcr)
                0x00000000661315c0                __data_end__ = .
 *(.data_cygwin_nocopy)

.rdata          0x0000000066132000     0x1600
 *(.rdata)
 .rdata         0x0000000066132000      0x1d0 ../build/x64_Debug/debug.o
 .rdata         0x00000000661321d0       0x30 ../build/x64_Debug/pmc_initialize.o
 .rdata         0x0000000066132200      0x340 ../build/x64_Debug/TEST_op_Add.o
 .rdata         0x0000000066132540      0x120 ../build/x64_Debug/TEST_op_Clone.o
 .rdata         0x0000000066132660      0x210 ../build/x64_Debug/TEST_op_From_To.o
 .rdata         0x0000000066132870      0x110 ../build/x64_Debug/TEST_op_GetNumberType.o
 .rdata         0x0000000066132980      0x120 ../build/x64_Debug/TEST_op_Negate.o
 .rdata         0x0000000066132aa0      0x3f0 ../build/x64_Debug/TEST_op_Subtruct.o
 *(SORT_BY_NAME(.rdata$*))
 .rdata$.refptr.PMC_Add_I_X
                0x0000000066132e90       0x10 ../build/x64_Debug/pmc_initialize.o
                0x0000000066132e90                .refptr.PMC_Add_I_X
 .rdata$.refptr.PMC_Add_L_X
                0x0000000066132ea0       0x10 ../build/x64_Debug/pmc_initialize.o
                0x0000000066132ea0                .refptr.PMC_Add_L_X
 .rdata$.refptr.PMC_Add_UX_X
                0x0000000066132eb0       0x10 ../build/x64_Debug/pmc_initialize.o
                0x0000000066132eb0                .refptr.PMC_Add_UX_X
 .rdata$.refptr.PMC_Add_X_I
                0x0000000066132ec0       0x10 ../build/x64_Debug/pmc_initialize.o
                0x0000000066132ec0                .refptr.PMC_Add_X_I
 .rdata$.refptr.PMC_Add_X_L
                0x0000000066132ed0       0x10 ../build/x64_Debug/pmc_initialize.o
                0x0000000066132ed0                .refptr.PMC_Add_X_L
 .rdata$.refptr.PMC_Add_X_UX
                0x0000000066132ee0       0x10 ../build/x64_Debug/pmc_initialize.o
                0x0000000066132ee0                .refptr.PMC_Add_X_UX
 .rdata$.refptr.PMC_Add_X_X
                0x0000000066132ef0       0x10 ../build/x64_Debug/pmc_initialize.o
                0x0000000066132ef0                .refptr.PMC_Add_X_X
 .rdata$.refptr.PMC_Clone_X
                0x0000000066132f00       0x10 ../build/x64_Debug/pmc_initialize.o
                0x0000000066132f00                .refptr.PMC_Clone_X
 .rdata$.refptr.PMC_Dispose
                0x0000000066132f10       0x10 ../build/x64_Debug/pmc_initialize.o
                0x0000000066132f10                .refptr.PMC_Dispose
 .rdata$.refptr.PMC_FromByteArray
                0x0000000066132f20       0x10 ../build/x64_Debug/pmc_initialize.o
                0x0000000066132f20                .refptr.PMC_FromByteArray
 .rdata$.refptr.PMC_From_I
                0x0000000066132f30       0x10 ../build/x64_Debug/pmc_initialize.o
                0x0000000066132f30                .refptr.PMC_From_I
 .rdata$.refptr.PMC_From_L
                0x0000000066132f40       0x10 ../build/x64_Debug/pmc_initialize.o
                0x0000000066132f40                .refptr.PMC_From_L
 .rdata$.refptr.PMC_GetConstantValue_I
                0x0000000066132f50       0x10 ../build/x64_Debug/pmc_initialize.o
                0x0000000066132f50                .refptr.PMC_GetConstantValue_I
 .rdata$.refptr.PMC_GetNumberType_X
                0x0000000066132f60       0x10 ../build/x64_Debug/pmc_initialize.o
                0x0000000066132f60                .refptr.PMC_GetNumberType_X
 .rdata$.refptr.PMC_GetStatisticsInfo
                0x0000000066132f70       0x10 ../build/x64_Debug/pmc_initialize.o
                0x0000000066132f70                .refptr.PMC_GetStatisticsInfo
 .rdata$.refptr.PMC_Negate_X
                0x0000000066132f80       0x10 ../build/x64_Debug/pmc_initialize.o
                0x0000000066132f80                .refptr.PMC_Negate_X
 .rdata$.refptr.PMC_Subtruct_I_X
                0x0000000066132f90       0x10 ../build/x64_Debug/pmc_initialize.o
                0x0000000066132f90                .refptr.PMC_Subtruct_I_X
 .rdata$.refptr.PMC_Subtruct_L_X
                0x0000000066132fa0       0x10 ../build/x64_Debug/pmc_initialize.o
                0x0000000066132fa0                .refptr.PMC_Subtruct_L_X
 .rdata$.refptr.PMC_Subtruct_UX_X
                0x0000000066132fb0       0x10 ../build/x64_Debug/pmc_initialize.o
                0x0000000066132fb0                .refptr.PMC_Subtruct_UX_X
 .rdata$.refptr.PMC_Subtruct_X_I
                0x0000000066132fc0       0x10 ../build/x64_Debug/pmc_initialize.o
                0x0000000066132fc0                .refptr.PMC_Subtruct_X_I
 .rdata$.refptr.PMC_Subtruct_X_L
                0x0000000066132fd0       0x10 ../build/x64_Debug/pmc_initialize.o
                0x0000000066132fd0                .refptr.PMC_Subtruct_X_L
 .rdata$.refptr.PMC_Subtruct_X_UX
                0x0000000066132fe0       0x10 ../build/x64_Debug/pmc_initialize.o
                0x0000000066132fe0                .refptr.PMC_Subtruct_X_UX
 .rdata$.refptr.PMC_Subtruct_X_X
                0x0000000066132ff0       0x10 ../build/x64_Debug/pmc_initialize.o
                0x0000000066132ff0                .refptr.PMC_Subtruct_X_X
 .rdata$.refptr.PMC_ToByteArray
                0x0000000066133000       0x10 ../build/x64_Debug/pmc_initialize.o
                0x0000000066133000                .refptr.PMC_ToByteArray
 .rdata$.refptr.PMC_To_X_I
                0x0000000066133010       0x10 ../build/x64_Debug/pmc_initialize.o
                0x0000000066133010                .refptr.PMC_To_X_I
 .rdata$.refptr.PMC_To_X_L
                0x0000000066133020       0x10 ../build/x64_Debug/pmc_initialize.o
                0x0000000066133020                .refptr.PMC_To_X_L
 .rdata$.refptr.ep_uint
                0x0000000066133030       0x10 ../build/x64_Debug/pmc_add_sub.o
                0x0000000066133030                .refptr.ep_uint
 .rdata$.refptr.number_zero
                0x0000000066133040       0x10 ../build/x64_Debug/pmc_add_sub.o
                0x0000000066133040                .refptr.number_zero
 .rdata$zzz     0x0000000066133050       0x40 ../build/x64_Debug/debug.o
 .rdata$zzz     0x0000000066133090       0x40 ../build/x64_Debug/dllmain.o
 .rdata$zzz     0x00000000661330d0       0x40 ../build/x64_Debug/pmc_add_sub.o
 .rdata$zzz     0x0000000066133110       0x40 ../build/x64_Debug/pmc_bytes.o
 .rdata$zzz     0x0000000066133150       0x40 ../build/x64_Debug/pmc_clone.o
 .rdata$zzz     0x0000000066133190       0x40 ../build/x64_Debug/pmc_from.o
 .rdata$zzz     0x00000000661331d0       0x40 ../build/x64_Debug/pmc_getnumbertype.o
 .rdata$zzz     0x0000000066133210       0x40 ../build/x64_Debug/pmc_initialize.o
 .rdata$zzz     0x0000000066133250       0x40 ../build/x64_Debug/pmc_memory.o
 .rdata$zzz     0x0000000066133290       0x40 ../build/x64_Debug/pmc_negate.o
 .rdata$zzz     0x00000000661332d0       0x40 ../build/x64_Debug/pmc_statistics.o
 .rdata$zzz     0x0000000066133310       0x40 ../build/x64_Debug/pmc_to.o
 .rdata$zzz     0x0000000066133350       0x40 ../build/x64_Debug/TEST_autogenerated.o
 .rdata$zzz     0x0000000066133390       0x40 ../build/x64_Debug/TEST_op_Add.o
 .rdata$zzz     0x00000000661333d0       0x40 ../build/x64_Debug/TEST_op_Clone.o
 .rdata$zzz     0x0000000066133410       0x40 ../build/x64_Debug/TEST_op_From_To.o
 .rdata$zzz     0x0000000066133450       0x40 ../build/x64_Debug/TEST_op_GetNumberType.o
 .rdata$zzz     0x0000000066133490       0x40 ../build/x64_Debug/TEST_op_Negate.o
 .rdata$zzz     0x00000000661334d0       0x40 ../build/x64_Debug/TEST_op_Subtruct.o
                0x0000000066133510                __rt_psrelocs_start = .
 *(.rdata_runtime_pseudo_reloc)
                0x0000000066133510                __rt_psrelocs_end = .
                0x0000000000000000                __rt_psrelocs_size = (__rt_psrelocs_end - __rt_psrelocs_start)
                0x0000000066133510                ___RUNTIME_PSEUDO_RELOC_LIST_END__ = .
                0x0000000066133510                __RUNTIME_PSEUDO_RELOC_LIST_END__ = .
                0x0000000066133510                ___RUNTIME_PSEUDO_RELOC_LIST__ = (. - __rt_psrelocs_size)
                0x0000000066133510                __RUNTIME_PSEUDO_RELOC_LIST__ = (. - __rt_psrelocs_size)

.eh_frame
 *(.eh_frame*)

.pdata          0x0000000066134000      0x600
 *(.pdata*)
 .pdata         0x0000000066134000       0x60 ../build/x64_Debug/debug.o
 .pdata         0x0000000066134060        0xc ../build/x64_Debug/dllmain.o
 .pdata         0x000000006613406c      0x114 ../build/x64_Debug/pmc_add_sub.o
 .pdata         0x0000000066134180       0x18 ../build/x64_Debug/pmc_bytes.o
 .pdata         0x0000000066134198        0xc ../build/x64_Debug/pmc_clone.o
 .pdata         0x00000000661341a4       0x30 ../build/x64_Debug/pmc_from.o
 .pdata         0x00000000661341d4       0x18 ../build/x64_Debug/pmc_getnumbertype.o
 .pdata         0x00000000661341ec       0x30 ../build/x64_Debug/pmc_initialize.o
 .pdata         0x000000006613421c       0xc0 ../build/x64_Debug/pmc_memory.o
 .pdata         0x00000000661342dc        0xc ../build/x64_Debug/pmc_negate.o
 .pdata         0x00000000661342e8        0xc ../build/x64_Debug/pmc_statistics.o
 .pdata         0x00000000661342f4       0x18 ../build/x64_Debug/pmc_to.o
 .pdata         0x000000006613430c        0xc ../build/x64_Debug/TEST_autogenerated.o
 .pdata         0x0000000066134318       0x60 ../build/x64_Debug/TEST_op_Add.o
 .pdata         0x0000000066134378       0x18 ../build/x64_Debug/TEST_op_Clone.o
 .pdata         0x0000000066134390       0x3c ../build/x64_Debug/TEST_op_From_To.o
 .pdata         0x00000000661343cc        0xc ../build/x64_Debug/TEST_op_GetNumberType.o
 .pdata         0x00000000661343d8       0x18 ../build/x64_Debug/TEST_op_Negate.o
 .pdata         0x00000000661343f0       0x60 ../build/x64_Debug/TEST_op_Subtruct.o

.xdata          0x0000000066135000      0x600
 *(.xdata*)
 .xdata         0x0000000066135000       0x60 ../build/x64_Debug/debug.o
 .xdata         0x0000000066135060        0xc ../build/x64_Debug/dllmain.o
 .xdata         0x000000006613506c      0x10c ../build/x64_Debug/pmc_add_sub.o
 .xdata         0x0000000066135178       0x18 ../build/x64_Debug/pmc_bytes.o
 .xdata         0x0000000066135190        0xc ../build/x64_Debug/pmc_clone.o
 .xdata         0x000000006613519c       0x30 ../build/x64_Debug/pmc_from.o
 .xdata         0x00000000661351cc       0x14 ../build/x64_Debug/pmc_getnumbertype.o
 .xdata         0x00000000661351e0       0x34 ../build/x64_Debug/pmc_initialize.o
 .xdata         0x0000000066135214       0xb8 ../build/x64_Debug/pmc_memory.o
 .xdata         0x00000000661352cc        0xc ../build/x64_Debug/pmc_negate.o
 .xdata         0x00000000661352d8        0xc ../build/x64_Debug/pmc_statistics.o
 .xdata         0x00000000661352e4       0x18 ../build/x64_Debug/pmc_to.o
 .xdata         0x00000000661352fc       0x18 ../build/x64_Debug/TEST_autogenerated.o
 .xdata         0x0000000066135314       0x78 ../build/x64_Debug/TEST_op_Add.o
 .xdata         0x000000006613538c       0x18 ../build/x64_Debug/TEST_op_Clone.o
 .xdata         0x00000000661353a4       0x48 ../build/x64_Debug/TEST_op_From_To.o
 .xdata         0x00000000661353ec       0x10 ../build/x64_Debug/TEST_op_GetNumberType.o
 .xdata         0x00000000661353fc       0x18 ../build/x64_Debug/TEST_op_Negate.o
 .xdata         0x0000000066135414       0x78 ../build/x64_Debug/TEST_op_Subtruct.o

.bss            0x0000000066136000      0xa30
                0x0000000066136000                __bss_start__ = .
 *(.bss)
 .bss           0x0000000066136000      0x420 ../build/x64_Debug/debug.o
                0x0000000066136000                test_total_count
                0x0000000066136004                test_ok_count
                0x0000000066136008                __DEBUG_LOG
 .bss           0x0000000066136420        0x0 ../build/x64_Debug/dllmain.o
 .bss           0x0000000066136420        0x0 ../build/x64_Debug/pmc_add_sub.o
 .bss           0x0000000066136420        0x0 ../build/x64_Debug/pmc_bytes.o
 .bss           0x0000000066136420        0x0 ../build/x64_Debug/pmc_clone.o
 .bss           0x0000000066136420        0x0 ../build/x64_Debug/pmc_from.o
 .bss           0x0000000066136420        0x0 ../build/x64_Debug/pmc_getnumbertype.o
 .bss           0x0000000066136420      0x320 ../build/x64_Debug/pmc_initialize.o
 .bss           0x0000000066136740        0x0 ../build/x64_Debug/pmc_memory.o
 .bss           0x0000000066136740        0x0 ../build/x64_Debug/pmc_negate.o
 .bss           0x0000000066136740        0x0 ../build/x64_Debug/pmc_statistics.o
 .bss           0x0000000066136740        0x0 ../build/x64_Debug/pmc_to.o
 .bss           0x0000000066136740       0x50 ../build/x64_Debug/TEST_autogenerated.o
 .bss           0x0000000066136790        0x0 ../build/x64_Debug/TEST_op_Add.o
 .bss           0x0000000066136790        0x0 ../build/x64_Debug/TEST_op_Clone.o
 .bss           0x0000000066136790        0x0 ../build/x64_Debug/TEST_op_From_To.o
 .bss           0x0000000066136790        0x0 ../build/x64_Debug/TEST_op_GetNumberType.o
 .bss           0x0000000066136790        0x0 ../build/x64_Debug/TEST_op_Negate.o
 .bss           0x0000000066136790        0x0 ../build/x64_Debug/TEST_op_Subtruct.o
 .bss           0x0000000066136790        0x0 C:/GNU/MINGW64/x86_64-8.1.0-win32-seh-rt_v6-rev0/mingw64/bin/../lib/gcc/x86_64-w64-mingw32/8.1.0/../../../../x86_64-w64-mingw32/lib/../lib/libkernel32.a(dqifs00954.o)
 .bss           0x0000000066136790        0x0 C:/GNU/MINGW64/x86_64-8.1.0-win32-seh-rt_v6-rev0/mingw64/bin/../lib/gcc/x86_64-w64-mingw32/8.1.0/../../../../x86_64-w64-mingw32/lib/../lib/libkernel32.a(dqifs00841.o)
 .bss           0x0000000066136790        0x0 C:/GNU/MINGW64/x86_64-8.1.0-win32-seh-rt_v6-rev0/mingw64/bin/../lib/gcc/x86_64-w64-mingw32/8.1.0/../../../../x86_64-w64-mingw32/lib/../lib/libkernel32.a(dqifs00839.o)
 .bss           0x0000000066136790        0x0 C:/GNU/MINGW64/x86_64-8.1.0-win32-seh-rt_v6-rev0/mingw64/bin/../lib/gcc/x86_64-w64-mingw32/8.1.0/../../../../x86_64-w64-mingw32/lib/../lib/libkernel32.a(dqifs00837.o)
 .bss           0x0000000066136790        0x0 C:/GNU/MINGW64/x86_64-8.1.0-win32-seh-rt_v6-rev0/mingw64/bin/../lib/gcc/x86_64-w64-mingw32/8.1.0/../../../../x86_64-w64-mingw32/lib/../lib/libkernel32.a(dqifs00835.o)
 .bss           0x0000000066136790        0x0 C:/GNU/MINGW64/x86_64-8.1.0-win32-seh-rt_v6-rev0/mingw64/bin/../lib/gcc/x86_64-w64-mingw32/8.1.0/../../../../x86_64-w64-mingw32/lib/../lib/libkernel32.a(dqifs00689.o)
 .bss           0x0000000066136790        0x0 C:/GNU/MINGW64/x86_64-8.1.0-win32-seh-rt_v6-rev0/mingw64/bin/../lib/gcc/x86_64-w64-mingw32/8.1.0/../../../../x86_64-w64-mingw32/lib/../lib/libkernel32.a(dqifs00427.o)
 .bss           0x0000000066136790        0x0 C:/GNU/MINGW64/x86_64-8.1.0-win32-seh-rt_v6-rev0/mingw64/bin/../lib/gcc/x86_64-w64-mingw32/8.1.0/../../../../x86_64-w64-mingw32/lib/../lib/libkernel32.a(dqifh.o)
 .bss           0x0000000066136790        0x0 C:/GNU/MINGW64/x86_64-8.1.0-win32-seh-rt_v6-rev0/mingw64/bin/../lib/gcc/x86_64-w64-mingw32/8.1.0/../../../../x86_64-w64-mingw32/lib/../lib/libkernel32.a(dqift.o)
 .bss           0x0000000066136790        0x0 C:/GNU/MINGW64/x86_64-8.1.0-win32-seh-rt_v6-rev0/mingw64/bin/../lib/gcc/x86_64-w64-mingw32/8.1.0/../../../../x86_64-w64-mingw32/lib/../lib/libuser32.a(dyqes00958.o)
 .bss           0x0000000066136790        0x0 C:/GNU/MINGW64/x86_64-8.1.0-win32-seh-rt_v6-rev0/mingw64/bin/../lib/gcc/x86_64-w64-mingw32/8.1.0/../../../../x86_64-w64-mingw32/lib/../lib/libuser32.a(dyqeh.o)
 .bss           0x0000000066136790        0x0 C:/GNU/MINGW64/x86_64-8.1.0-win32-seh-rt_v6-rev0/mingw64/bin/../lib/gcc/x86_64-w64-mingw32/8.1.0/../../../../x86_64-w64-mingw32/lib/../lib/libuser32.a(dyqet.o)
 *(COMMON)
 *fill*         0x0000000066136790       0x10 
 COMMON         0x00000000661367a0      0x230 ../build/x64_Debug/pmc_initialize.o
                0x00000000661367a0                ep_uint
 COMMON         0x00000000661369d0       0x60 ../build/x64_Debug/pmc_memory.o
                0x00000000661369d0                number_one
                0x00000000661369f0                number_minus_one
                0x0000000066136a10                number_zero
                0x0000000066136a28                hLocalHeap
                0x0000000066136a30                __bss_end__ = .

.edata          0x0000000066137000      0x200
 *(.edata)
 .edata         0x0000000066137000       0x74 dll stuff

/DISCARD/
 *(.debug$S)
 *(.debug$T)
 *(.debug$F)
 *(.drectve)
 *(.note.GNU-stack)
 *(.gnu.lto_*)

.idata          0x0000000066138000      0x200
 SORT_BY_NAME(*)(.idata$2)
 .idata$2       0x0000000066138000       0x14 C:/GNU/MINGW64/x86_64-8.1.0-win32-seh-rt_v6-rev0/mingw64/bin/../lib/gcc/x86_64-w64-mingw32/8.1.0/../../../../x86_64-w64-mingw32/lib/../lib/libkernel32.a(dqifh.o)
                0x0000000066138000                _head_lib64_libkernel32_a
 .idata$2       0x0000000066138014       0x14 C:/GNU/MINGW64/x86_64-8.1.0-win32-seh-rt_v6-rev0/mingw64/bin/../lib/gcc/x86_64-w64-mingw32/8.1.0/../../../../x86_64-w64-mingw32/lib/../lib/libuser32.a(dyqeh.o)
                0x0000000066138014                _head_lib64_libuser32_a
 SORT_BY_NAME(*)(.idata$3)
                0x0000000066138028        0x4 LONG 0x0
                0x000000006613802c        0x4 LONG 0x0
                0x0000000066138030        0x4 LONG 0x0
                0x0000000066138034        0x4 LONG 0x0
                0x0000000066138038        0x4 LONG 0x0
 SORT_BY_NAME(*)(.idata$4)
 .idata$4       0x000000006613803c        0x0 C:/GNU/MINGW64/x86_64-8.1.0-win32-seh-rt_v6-rev0/mingw64/bin/../lib/gcc/x86_64-w64-mingw32/8.1.0/../../../../x86_64-w64-mingw32/lib/../lib/libkernel32.a(dqifh.o)
 .idata$4       0x000000006613803c        0x8 C:/GNU/MINGW64/x86_64-8.1.0-win32-seh-rt_v6-rev0/mingw64/bin/../lib/gcc/x86_64-w64-mingw32/8.1.0/../../../../x86_64-w64-mingw32/lib/../lib/libkernel32.a(dqifs00427.o)
 .idata$4       0x0000000066138044        0x8 C:/GNU/MINGW64/x86_64-8.1.0-win32-seh-rt_v6-rev0/mingw64/bin/../lib/gcc/x86_64-w64-mingw32/8.1.0/../../../../x86_64-w64-mingw32/lib/../lib/libkernel32.a(dqifs00689.o)
 .idata$4       0x000000006613804c        0x8 C:/GNU/MINGW64/x86_64-8.1.0-win32-seh-rt_v6-rev0/mingw64/bin/../lib/gcc/x86_64-w64-mingw32/8.1.0/../../../../x86_64-w64-mingw32/lib/../lib/libkernel32.a(dqifs00835.o)
 .idata$4       0x0000000066138054        0x8 C:/GNU/MINGW64/x86_64-8.1.0-win32-seh-rt_v6-rev0/mingw64/bin/../lib/gcc/x86_64-w64-mingw32/8.1.0/../../../../x86_64-w64-mingw32/lib/../lib/libkernel32.a(dqifs00837.o)
 .idata$4       0x000000006613805c        0x8 C:/GNU/MINGW64/x86_64-8.1.0-win32-seh-rt_v6-rev0/mingw64/bin/../lib/gcc/x86_64-w64-mingw32/8.1.0/../../../../x86_64-w64-mingw32/lib/../lib/libkernel32.a(dqifs00839.o)
 .idata$4       0x0000000066138064        0x8 C:/GNU/MINGW64/x86_64-8.1.0-win32-seh-rt_v6-rev0/mingw64/bin/../lib/gcc/x86_64-w64-mingw32/8.1.0/../../../../x86_64-w64-mingw32/lib/../lib/libkernel32.a(dqifs00841.o)
 .idata$4       0x000000006613806c        0x8 C:/GNU/MINGW64/x86_64-8.1.0-win32-seh-rt_v6-rev0/mingw64/bin/../lib/gcc/x86_64-w64-mingw32/8.1.0/../../../../x86_64-w64-mingw32/lib/../lib/libkernel32.a(dqifs00954.o)
 .idata$4       0x0000000066138074        0x8 C:/GNU/MINGW64/x86_64-8.1.0-win32-seh-rt_v6-rev0/mingw64/bin/../lib/gcc/x86_64-w64-mingw32/8.1.0/../../../../x86_64-w64-mingw32/lib/../lib/libkernel32.a(dqift.o)
 .idata$4       0x000000006613807c        0x0 C:/GNU/MINGW64/x86_64-8.1.0-win32-seh-rt_v6-rev0/mingw64/bin/../lib/gcc/x86_64-w64-mingw32/8.1.0/../../../../x86_64-w64-mingw32/lib/../lib/libuser32.a(dyqeh.o)
 .idata$4       0x000000006613807c        0x8 C:/GNU/MINGW64/x86_64-8.1.0-win32-seh-rt_v6-rev0/mingw64/bin/../lib/gcc/x86_64-w64-mingw32/8.1.0/../../../../x86_64-w64-mingw32/lib/../lib/libuser32.a(dyqes00958.o)
 .idata$4       0x0000000066138084        0x8 C:/GNU/MINGW64/x86_64-8.1.0-win32-seh-rt_v6-rev0/mingw64/bin/../lib/gcc/x86_64-w64-mingw32/8.1.0/../../../../x86_64-w64-mingw32/lib/../lib/libuser32.a(dyqet.o)
                0x000000006613808c                __IAT_start__ = .
 SORT_BY_NAME(*)(.idata$5)
 .idata$5       0x000000006613808c        0x0 C:/GNU/MINGW64/x86_64-8.1.0-win32-seh-rt_v6-rev0/mingw64/bin/../lib/gcc/x86_64-w64-mingw32/8.1.0/../../../../x86_64-w64-mingw32/lib/../lib/libkernel32.a(dqifh.o)
 .idata$5       0x000000006613808c        0x8 C:/GNU/MINGW64/x86_64-8.1.0-win32-seh-rt_v6-rev0/mingw64/bin/../lib/gcc/x86_64-w64-mingw32/8.1.0/../../../../x86_64-w64-mingw32/lib/../lib/libkernel32.a(dqifs00427.o)
                0x000000006613808c                __imp_FreeLibrary
 .idata$5       0x0000000066138094        0x8 C:/GNU/MINGW64/x86_64-8.1.0-win32-seh-rt_v6-rev0/mingw64/bin/../lib/gcc/x86_64-w64-mingw32/8.1.0/../../../../x86_64-w64-mingw32/lib/../lib/libkernel32.a(dqifs00689.o)
                0x0000000066138094                __imp_GetProcAddress
 .idata$5       0x000000006613809c        0x8 C:/GNU/MINGW64/x86_64-8.1.0-win32-seh-rt_v6-rev0/mingw64/bin/../lib/gcc/x86_64-w64-mingw32/8.1.0/../../../../x86_64-w64-mingw32/lib/../lib/libkernel32.a(dqifs00835.o)
                0x000000006613809c                __imp_HeapAlloc
 .idata$5       0x00000000661380a4        0x8 C:/GNU/MINGW64/x86_64-8.1.0-win32-seh-rt_v6-rev0/mingw64/bin/../lib/gcc/x86_64-w64-mingw32/8.1.0/../../../../x86_64-w64-mingw32/lib/../lib/libkernel32.a(dqifs00837.o)
                0x00000000661380a4                __imp_HeapCreate
 .idata$5       0x00000000661380ac        0x8 C:/GNU/MINGW64/x86_64-8.1.0-win32-seh-rt_v6-rev0/mingw64/bin/../lib/gcc/x86_64-w64-mingw32/8.1.0/../../../../x86_64-w64-mingw32/lib/../lib/libkernel32.a(dqifs00839.o)
                0x00000000661380ac                __imp_HeapDestroy
 .idata$5       0x00000000661380b4        0x8 C:/GNU/MINGW64/x86_64-8.1.0-win32-seh-rt_v6-rev0/mingw64/bin/../lib/gcc/x86_64-w64-mingw32/8.1.0/../../../../x86_64-w64-mingw32/lib/../lib/libkernel32.a(dqifs00841.o)
                0x00000000661380b4                __imp_HeapFree
 .idata$5       0x00000000661380bc        0x8 C:/GNU/MINGW64/x86_64-8.1.0-win32-seh-rt_v6-rev0/mingw64/bin/../lib/gcc/x86_64-w64-mingw32/8.1.0/../../../../x86_64-w64-mingw32/lib/../lib/libkernel32.a(dqifs00954.o)
                0x00000000661380bc                __imp_LoadLibraryA
 .idata$5       0x00000000661380c4        0x8 C:/GNU/MINGW64/x86_64-8.1.0-win32-seh-rt_v6-rev0/mingw64/bin/../lib/gcc/x86_64-w64-mingw32/8.1.0/../../../../x86_64-w64-mingw32/lib/../lib/libkernel32.a(dqift.o)
 .idata$5       0x00000000661380cc        0x0 C:/GNU/MINGW64/x86_64-8.1.0-win32-seh-rt_v6-rev0/mingw64/bin/../lib/gcc/x86_64-w64-mingw32/8.1.0/../../../../x86_64-w64-mingw32/lib/../lib/libuser32.a(dyqeh.o)
 .idata$5       0x00000000661380cc        0x8 C:/GNU/MINGW64/x86_64-8.1.0-win32-seh-rt_v6-rev0/mingw64/bin/../lib/gcc/x86_64-w64-mingw32/8.1.0/../../../../x86_64-w64-mingw32/lib/../lib/libuser32.a(dyqes00958.o)
                0x00000000661380cc                __imp_wsprintfW
 .idata$5       0x00000000661380d4        0x8 C:/GNU/MINGW64/x86_64-8.1.0-win32-seh-rt_v6-rev0/mingw64/bin/../lib/gcc/x86_64-w64-mingw32/8.1.0/../../../../x86_64-w64-mingw32/lib/../lib/libuser32.a(dyqet.o)
                0x00000000661380dc                __IAT_end__ = .
 SORT_BY_NAME(*)(.idata$6)
 .idata$6       0x00000000661380dc        0xe C:/GNU/MINGW64/x86_64-8.1.0-win32-seh-rt_v6-rev0/mingw64/bin/../lib/gcc/x86_64-w64-mingw32/8.1.0/../../../../x86_64-w64-mingw32/lib/../lib/libkernel32.a(dqifs00427.o)
 .idata$6       0x00000000661380ea       0x12 C:/GNU/MINGW64/x86_64-8.1.0-win32-seh-rt_v6-rev0/mingw64/bin/../lib/gcc/x86_64-w64-mingw32/8.1.0/../../../../x86_64-w64-mingw32/lib/../lib/libkernel32.a(dqifs00689.o)
 .idata$6       0x00000000661380fc        0xc C:/GNU/MINGW64/x86_64-8.1.0-win32-seh-rt_v6-rev0/mingw64/bin/../lib/gcc/x86_64-w64-mingw32/8.1.0/../../../../x86_64-w64-mingw32/lib/../lib/libkernel32.a(dqifs00835.o)
 .idata$6       0x0000000066138108        0xe C:/GNU/MINGW64/x86_64-8.1.0-win32-seh-rt_v6-rev0/mingw64/bin/../lib/gcc/x86_64-w64-mingw32/8.1.0/../../../../x86_64-w64-mingw32/lib/../lib/libkernel32.a(dqifs00837.o)
 .idata$6       0x0000000066138116        0xe C:/GNU/MINGW64/x86_64-8.1.0-win32-seh-rt_v6-rev0/mingw64/bin/../lib/gcc/x86_64-w64-mingw32/8.1.0/../../../../x86_64-w64-mingw32/lib/../lib/libkernel32.a(dqifs00839.o)
 .idata$6       0x0000000066138124        0xc C:/GNU/MINGW64/x86_64-8.1.0-win32-seh-rt_v6-rev0/mingw64/bin/../lib/gcc/x86_64-w64-mingw32/8.1.0/../../../../x86_64-w64-mingw32/lib/../lib/libkernel32.a(dqifs00841.o)
 .idata$6       0x0000000066138130       0x10 C:/GNU/MINGW64/x86_64-8.1.0-win32-seh-rt_v6-rev0/mingw64/bin/../lib/gcc/x86_64-w64-mingw32/8.1.0/../../../../x86_64-w64-mingw32/lib/../lib/libkernel32.a(dqifs00954.o)
 .idata$6       0x0000000066138140        0xc C:/GNU/MINGW64/x86_64-8.1.0-win32-seh-rt_v6-rev0/mingw64/bin/../lib/gcc/x86_64-w64-mingw32/8.1.0/../../../../x86_64-w64-mingw32/lib/../lib/libuser32.a(dyqes00958.o)
 SORT_BY_NAME(*)(.idata$7)
 .idata$7       0x000000006613814c        0x4 C:/GNU/MINGW64/x86_64-8.1.0-win32-seh-rt_v6-rev0/mingw64/bin/../lib/gcc/x86_64-w64-mingw32/8.1.0/../../../../x86_64-w64-mingw32/lib/../lib/libkernel32.a(dqifs00427.o)
 .idata$7       0x0000000066138150        0x4 C:/GNU/MINGW64/x86_64-8.1.0-win32-seh-rt_v6-rev0/mingw64/bin/../lib/gcc/x86_64-w64-mingw32/8.1.0/../../../../x86_64-w64-mingw32/lib/../lib/libkernel32.a(dqifs00689.o)
 .idata$7       0x0000000066138154        0x4 C:/GNU/MINGW64/x86_64-8.1.0-win32-seh-rt_v6-rev0/mingw64/bin/../lib/gcc/x86_64-w64-mingw32/8.1.0/../../../../x86_64-w64-mingw32/lib/../lib/libkernel32.a(dqifs00835.o)
 .idata$7       0x0000000066138158        0x4 C:/GNU/MINGW64/x86_64-8.1.0-win32-seh-rt_v6-rev0/mingw64/bin/../lib/gcc/x86_64-w64-mingw32/8.1.0/../../../../x86_64-w64-mingw32/lib/../lib/libkernel32.a(dqifs00837.o)
 .idata$7       0x000000006613815c        0x4 C:/GNU/MINGW64/x86_64-8.1.0-win32-seh-rt_v6-rev0/mingw64/bin/../lib/gcc/x86_64-w64-mingw32/8.1.0/../../../../x86_64-w64-mingw32/lib/../lib/libkernel32.a(dqifs00839.o)
 .idata$7       0x0000000066138160        0x4 C:/GNU/MINGW64/x86_64-8.1.0-win32-seh-rt_v6-rev0/mingw64/bin/../lib/gcc/x86_64-w64-mingw32/8.1.0/../../../../x86_64-w64-mingw32/lib/../lib/libkernel32.a(dqifs00841.o)
 .idata$7       0x0000000066138164        0x4 C:/GNU/MINGW64/x86_64-8.1.0-win32-seh-rt_v6-rev0/mingw64/bin/../lib/gcc/x86_64-w64-mingw32/8.1.0/../../../../x86_64-w64-mingw32/lib/../lib/libkernel32.a(dqifs00954.o)
 .idata$7       0x0000000066138168       0x10 C:/GNU/MINGW64/x86_64-8.1.0-win32-seh-rt_v6-rev0/mingw64/bin/../lib/gcc/x86_64-w64-mingw32/8.1.0/../../../../x86_64-w64-mingw32/lib/../lib/libkernel32.a(dqift.o)
                0x0000000066138168                __lib64_libkernel32_a_iname
 .idata$7       0x0000000066138178        0x4 C:/GNU/MINGW64/x86_64-8.1.0-win32-seh-rt_v6-rev0/mingw64/bin/../lib/gcc/x86_64-w64-mingw32/8.1.0/../../../../x86_64-w64-mingw32/lib/../lib/libuser32.a(dyqes00958.o)
 .idata$7       0x000000006613817c        0xc C:/GNU/MINGW64/x86_64-8.1.0-win32-seh-rt_v6-rev0/mingw64/bin/../lib/gcc/x86_64-w64-mingw32/8.1.0/../../../../x86_64-w64-mingw32/lib/../lib/libuser32.a(dyqet.o)
                0x000000006613817c                __lib64_libuser32_a_iname

.CRT            0x0000000066139000        0x0
                0x0000000066139000                ___crt_xc_start__ = .
 *(SORT_BY_NAME(.CRT$XC*))
                0x0000000066139000                ___crt_xc_end__ = .
                0x0000000066139000                ___crt_xi_start__ = .
 *(SORT_BY_NAME(.CRT$XI*))
                0x0000000066139000                ___crt_xi_end__ = .
                0x0000000066139000                ___crt_xl_start__ = .
 *(SORT_BY_NAME(.CRT$XL*))
                0x0000000066139000                ___crt_xp_start__ = .
 *(SORT_BY_NAME(.CRT$XP*))
                0x0000000066139000                ___crt_xp_end__ = .
                0x0000000066139000                ___crt_xt_start__ = .
 *(SORT_BY_NAME(.CRT$XT*))
                0x0000000066139000                ___crt_xt_end__ = .

.tls            0x0000000066139000        0x0
                0x0000000066139000                ___tls_start__ = .
 *(.tls$AAA)
 *(.tls)
 *(.tls$)
 *(SORT_BY_NAME(.tls$*))
 *(.tls$ZZZ)
                0x0000000066139000                ___tls_end__ = .

.endjunk        0x0000000066139000        0x0
                [!provide]                        PROVIDE (end = .)
                [!provide]                        PROVIDE (_end = .)
                0x0000000066139000                __end__ = .

.rsrc           0x0000000066139000      0x400
 *(.rsrc)
 .rsrc          0x0000000066139000      0x378 ../build/x64_Debug/version.o
 *(.rsrc$*)

.reloc          0x000000006613a000      0x200
 *(.reloc)
 .reloc         0x000000006613a000       0x4c dll stuff

.stab
 *(.stab)

.stabstr
 *(.stabstr)

.debug_aranges  0x000000006613b000      0x400
 *(.debug_aranges)
 .debug_aranges
                0x000000006613b000       0x30 ../build/x64_Debug/debug.o
 .debug_aranges
                0x000000006613b030       0x30 ../build/x64_Debug/dllmain.o
 .debug_aranges
                0x000000006613b060       0x30 ../build/x64_Debug/pmc_add_sub.o
 .debug_aranges
                0x000000006613b090       0x30 ../build/x64_Debug/pmc_bytes.o
 .debug_aranges
                0x000000006613b0c0       0x30 ../build/x64_Debug/pmc_clone.o
 .debug_aranges
                0x000000006613b0f0       0x30 ../build/x64_Debug/pmc_from.o
 .debug_aranges
                0x000000006613b120       0x30 ../build/x64_Debug/pmc_getnumbertype.o
 .debug_aranges
                0x000000006613b150       0x30 ../build/x64_Debug/pmc_initialize.o
 .debug_aranges
                0x000000006613b180       0x30 ../build/x64_Debug/pmc_memory.o
 .debug_aranges
                0x000000006613b1b0       0x30 ../build/x64_Debug/pmc_negate.o
 .debug_aranges
                0x000000006613b1e0       0x30 ../build/x64_Debug/pmc_statistics.o
 .debug_aranges
                0x000000006613b210       0x30 ../build/x64_Debug/pmc_to.o
 .debug_aranges
                0x000000006613b240       0x30 ../build/x64_Debug/TEST_autogenerated.o
 .debug_aranges
                0x000000006613b270       0x30 ../build/x64_Debug/TEST_op_Add.o
 .debug_aranges
                0x000000006613b2a0       0x30 ../build/x64_Debug/TEST_op_Clone.o
 .debug_aranges
                0x000000006613b2d0       0x30 ../build/x64_Debug/TEST_op_From_To.o
 .debug_aranges
                0x000000006613b300       0x30 ../build/x64_Debug/TEST_op_GetNumberType.o
 .debug_aranges
                0x000000006613b330       0x30 ../build/x64_Debug/TEST_op_Negate.o
 .debug_aranges
                0x000000006613b360       0x30 ../build/x64_Debug/TEST_op_Subtruct.o

.zdebug_aranges
 *(.zdebug_aranges)

.debug_pubnames
 *(.debug_pubnames)

.zdebug_pubnames
 *(.zdebug_pubnames)

.debug_pubtypes
 *(.debug_pubtypes)

.zdebug_pubtypes
 *(.zdebug_pubtypes)

.debug_info     0x000000006613c000    0x81a00
 *(.debug_info .gnu.linkonce.wi.*)
 .debug_info    0x000000006613c000     0x64bc ../build/x64_Debug/debug.o
 .debug_info    0x00000000661424bc     0x59f2 ../build/x64_Debug/dllmain.o
 .debug_info    0x0000000066147eae     0x67eb ../build/x64_Debug/pmc_add_sub.o
 .debug_info    0x000000006614e699     0x5ab5 ../build/x64_Debug/pmc_bytes.o
 .debug_info    0x000000006615414e     0x59f2 ../build/x64_Debug/pmc_clone.o
 .debug_info    0x0000000066159b40     0x5b9d ../build/x64_Debug/pmc_from.o
 .debug_info    0x000000006615f6dd     0x5a81 ../build/x64_Debug/pmc_getnumbertype.o
 .debug_info    0x000000006616515e     0x6356 ../build/x64_Debug/pmc_initialize.o
 .debug_info    0x000000006616b4b4     0x634b ../build/x64_Debug/pmc_memory.o
 .debug_info    0x00000000661717ff     0x59f4 ../build/x64_Debug/pmc_negate.o
 .debug_info    0x00000000661771f3     0x595b ../build/x64_Debug/pmc_statistics.o
 .debug_info    0x000000006617cb4e     0x5aa7 ../build/x64_Debug/pmc_to.o
 .debug_info    0x00000000661825f5    0x1684c ../build/x64_Debug/TEST_autogenerated.o
 .debug_info    0x0000000066198e41     0x6600 ../build/x64_Debug/TEST_op_Add.o
 .debug_info    0x000000006619f441     0x5f9a ../build/x64_Debug/TEST_op_Clone.o
 .debug_info    0x00000000661a53db     0x6196 ../build/x64_Debug/TEST_op_From_To.o
 .debug_info    0x00000000661ab571     0x5ec8 ../build/x64_Debug/TEST_op_GetNumberType.o
 .debug_info    0x00000000661b1439     0x5f9c ../build/x64_Debug/TEST_op_Negate.o
 .debug_info    0x00000000661b73d5     0x6628 ../build/x64_Debug/TEST_op_Subtruct.o

.zdebug_info
 *(.zdebug_info .zdebug.gnu.linkonce.wi.*)

.debug_abbrev   0x00000000661be000     0x2a00
 *(.debug_abbrev)
 .debug_abbrev  0x00000000661be000      0x28e ../build/x64_Debug/debug.o
 .debug_abbrev  0x00000000661be28e      0x1b2 ../build/x64_Debug/dllmain.o
 .debug_abbrev  0x00000000661be440      0x29e ../build/x64_Debug/pmc_add_sub.o
 .debug_abbrev  0x00000000661be6de      0x1d0 ../build/x64_Debug/pmc_bytes.o
 .debug_abbrev  0x00000000661be8ae      0x1b4 ../build/x64_Debug/pmc_clone.o
 .debug_abbrev  0x00000000661bea62      0x1ea ../build/x64_Debug/pmc_from.o
 .debug_abbrev  0x00000000661bec4c      0x1e9 ../build/x64_Debug/pmc_getnumbertype.o
 .debug_abbrev  0x00000000661bee35      0x2dc ../build/x64_Debug/pmc_initialize.o
 .debug_abbrev  0x00000000661bf111      0x3ab ../build/x64_Debug/pmc_memory.o
 .debug_abbrev  0x00000000661bf4bc      0x1b4 ../build/x64_Debug/pmc_negate.o
 .debug_abbrev  0x00000000661bf670      0x1b2 ../build/x64_Debug/pmc_statistics.o
 .debug_abbrev  0x00000000661bf822      0x1d0 ../build/x64_Debug/pmc_to.o
 .debug_abbrev  0x00000000661bf9f2      0x22d ../build/x64_Debug/TEST_autogenerated.o
 .debug_abbrev  0x00000000661bfc1f      0x21c ../build/x64_Debug/TEST_op_Add.o
 .debug_abbrev  0x00000000661bfe3b      0x1fa ../build/x64_Debug/TEST_op_Clone.o
 .debug_abbrev  0x00000000661c0035      0x21c ../build/x64_Debug/TEST_op_From_To.o
 .debug_abbrev  0x00000000661c0251      0x1e0 ../build/x64_Debug/TEST_op_GetNumberType.o
 .debug_abbrev  0x00000000661c0431      0x1fa ../build/x64_Debug/TEST_op_Negate.o
 .debug_abbrev  0x00000000661c062b      0x21c ../build/x64_Debug/TEST_op_Subtruct.o

.zdebug_abbrev
 *(.zdebug_abbrev)

.debug_line     0x00000000661c1000     0x8c00
 *(.debug_line)
 .debug_line    0x00000000661c1000      0x3a9 ../build/x64_Debug/debug.o
 .debug_line    0x00000000661c13a9      0x292 ../build/x64_Debug/dllmain.o
 .debug_line    0x00000000661c163b      0xddd ../build/x64_Debug/pmc_add_sub.o
 .debug_line    0x00000000661c2418      0x2d4 ../build/x64_Debug/pmc_bytes.o
 .debug_line    0x00000000661c26ec      0x2ac ../build/x64_Debug/pmc_clone.o
 .debug_line    0x00000000661c2998      0x2ff ../build/x64_Debug/pmc_from.o
 .debug_line    0x00000000661c2c97      0x2d9 ../build/x64_Debug/pmc_getnumbertype.o
 .debug_line    0x00000000661c2f70      0x3f2 ../build/x64_Debug/pmc_initialize.o
 .debug_line    0x00000000661c3362      0x5ab ../build/x64_Debug/pmc_memory.o
 .debug_line    0x00000000661c390d      0x29a ../build/x64_Debug/pmc_negate.o
 .debug_line    0x00000000661c3ba7      0x278 ../build/x64_Debug/pmc_statistics.o
 .debug_line    0x00000000661c3e1f      0x304 ../build/x64_Debug/pmc_to.o
 .debug_line    0x00000000661c4123     0x4090 ../build/x64_Debug/TEST_autogenerated.o
 .debug_line    0x00000000661c81b3      0x60d ../build/x64_Debug/TEST_op_Add.o
 .debug_line    0x00000000661c87c0      0x31b ../build/x64_Debug/TEST_op_Clone.o
 .debug_line    0x00000000661c8adb      0x3da ../build/x64_Debug/TEST_op_From_To.o
 .debug_line    0x00000000661c8eb5      0x2d1 ../build/x64_Debug/TEST_op_GetNumberType.o
 .debug_line    0x00000000661c9186      0x31c ../build/x64_Debug/TEST_op_Negate.o
 .debug_line    0x00000000661c94a2      0x612 ../build/x64_Debug/TEST_op_Subtruct.o

.zdebug_line
 *(.zdebug_line)

.debug_frame    0x00000000661ca000     0x1400
 *(.debug_frame)
 .debug_frame   0x00000000661ca000      0x158 ../build/x64_Debug/debug.o
 .debug_frame   0x00000000661ca158       0x40 ../build/x64_Debug/dllmain.o
 .debug_frame   0x00000000661ca198      0x3b0 ../build/x64_Debug/pmc_add_sub.o
 .debug_frame   0x00000000661ca548       0x68 ../build/x64_Debug/pmc_bytes.o
 .debug_frame   0x00000000661ca5b0       0x40 ../build/x64_Debug/pmc_clone.o
 .debug_frame   0x00000000661ca5f0       0xb8 ../build/x64_Debug/pmc_from.o
 .debug_frame   0x00000000661ca6a8       0x68 ../build/x64_Debug/pmc_getnumbertype.o
 .debug_frame   0x00000000661ca710       0xc8 ../build/x64_Debug/pmc_initialize.o
 .debug_frame   0x00000000661ca7d8      0x298 ../build/x64_Debug/pmc_memory.o
 .debug_frame   0x00000000661caa70       0x40 ../build/x64_Debug/pmc_negate.o
 .debug_frame   0x00000000661caab0       0x40 ../build/x64_Debug/pmc_statistics.o
 .debug_frame   0x00000000661caaf0       0x68 ../build/x64_Debug/pmc_to.o
 .debug_frame   0x00000000661cab58       0x78 ../build/x64_Debug/TEST_autogenerated.o
 .debug_frame   0x00000000661cabd0      0x200 ../build/x64_Debug/TEST_op_Add.o
 .debug_frame   0x00000000661cadd0       0x80 ../build/x64_Debug/TEST_op_Clone.o
 .debug_frame   0x00000000661cae50      0x130 ../build/x64_Debug/TEST_op_From_To.o
 .debug_frame   0x00000000661caf80       0x50 ../build/x64_Debug/TEST_op_GetNumberType.o
 .debug_frame   0x00000000661cafd0       0x80 ../build/x64_Debug/TEST_op_Negate.o
 .debug_frame   0x00000000661cb050      0x200 ../build/x64_Debug/TEST_op_Subtruct.o

.zdebug_frame
 *(.zdebug_frame)

.debug_str      0x00000000661cc000      0xa00
 *(.debug_str)
 .debug_str     0x00000000661cc000       0xa3 ../build/x64_Debug/debug.o
 .debug_str     0x00000000661cc0a3        0x9 ../build/x64_Debug/dllmain.o
 .debug_str     0x00000000661cc0ac       0x49 ../build/x64_Debug/pmc_add_sub.o
 .debug_str     0x00000000661cc0f5        0x9 ../build/x64_Debug/pmc_bytes.o
 .debug_str     0x00000000661cc0fe        0x9 ../build/x64_Debug/pmc_clone.o
 .debug_str     0x00000000661cc107       0x10 ../build/x64_Debug/pmc_from.o
 .debug_str     0x00000000661cc117       0x7c ../build/x64_Debug/pmc_getnumbertype.o
 .debug_str     0x00000000661cc193       0xc1 ../build/x64_Debug/pmc_initialize.o
 .debug_str     0x00000000661cc254       0x3a ../build/x64_Debug/pmc_memory.o
 .debug_str     0x00000000661cc28e        0x9 ../build/x64_Debug/pmc_negate.o
 .debug_str     0x00000000661cc297       0x19 ../build/x64_Debug/pmc_statistics.o
 .debug_str     0x00000000661cc2b0        0x9 ../build/x64_Debug/pmc_to.o
 .debug_str     0x00000000661cc2b9       0x99 ../build/x64_Debug/TEST_autogenerated.o
 .debug_str     0x00000000661cc352      0x13c ../build/x64_Debug/TEST_op_Add.o
 .debug_str     0x00000000661cc48e       0x99 ../build/x64_Debug/TEST_op_Clone.o
 .debug_str     0x00000000661cc527       0xd5 ../build/x64_Debug/TEST_op_From_To.o
 .debug_str     0x00000000661cc5fc       0x99 ../build/x64_Debug/TEST_op_GetNumberType.o
 .debug_str     0x00000000661cc695       0x99 ../build/x64_Debug/TEST_op_Negate.o
 .debug_str     0x00000000661cc72e      0x13c ../build/x64_Debug/TEST_op_Subtruct.o

.zdebug_str
 *(.zdebug_str)

.debug_loc
 *(.debug_loc)

.zdebug_loc
 *(.zdebug_loc)

.debug_macinfo
 *(.debug_macinfo)

.zdebug_macinfo
 *(.zdebug_macinfo)

.debug_weaknames
 *(.debug_weaknames)

.zdebug_weaknames
 *(.zdebug_weaknames)

.debug_funcnames
 *(.debug_funcnames)

.zdebug_funcnames
 *(.zdebug_funcnames)

.debug_typenames
 *(.debug_typenames)

.zdebug_typenames
 *(.zdebug_typenames)

.debug_varnames
 *(.debug_varnames)

.zdebug_varnames
 *(.zdebug_varnames)

.debug_macro
 *(.debug_macro)

.zdebug_macro
 *(.zdebug_macro)

.debug_ranges
 *(.debug_ranges)

.zdebug_ranges
 *(.zdebug_ranges)

.debug_types
 *(.debug_types .gnu.linkonce.wt.*)

.zdebug_types
 *(.zdebug_types .zdebug.gnu.linkonce.wt.*)

.debug_gdb_scripts
 *(.debug_gdb_scripts)

.zdebug_gdb_scripts
 *(.zdebug_gdb_scripts)
OUTPUT(../../dist/x64_Debug/Palmtree.Math.Core.Sint.dll pei-x86-64)
LOAD dll stuff
