Archive member included to satisfy reference by file (symbol)

C:/GNU/MINGW64/x86_64-8.1.0-win32-seh-rt_v6-rev0/mingw64/bin/../lib/gcc/x86_64-w64-mingw32/8.1.0/../../../../x86_64-w64-mingw32/lib/../lib/libkernel32.a(dqifs01549.o)
                              ../build/x64_Debug/TEST_op_ParseDN.o (__imp_lstrcpyW)
C:/GNU/MINGW64/x86_64-8.1.0-win32-seh-rt_v6-rev0/mingw64/bin/../lib/gcc/x86_64-w64-mingw32/8.1.0/../../../../x86_64-w64-mingw32/lib/../lib/libkernel32.a(dqifs00954.o)
                              ../build/x64_Debug/pmc_initialize.o (__imp_LoadLibraryA)
C:/GNU/MINGW64/x86_64-8.1.0-win32-seh-rt_v6-rev0/mingw64/bin/../lib/gcc/x86_64-w64-mingw32/8.1.0/../../../../x86_64-w64-mingw32/lib/../lib/libkernel32.a(dqifs00841.o)
                              ../build/x64_Debug/pmc_memory.o (__imp_HeapFree)
C:/GNU/MINGW64/x86_64-8.1.0-win32-seh-rt_v6-rev0/mingw64/bin/../lib/gcc/x86_64-w64-mingw32/8.1.0/../../../../x86_64-w64-mingw32/lib/../lib/libkernel32.a(dqifs00839.o)
                              ../build/x64_Debug/pmc_memory.o (__imp_HeapDestroy)
C:/GNU/MINGW64/x86_64-8.1.0-win32-seh-rt_v6-rev0/mingw64/bin/../lib/gcc/x86_64-w64-mingw32/8.1.0/../../../../x86_64-w64-mingw32/lib/../lib/libkernel32.a(dqifs00837.o)
                              ../build/x64_Debug/pmc_memory.o (__imp_HeapCreate)
C:/GNU/MINGW64/x86_64-8.1.0-win32-seh-rt_v6-rev0/mingw64/bin/../lib/gcc/x86_64-w64-mingw32/8.1.0/../../../../x86_64-w64-mingw32/lib/../lib/libkernel32.a(dqifs00835.o)
                              ../build/x64_Debug/pmc_memory.o (__imp_HeapAlloc)
C:/GNU/MINGW64/x86_64-8.1.0-win32-seh-rt_v6-rev0/mingw64/bin/../lib/gcc/x86_64-w64-mingw32/8.1.0/../../../../x86_64-w64-mingw32/lib/../lib/libkernel32.a(dqifs00689.o)
                              ../build/x64_Debug/pmc_initialize.o (__imp_GetProcAddress)
C:/GNU/MINGW64/x86_64-8.1.0-win32-seh-rt_v6-rev0/mingw64/bin/../lib/gcc/x86_64-w64-mingw32/8.1.0/../../../../x86_64-w64-mingw32/lib/../lib/libkernel32.a(dqifs00427.o)
                              ../build/x64_Debug/pmc_initialize.o (__imp_FreeLibrary)
C:/GNU/MINGW64/x86_64-8.1.0-win32-seh-rt_v6-rev0/mingw64/bin/../lib/gcc/x86_64-w64-mingw32/8.1.0/../../../../x86_64-w64-mingw32/lib/../lib/libkernel32.a(dqifh.o)
                              C:/GNU/MINGW64/x86_64-8.1.0-win32-seh-rt_v6-rev0/mingw64/bin/../lib/gcc/x86_64-w64-mingw32/8.1.0/../../../../x86_64-w64-mingw32/lib/../lib/libkernel32.a(dqifs01549.o) (_head_lib64_libkernel32_a)
C:/GNU/MINGW64/x86_64-8.1.0-win32-seh-rt_v6-rev0/mingw64/bin/../lib/gcc/x86_64-w64-mingw32/8.1.0/../../../../x86_64-w64-mingw32/lib/../lib/libkernel32.a(dqift.o)
                              C:/GNU/MINGW64/x86_64-8.1.0-win32-seh-rt_v6-rev0/mingw64/bin/../lib/gcc/x86_64-w64-mingw32/8.1.0/../../../../x86_64-w64-mingw32/lib/../lib/libkernel32.a(dqifh.o) (__lib64_libkernel32_a_iname)
C:/GNU/MINGW64/x86_64-8.1.0-win32-seh-rt_v6-rev0/mingw64/bin/../lib/gcc/x86_64-w64-mingw32/8.1.0/../../../../x86_64-w64-mingw32/lib/../lib/libuser32.a(dyqes00958.o)
                              ../build/x64_Debug/debug.o (__imp_wsprintfW)
C:/GNU/MINGW64/x86_64-8.1.0-win32-seh-rt_v6-rev0/mingw64/bin/../lib/gcc/x86_64-w64-mingw32/8.1.0/../../../../x86_64-w64-mingw32/lib/../lib/libuser32.a(dyqeh.o)
                              C:/GNU/MINGW64/x86_64-8.1.0-win32-seh-rt_v6-rev0/mingw64/bin/../lib/gcc/x86_64-w64-mingw32/8.1.0/../../../../x86_64-w64-mingw32/lib/../lib/libuser32.a(dyqes00958.o) (_head_lib64_libuser32_a)
C:/GNU/MINGW64/x86_64-8.1.0-win32-seh-rt_v6-rev0/mingw64/bin/../lib/gcc/x86_64-w64-mingw32/8.1.0/../../../../x86_64-w64-mingw32/lib/../lib/libuser32.a(dyqet.o)
                              C:/GNU/MINGW64/x86_64-8.1.0-win32-seh-rt_v6-rev0/mingw64/bin/../lib/gcc/x86_64-w64-mingw32/8.1.0/../../../../x86_64-w64-mingw32/lib/../lib/libuser32.a(dyqeh.o) (__lib64_libuser32_a_iname)

Allocating common symbols
Common symbol       size              file

number_one          0x20              ../build/x64_Debug/pmc_memory.o
number_minus_one    0x20              ../build/x64_Debug/pmc_memory.o
number_zero         0x20              ../build/x64_Debug/pmc_memory.o
uint_number_one     0x8               ../build/x64_Debug/debug.o
ep_uint             0x238             ../build/x64_Debug/pmc_initialize.o
hLocalHeap          0x8               ../build/x64_Debug/pmc_memory.o
uint_number_zero    0x8               ../build/x64_Debug/debug.o

Discarded input sections

 .drectve       0x0000000000000000       0x54 ../build/x64_Debug/debug.o
 .drectve       0x0000000000000000       0x40 ../build/x64_Debug/dllmain.o
 .drectve       0x0000000000000000       0x40 ../build/x64_Debug/pmc_add_sub.o
 .drectve       0x0000000000000000       0x40 ../build/x64_Debug/pmc_bytes.o
 .rdata$.refptr.ep_uint
                0x0000000000000000       0x10 ../build/x64_Debug/pmc_bytes.o
 .drectve       0x0000000000000000       0x40 ../build/x64_Debug/pmc_clone.o
 .rdata$.refptr.number_zero
                0x0000000000000000       0x10 ../build/x64_Debug/pmc_clone.o
 .drectve       0x0000000000000000       0x40 ../build/x64_Debug/pmc_compare.o
 .rdata$.refptr.ep_uint
                0x0000000000000000       0x10 ../build/x64_Debug/pmc_compare.o
 .drectve       0x0000000000000000       0x40 ../build/x64_Debug/pmc_divrem.o
 .rdata$.refptr.ep_uint
                0x0000000000000000       0x10 ../build/x64_Debug/pmc_divrem.o
 .rdata$.refptr.number_zero
                0x0000000000000000       0x10 ../build/x64_Debug/pmc_divrem.o
 .drectve       0x0000000000000000       0x40 ../build/x64_Debug/pmc_equals.o
 .rdata$.refptr.ep_uint
                0x0000000000000000       0x10 ../build/x64_Debug/pmc_equals.o
 .drectve       0x0000000000000000       0x40 ../build/x64_Debug/pmc_from.o
 .rdata$.refptr.ep_uint
                0x0000000000000000       0x10 ../build/x64_Debug/pmc_from.o
 .rdata$.refptr.number_zero
                0x0000000000000000       0x10 ../build/x64_Debug/pmc_from.o
 .drectve       0x0000000000000000       0x40 ../build/x64_Debug/pmc_greatestcommondivisor.o
 .rdata$.refptr.ep_uint
                0x0000000000000000       0x10 ../build/x64_Debug/pmc_greatestcommondivisor.o
 .drectve       0x0000000000000000       0x58 ../build/x64_Debug/pmc_initialize.o
 .drectve       0x0000000000000000       0xb0 ../build/x64_Debug/pmc_memory.o
 .rdata$.refptr.ep_uint
                0x0000000000000000       0x10 ../build/x64_Debug/pmc_memory.o
 .drectve       0x0000000000000000       0x40 ../build/x64_Debug/pmc_multiply.o
 .rdata$.refptr.number_zero
                0x0000000000000000       0x10 ../build/x64_Debug/pmc_multiply.o
 .rdata$.refptr.ep_uint
                0x0000000000000000       0x10 ../build/x64_Debug/pmc_multiply.o
 .drectve       0x0000000000000000       0x40 ../build/x64_Debug/pmc_negate.o
 .drectve       0x0000000000000000       0x40 ../build/x64_Debug/pmc_parse.o
 .rdata$.refptr.ep_uint
                0x0000000000000000       0x10 ../build/x64_Debug/pmc_parse.o
 .drectve       0x0000000000000000       0x40 ../build/x64_Debug/pmc_statistics.o
 .rdata$.refptr.ep_uint
                0x0000000000000000       0x10 ../build/x64_Debug/pmc_statistics.o
 .drectve       0x0000000000000000       0x40 ../build/x64_Debug/pmc_to.o
 .rdata$.refptr.ep_uint
                0x0000000000000000       0x10 ../build/x64_Debug/pmc_to.o
 .drectve       0x0000000000000000       0x40 ../build/x64_Debug/TEST_autogenerated_1.o
 .drectve       0x0000000000000000       0x40 ../build/x64_Debug/TEST_autogenerated_2.o
 .drectve       0x0000000000000000       0x40 ../build/x64_Debug/TEST_op_Add.o
 .drectve       0x0000000000000000       0x40 ../build/x64_Debug/TEST_op_Clone.o
 .drectve       0x0000000000000000       0x40 ../build/x64_Debug/TEST_op_Compare.o
 .drectve       0x0000000000000000       0x40 ../build/x64_Debug/TEST_op_DivRem.o
 .drectve       0x0000000000000000       0x40 ../build/x64_Debug/TEST_op_Equals.o
 .drectve       0x0000000000000000       0x40 ../build/x64_Debug/TEST_op_From_To.o
 .drectve       0x0000000000000000       0x40 ../build/x64_Debug/TEST_op_GreatestCommonDivisor.o
 .drectve       0x0000000000000000       0x40 ../build/x64_Debug/TEST_op_Multiply.o
 .drectve       0x0000000000000000       0x40 ../build/x64_Debug/TEST_op_Negate.o
 .drectve       0x0000000000000000       0x40 ../build/x64_Debug/TEST_op_ParseDN.o
 .drectve       0x0000000000000000       0x40 ../build/x64_Debug/TEST_op_ParseX.o
 .drectve       0x0000000000000000       0x40 ../build/x64_Debug/TEST_op_Remainder.o
 .drectve       0x0000000000000000       0x40 ../build/x64_Debug/TEST_op_Subtruct.o

Memory Configuration

Name             Origin             Length             Attributes
*default*        0x0000000000000000 0xffffffffffffffff

Linker script and memory map

                0x00000000660c0000                __image_base__ = 0x660c0000
                0x0000000000000000                __dll__ = 0x0
                0x00000000660c0000                __ImageBase = 0x660c0000
                0x0000000000001000                __section_alignment__ = 0x1000
                0x0000000000000200                __file_alignment__ = 0x200
                0x0000000000000004                __major_os_version__ = 0x4
                0x0000000000000000                __minor_os_version__ = 0x0
                0x0000000000000000                __major_image_version__ = 0x0
                0x0000000000000000                __minor_image_version__ = 0x0
                0x0000000000000005                __major_subsystem_version__ = 0x5
                0x0000000000000002                __minor_subsystem_version__ = 0x2
                0x0000000000000002                __subsystem__ = 0x2
                0x0000000000200000                __size_of_stack_reserve__ = 0x200000
                0x0000000000001000                __size_of_stack_commit__ = 0x1000
                0x0000000000100000                __size_of_heap_reserve__ = 0x100000
                0x0000000000001000                __size_of_heap_commit__ = 0x1000
                0x0000000000000000                __loader_flags__ = 0x0
                0x0000000000000000                __dll_characteristics__ = 0x0
LOAD ../build/x64_Debug/debug.o
LOAD ../build/x64_Debug/dllmain.o
LOAD ../build/x64_Debug/pmc_add_sub.o
LOAD ../build/x64_Debug/pmc_bytes.o
LOAD ../build/x64_Debug/pmc_clone.o
LOAD ../build/x64_Debug/pmc_compare.o
LOAD ../build/x64_Debug/pmc_divrem.o
LOAD ../build/x64_Debug/pmc_equals.o
LOAD ../build/x64_Debug/pmc_from.o
LOAD ../build/x64_Debug/pmc_greatestcommondivisor.o
LOAD ../build/x64_Debug/pmc_initialize.o
LOAD ../build/x64_Debug/pmc_memory.o
LOAD ../build/x64_Debug/pmc_multiply.o
LOAD ../build/x64_Debug/pmc_negate.o
LOAD ../build/x64_Debug/pmc_parse.o
LOAD ../build/x64_Debug/pmc_statistics.o
LOAD ../build/x64_Debug/pmc_to.o
LOAD ../build/x64_Debug/TEST_autogenerated_1.o
LOAD ../build/x64_Debug/TEST_autogenerated_2.o
LOAD ../build/x64_Debug/TEST_op_Add.o
LOAD ../build/x64_Debug/TEST_op_Clone.o
LOAD ../build/x64_Debug/TEST_op_Compare.o
LOAD ../build/x64_Debug/TEST_op_DivRem.o
LOAD ../build/x64_Debug/TEST_op_Equals.o
LOAD ../build/x64_Debug/TEST_op_From_To.o
LOAD ../build/x64_Debug/TEST_op_GreatestCommonDivisor.o
LOAD ../build/x64_Debug/TEST_op_Multiply.o
LOAD ../build/x64_Debug/TEST_op_Negate.o
LOAD ../build/x64_Debug/TEST_op_ParseDN.o
LOAD ../build/x64_Debug/TEST_op_ParseX.o
LOAD ../build/x64_Debug/TEST_op_Remainder.o
LOAD ../build/x64_Debug/TEST_op_Subtruct.o
LOAD ../build/x64_Debug/version.o
LOAD ../Palmtree.Math.Core.Sint.def
LOAD C:/GNU/MINGW64/x86_64-8.1.0-win32-seh-rt_v6-rev0/mingw64/bin/../lib/gcc/x86_64-w64-mingw32/8.1.0/../../../../x86_64-w64-mingw32/lib/../lib/libkernel32.a
LOAD C:/GNU/MINGW64/x86_64-8.1.0-win32-seh-rt_v6-rev0/mingw64/bin/../lib/gcc/x86_64-w64-mingw32/8.1.0/../../../../x86_64-w64-mingw32/lib/../lib/libuser32.a
                0x0000000000000408                . = SIZEOF_HEADERS
                0x0000000000001000                . = ALIGN (__section_alignment__)

.text           0x00000000660c1000   0x428600
 *(.init)
 *(.text)
 .text          0x00000000660c1000      0x3d0 ../build/x64_Debug/debug.o
                0x00000000660c111f                DoDebug
                0x00000000660c121f                TEST_Assert
                0x00000000660c1291                FormatTestLabel
                0x00000000660c12d1                FormatTestMesssage
                0x00000000660c1307                DumpBinary_UNIT
 .text          0x00000000660c13d0       0x70 ../build/x64_Debug/dllmain.o
                0x00000000660c13d0                DllMain
 .text          0x00000000660c1440     0x2430 ../build/x64_Debug/pmc_add_sub.o
                0x00000000660c1b87                PMC_Add_I_X
                0x00000000660c1daf                PMC_Add_L_X
                0x00000000660c1fe0                PMC_Add_UX_X
                0x00000000660c217c                PMC_Add_X_I
                0x00000000660c2390                PMC_Add_X_L
                0x00000000660c25ac                PMC_Add_X_UX
                0x00000000660c2794                PMC_Add_X_X
                0x00000000660c29f0                PMC_Subtruct_I_X
                0x00000000660c2c18                PMC_Subtruct_L_X
                0x00000000660c2e49                PMC_Subtruct_UX_X
                0x00000000660c2ff6                PMC_Subtruct_X_I
                0x00000000660c320c                PMC_Subtruct_X_L
                0x00000000660c342a                PMC_Subtruct_X_UX
                0x00000000660c3612                PMC_Subtruct_X_X
 .text          0x00000000660c3870      0x170 ../build/x64_Debug/pmc_bytes.o
                0x00000000660c3870                PMC_FromByteArray
                0x00000000660c393d                PMC_ToByteArray
 .text          0x00000000660c39e0       0xc0 ../build/x64_Debug/pmc_clone.o
                0x00000000660c39e0                PMC_Clone_X
 .text          0x00000000660c3aa0      0xb40 ../build/x64_Debug/pmc_compare.o
                0x00000000660c3cba                PMC_Compare_I_X
                0x00000000660c3e12                PMC_Compare_L_X
                0x00000000660c3f6f                PMC_Compare_UX_X
                0x00000000660c4067                PMC_Compare_X_I
                0x00000000660c41bb                PMC_Compare_X_L
                0x00000000660c4314                PMC_Compare_X_UX
                0x00000000660c4445                PMC_Compare_X_X
 .text          0x00000000660c45e0     0x10d0 ../build/x64_Debug/pmc_divrem.o
                0x00000000660c4690                PMC_DivRem_I_X
                0x00000000660c48c2                PMC_DivRem_L_X
                0x00000000660c4b02                PMC_DivRem_UX_X
                0x00000000660c4cde                PMC_DivRem_X_I
                0x00000000660c4ee5                PMC_DivRem_X_L
                0x00000000660c50fa                PMC_DivRem_X_UX
                0x00000000660c53ac                PMC_DivRem_X_X
 .text          0x00000000660c56b0      0x740 ../build/x64_Debug/pmc_equals.o
                0x00000000660c5760                PMC_Equals_I_X
                0x00000000660c583b                PMC_Equals_L_X
                0x00000000660c591d                PMC_Equals_UX_X
                0x00000000660c5a1f                PMC_Equals_X_I
                0x00000000660c5af8                PMC_Equals_X_L
                0x00000000660c5bd5                PMC_Equals_X_UX
                0x00000000660c5ce9                PMC_Equals_X_X
 .text          0x00000000660c5df0      0x250 ../build/x64_Debug/pmc_from.o
                0x00000000660c5df0                From_I_Imp
                0x00000000660c5e6f                From_L_Imp
                0x00000000660c5ef0                PMC_From_I
                0x00000000660c5f93                PMC_From_L
 .text          0x00000000660c6040      0x520 ../build/x64_Debug/pmc_greatestcommondivisor.o
                0x00000000660c60f0                PMC_GreatestCommonDivisor_I_X
                0x00000000660c618b                PMC_GreatestCommonDivisor_L_X
                0x00000000660c622a                PMC_GreatestCommonDivisor_UX_X
                0x00000000660c62c6                PMC_GreatestCommonDivisor_X_I
                0x00000000660c6361                PMC_GreatestCommonDivisor_X_L
                0x00000000660c6400                PMC_GreatestCommonDivisor_X_UX
                0x00000000660c6499                PMC_GreatestCommonDivisor_X_X
 .text          0x00000000660c6560      0x6b0 ../build/x64_Debug/pmc_initialize.o
                0x00000000660c67e8                PMC_SINT_Initialize
 .text          0x00000000660c6c10      0x8d0 ../build/x64_Debug/pmc_memory.o
                0x00000000660c6e6f                AttatchNumber
                0x00000000660c6ec1                AllocateNumber
                0x00000000660c6f51                DetatchNumber
                0x00000000660c6f85                DeallocateNumber
                0x00000000660c6fe1                CheckNumber
                0x00000000660c7013                DuplicateNumber
                0x00000000660c7137                Negate_Imp
                0x00000000660c7239                PMC_GetConstantValue_I
                0x00000000660c729c                PMC_Dispose
                0x00000000660c72c3                Initialize_Memory
                0x00000000660c744e                AllocateHeapArea
                0x00000000660c749d                DeallocateHeapArea
 .text          0x00000000660c74e0      0xae0 ../build/x64_Debug/pmc_multiply.o
                0x00000000660c7790                PMC_Multiply_I_X
                0x00000000660c78cf                PMC_Multiply_L_X
                0x00000000660c7a11                PMC_Multiply_UX_X
                0x00000000660c7af7                PMC_Multiply_X_I
                0x00000000660c7c2b                PMC_Multiply_X_L
                0x00000000660c7d62                PMC_Multiply_X_UX
                0x00000000660c7e48                PMC_Multiply_X_X
 .text          0x00000000660c7fc0       0x90 ../build/x64_Debug/pmc_negate.o
                0x00000000660c7fc0                PMC_Negate_X
 .text          0x00000000660c8050       0xb0 ../build/x64_Debug/pmc_parse.o
                0x00000000660c8050                PMC_TryParse
 .text          0x00000000660c8100       0x30 ../build/x64_Debug/pmc_statistics.o
                0x00000000660c8100                PMC_GetStatisticsInfo
 .text          0x00000000660c8130      0x1b0 ../build/x64_Debug/pmc_to.o
                0x00000000660c8130                PMC_To_X_I
                0x00000000660c81f7                PMC_To_X_L
 .text          0x00000000660c82e0   0x358830 ../build/x64_Debug/TEST_autogenerated_1.o
                0x00000000660c82e0                TEST_autogenerated_1
 .text          0x0000000066420b10    0xbed00 ../build/x64_Debug/TEST_autogenerated_2.o
                0x0000000066420b10                TEST_autogenerated_2
 .text          0x00000000664df810     0x12d0 ../build/x64_Debug/TEST_op_Add.o
                0x00000000664df86b                TEST_Add_I_X
                0x00000000664dfaca                TEST_Add_L_X
                0x00000000664dfd2a                TEST_Add_UX_X
                0x00000000664e0025                TEST_Add_X_I
                0x00000000664e0284                TEST_Add_X_L
                0x00000000664e04e4                TEST_Add_X_UX
                0x00000000664e07df                TEST_Add_X_X
 .text          0x00000000664e0ae0      0x2c0 ../build/x64_Debug/TEST_op_Clone.o
                0x00000000664e0b3b                TEST_Clone_X
 .text          0x00000000664e0da0      0xa10 ../build/x64_Debug/TEST_op_Compare.o
                0x00000000664e0da0                TEST_Compare_I_X
                0x00000000664e0edb                TEST_Compare_L_X
                0x00000000664e1017                TEST_Compare_UX_X
                0x00000000664e11ca                TEST_Compare_X_I
                0x00000000664e1305                TEST_Compare_X_L
                0x00000000664e1441                TEST_Compare_X_UX
                0x00000000664e15f4                TEST_Compare_X_X
 .text          0x00000000664e17b0     0x1930 ../build/x64_Debug/TEST_op_DivRem.o
                0x00000000664e180b                TEST_DivRem_I_X
                0x00000000664e1b8d                TEST_DivRem_L_X
                0x00000000664e1f10                TEST_DivRem_UX_X
                0x00000000664e2328                TEST_DivRem_X_I
                0x00000000664e25df                TEST_DivRem_X_L
                0x00000000664e2899                TEST_DivRem_X_UX
                0x00000000664e2cb7                TEST_DivRem_X_X
 .text          0x00000000664e30e0      0xa10 ../build/x64_Debug/TEST_op_Equals.o
                0x00000000664e30e0                TEST_Equals_I_X
                0x00000000664e321b                TEST_Equals_L_X
                0x00000000664e3357                TEST_Equals_UX_X
                0x00000000664e350a                TEST_Equals_X_I
                0x00000000664e3645                TEST_Equals_X_L
                0x00000000664e3781                TEST_Equals_X_UX
                0x00000000664e3934                TEST_Equals_X_X
 .text          0x00000000664e3af0      0x660 ../build/x64_Debug/TEST_op_From_To.o
                0x00000000664e3b4b                TEST_From_I
                0x00000000664e3d06                TEST_From_L
                0x00000000664e3ec2                TEST_To_X_I
                0x00000000664e4006                TEST_To_X_L
 .text          0x00000000664e4150     0x1330 ../build/x64_Debug/TEST_op_GreatestCommonDivisor.o
                0x00000000664e41ab                TEST_GreatestCommonDivisor_I_X
                0x00000000664e4416                TEST_GreatestCommonDivisor_L_X
                0x00000000664e4682                TEST_GreatestCommonDivisor_UX_X
                0x00000000664e4989                TEST_GreatestCommonDivisor_X_I
                0x00000000664e4bf4                TEST_GreatestCommonDivisor_X_L
                0x00000000664e4e60                TEST_GreatestCommonDivisor_X_UX
                0x00000000664e5167                TEST_GreatestCommonDivisor_X_X
 .text          0x00000000664e5480     0x12d0 ../build/x64_Debug/TEST_op_Multiply.o
                0x00000000664e54db                TEST_Multiply_I_X
                0x00000000664e573a                TEST_Multiply_L_X
                0x00000000664e599a                TEST_Multiply_UX_X
                0x00000000664e5c95                TEST_Multiply_X_I
                0x00000000664e5ef4                TEST_Multiply_X_L
                0x00000000664e6154                TEST_Multiply_X_UX
                0x00000000664e644f                TEST_Multiply_X_X
 .text          0x00000000664e6750      0x2c0 ../build/x64_Debug/TEST_op_Negate.o
                0x00000000664e67ab                TEST_Negate_X
 .text          0x00000000664e6a10      0x590 ../build/x64_Debug/TEST_op_ParseDN.o
                0x00000000664e6a6b                TEST_ParseDN1
                0x00000000664e6c6f                TEST_ParseDN2
                0x00000000664e6e03                TEST_ParseDN3
 .text          0x00000000664e6fa0      0x1f0 ../build/x64_Debug/TEST_op_ParseX.o
                0x00000000664e6ffb                TEST_ParseX
 .text          0x00000000664e7190     0x1130 ../build/x64_Debug/TEST_op_Remainder.o
                0x00000000664e71eb                TEST_Remainder_I_X
                0x00000000664e7465                TEST_Remainder_L_X
                0x00000000664e76e0                TEST_Remainder_UX_X
                0x00000000664e79f0                TEST_Remainder_X_I
                0x00000000664e7b3c                TEST_Remainder_X_L
                0x00000000664e7c8b                TEST_Remainder_X_UX
                0x00000000664e7fa1                TEST_Remainder_X_X
 .text          0x00000000664e82c0     0x12d0 ../build/x64_Debug/TEST_op_Subtruct.o
                0x00000000664e831b                TEST_Subtruct_I_X
                0x00000000664e857a                TEST_Subtruct_L_X
                0x00000000664e87da                TEST_Subtruct_UX_X
                0x00000000664e8ad5                TEST_Subtruct_X_I
                0x00000000664e8d34                TEST_Subtruct_X_L
                0x00000000664e8f94                TEST_Subtruct_X_UX
                0x00000000664e928f                TEST_Subtruct_X_X
 .text          0x00000000664e9590        0x8 C:/GNU/MINGW64/x86_64-8.1.0-win32-seh-rt_v6-rev0/mingw64/bin/../lib/gcc/x86_64-w64-mingw32/8.1.0/../../../../x86_64-w64-mingw32/lib/../lib/libkernel32.a(dqifs01549.o)
                0x00000000664e9590                lstrcpyW
 .text          0x00000000664e9598        0x8 C:/GNU/MINGW64/x86_64-8.1.0-win32-seh-rt_v6-rev0/mingw64/bin/../lib/gcc/x86_64-w64-mingw32/8.1.0/../../../../x86_64-w64-mingw32/lib/../lib/libkernel32.a(dqifs00954.o)
                0x00000000664e9598                LoadLibraryA
 .text          0x00000000664e95a0        0x8 C:/GNU/MINGW64/x86_64-8.1.0-win32-seh-rt_v6-rev0/mingw64/bin/../lib/gcc/x86_64-w64-mingw32/8.1.0/../../../../x86_64-w64-mingw32/lib/../lib/libkernel32.a(dqifs00841.o)
                0x00000000664e95a0                HeapFree
 .text          0x00000000664e95a8        0x8 C:/GNU/MINGW64/x86_64-8.1.0-win32-seh-rt_v6-rev0/mingw64/bin/../lib/gcc/x86_64-w64-mingw32/8.1.0/../../../../x86_64-w64-mingw32/lib/../lib/libkernel32.a(dqifs00839.o)
                0x00000000664e95a8                HeapDestroy
 .text          0x00000000664e95b0        0x8 C:/GNU/MINGW64/x86_64-8.1.0-win32-seh-rt_v6-rev0/mingw64/bin/../lib/gcc/x86_64-w64-mingw32/8.1.0/../../../../x86_64-w64-mingw32/lib/../lib/libkernel32.a(dqifs00837.o)
                0x00000000664e95b0                HeapCreate
 .text          0x00000000664e95b8        0x8 C:/GNU/MINGW64/x86_64-8.1.0-win32-seh-rt_v6-rev0/mingw64/bin/../lib/gcc/x86_64-w64-mingw32/8.1.0/../../../../x86_64-w64-mingw32/lib/../lib/libkernel32.a(dqifs00835.o)
                0x00000000664e95b8                HeapAlloc
 .text          0x00000000664e95c0        0x8 C:/GNU/MINGW64/x86_64-8.1.0-win32-seh-rt_v6-rev0/mingw64/bin/../lib/gcc/x86_64-w64-mingw32/8.1.0/../../../../x86_64-w64-mingw32/lib/../lib/libkernel32.a(dqifs00689.o)
                0x00000000664e95c0                GetProcAddress
 .text          0x00000000664e95c8        0x8 C:/GNU/MINGW64/x86_64-8.1.0-win32-seh-rt_v6-rev0/mingw64/bin/../lib/gcc/x86_64-w64-mingw32/8.1.0/../../../../x86_64-w64-mingw32/lib/../lib/libkernel32.a(dqifs00427.o)
                0x00000000664e95c8                FreeLibrary
 .text          0x00000000664e95d0        0x0 C:/GNU/MINGW64/x86_64-8.1.0-win32-seh-rt_v6-rev0/mingw64/bin/../lib/gcc/x86_64-w64-mingw32/8.1.0/../../../../x86_64-w64-mingw32/lib/../lib/libkernel32.a(dqifh.o)
 .text          0x00000000664e95d0        0x0 C:/GNU/MINGW64/x86_64-8.1.0-win32-seh-rt_v6-rev0/mingw64/bin/../lib/gcc/x86_64-w64-mingw32/8.1.0/../../../../x86_64-w64-mingw32/lib/../lib/libkernel32.a(dqift.o)
 .text          0x00000000664e95d0        0x8 C:/GNU/MINGW64/x86_64-8.1.0-win32-seh-rt_v6-rev0/mingw64/bin/../lib/gcc/x86_64-w64-mingw32/8.1.0/../../../../x86_64-w64-mingw32/lib/../lib/libuser32.a(dyqes00958.o)
                0x00000000664e95d0                wsprintfW
 *fill*         0x00000000664e95d8        0x8 
 .text          0x00000000664e95e0        0x0 C:/GNU/MINGW64/x86_64-8.1.0-win32-seh-rt_v6-rev0/mingw64/bin/../lib/gcc/x86_64-w64-mingw32/8.1.0/../../../../x86_64-w64-mingw32/lib/../lib/libuser32.a(dyqeh.o)
 .text          0x00000000664e95e0        0x0 C:/GNU/MINGW64/x86_64-8.1.0-win32-seh-rt_v6-rev0/mingw64/bin/../lib/gcc/x86_64-w64-mingw32/8.1.0/../../../../x86_64-w64-mingw32/lib/../lib/libuser32.a(dyqet.o)
 *(SORT_BY_NAME(.text$*))
 *(.text.*)
 *(.gnu.linkonce.t.*)
 *(.glue_7t)
 *(.glue_7)
                0x00000000664e95e0                . = ALIGN (0x8)
                0x00000000664e95e0                ___CTOR_LIST__ = .
                0x00000000664e95e0                __CTOR_LIST__ = .
                0x00000000664e95e0        0x4 LONG 0xffffffffffffffff
                0x00000000664e95e4        0x4 LONG 0xffffffffffffffff
 *(.ctors)
 *(.ctor)
 *(SORT_BY_NAME(.ctors.*))
                0x00000000664e95e8        0x4 LONG 0x0
                0x00000000664e95ec        0x4 LONG 0x0
                0x00000000664e95f0                ___DTOR_LIST__ = .
                0x00000000664e95f0                __DTOR_LIST__ = .
                0x00000000664e95f0        0x4 LONG 0xffffffffffffffff
                0x00000000664e95f4        0x4 LONG 0xffffffffffffffff
 *(.dtors)
 *(.dtor)
 *(SORT_BY_NAME(.dtors.*))
                0x00000000664e95f8        0x4 LONG 0x0
                0x00000000664e95fc        0x4 LONG 0x0
 *(.fini)
 *(.gcc_exc)
                [!provide]                        PROVIDE (etext = .)
 *(.gcc_except_table)

.data           0x00000000664ea000    0x3f000
                0x00000000664ea000                __data_start__ = .
 *(.data)
 .data          0x00000000664ea000        0x0 ../build/x64_Debug/debug.o
 .data          0x00000000664ea000        0x0 ../build/x64_Debug/dllmain.o
 .data          0x00000000664ea000        0x0 ../build/x64_Debug/pmc_add_sub.o
 .data          0x00000000664ea000        0x0 ../build/x64_Debug/pmc_bytes.o
 .data          0x00000000664ea000        0x0 ../build/x64_Debug/pmc_clone.o
 .data          0x00000000664ea000        0x0 ../build/x64_Debug/pmc_compare.o
 .data          0x00000000664ea000        0x0 ../build/x64_Debug/pmc_divrem.o
 .data          0x00000000664ea000        0x0 ../build/x64_Debug/pmc_equals.o
 .data          0x00000000664ea000        0x0 ../build/x64_Debug/pmc_from.o
 .data          0x00000000664ea000        0x0 ../build/x64_Debug/pmc_greatestcommondivisor.o
 .data          0x00000000664ea000        0x0 ../build/x64_Debug/pmc_initialize.o
 .data          0x00000000664ea000        0x0 ../build/x64_Debug/pmc_memory.o
 .data          0x00000000664ea000        0x0 ../build/x64_Debug/pmc_multiply.o
 .data          0x00000000664ea000        0x0 ../build/x64_Debug/pmc_negate.o
 .data          0x00000000664ea000        0x0 ../build/x64_Debug/pmc_parse.o
 .data          0x00000000664ea000        0x0 ../build/x64_Debug/pmc_statistics.o
 .data          0x00000000664ea000        0x0 ../build/x64_Debug/pmc_to.o
 .data          0x00000000664ea000    0x3ca60 ../build/x64_Debug/TEST_autogenerated_1.o
 .data          0x0000000066526a60     0x2440 ../build/x64_Debug/TEST_autogenerated_2.o
 .data          0x0000000066528ea0        0x0 ../build/x64_Debug/TEST_op_Add.o
 .data          0x0000000066528ea0        0x0 ../build/x64_Debug/TEST_op_Clone.o
 .data          0x0000000066528ea0        0x0 ../build/x64_Debug/TEST_op_Compare.o
 .data          0x0000000066528ea0        0x0 ../build/x64_Debug/TEST_op_DivRem.o
 .data          0x0000000066528ea0        0x0 ../build/x64_Debug/TEST_op_Equals.o
 .data          0x0000000066528ea0        0x0 ../build/x64_Debug/TEST_op_From_To.o
 .data          0x0000000066528ea0        0x0 ../build/x64_Debug/TEST_op_GreatestCommonDivisor.o
 .data          0x0000000066528ea0        0x0 ../build/x64_Debug/TEST_op_Multiply.o
 .data          0x0000000066528ea0        0x0 ../build/x64_Debug/TEST_op_Negate.o
 .data          0x0000000066528ea0        0x0 ../build/x64_Debug/TEST_op_ParseDN.o
 .data          0x0000000066528ea0        0x0 ../build/x64_Debug/TEST_op_ParseX.o
 .data          0x0000000066528ea0        0x0 ../build/x64_Debug/TEST_op_Remainder.o
 .data          0x0000000066528ea0        0x0 ../build/x64_Debug/TEST_op_Subtruct.o
 .data          0x0000000066528ea0        0x0 C:/GNU/MINGW64/x86_64-8.1.0-win32-seh-rt_v6-rev0/mingw64/bin/../lib/gcc/x86_64-w64-mingw32/8.1.0/../../../../x86_64-w64-mingw32/lib/../lib/libkernel32.a(dqifs01549.o)
 .data          0x0000000066528ea0        0x0 C:/GNU/MINGW64/x86_64-8.1.0-win32-seh-rt_v6-rev0/mingw64/bin/../lib/gcc/x86_64-w64-mingw32/8.1.0/../../../../x86_64-w64-mingw32/lib/../lib/libkernel32.a(dqifs00954.o)
 .data          0x0000000066528ea0        0x0 C:/GNU/MINGW64/x86_64-8.1.0-win32-seh-rt_v6-rev0/mingw64/bin/../lib/gcc/x86_64-w64-mingw32/8.1.0/../../../../x86_64-w64-mingw32/lib/../lib/libkernel32.a(dqifs00841.o)
 .data          0x0000000066528ea0        0x0 C:/GNU/MINGW64/x86_64-8.1.0-win32-seh-rt_v6-rev0/mingw64/bin/../lib/gcc/x86_64-w64-mingw32/8.1.0/../../../../x86_64-w64-mingw32/lib/../lib/libkernel32.a(dqifs00839.o)
 .data          0x0000000066528ea0        0x0 C:/GNU/MINGW64/x86_64-8.1.0-win32-seh-rt_v6-rev0/mingw64/bin/../lib/gcc/x86_64-w64-mingw32/8.1.0/../../../../x86_64-w64-mingw32/lib/../lib/libkernel32.a(dqifs00837.o)
 .data          0x0000000066528ea0        0x0 C:/GNU/MINGW64/x86_64-8.1.0-win32-seh-rt_v6-rev0/mingw64/bin/../lib/gcc/x86_64-w64-mingw32/8.1.0/../../../../x86_64-w64-mingw32/lib/../lib/libkernel32.a(dqifs00835.o)
 .data          0x0000000066528ea0        0x0 C:/GNU/MINGW64/x86_64-8.1.0-win32-seh-rt_v6-rev0/mingw64/bin/../lib/gcc/x86_64-w64-mingw32/8.1.0/../../../../x86_64-w64-mingw32/lib/../lib/libkernel32.a(dqifs00689.o)
 .data          0x0000000066528ea0        0x0 C:/GNU/MINGW64/x86_64-8.1.0-win32-seh-rt_v6-rev0/mingw64/bin/../lib/gcc/x86_64-w64-mingw32/8.1.0/../../../../x86_64-w64-mingw32/lib/../lib/libkernel32.a(dqifs00427.o)
 .data          0x0000000066528ea0        0x0 C:/GNU/MINGW64/x86_64-8.1.0-win32-seh-rt_v6-rev0/mingw64/bin/../lib/gcc/x86_64-w64-mingw32/8.1.0/../../../../x86_64-w64-mingw32/lib/../lib/libkernel32.a(dqifh.o)
 .data          0x0000000066528ea0        0x0 C:/GNU/MINGW64/x86_64-8.1.0-win32-seh-rt_v6-rev0/mingw64/bin/../lib/gcc/x86_64-w64-mingw32/8.1.0/../../../../x86_64-w64-mingw32/lib/../lib/libkernel32.a(dqift.o)
 .data          0x0000000066528ea0        0x0 C:/GNU/MINGW64/x86_64-8.1.0-win32-seh-rt_v6-rev0/mingw64/bin/../lib/gcc/x86_64-w64-mingw32/8.1.0/../../../../x86_64-w64-mingw32/lib/../lib/libuser32.a(dyqes00958.o)
 .data          0x0000000066528ea0        0x0 C:/GNU/MINGW64/x86_64-8.1.0-win32-seh-rt_v6-rev0/mingw64/bin/../lib/gcc/x86_64-w64-mingw32/8.1.0/../../../../x86_64-w64-mingw32/lib/../lib/libuser32.a(dyqeh.o)
 .data          0x0000000066528ea0        0x0 C:/GNU/MINGW64/x86_64-8.1.0-win32-seh-rt_v6-rev0/mingw64/bin/../lib/gcc/x86_64-w64-mingw32/8.1.0/../../../../x86_64-w64-mingw32/lib/../lib/libuser32.a(dyqet.o)
 *(.data2)
 *(SORT_BY_NAME(.data$*))
 *(.jcr)
                0x0000000066528ea0                __data_end__ = .
 *(.data_cygwin_nocopy)

.rdata          0x0000000066529000    0x49400
 *(.rdata)
 .rdata         0x0000000066529000      0x1d0 ../build/x64_Debug/debug.o
 .rdata         0x00000000665291d0       0x30 ../build/x64_Debug/pmc_initialize.o
 .rdata         0x0000000066529200    0x41960 ../build/x64_Debug/TEST_autogenerated_1.o
 .rdata         0x000000006656ab60     0x4870 ../build/x64_Debug/TEST_autogenerated_2.o
 .rdata         0x000000006656f3d0      0x320 ../build/x64_Debug/TEST_op_Add.o
 .rdata         0x000000006656f6f0      0x100 ../build/x64_Debug/TEST_op_Clone.o
 .rdata         0x000000006656f7f0      0x350 ../build/x64_Debug/TEST_op_Compare.o
 .rdata         0x000000006656fb40      0x390 ../build/x64_Debug/TEST_op_DivRem.o
 .rdata         0x000000006656fed0      0x340 ../build/x64_Debug/TEST_op_Equals.o
 .rdata         0x0000000066570210      0x1c0 ../build/x64_Debug/TEST_op_From_To.o
 .rdata         0x00000000665703d0      0x590 ../build/x64_Debug/TEST_op_GreatestCommonDivisor.o
 .rdata         0x0000000066570960      0x410 ../build/x64_Debug/TEST_op_Multiply.o
 .rdata         0x0000000066570d70      0x100 ../build/x64_Debug/TEST_op_Negate.o
 .rdata         0x0000000066570e70      0x160 ../build/x64_Debug/TEST_op_ParseDN.o
 .rdata         0x0000000066570fd0       0xc0 ../build/x64_Debug/TEST_op_ParseX.o
 .rdata         0x0000000066571090      0x3b0 ../build/x64_Debug/TEST_op_Remainder.o
 .rdata         0x0000000066571440      0x3c0 ../build/x64_Debug/TEST_op_Subtruct.o
 *(SORT_BY_NAME(.rdata$*))
 .rdata$.refptr.PMC_Add_I_X
                0x0000000066571800       0x10 ../build/x64_Debug/pmc_initialize.o
                0x0000000066571800                .refptr.PMC_Add_I_X
 .rdata$.refptr.PMC_Add_L_X
                0x0000000066571810       0x10 ../build/x64_Debug/pmc_initialize.o
                0x0000000066571810                .refptr.PMC_Add_L_X
 .rdata$.refptr.PMC_Add_UX_X
                0x0000000066571820       0x10 ../build/x64_Debug/pmc_initialize.o
                0x0000000066571820                .refptr.PMC_Add_UX_X
 .rdata$.refptr.PMC_Add_X_I
                0x0000000066571830       0x10 ../build/x64_Debug/pmc_initialize.o
                0x0000000066571830                .refptr.PMC_Add_X_I
 .rdata$.refptr.PMC_Add_X_L
                0x0000000066571840       0x10 ../build/x64_Debug/pmc_initialize.o
                0x0000000066571840                .refptr.PMC_Add_X_L
 .rdata$.refptr.PMC_Add_X_UX
                0x0000000066571850       0x10 ../build/x64_Debug/pmc_initialize.o
                0x0000000066571850                .refptr.PMC_Add_X_UX
 .rdata$.refptr.PMC_Add_X_X
                0x0000000066571860       0x10 ../build/x64_Debug/pmc_initialize.o
                0x0000000066571860                .refptr.PMC_Add_X_X
 .rdata$.refptr.PMC_Clone_X
                0x0000000066571870       0x10 ../build/x64_Debug/pmc_initialize.o
                0x0000000066571870                .refptr.PMC_Clone_X
 .rdata$.refptr.PMC_Compare_I_X
                0x0000000066571880       0x10 ../build/x64_Debug/pmc_initialize.o
                0x0000000066571880                .refptr.PMC_Compare_I_X
 .rdata$.refptr.PMC_Compare_L_X
                0x0000000066571890       0x10 ../build/x64_Debug/pmc_initialize.o
                0x0000000066571890                .refptr.PMC_Compare_L_X
 .rdata$.refptr.PMC_Compare_UX_X
                0x00000000665718a0       0x10 ../build/x64_Debug/pmc_initialize.o
                0x00000000665718a0                .refptr.PMC_Compare_UX_X
 .rdata$.refptr.PMC_Compare_X_I
                0x00000000665718b0       0x10 ../build/x64_Debug/pmc_initialize.o
                0x00000000665718b0                .refptr.PMC_Compare_X_I
 .rdata$.refptr.PMC_Compare_X_L
                0x00000000665718c0       0x10 ../build/x64_Debug/pmc_initialize.o
                0x00000000665718c0                .refptr.PMC_Compare_X_L
 .rdata$.refptr.PMC_Compare_X_UX
                0x00000000665718d0       0x10 ../build/x64_Debug/pmc_initialize.o
                0x00000000665718d0                .refptr.PMC_Compare_X_UX
 .rdata$.refptr.PMC_Compare_X_X
                0x00000000665718e0       0x10 ../build/x64_Debug/pmc_initialize.o
                0x00000000665718e0                .refptr.PMC_Compare_X_X
 .rdata$.refptr.PMC_Dispose
                0x00000000665718f0       0x10 ../build/x64_Debug/pmc_initialize.o
                0x00000000665718f0                .refptr.PMC_Dispose
 .rdata$.refptr.PMC_DivRem_I_X
                0x0000000066571900       0x10 ../build/x64_Debug/pmc_initialize.o
                0x0000000066571900                .refptr.PMC_DivRem_I_X
 .rdata$.refptr.PMC_DivRem_L_X
                0x0000000066571910       0x10 ../build/x64_Debug/pmc_initialize.o
                0x0000000066571910                .refptr.PMC_DivRem_L_X
 .rdata$.refptr.PMC_DivRem_UX_X
                0x0000000066571920       0x10 ../build/x64_Debug/pmc_initialize.o
                0x0000000066571920                .refptr.PMC_DivRem_UX_X
 .rdata$.refptr.PMC_DivRem_X_I
                0x0000000066571930       0x10 ../build/x64_Debug/pmc_initialize.o
                0x0000000066571930                .refptr.PMC_DivRem_X_I
 .rdata$.refptr.PMC_DivRem_X_L
                0x0000000066571940       0x10 ../build/x64_Debug/pmc_initialize.o
                0x0000000066571940                .refptr.PMC_DivRem_X_L
 .rdata$.refptr.PMC_DivRem_X_UX
                0x0000000066571950       0x10 ../build/x64_Debug/pmc_initialize.o
                0x0000000066571950                .refptr.PMC_DivRem_X_UX
 .rdata$.refptr.PMC_DivRem_X_X
                0x0000000066571960       0x10 ../build/x64_Debug/pmc_initialize.o
                0x0000000066571960                .refptr.PMC_DivRem_X_X
 .rdata$.refptr.PMC_Equals_I_X
                0x0000000066571970       0x10 ../build/x64_Debug/pmc_initialize.o
                0x0000000066571970                .refptr.PMC_Equals_I_X
 .rdata$.refptr.PMC_Equals_L_X
                0x0000000066571980       0x10 ../build/x64_Debug/pmc_initialize.o
                0x0000000066571980                .refptr.PMC_Equals_L_X
 .rdata$.refptr.PMC_Equals_UX_X
                0x0000000066571990       0x10 ../build/x64_Debug/pmc_initialize.o
                0x0000000066571990                .refptr.PMC_Equals_UX_X
 .rdata$.refptr.PMC_Equals_X_I
                0x00000000665719a0       0x10 ../build/x64_Debug/pmc_initialize.o
                0x00000000665719a0                .refptr.PMC_Equals_X_I
 .rdata$.refptr.PMC_Equals_X_L
                0x00000000665719b0       0x10 ../build/x64_Debug/pmc_initialize.o
                0x00000000665719b0                .refptr.PMC_Equals_X_L
 .rdata$.refptr.PMC_Equals_X_UX
                0x00000000665719c0       0x10 ../build/x64_Debug/pmc_initialize.o
                0x00000000665719c0                .refptr.PMC_Equals_X_UX
 .rdata$.refptr.PMC_Equals_X_X
                0x00000000665719d0       0x10 ../build/x64_Debug/pmc_initialize.o
                0x00000000665719d0                .refptr.PMC_Equals_X_X
 .rdata$.refptr.PMC_FromByteArray
                0x00000000665719e0       0x10 ../build/x64_Debug/pmc_initialize.o
                0x00000000665719e0                .refptr.PMC_FromByteArray
 .rdata$.refptr.PMC_From_I
                0x00000000665719f0       0x10 ../build/x64_Debug/pmc_initialize.o
                0x00000000665719f0                .refptr.PMC_From_I
 .rdata$.refptr.PMC_From_L
                0x0000000066571a00       0x10 ../build/x64_Debug/pmc_initialize.o
                0x0000000066571a00                .refptr.PMC_From_L
 .rdata$.refptr.PMC_GetConstantValue_I
                0x0000000066571a10       0x10 ../build/x64_Debug/pmc_initialize.o
                0x0000000066571a10                .refptr.PMC_GetConstantValue_I
 .rdata$.refptr.PMC_GetStatisticsInfo
                0x0000000066571a20       0x10 ../build/x64_Debug/pmc_initialize.o
                0x0000000066571a20                .refptr.PMC_GetStatisticsInfo
 .rdata$.refptr.PMC_GreatestCommonDivisor_I_X
                0x0000000066571a30       0x10 ../build/x64_Debug/pmc_initialize.o
                0x0000000066571a30                .refptr.PMC_GreatestCommonDivisor_I_X
 .rdata$.refptr.PMC_GreatestCommonDivisor_L_X
                0x0000000066571a40       0x10 ../build/x64_Debug/pmc_initialize.o
                0x0000000066571a40                .refptr.PMC_GreatestCommonDivisor_L_X
 .rdata$.refptr.PMC_GreatestCommonDivisor_UX_X
                0x0000000066571a50       0x10 ../build/x64_Debug/pmc_initialize.o
                0x0000000066571a50                .refptr.PMC_GreatestCommonDivisor_UX_X
 .rdata$.refptr.PMC_GreatestCommonDivisor_X_I
                0x0000000066571a60       0x10 ../build/x64_Debug/pmc_initialize.o
                0x0000000066571a60                .refptr.PMC_GreatestCommonDivisor_X_I
 .rdata$.refptr.PMC_GreatestCommonDivisor_X_L
                0x0000000066571a70       0x10 ../build/x64_Debug/pmc_initialize.o
                0x0000000066571a70                .refptr.PMC_GreatestCommonDivisor_X_L
 .rdata$.refptr.PMC_GreatestCommonDivisor_X_UX
                0x0000000066571a80       0x10 ../build/x64_Debug/pmc_initialize.o
                0x0000000066571a80                .refptr.PMC_GreatestCommonDivisor_X_UX
 .rdata$.refptr.PMC_GreatestCommonDivisor_X_X
                0x0000000066571a90       0x10 ../build/x64_Debug/pmc_initialize.o
                0x0000000066571a90                .refptr.PMC_GreatestCommonDivisor_X_X
 .rdata$.refptr.PMC_Multiply_I_X
                0x0000000066571aa0       0x10 ../build/x64_Debug/pmc_initialize.o
                0x0000000066571aa0                .refptr.PMC_Multiply_I_X
 .rdata$.refptr.PMC_Multiply_L_X
                0x0000000066571ab0       0x10 ../build/x64_Debug/pmc_initialize.o
                0x0000000066571ab0                .refptr.PMC_Multiply_L_X
 .rdata$.refptr.PMC_Multiply_UX_X
                0x0000000066571ac0       0x10 ../build/x64_Debug/pmc_initialize.o
                0x0000000066571ac0                .refptr.PMC_Multiply_UX_X
 .rdata$.refptr.PMC_Multiply_X_I
                0x0000000066571ad0       0x10 ../build/x64_Debug/pmc_initialize.o
                0x0000000066571ad0                .refptr.PMC_Multiply_X_I
 .rdata$.refptr.PMC_Multiply_X_L
                0x0000000066571ae0       0x10 ../build/x64_Debug/pmc_initialize.o
                0x0000000066571ae0                .refptr.PMC_Multiply_X_L
 .rdata$.refptr.PMC_Multiply_X_UX
                0x0000000066571af0       0x10 ../build/x64_Debug/pmc_initialize.o
                0x0000000066571af0                .refptr.PMC_Multiply_X_UX
 .rdata$.refptr.PMC_Multiply_X_X
                0x0000000066571b00       0x10 ../build/x64_Debug/pmc_initialize.o
                0x0000000066571b00                .refptr.PMC_Multiply_X_X
 .rdata$.refptr.PMC_Negate_X
                0x0000000066571b10       0x10 ../build/x64_Debug/pmc_initialize.o
                0x0000000066571b10                .refptr.PMC_Negate_X
 .rdata$.refptr.PMC_Subtruct_I_X
                0x0000000066571b20       0x10 ../build/x64_Debug/pmc_initialize.o
                0x0000000066571b20                .refptr.PMC_Subtruct_I_X
 .rdata$.refptr.PMC_Subtruct_L_X
                0x0000000066571b30       0x10 ../build/x64_Debug/pmc_initialize.o
                0x0000000066571b30                .refptr.PMC_Subtruct_L_X
 .rdata$.refptr.PMC_Subtruct_UX_X
                0x0000000066571b40       0x10 ../build/x64_Debug/pmc_initialize.o
                0x0000000066571b40                .refptr.PMC_Subtruct_UX_X
 .rdata$.refptr.PMC_Subtruct_X_I
                0x0000000066571b50       0x10 ../build/x64_Debug/pmc_initialize.o
                0x0000000066571b50                .refptr.PMC_Subtruct_X_I
 .rdata$.refptr.PMC_Subtruct_X_L
                0x0000000066571b60       0x10 ../build/x64_Debug/pmc_initialize.o
                0x0000000066571b60                .refptr.PMC_Subtruct_X_L
 .rdata$.refptr.PMC_Subtruct_X_UX
                0x0000000066571b70       0x10 ../build/x64_Debug/pmc_initialize.o
                0x0000000066571b70                .refptr.PMC_Subtruct_X_UX
 .rdata$.refptr.PMC_Subtruct_X_X
                0x0000000066571b80       0x10 ../build/x64_Debug/pmc_initialize.o
                0x0000000066571b80                .refptr.PMC_Subtruct_X_X
 .rdata$.refptr.PMC_ToByteArray
                0x0000000066571b90       0x10 ../build/x64_Debug/pmc_initialize.o
                0x0000000066571b90                .refptr.PMC_ToByteArray
 .rdata$.refptr.PMC_To_X_I
                0x0000000066571ba0       0x10 ../build/x64_Debug/pmc_initialize.o
                0x0000000066571ba0                .refptr.PMC_To_X_I
 .rdata$.refptr.PMC_To_X_L
                0x0000000066571bb0       0x10 ../build/x64_Debug/pmc_initialize.o
                0x0000000066571bb0                .refptr.PMC_To_X_L
 .rdata$.refptr.PMC_TryParse
                0x0000000066571bc0       0x10 ../build/x64_Debug/pmc_initialize.o
                0x0000000066571bc0                .refptr.PMC_TryParse
 .rdata$.refptr.ep_uint
                0x0000000066571bd0       0x10 ../build/x64_Debug/pmc_add_sub.o
                0x0000000066571bd0                .refptr.ep_uint
 .rdata$.refptr.number_zero
                0x0000000066571be0       0x10 ../build/x64_Debug/pmc_add_sub.o
                0x0000000066571be0                .refptr.number_zero
 .rdata$zzz     0x0000000066571bf0       0x40 ../build/x64_Debug/debug.o
 .rdata$zzz     0x0000000066571c30       0x40 ../build/x64_Debug/dllmain.o
 .rdata$zzz     0x0000000066571c70       0x40 ../build/x64_Debug/pmc_add_sub.o
 .rdata$zzz     0x0000000066571cb0       0x40 ../build/x64_Debug/pmc_bytes.o
 .rdata$zzz     0x0000000066571cf0       0x40 ../build/x64_Debug/pmc_clone.o
 .rdata$zzz     0x0000000066571d30       0x40 ../build/x64_Debug/pmc_compare.o
 .rdata$zzz     0x0000000066571d70       0x40 ../build/x64_Debug/pmc_divrem.o
 .rdata$zzz     0x0000000066571db0       0x40 ../build/x64_Debug/pmc_equals.o
 .rdata$zzz     0x0000000066571df0       0x40 ../build/x64_Debug/pmc_from.o
 .rdata$zzz     0x0000000066571e30       0x40 ../build/x64_Debug/pmc_greatestcommondivisor.o
 .rdata$zzz     0x0000000066571e70       0x40 ../build/x64_Debug/pmc_initialize.o
 .rdata$zzz     0x0000000066571eb0       0x40 ../build/x64_Debug/pmc_memory.o
 .rdata$zzz     0x0000000066571ef0       0x40 ../build/x64_Debug/pmc_multiply.o
 .rdata$zzz     0x0000000066571f30       0x40 ../build/x64_Debug/pmc_negate.o
 .rdata$zzz     0x0000000066571f70       0x40 ../build/x64_Debug/pmc_parse.o
 .rdata$zzz     0x0000000066571fb0       0x40 ../build/x64_Debug/pmc_statistics.o
 .rdata$zzz     0x0000000066571ff0       0x40 ../build/x64_Debug/pmc_to.o
 .rdata$zzz     0x0000000066572030       0x40 ../build/x64_Debug/TEST_autogenerated_1.o
 .rdata$zzz     0x0000000066572070       0x40 ../build/x64_Debug/TEST_autogenerated_2.o
 .rdata$zzz     0x00000000665720b0       0x40 ../build/x64_Debug/TEST_op_Add.o
 .rdata$zzz     0x00000000665720f0       0x40 ../build/x64_Debug/TEST_op_Clone.o
 .rdata$zzz     0x0000000066572130       0x40 ../build/x64_Debug/TEST_op_Compare.o
 .rdata$zzz     0x0000000066572170       0x40 ../build/x64_Debug/TEST_op_DivRem.o
 .rdata$zzz     0x00000000665721b0       0x40 ../build/x64_Debug/TEST_op_Equals.o
 .rdata$zzz     0x00000000665721f0       0x40 ../build/x64_Debug/TEST_op_From_To.o
 .rdata$zzz     0x0000000066572230       0x40 ../build/x64_Debug/TEST_op_GreatestCommonDivisor.o
 .rdata$zzz     0x0000000066572270       0x40 ../build/x64_Debug/TEST_op_Multiply.o
 .rdata$zzz     0x00000000665722b0       0x40 ../build/x64_Debug/TEST_op_Negate.o
 .rdata$zzz     0x00000000665722f0       0x40 ../build/x64_Debug/TEST_op_ParseDN.o
 .rdata$zzz     0x0000000066572330       0x40 ../build/x64_Debug/TEST_op_ParseX.o
 .rdata$zzz     0x0000000066572370       0x40 ../build/x64_Debug/TEST_op_Remainder.o
 .rdata$zzz     0x00000000665723b0       0x40 ../build/x64_Debug/TEST_op_Subtruct.o
                0x00000000665723f0                __rt_psrelocs_start = .
 *(.rdata_runtime_pseudo_reloc)
                0x00000000665723f0                __rt_psrelocs_end = .
                0x0000000000000000                __rt_psrelocs_size = (__rt_psrelocs_end - __rt_psrelocs_start)
                0x00000000665723f0                ___RUNTIME_PSEUDO_RELOC_LIST_END__ = .
                0x00000000665723f0                __RUNTIME_PSEUDO_RELOC_LIST_END__ = .
                0x00000000665723f0                ___RUNTIME_PSEUDO_RELOC_LIST__ = (. - __rt_psrelocs_size)
                0x00000000665723f0                __RUNTIME_PSEUDO_RELOC_LIST__ = (. - __rt_psrelocs_size)

.eh_frame
 *(.eh_frame*)

.pdata          0x0000000066573000      0xa00
 *(.pdata*)
 .pdata         0x0000000066573000       0x60 ../build/x64_Debug/debug.o
 .pdata         0x0000000066573060        0xc ../build/x64_Debug/dllmain.o
 .pdata         0x000000006657306c      0x108 ../build/x64_Debug/pmc_add_sub.o
 .pdata         0x0000000066573174       0x18 ../build/x64_Debug/pmc_bytes.o
 .pdata         0x000000006657318c        0xc ../build/x64_Debug/pmc_clone.o
 .pdata         0x0000000066573198       0x90 ../build/x64_Debug/pmc_compare.o
 .pdata         0x0000000066573228       0x6c ../build/x64_Debug/pmc_divrem.o
 .pdata         0x0000000066573294       0x6c ../build/x64_Debug/pmc_equals.o
 .pdata         0x0000000066573300       0x30 ../build/x64_Debug/pmc_from.o
 .pdata         0x0000000066573330       0x6c ../build/x64_Debug/pmc_greatestcommondivisor.o
 .pdata         0x000000006657339c       0x48 ../build/x64_Debug/pmc_initialize.o
 .pdata         0x00000000665733e4       0xc0 ../build/x64_Debug/pmc_memory.o
 .pdata         0x00000000665734a4       0x90 ../build/x64_Debug/pmc_multiply.o
 .pdata         0x0000000066573534        0xc ../build/x64_Debug/pmc_negate.o
 .pdata         0x0000000066573540        0xc ../build/x64_Debug/pmc_parse.o
 .pdata         0x000000006657354c        0xc ../build/x64_Debug/pmc_statistics.o
 .pdata         0x0000000066573558       0x18 ../build/x64_Debug/pmc_to.o
 .pdata         0x0000000066573570        0xc ../build/x64_Debug/TEST_autogenerated_1.o
 .pdata         0x000000006657357c        0xc ../build/x64_Debug/TEST_autogenerated_2.o
 .pdata         0x0000000066573588       0x60 ../build/x64_Debug/TEST_op_Add.o
 .pdata         0x00000000665735e8       0x18 ../build/x64_Debug/TEST_op_Clone.o
 .pdata         0x0000000066573600       0x54 ../build/x64_Debug/TEST_op_Compare.o
 .pdata         0x0000000066573654       0x60 ../build/x64_Debug/TEST_op_DivRem.o
 .pdata         0x00000000665736b4       0x54 ../build/x64_Debug/TEST_op_Equals.o
 .pdata         0x0000000066573708       0x3c ../build/x64_Debug/TEST_op_From_To.o
 .pdata         0x0000000066573744       0x60 ../build/x64_Debug/TEST_op_GreatestCommonDivisor.o
 .pdata         0x00000000665737a4       0x60 ../build/x64_Debug/TEST_op_Multiply.o
 .pdata         0x0000000066573804       0x18 ../build/x64_Debug/TEST_op_Negate.o
 .pdata         0x000000006657381c       0x30 ../build/x64_Debug/TEST_op_ParseDN.o
 .pdata         0x000000006657384c       0x18 ../build/x64_Debug/TEST_op_ParseX.o
 .pdata         0x0000000066573864       0x60 ../build/x64_Debug/TEST_op_Remainder.o
 .pdata         0x00000000665738c4       0x60 ../build/x64_Debug/TEST_op_Subtruct.o

.xdata          0x0000000066574000      0xa00
 *(.xdata*)
 .xdata         0x0000000066574000       0x60 ../build/x64_Debug/debug.o
 .xdata         0x0000000066574060        0xc ../build/x64_Debug/dllmain.o
 .xdata         0x000000006657406c      0x100 ../build/x64_Debug/pmc_add_sub.o
 .xdata         0x000000006657416c       0x18 ../build/x64_Debug/pmc_bytes.o
 .xdata         0x0000000066574184        0xc ../build/x64_Debug/pmc_clone.o
 .xdata         0x0000000066574190       0x88 ../build/x64_Debug/pmc_compare.o
 .xdata         0x0000000066574218       0x64 ../build/x64_Debug/pmc_divrem.o
 .xdata         0x000000006657427c       0x64 ../build/x64_Debug/pmc_equals.o
 .xdata         0x00000000665742e0       0x30 ../build/x64_Debug/pmc_from.o
 .xdata         0x0000000066574310       0x64 ../build/x64_Debug/pmc_greatestcommondivisor.o
 .xdata         0x0000000066574374       0x4c ../build/x64_Debug/pmc_initialize.o
 .xdata         0x00000000665743c0       0xb8 ../build/x64_Debug/pmc_memory.o
 .xdata         0x0000000066574478       0x88 ../build/x64_Debug/pmc_multiply.o
 .xdata         0x0000000066574500        0xc ../build/x64_Debug/pmc_negate.o
 .xdata         0x000000006657450c        0xc ../build/x64_Debug/pmc_parse.o
 .xdata         0x0000000066574518        0xc ../build/x64_Debug/pmc_statistics.o
 .xdata         0x0000000066574524       0x18 ../build/x64_Debug/pmc_to.o
 .xdata         0x000000006657453c       0x18 ../build/x64_Debug/TEST_autogenerated_1.o
 .xdata         0x0000000066574554        0xc ../build/x64_Debug/TEST_autogenerated_2.o
 .xdata         0x0000000066574560       0x78 ../build/x64_Debug/TEST_op_Add.o
 .xdata         0x00000000665745d8       0x18 ../build/x64_Debug/TEST_op_Clone.o
 .xdata         0x00000000665745f0       0x70 ../build/x64_Debug/TEST_op_Compare.o
 .xdata         0x0000000066574660       0x78 ../build/x64_Debug/TEST_op_DivRem.o
 .xdata         0x00000000665746d8       0x70 ../build/x64_Debug/TEST_op_Equals.o
 .xdata         0x0000000066574748       0x48 ../build/x64_Debug/TEST_op_From_To.o
 .xdata         0x0000000066574790       0x78 ../build/x64_Debug/TEST_op_GreatestCommonDivisor.o
 .xdata         0x0000000066574808       0x78 ../build/x64_Debug/TEST_op_Multiply.o
 .xdata         0x0000000066574880       0x18 ../build/x64_Debug/TEST_op_Negate.o
 .xdata         0x0000000066574898       0x38 ../build/x64_Debug/TEST_op_ParseDN.o
 .xdata         0x00000000665748d0       0x18 ../build/x64_Debug/TEST_op_ParseX.o
 .xdata         0x00000000665748e8       0x78 ../build/x64_Debug/TEST_op_Remainder.o
 .xdata         0x0000000066574960       0x78 ../build/x64_Debug/TEST_op_Subtruct.o

.bss            0x0000000066575000     0x1c88
                0x0000000066575000                __bss_start__ = .
 *(.bss)
 .bss           0x0000000066575000      0x420 ../build/x64_Debug/debug.o
                0x0000000066575000                test_total_count
                0x0000000066575004                test_ok_count
                0x0000000066575008                __DEBUG_LOG
 .bss           0x0000000066575420        0x0 ../build/x64_Debug/dllmain.o
 .bss           0x0000000066575420        0x0 ../build/x64_Debug/pmc_add_sub.o
 .bss           0x0000000066575420        0x0 ../build/x64_Debug/pmc_bytes.o
 .bss           0x0000000066575420        0x0 ../build/x64_Debug/pmc_clone.o
 .bss           0x0000000066575420        0x0 ../build/x64_Debug/pmc_compare.o
 .bss           0x0000000066575420        0x0 ../build/x64_Debug/pmc_divrem.o
 .bss           0x0000000066575420        0x0 ../build/x64_Debug/pmc_equals.o
 .bss           0x0000000066575420        0x0 ../build/x64_Debug/pmc_from.o
 .bss           0x0000000066575420        0x0 ../build/x64_Debug/pmc_greatestcommondivisor.o
 .bss           0x0000000066575420      0x440 ../build/x64_Debug/pmc_initialize.o
 .bss           0x0000000066575860        0x0 ../build/x64_Debug/pmc_memory.o
 .bss           0x0000000066575860        0x0 ../build/x64_Debug/pmc_multiply.o
 .bss           0x0000000066575860        0x0 ../build/x64_Debug/pmc_negate.o
 .bss           0x0000000066575860        0x0 ../build/x64_Debug/pmc_parse.o
 .bss           0x0000000066575860        0x0 ../build/x64_Debug/pmc_statistics.o
 .bss           0x0000000066575860        0x0 ../build/x64_Debug/pmc_to.o
 .bss           0x0000000066575860      0x1f0 ../build/x64_Debug/TEST_autogenerated_1.o
 .bss           0x0000000066575a50      0xae0 ../build/x64_Debug/TEST_autogenerated_2.o
 .bss           0x0000000066576530        0x0 ../build/x64_Debug/TEST_op_Add.o
 .bss           0x0000000066576530        0x0 ../build/x64_Debug/TEST_op_Clone.o
 .bss           0x0000000066576530        0x0 ../build/x64_Debug/TEST_op_Compare.o
 .bss           0x0000000066576530        0x0 ../build/x64_Debug/TEST_op_DivRem.o
 .bss           0x0000000066576530        0x0 ../build/x64_Debug/TEST_op_Equals.o
 .bss           0x0000000066576530        0x0 ../build/x64_Debug/TEST_op_From_To.o
 .bss           0x0000000066576530        0x0 ../build/x64_Debug/TEST_op_GreatestCommonDivisor.o
 .bss           0x0000000066576530        0x0 ../build/x64_Debug/TEST_op_Multiply.o
 .bss           0x0000000066576530        0x0 ../build/x64_Debug/TEST_op_Negate.o
 *fill*         0x0000000066576530       0x10 
 .bss           0x0000000066576540      0x360 ../build/x64_Debug/TEST_op_ParseDN.o
 .bss           0x00000000665768a0      0x120 ../build/x64_Debug/TEST_op_ParseX.o
 .bss           0x00000000665769c0        0x0 ../build/x64_Debug/TEST_op_Remainder.o
 .bss           0x00000000665769c0        0x0 ../build/x64_Debug/TEST_op_Subtruct.o
 .bss           0x00000000665769c0        0x0 C:/GNU/MINGW64/x86_64-8.1.0-win32-seh-rt_v6-rev0/mingw64/bin/../lib/gcc/x86_64-w64-mingw32/8.1.0/../../../../x86_64-w64-mingw32/lib/../lib/libkernel32.a(dqifs01549.o)
 .bss           0x00000000665769c0        0x0 C:/GNU/MINGW64/x86_64-8.1.0-win32-seh-rt_v6-rev0/mingw64/bin/../lib/gcc/x86_64-w64-mingw32/8.1.0/../../../../x86_64-w64-mingw32/lib/../lib/libkernel32.a(dqifs00954.o)
 .bss           0x00000000665769c0        0x0 C:/GNU/MINGW64/x86_64-8.1.0-win32-seh-rt_v6-rev0/mingw64/bin/../lib/gcc/x86_64-w64-mingw32/8.1.0/../../../../x86_64-w64-mingw32/lib/../lib/libkernel32.a(dqifs00841.o)
 .bss           0x00000000665769c0        0x0 C:/GNU/MINGW64/x86_64-8.1.0-win32-seh-rt_v6-rev0/mingw64/bin/../lib/gcc/x86_64-w64-mingw32/8.1.0/../../../../x86_64-w64-mingw32/lib/../lib/libkernel32.a(dqifs00839.o)
 .bss           0x00000000665769c0        0x0 C:/GNU/MINGW64/x86_64-8.1.0-win32-seh-rt_v6-rev0/mingw64/bin/../lib/gcc/x86_64-w64-mingw32/8.1.0/../../../../x86_64-w64-mingw32/lib/../lib/libkernel32.a(dqifs00837.o)
 .bss           0x00000000665769c0        0x0 C:/GNU/MINGW64/x86_64-8.1.0-win32-seh-rt_v6-rev0/mingw64/bin/../lib/gcc/x86_64-w64-mingw32/8.1.0/../../../../x86_64-w64-mingw32/lib/../lib/libkernel32.a(dqifs00835.o)
 .bss           0x00000000665769c0        0x0 C:/GNU/MINGW64/x86_64-8.1.0-win32-seh-rt_v6-rev0/mingw64/bin/../lib/gcc/x86_64-w64-mingw32/8.1.0/../../../../x86_64-w64-mingw32/lib/../lib/libkernel32.a(dqifs00689.o)
 .bss           0x00000000665769c0        0x0 C:/GNU/MINGW64/x86_64-8.1.0-win32-seh-rt_v6-rev0/mingw64/bin/../lib/gcc/x86_64-w64-mingw32/8.1.0/../../../../x86_64-w64-mingw32/lib/../lib/libkernel32.a(dqifs00427.o)
 .bss           0x00000000665769c0        0x0 C:/GNU/MINGW64/x86_64-8.1.0-win32-seh-rt_v6-rev0/mingw64/bin/../lib/gcc/x86_64-w64-mingw32/8.1.0/../../../../x86_64-w64-mingw32/lib/../lib/libkernel32.a(dqifh.o)
 .bss           0x00000000665769c0        0x0 C:/GNU/MINGW64/x86_64-8.1.0-win32-seh-rt_v6-rev0/mingw64/bin/../lib/gcc/x86_64-w64-mingw32/8.1.0/../../../../x86_64-w64-mingw32/lib/../lib/libkernel32.a(dqift.o)
 .bss           0x00000000665769c0        0x0 C:/GNU/MINGW64/x86_64-8.1.0-win32-seh-rt_v6-rev0/mingw64/bin/../lib/gcc/x86_64-w64-mingw32/8.1.0/../../../../x86_64-w64-mingw32/lib/../lib/libuser32.a(dyqes00958.o)
 .bss           0x00000000665769c0        0x0 C:/GNU/MINGW64/x86_64-8.1.0-win32-seh-rt_v6-rev0/mingw64/bin/../lib/gcc/x86_64-w64-mingw32/8.1.0/../../../../x86_64-w64-mingw32/lib/../lib/libuser32.a(dyqeh.o)
 .bss           0x00000000665769c0        0x0 C:/GNU/MINGW64/x86_64-8.1.0-win32-seh-rt_v6-rev0/mingw64/bin/../lib/gcc/x86_64-w64-mingw32/8.1.0/../../../../x86_64-w64-mingw32/lib/../lib/libuser32.a(dyqet.o)
 *(COMMON)
 COMMON         0x00000000665769c0       0x10 ../build/x64_Debug/debug.o
                0x00000000665769c0                uint_number_one
                0x00000000665769c8                uint_number_zero
 *fill*         0x00000000665769d0       0x10 
 COMMON         0x00000000665769e0      0x238 ../build/x64_Debug/pmc_initialize.o
                0x00000000665769e0                ep_uint
 *fill*         0x0000000066576c18        0x8 
 COMMON         0x0000000066576c20       0x68 ../build/x64_Debug/pmc_memory.o
                0x0000000066576c20                number_one
                0x0000000066576c40                number_minus_one
                0x0000000066576c60                number_zero
                0x0000000066576c80                hLocalHeap
                0x0000000066576c88                __bss_end__ = .

.edata          0x0000000066577000      0x200
 *(.edata)
 .edata         0x0000000066577000       0x74 dll stuff

/DISCARD/
 *(.debug$S)
 *(.debug$T)
 *(.debug$F)
 *(.drectve)
 *(.note.GNU-stack)
 *(.gnu.lto_*)

.idata          0x0000000066578000      0x200
 SORT_BY_NAME(*)(.idata$2)
 .idata$2       0x0000000066578000       0x14 C:/GNU/MINGW64/x86_64-8.1.0-win32-seh-rt_v6-rev0/mingw64/bin/../lib/gcc/x86_64-w64-mingw32/8.1.0/../../../../x86_64-w64-mingw32/lib/../lib/libkernel32.a(dqifh.o)
                0x0000000066578000                _head_lib64_libkernel32_a
 .idata$2       0x0000000066578014       0x14 C:/GNU/MINGW64/x86_64-8.1.0-win32-seh-rt_v6-rev0/mingw64/bin/../lib/gcc/x86_64-w64-mingw32/8.1.0/../../../../x86_64-w64-mingw32/lib/../lib/libuser32.a(dyqeh.o)
                0x0000000066578014                _head_lib64_libuser32_a
 SORT_BY_NAME(*)(.idata$3)
                0x0000000066578028        0x4 LONG 0x0
                0x000000006657802c        0x4 LONG 0x0
                0x0000000066578030        0x4 LONG 0x0
                0x0000000066578034        0x4 LONG 0x0
                0x0000000066578038        0x4 LONG 0x0
 SORT_BY_NAME(*)(.idata$4)
 .idata$4       0x000000006657803c        0x0 C:/GNU/MINGW64/x86_64-8.1.0-win32-seh-rt_v6-rev0/mingw64/bin/../lib/gcc/x86_64-w64-mingw32/8.1.0/../../../../x86_64-w64-mingw32/lib/../lib/libkernel32.a(dqifh.o)
 .idata$4       0x000000006657803c        0x8 C:/GNU/MINGW64/x86_64-8.1.0-win32-seh-rt_v6-rev0/mingw64/bin/../lib/gcc/x86_64-w64-mingw32/8.1.0/../../../../x86_64-w64-mingw32/lib/../lib/libkernel32.a(dqifs00427.o)
 .idata$4       0x0000000066578044        0x8 C:/GNU/MINGW64/x86_64-8.1.0-win32-seh-rt_v6-rev0/mingw64/bin/../lib/gcc/x86_64-w64-mingw32/8.1.0/../../../../x86_64-w64-mingw32/lib/../lib/libkernel32.a(dqifs00689.o)
 .idata$4       0x000000006657804c        0x8 C:/GNU/MINGW64/x86_64-8.1.0-win32-seh-rt_v6-rev0/mingw64/bin/../lib/gcc/x86_64-w64-mingw32/8.1.0/../../../../x86_64-w64-mingw32/lib/../lib/libkernel32.a(dqifs00835.o)
 .idata$4       0x0000000066578054        0x8 C:/GNU/MINGW64/x86_64-8.1.0-win32-seh-rt_v6-rev0/mingw64/bin/../lib/gcc/x86_64-w64-mingw32/8.1.0/../../../../x86_64-w64-mingw32/lib/../lib/libkernel32.a(dqifs00837.o)
 .idata$4       0x000000006657805c        0x8 C:/GNU/MINGW64/x86_64-8.1.0-win32-seh-rt_v6-rev0/mingw64/bin/../lib/gcc/x86_64-w64-mingw32/8.1.0/../../../../x86_64-w64-mingw32/lib/../lib/libkernel32.a(dqifs00839.o)
 .idata$4       0x0000000066578064        0x8 C:/GNU/MINGW64/x86_64-8.1.0-win32-seh-rt_v6-rev0/mingw64/bin/../lib/gcc/x86_64-w64-mingw32/8.1.0/../../../../x86_64-w64-mingw32/lib/../lib/libkernel32.a(dqifs00841.o)
 .idata$4       0x000000006657806c        0x8 C:/GNU/MINGW64/x86_64-8.1.0-win32-seh-rt_v6-rev0/mingw64/bin/../lib/gcc/x86_64-w64-mingw32/8.1.0/../../../../x86_64-w64-mingw32/lib/../lib/libkernel32.a(dqifs00954.o)
 .idata$4       0x0000000066578074        0x8 C:/GNU/MINGW64/x86_64-8.1.0-win32-seh-rt_v6-rev0/mingw64/bin/../lib/gcc/x86_64-w64-mingw32/8.1.0/../../../../x86_64-w64-mingw32/lib/../lib/libkernel32.a(dqifs01549.o)
 .idata$4       0x000000006657807c        0x8 C:/GNU/MINGW64/x86_64-8.1.0-win32-seh-rt_v6-rev0/mingw64/bin/../lib/gcc/x86_64-w64-mingw32/8.1.0/../../../../x86_64-w64-mingw32/lib/../lib/libkernel32.a(dqift.o)
 .idata$4       0x0000000066578084        0x0 C:/GNU/MINGW64/x86_64-8.1.0-win32-seh-rt_v6-rev0/mingw64/bin/../lib/gcc/x86_64-w64-mingw32/8.1.0/../../../../x86_64-w64-mingw32/lib/../lib/libuser32.a(dyqeh.o)
 .idata$4       0x0000000066578084        0x8 C:/GNU/MINGW64/x86_64-8.1.0-win32-seh-rt_v6-rev0/mingw64/bin/../lib/gcc/x86_64-w64-mingw32/8.1.0/../../../../x86_64-w64-mingw32/lib/../lib/libuser32.a(dyqes00958.o)
 .idata$4       0x000000006657808c        0x8 C:/GNU/MINGW64/x86_64-8.1.0-win32-seh-rt_v6-rev0/mingw64/bin/../lib/gcc/x86_64-w64-mingw32/8.1.0/../../../../x86_64-w64-mingw32/lib/../lib/libuser32.a(dyqet.o)
                0x0000000066578094                __IAT_start__ = .
 SORT_BY_NAME(*)(.idata$5)
 .idata$5       0x0000000066578094        0x0 C:/GNU/MINGW64/x86_64-8.1.0-win32-seh-rt_v6-rev0/mingw64/bin/../lib/gcc/x86_64-w64-mingw32/8.1.0/../../../../x86_64-w64-mingw32/lib/../lib/libkernel32.a(dqifh.o)
 .idata$5       0x0000000066578094        0x8 C:/GNU/MINGW64/x86_64-8.1.0-win32-seh-rt_v6-rev0/mingw64/bin/../lib/gcc/x86_64-w64-mingw32/8.1.0/../../../../x86_64-w64-mingw32/lib/../lib/libkernel32.a(dqifs00427.o)
                0x0000000066578094                __imp_FreeLibrary
 .idata$5       0x000000006657809c        0x8 C:/GNU/MINGW64/x86_64-8.1.0-win32-seh-rt_v6-rev0/mingw64/bin/../lib/gcc/x86_64-w64-mingw32/8.1.0/../../../../x86_64-w64-mingw32/lib/../lib/libkernel32.a(dqifs00689.o)
                0x000000006657809c                __imp_GetProcAddress
 .idata$5       0x00000000665780a4        0x8 C:/GNU/MINGW64/x86_64-8.1.0-win32-seh-rt_v6-rev0/mingw64/bin/../lib/gcc/x86_64-w64-mingw32/8.1.0/../../../../x86_64-w64-mingw32/lib/../lib/libkernel32.a(dqifs00835.o)
                0x00000000665780a4                __imp_HeapAlloc
 .idata$5       0x00000000665780ac        0x8 C:/GNU/MINGW64/x86_64-8.1.0-win32-seh-rt_v6-rev0/mingw64/bin/../lib/gcc/x86_64-w64-mingw32/8.1.0/../../../../x86_64-w64-mingw32/lib/../lib/libkernel32.a(dqifs00837.o)
                0x00000000665780ac                __imp_HeapCreate
 .idata$5       0x00000000665780b4        0x8 C:/GNU/MINGW64/x86_64-8.1.0-win32-seh-rt_v6-rev0/mingw64/bin/../lib/gcc/x86_64-w64-mingw32/8.1.0/../../../../x86_64-w64-mingw32/lib/../lib/libkernel32.a(dqifs00839.o)
                0x00000000665780b4                __imp_HeapDestroy
 .idata$5       0x00000000665780bc        0x8 C:/GNU/MINGW64/x86_64-8.1.0-win32-seh-rt_v6-rev0/mingw64/bin/../lib/gcc/x86_64-w64-mingw32/8.1.0/../../../../x86_64-w64-mingw32/lib/../lib/libkernel32.a(dqifs00841.o)
                0x00000000665780bc                __imp_HeapFree
 .idata$5       0x00000000665780c4        0x8 C:/GNU/MINGW64/x86_64-8.1.0-win32-seh-rt_v6-rev0/mingw64/bin/../lib/gcc/x86_64-w64-mingw32/8.1.0/../../../../x86_64-w64-mingw32/lib/../lib/libkernel32.a(dqifs00954.o)
                0x00000000665780c4                __imp_LoadLibraryA
 .idata$5       0x00000000665780cc        0x8 C:/GNU/MINGW64/x86_64-8.1.0-win32-seh-rt_v6-rev0/mingw64/bin/../lib/gcc/x86_64-w64-mingw32/8.1.0/../../../../x86_64-w64-mingw32/lib/../lib/libkernel32.a(dqifs01549.o)
                0x00000000665780cc                __imp_lstrcpyW
 .idata$5       0x00000000665780d4        0x8 C:/GNU/MINGW64/x86_64-8.1.0-win32-seh-rt_v6-rev0/mingw64/bin/../lib/gcc/x86_64-w64-mingw32/8.1.0/../../../../x86_64-w64-mingw32/lib/../lib/libkernel32.a(dqift.o)
 .idata$5       0x00000000665780dc        0x0 C:/GNU/MINGW64/x86_64-8.1.0-win32-seh-rt_v6-rev0/mingw64/bin/../lib/gcc/x86_64-w64-mingw32/8.1.0/../../../../x86_64-w64-mingw32/lib/../lib/libuser32.a(dyqeh.o)
 .idata$5       0x00000000665780dc        0x8 C:/GNU/MINGW64/x86_64-8.1.0-win32-seh-rt_v6-rev0/mingw64/bin/../lib/gcc/x86_64-w64-mingw32/8.1.0/../../../../x86_64-w64-mingw32/lib/../lib/libuser32.a(dyqes00958.o)
                0x00000000665780dc                __imp_wsprintfW
 .idata$5       0x00000000665780e4        0x8 C:/GNU/MINGW64/x86_64-8.1.0-win32-seh-rt_v6-rev0/mingw64/bin/../lib/gcc/x86_64-w64-mingw32/8.1.0/../../../../x86_64-w64-mingw32/lib/../lib/libuser32.a(dyqet.o)
                0x00000000665780ec                __IAT_end__ = .
 SORT_BY_NAME(*)(.idata$6)
 .idata$6       0x00000000665780ec        0xe C:/GNU/MINGW64/x86_64-8.1.0-win32-seh-rt_v6-rev0/mingw64/bin/../lib/gcc/x86_64-w64-mingw32/8.1.0/../../../../x86_64-w64-mingw32/lib/../lib/libkernel32.a(dqifs00427.o)
 .idata$6       0x00000000665780fa       0x12 C:/GNU/MINGW64/x86_64-8.1.0-win32-seh-rt_v6-rev0/mingw64/bin/../lib/gcc/x86_64-w64-mingw32/8.1.0/../../../../x86_64-w64-mingw32/lib/../lib/libkernel32.a(dqifs00689.o)
 .idata$6       0x000000006657810c        0xc C:/GNU/MINGW64/x86_64-8.1.0-win32-seh-rt_v6-rev0/mingw64/bin/../lib/gcc/x86_64-w64-mingw32/8.1.0/../../../../x86_64-w64-mingw32/lib/../lib/libkernel32.a(dqifs00835.o)
 .idata$6       0x0000000066578118        0xe C:/GNU/MINGW64/x86_64-8.1.0-win32-seh-rt_v6-rev0/mingw64/bin/../lib/gcc/x86_64-w64-mingw32/8.1.0/../../../../x86_64-w64-mingw32/lib/../lib/libkernel32.a(dqifs00837.o)
 .idata$6       0x0000000066578126        0xe C:/GNU/MINGW64/x86_64-8.1.0-win32-seh-rt_v6-rev0/mingw64/bin/../lib/gcc/x86_64-w64-mingw32/8.1.0/../../../../x86_64-w64-mingw32/lib/../lib/libkernel32.a(dqifs00839.o)
 .idata$6       0x0000000066578134        0xc C:/GNU/MINGW64/x86_64-8.1.0-win32-seh-rt_v6-rev0/mingw64/bin/../lib/gcc/x86_64-w64-mingw32/8.1.0/../../../../x86_64-w64-mingw32/lib/../lib/libkernel32.a(dqifs00841.o)
 .idata$6       0x0000000066578140       0x10 C:/GNU/MINGW64/x86_64-8.1.0-win32-seh-rt_v6-rev0/mingw64/bin/../lib/gcc/x86_64-w64-mingw32/8.1.0/../../../../x86_64-w64-mingw32/lib/../lib/libkernel32.a(dqifs00954.o)
 .idata$6       0x0000000066578150        0xc C:/GNU/MINGW64/x86_64-8.1.0-win32-seh-rt_v6-rev0/mingw64/bin/../lib/gcc/x86_64-w64-mingw32/8.1.0/../../../../x86_64-w64-mingw32/lib/../lib/libkernel32.a(dqifs01549.o)
 .idata$6       0x000000006657815c        0xc C:/GNU/MINGW64/x86_64-8.1.0-win32-seh-rt_v6-rev0/mingw64/bin/../lib/gcc/x86_64-w64-mingw32/8.1.0/../../../../x86_64-w64-mingw32/lib/../lib/libuser32.a(dyqes00958.o)
 SORT_BY_NAME(*)(.idata$7)
 .idata$7       0x0000000066578168        0x4 C:/GNU/MINGW64/x86_64-8.1.0-win32-seh-rt_v6-rev0/mingw64/bin/../lib/gcc/x86_64-w64-mingw32/8.1.0/../../../../x86_64-w64-mingw32/lib/../lib/libkernel32.a(dqifs00427.o)
 .idata$7       0x000000006657816c        0x4 C:/GNU/MINGW64/x86_64-8.1.0-win32-seh-rt_v6-rev0/mingw64/bin/../lib/gcc/x86_64-w64-mingw32/8.1.0/../../../../x86_64-w64-mingw32/lib/../lib/libkernel32.a(dqifs00689.o)
 .idata$7       0x0000000066578170        0x4 C:/GNU/MINGW64/x86_64-8.1.0-win32-seh-rt_v6-rev0/mingw64/bin/../lib/gcc/x86_64-w64-mingw32/8.1.0/../../../../x86_64-w64-mingw32/lib/../lib/libkernel32.a(dqifs00835.o)
 .idata$7       0x0000000066578174        0x4 C:/GNU/MINGW64/x86_64-8.1.0-win32-seh-rt_v6-rev0/mingw64/bin/../lib/gcc/x86_64-w64-mingw32/8.1.0/../../../../x86_64-w64-mingw32/lib/../lib/libkernel32.a(dqifs00837.o)
 .idata$7       0x0000000066578178        0x4 C:/GNU/MINGW64/x86_64-8.1.0-win32-seh-rt_v6-rev0/mingw64/bin/../lib/gcc/x86_64-w64-mingw32/8.1.0/../../../../x86_64-w64-mingw32/lib/../lib/libkernel32.a(dqifs00839.o)
 .idata$7       0x000000006657817c        0x4 C:/GNU/MINGW64/x86_64-8.1.0-win32-seh-rt_v6-rev0/mingw64/bin/../lib/gcc/x86_64-w64-mingw32/8.1.0/../../../../x86_64-w64-mingw32/lib/../lib/libkernel32.a(dqifs00841.o)
 .idata$7       0x0000000066578180        0x4 C:/GNU/MINGW64/x86_64-8.1.0-win32-seh-rt_v6-rev0/mingw64/bin/../lib/gcc/x86_64-w64-mingw32/8.1.0/../../../../x86_64-w64-mingw32/lib/../lib/libkernel32.a(dqifs00954.o)
 .idata$7       0x0000000066578184        0x4 C:/GNU/MINGW64/x86_64-8.1.0-win32-seh-rt_v6-rev0/mingw64/bin/../lib/gcc/x86_64-w64-mingw32/8.1.0/../../../../x86_64-w64-mingw32/lib/../lib/libkernel32.a(dqifs01549.o)
 .idata$7       0x0000000066578188       0x10 C:/GNU/MINGW64/x86_64-8.1.0-win32-seh-rt_v6-rev0/mingw64/bin/../lib/gcc/x86_64-w64-mingw32/8.1.0/../../../../x86_64-w64-mingw32/lib/../lib/libkernel32.a(dqift.o)
                0x0000000066578188                __lib64_libkernel32_a_iname
 .idata$7       0x0000000066578198        0x4 C:/GNU/MINGW64/x86_64-8.1.0-win32-seh-rt_v6-rev0/mingw64/bin/../lib/gcc/x86_64-w64-mingw32/8.1.0/../../../../x86_64-w64-mingw32/lib/../lib/libuser32.a(dyqes00958.o)
 .idata$7       0x000000006657819c        0xc C:/GNU/MINGW64/x86_64-8.1.0-win32-seh-rt_v6-rev0/mingw64/bin/../lib/gcc/x86_64-w64-mingw32/8.1.0/../../../../x86_64-w64-mingw32/lib/../lib/libuser32.a(dyqet.o)
                0x000000006657819c                __lib64_libuser32_a_iname

.CRT            0x0000000066579000        0x0
                0x0000000066579000                ___crt_xc_start__ = .
 *(SORT_BY_NAME(.CRT$XC*))
                0x0000000066579000                ___crt_xc_end__ = .
                0x0000000066579000                ___crt_xi_start__ = .
 *(SORT_BY_NAME(.CRT$XI*))
                0x0000000066579000                ___crt_xi_end__ = .
                0x0000000066579000                ___crt_xl_start__ = .
 *(SORT_BY_NAME(.CRT$XL*))
                0x0000000066579000                ___crt_xp_start__ = .
 *(SORT_BY_NAME(.CRT$XP*))
                0x0000000066579000                ___crt_xp_end__ = .
                0x0000000066579000                ___crt_xt_start__ = .
 *(SORT_BY_NAME(.CRT$XT*))
                0x0000000066579000                ___crt_xt_end__ = .

.tls            0x0000000066579000        0x0
                0x0000000066579000                ___tls_start__ = .
 *(.tls$AAA)
 *(.tls)
 *(.tls$)
 *(SORT_BY_NAME(.tls$*))
 *(.tls$ZZZ)
                0x0000000066579000                ___tls_end__ = .

.endjunk        0x0000000066579000        0x0
                [!provide]                        PROVIDE (end = .)
                [!provide]                        PROVIDE (_end = .)
                0x0000000066579000                __end__ = .

.rsrc           0x0000000066579000      0x400
 *(.rsrc)
 .rsrc          0x0000000066579000      0x378 ../build/x64_Debug/version.o
 *(.rsrc$*)

.reloc          0x000000006657a000      0x200
 *(.reloc)
 .reloc         0x000000006657a000       0x88 dll stuff

.stab
 *(.stab)

.stabstr
 *(.stabstr)

.debug_aranges  0x000000006657b000      0x600
 *(.debug_aranges)
 .debug_aranges
                0x000000006657b000       0x30 ../build/x64_Debug/debug.o
 .debug_aranges
                0x000000006657b030       0x30 ../build/x64_Debug/dllmain.o
 .debug_aranges
                0x000000006657b060       0x30 ../build/x64_Debug/pmc_add_sub.o
 .debug_aranges
                0x000000006657b090       0x30 ../build/x64_Debug/pmc_bytes.o
 .debug_aranges
                0x000000006657b0c0       0x30 ../build/x64_Debug/pmc_clone.o
 .debug_aranges
                0x000000006657b0f0       0x30 ../build/x64_Debug/pmc_compare.o
 .debug_aranges
                0x000000006657b120       0x30 ../build/x64_Debug/pmc_divrem.o
 .debug_aranges
                0x000000006657b150       0x30 ../build/x64_Debug/pmc_equals.o
 .debug_aranges
                0x000000006657b180       0x30 ../build/x64_Debug/pmc_from.o
 .debug_aranges
                0x000000006657b1b0       0x30 ../build/x64_Debug/pmc_greatestcommondivisor.o
 .debug_aranges
                0x000000006657b1e0       0x30 ../build/x64_Debug/pmc_initialize.o
 .debug_aranges
                0x000000006657b210       0x30 ../build/x64_Debug/pmc_memory.o
 .debug_aranges
                0x000000006657b240       0x30 ../build/x64_Debug/pmc_multiply.o
 .debug_aranges
                0x000000006657b270       0x30 ../build/x64_Debug/pmc_negate.o
 .debug_aranges
                0x000000006657b2a0       0x30 ../build/x64_Debug/pmc_parse.o
 .debug_aranges
                0x000000006657b2d0       0x30 ../build/x64_Debug/pmc_statistics.o
 .debug_aranges
                0x000000006657b300       0x30 ../build/x64_Debug/pmc_to.o
 .debug_aranges
                0x000000006657b330       0x30 ../build/x64_Debug/TEST_autogenerated_1.o
 .debug_aranges
                0x000000006657b360       0x30 ../build/x64_Debug/TEST_autogenerated_2.o
 .debug_aranges
                0x000000006657b390       0x30 ../build/x64_Debug/TEST_op_Add.o
 .debug_aranges
                0x000000006657b3c0       0x30 ../build/x64_Debug/TEST_op_Clone.o
 .debug_aranges
                0x000000006657b3f0       0x30 ../build/x64_Debug/TEST_op_Compare.o
 .debug_aranges
                0x000000006657b420       0x30 ../build/x64_Debug/TEST_op_DivRem.o
 .debug_aranges
                0x000000006657b450       0x30 ../build/x64_Debug/TEST_op_Equals.o
 .debug_aranges
                0x000000006657b480       0x30 ../build/x64_Debug/TEST_op_From_To.o
 .debug_aranges
                0x000000006657b4b0       0x30 ../build/x64_Debug/TEST_op_GreatestCommonDivisor.o
 .debug_aranges
                0x000000006657b4e0       0x30 ../build/x64_Debug/TEST_op_Multiply.o
 .debug_aranges
                0x000000006657b510       0x30 ../build/x64_Debug/TEST_op_Negate.o
 .debug_aranges
                0x000000006657b540       0x30 ../build/x64_Debug/TEST_op_ParseDN.o
 .debug_aranges
                0x000000006657b570       0x30 ../build/x64_Debug/TEST_op_ParseX.o
 .debug_aranges
                0x000000006657b5a0       0x30 ../build/x64_Debug/TEST_op_Remainder.o
 .debug_aranges
                0x000000006657b5d0       0x30 ../build/x64_Debug/TEST_op_Subtruct.o

.zdebug_aranges
 *(.zdebug_aranges)

.debug_pubnames
 *(.debug_pubnames)

.zdebug_pubnames
 *(.zdebug_pubnames)

.debug_pubtypes
 *(.debug_pubtypes)

.zdebug_pubtypes
 *(.zdebug_pubtypes)

.debug_info     0x000000006657c000   0x16ba00
 *(.debug_info .gnu.linkonce.wi.*)
 .debug_info    0x000000006657c000     0x6bf3 ../build/x64_Debug/debug.o
 .debug_info    0x0000000066582bf3     0x5f89 ../build/x64_Debug/dllmain.o
 .debug_info    0x0000000066588b7c     0x6d28 ../build/x64_Debug/pmc_add_sub.o
 .debug_info    0x000000006658f8a4     0x60ac ../build/x64_Debug/pmc_bytes.o
 .debug_info    0x0000000066595950     0x5fe9 ../build/x64_Debug/pmc_clone.o
 .debug_info    0x000000006659b939     0x6590 ../build/x64_Debug/pmc_compare.o
 .debug_info    0x00000000665a1ec9     0x685a ../build/x64_Debug/pmc_divrem.o
 .debug_info    0x00000000665a8723     0x63dc ../build/x64_Debug/pmc_equals.o
 .debug_info    0x00000000665aeaff     0x6194 ../build/x64_Debug/pmc_from.o
 .debug_info    0x00000000665b4c93     0x6454 ../build/x64_Debug/pmc_greatestcommondivisor.o
 .debug_info    0x00000000665bb0e7     0x6b90 ../build/x64_Debug/pmc_initialize.o
 .debug_info    0x00000000665c1c77     0x662e ../build/x64_Debug/pmc_memory.o
 .debug_info    0x00000000665c82a5     0x6610 ../build/x64_Debug/pmc_multiply.o
 .debug_info    0x00000000665ce8b5     0x5feb ../build/x64_Debug/pmc_negate.o
 .debug_info    0x00000000665d48a0     0x6036 ../build/x64_Debug/pmc_parse.o
 .debug_info    0x00000000665da8d6     0x5ef2 ../build/x64_Debug/pmc_statistics.o
 .debug_info    0x00000000665e07c8     0x609e ../build/x64_Debug/pmc_to.o
 .debug_info    0x00000000665e6866    0x5c37c ../build/x64_Debug/TEST_autogenerated_1.o
 .debug_info    0x0000000066642be2    0x4b9e2 ../build/x64_Debug/TEST_autogenerated_2.o
 .debug_info    0x000000006668e5c4     0x6ffb ../build/x64_Debug/TEST_op_Add.o
 .debug_info    0x00000000666955bf     0x6995 ../build/x64_Debug/TEST_op_Clone.o
 .debug_info    0x000000006669bf54     0x6dec ../build/x64_Debug/TEST_op_Compare.o
 .debug_info    0x00000000666a2d40     0x7251 ../build/x64_Debug/TEST_op_DivRem.o
 .debug_info    0x00000000666a9f91     0x6de4 ../build/x64_Debug/TEST_op_Equals.o
 .debug_info    0x00000000666b0d75     0x6b91 ../build/x64_Debug/TEST_op_From_To.o
 .debug_info    0x00000000666b7906     0x70fb ../build/x64_Debug/TEST_op_GreatestCommonDivisor.o
 .debug_info    0x00000000666bea01     0x7023 ../build/x64_Debug/TEST_op_Multiply.o
 .debug_info    0x00000000666c5a24     0x6997 ../build/x64_Debug/TEST_op_Negate.o
 .debug_info    0x00000000666cc3bb     0x6c22 ../build/x64_Debug/TEST_op_ParseDN.o
 .debug_info    0x00000000666d2fdd     0x69a1 ../build/x64_Debug/TEST_op_ParseX.o
 .debug_info    0x00000000666d997e     0x7021 ../build/x64_Debug/TEST_op_Remainder.o
 .debug_info    0x00000000666e099f     0x7023 ../build/x64_Debug/TEST_op_Subtruct.o

.zdebug_info
 *(.zdebug_info .zdebug.gnu.linkonce.wi.*)

.debug_abbrev   0x00000000666e8000     0x5600
 *(.debug_abbrev)
 .debug_abbrev  0x00000000666e8000      0x2c5 ../build/x64_Debug/debug.o
 .debug_abbrev  0x00000000666e82c5      0x249 ../build/x64_Debug/dllmain.o
 .debug_abbrev  0x00000000666e850e      0x335 ../build/x64_Debug/pmc_add_sub.o
 .debug_abbrev  0x00000000666e8843      0x267 ../build/x64_Debug/pmc_bytes.o
 .debug_abbrev  0x00000000666e8aaa      0x24b ../build/x64_Debug/pmc_clone.o
 .debug_abbrev  0x00000000666e8cf5      0x2ff ../build/x64_Debug/pmc_compare.o
 .debug_abbrev  0x00000000666e8ff4      0x2f7 ../build/x64_Debug/pmc_divrem.o
 .debug_abbrev  0x00000000666e92eb      0x2a3 ../build/x64_Debug/pmc_equals.o
 .debug_abbrev  0x00000000666e958e      0x281 ../build/x64_Debug/pmc_from.o
 .debug_abbrev  0x00000000666e980f      0x2a3 ../build/x64_Debug/pmc_greatestcommondivisor.o
 .debug_abbrev  0x00000000666e9ab2      0x340 ../build/x64_Debug/pmc_initialize.o
 .debug_abbrev  0x00000000666e9df2      0x3f3 ../build/x64_Debug/pmc_memory.o
 .debug_abbrev  0x00000000666ea1e5      0x310 ../build/x64_Debug/pmc_multiply.o
 .debug_abbrev  0x00000000666ea4f5      0x24b ../build/x64_Debug/pmc_negate.o
 .debug_abbrev  0x00000000666ea740      0x24b ../build/x64_Debug/pmc_parse.o
 .debug_abbrev  0x00000000666ea98b      0x249 ../build/x64_Debug/pmc_statistics.o
 .debug_abbrev  0x00000000666eabd4      0x267 ../build/x64_Debug/pmc_to.o
 .debug_abbrev  0x00000000666eae3b      0x277 ../build/x64_Debug/TEST_autogenerated_1.o
 .debug_abbrev  0x00000000666eb0b2      0x277 ../build/x64_Debug/TEST_autogenerated_2.o
 .debug_abbrev  0x00000000666eb329      0x2a2 ../build/x64_Debug/TEST_op_Add.o
 .debug_abbrev  0x00000000666eb5cb      0x280 ../build/x64_Debug/TEST_op_Clone.o
 .debug_abbrev  0x00000000666eb84b      0x2a2 ../build/x64_Debug/TEST_op_Compare.o
 .debug_abbrev  0x00000000666ebaed      0x2b3 ../build/x64_Debug/TEST_op_DivRem.o
 .debug_abbrev  0x00000000666ebda0      0x2a2 ../build/x64_Debug/TEST_op_Equals.o
 .debug_abbrev  0x00000000666ec042      0x2a2 ../build/x64_Debug/TEST_op_From_To.o
 .debug_abbrev  0x00000000666ec2e4      0x2a2 ../build/x64_Debug/TEST_op_GreatestCommonDivisor.o
 .debug_abbrev  0x00000000666ec586      0x2a2 ../build/x64_Debug/TEST_op_Multiply.o
 .debug_abbrev  0x00000000666ec828      0x280 ../build/x64_Debug/TEST_op_Negate.o
 .debug_abbrev  0x00000000666ecaa8      0x2d3 ../build/x64_Debug/TEST_op_ParseDN.o
 .debug_abbrev  0x00000000666ecd7b      0x280 ../build/x64_Debug/TEST_op_ParseX.o
 .debug_abbrev  0x00000000666ecffb      0x2a2 ../build/x64_Debug/TEST_op_Remainder.o
 .debug_abbrev  0x00000000666ed29d      0x2a2 ../build/x64_Debug/TEST_op_Subtruct.o

.zdebug_abbrev
 *(.zdebug_abbrev)

.debug_line     0x00000000666ee000    0x2e400
 *(.debug_line)
 .debug_line    0x00000000666ee000      0x3c9 ../build/x64_Debug/debug.o
 .debug_line    0x00000000666ee3c9      0x2b0 ../build/x64_Debug/dllmain.o
 .debug_line    0x00000000666ee679      0xdc9 ../build/x64_Debug/pmc_add_sub.o
 .debug_line    0x00000000666ef442      0x303 ../build/x64_Debug/pmc_bytes.o
 .debug_line    0x00000000666ef745      0x2db ../build/x64_Debug/pmc_clone.o
 .debug_line    0x00000000666efa20      0x725 ../build/x64_Debug/pmc_compare.o
 .debug_line    0x00000000666f0145      0xab5 ../build/x64_Debug/pmc_divrem.o
 .debug_line    0x00000000666f0bfa      0x5a4 ../build/x64_Debug/pmc_equals.o
 .debug_line    0x00000000666f119e      0x32e ../build/x64_Debug/pmc_from.o
 .debug_line    0x00000000666f14cc      0x4a0 ../build/x64_Debug/pmc_greatestcommondivisor.o
 .debug_line    0x00000000666f196c      0x4e2 ../build/x64_Debug/pmc_initialize.o
 .debug_line    0x00000000666f1e4e      0x5b5 ../build/x64_Debug/pmc_memory.o
 .debug_line    0x00000000666f2403      0x678 ../build/x64_Debug/pmc_multiply.o
 .debug_line    0x00000000666f2a7b      0x2c9 ../build/x64_Debug/pmc_negate.o
 .debug_line    0x00000000666f2d44      0x2ca ../build/x64_Debug/pmc_parse.o
 .debug_line    0x00000000666f300e      0x296 ../build/x64_Debug/pmc_statistics.o
 .debug_line    0x00000000666f32a4      0x333 ../build/x64_Debug/pmc_to.o
 .debug_line    0x00000000666f35d7    0x1b9fe ../build/x64_Debug/TEST_autogenerated_1.o
 .debug_line    0x000000006670efd5     0x9081 ../build/x64_Debug/TEST_autogenerated_2.o
 .debug_line    0x0000000066718056      0x63c ../build/x64_Debug/TEST_op_Add.o
 .debug_line    0x0000000066718692      0x34a ../build/x64_Debug/TEST_op_Clone.o
 .debug_line    0x00000000667189dc      0x4ef ../build/x64_Debug/TEST_op_Compare.o
 .debug_line    0x0000000066718ecb      0x768 ../build/x64_Debug/TEST_op_DivRem.o
 .debug_line    0x0000000066719633      0x4ee ../build/x64_Debug/TEST_op_Equals.o
 .debug_line    0x0000000066719b21      0x409 ../build/x64_Debug/TEST_op_From_To.o
 .debug_line    0x0000000066719f2a      0x671 ../build/x64_Debug/TEST_op_GreatestCommonDivisor.o
 .debug_line    0x000000006671a59b      0x641 ../build/x64_Debug/TEST_op_Multiply.o
 .debug_line    0x000000006671abdc      0x34b ../build/x64_Debug/TEST_op_Negate.o
 .debug_line    0x000000006671af27      0x3f3 ../build/x64_Debug/TEST_op_ParseDN.o
 .debug_line    0x000000006671b31a      0x333 ../build/x64_Debug/TEST_op_ParseX.o
 .debug_line    0x000000006671b64d      0x61a ../build/x64_Debug/TEST_op_Remainder.o
 .debug_line    0x000000006671bc67      0x641 ../build/x64_Debug/TEST_op_Subtruct.o

.zdebug_line
 *(.zdebug_line)

.debug_frame    0x000000006671d000     0x2800
 *(.debug_frame)
 .debug_frame   0x000000006671d000      0x158 ../build/x64_Debug/debug.o
 .debug_frame   0x000000006671d158       0x40 ../build/x64_Debug/dllmain.o
 .debug_frame   0x000000006671d198      0x388 ../build/x64_Debug/pmc_add_sub.o
 .debug_frame   0x000000006671d520       0x68 ../build/x64_Debug/pmc_bytes.o
 .debug_frame   0x000000006671d588       0x40 ../build/x64_Debug/pmc_clone.o
 .debug_frame   0x000000006671d5c8      0x1f8 ../build/x64_Debug/pmc_compare.o
 .debug_frame   0x000000006671d7c0      0x180 ../build/x64_Debug/pmc_divrem.o
 .debug_frame   0x000000006671d940      0x180 ../build/x64_Debug/pmc_equals.o
 .debug_frame   0x000000006671dac0       0xb8 ../build/x64_Debug/pmc_from.o
 .debug_frame   0x000000006671db78      0x180 ../build/x64_Debug/pmc_greatestcommondivisor.o
 .debug_frame   0x000000006671dcf8      0x128 ../build/x64_Debug/pmc_initialize.o
 .debug_frame   0x000000006671de20      0x298 ../build/x64_Debug/pmc_memory.o
 .debug_frame   0x000000006671e0b8      0x1f8 ../build/x64_Debug/pmc_multiply.o
 .debug_frame   0x000000006671e2b0       0x40 ../build/x64_Debug/pmc_negate.o
 .debug_frame   0x000000006671e2f0       0x40 ../build/x64_Debug/pmc_parse.o
 .debug_frame   0x000000006671e330       0x40 ../build/x64_Debug/pmc_statistics.o
 .debug_frame   0x000000006671e370       0x68 ../build/x64_Debug/pmc_to.o
 .debug_frame   0x000000006671e3d8       0x78 ../build/x64_Debug/TEST_autogenerated_1.o
 .debug_frame   0x000000006671e450       0x48 ../build/x64_Debug/TEST_autogenerated_2.o
 .debug_frame   0x000000006671e498      0x200 ../build/x64_Debug/TEST_op_Add.o
 .debug_frame   0x000000006671e698       0x80 ../build/x64_Debug/TEST_op_Clone.o
 .debug_frame   0x000000006671e718      0x1a0 ../build/x64_Debug/TEST_op_Compare.o
 .debug_frame   0x000000006671e8b8      0x200 ../build/x64_Debug/TEST_op_DivRem.o
 .debug_frame   0x000000006671eab8      0x1a0 ../build/x64_Debug/TEST_op_Equals.o
 .debug_frame   0x000000006671ec58      0x130 ../build/x64_Debug/TEST_op_From_To.o
 .debug_frame   0x000000006671ed88      0x200 ../build/x64_Debug/TEST_op_GreatestCommonDivisor.o
 .debug_frame   0x000000006671ef88      0x200 ../build/x64_Debug/TEST_op_Multiply.o
 .debug_frame   0x000000006671f188       0x80 ../build/x64_Debug/TEST_op_Negate.o
 .debug_frame   0x000000006671f208       0xe8 ../build/x64_Debug/TEST_op_ParseDN.o
 .debug_frame   0x000000006671f2f0       0x78 ../build/x64_Debug/TEST_op_ParseX.o
 .debug_frame   0x000000006671f368      0x1f0 ../build/x64_Debug/TEST_op_Remainder.o
 .debug_frame   0x000000006671f558      0x200 ../build/x64_Debug/TEST_op_Subtruct.o

.zdebug_frame
 *(.zdebug_frame)

.debug_str      0x0000000066720000     0x3c00
 *(.debug_str)
 .debug_str     0x0000000066720000      0x296 ../build/x64_Debug/debug.o
 .debug_str     0x0000000066720296       0x72 ../build/x64_Debug/dllmain.o
 .debug_str     0x0000000066720308       0xc2 ../build/x64_Debug/pmc_add_sub.o
 .debug_str     0x00000000667203ca       0x96 ../build/x64_Debug/pmc_bytes.o
 .debug_str     0x0000000066720460       0x96 ../build/x64_Debug/pmc_clone.o
 .debug_str     0x00000000667204f6       0xa4 ../build/x64_Debug/pmc_compare.o
 .debug_str     0x000000006672059a       0xb7 ../build/x64_Debug/pmc_divrem.o
 .debug_str     0x0000000066720651       0x9d ../build/x64_Debug/pmc_equals.o
 .debug_str     0x00000000667206ee       0x9d ../build/x64_Debug/pmc_from.o
 .debug_str     0x000000006672078b       0x9d ../build/x64_Debug/pmc_greatestcommondivisor.o
 .debug_str     0x0000000066720828      0x2b4 ../build/x64_Debug/pmc_initialize.o
 .debug_str     0x0000000066720adc       0xc7 ../build/x64_Debug/pmc_memory.o
 .debug_str     0x0000000066720ba3       0xa4 ../build/x64_Debug/pmc_multiply.o
 .debug_str     0x0000000066720c47       0x96 ../build/x64_Debug/pmc_negate.o
 .debug_str     0x0000000066720cdd       0x96 ../build/x64_Debug/pmc_parse.o
 .debug_str     0x0000000066720d73       0x82 ../build/x64_Debug/pmc_statistics.o
 .debug_str     0x0000000066720df5       0x96 ../build/x64_Debug/pmc_to.o
 .debug_str     0x0000000066720e8b      0x28c ../build/x64_Debug/TEST_autogenerated_1.o
 .debug_str     0x0000000066721117      0x28c ../build/x64_Debug/TEST_autogenerated_2.o
 .debug_str     0x00000000667213a3      0x32f ../build/x64_Debug/TEST_op_Add.o
 .debug_str     0x00000000667216d2      0x28c ../build/x64_Debug/TEST_op_Clone.o
 .debug_str     0x000000006672195e      0x2da ../build/x64_Debug/TEST_op_Compare.o
 .debug_str     0x0000000066721c38      0x382 ../build/x64_Debug/TEST_op_DivRem.o
 .debug_str     0x0000000066721fba      0x2da ../build/x64_Debug/TEST_op_Equals.o
 .debug_str     0x0000000066722294      0x2c8 ../build/x64_Debug/TEST_op_From_To.o
 .debug_str     0x000000006672255c      0x33e ../build/x64_Debug/TEST_op_GreatestCommonDivisor.o
 .debug_str     0x000000006672289a      0x32f ../build/x64_Debug/TEST_op_Multiply.o
 .debug_str     0x0000000066722bc9      0x28c ../build/x64_Debug/TEST_op_Negate.o
 .debug_str     0x0000000066722e55      0x2f8 ../build/x64_Debug/TEST_op_ParseDN.o
 .debug_str     0x000000006672314d      0x28c ../build/x64_Debug/TEST_op_ParseX.o
 .debug_str     0x00000000667233d9      0x337 ../build/x64_Debug/TEST_op_Remainder.o
 .debug_str     0x0000000066723710      0x32f ../build/x64_Debug/TEST_op_Subtruct.o

.zdebug_str
 *(.zdebug_str)

.debug_loc
 *(.debug_loc)

.zdebug_loc
 *(.zdebug_loc)

.debug_macinfo
 *(.debug_macinfo)

.zdebug_macinfo
 *(.zdebug_macinfo)

.debug_weaknames
 *(.debug_weaknames)

.zdebug_weaknames
 *(.zdebug_weaknames)

.debug_funcnames
 *(.debug_funcnames)

.zdebug_funcnames
 *(.zdebug_funcnames)

.debug_typenames
 *(.debug_typenames)

.zdebug_typenames
 *(.zdebug_typenames)

.debug_varnames
 *(.debug_varnames)

.zdebug_varnames
 *(.zdebug_varnames)

.debug_macro
 *(.debug_macro)

.zdebug_macro
 *(.zdebug_macro)

.debug_ranges
 *(.debug_ranges)

.zdebug_ranges
 *(.zdebug_ranges)

.debug_types
 *(.debug_types .gnu.linkonce.wt.*)

.zdebug_types
 *(.zdebug_types .zdebug.gnu.linkonce.wt.*)

.debug_gdb_scripts
 *(.debug_gdb_scripts)

.zdebug_gdb_scripts
 *(.zdebug_gdb_scripts)
OUTPUT(../../dist/x64_Debug/Palmtree.Math.Core.Sint.dll pei-x86-64)
LOAD dll stuff
