Archive member included to satisfy reference by file (symbol)

C:/GNU/MINGW64/x86_64-8.1.0-win32-seh-rt_v6-rev0/mingw64/bin/../lib/gcc/x86_64-w64-mingw32/8.1.0/../../../../x86_64-w64-mingw32/lib/../lib/libkernel32.a(dqifs00954.o)
                              ../build/x64_Debug/pmc_initialize.o (__imp_LoadLibraryA)
C:/GNU/MINGW64/x86_64-8.1.0-win32-seh-rt_v6-rev0/mingw64/bin/../lib/gcc/x86_64-w64-mingw32/8.1.0/../../../../x86_64-w64-mingw32/lib/../lib/libkernel32.a(dqifs00841.o)
                              ../build/x64_Debug/pmc_memory.o (__imp_HeapFree)
C:/GNU/MINGW64/x86_64-8.1.0-win32-seh-rt_v6-rev0/mingw64/bin/../lib/gcc/x86_64-w64-mingw32/8.1.0/../../../../x86_64-w64-mingw32/lib/../lib/libkernel32.a(dqifs00839.o)
                              ../build/x64_Debug/pmc_memory.o (__imp_HeapDestroy)
C:/GNU/MINGW64/x86_64-8.1.0-win32-seh-rt_v6-rev0/mingw64/bin/../lib/gcc/x86_64-w64-mingw32/8.1.0/../../../../x86_64-w64-mingw32/lib/../lib/libkernel32.a(dqifs00837.o)
                              ../build/x64_Debug/pmc_memory.o (__imp_HeapCreate)
C:/GNU/MINGW64/x86_64-8.1.0-win32-seh-rt_v6-rev0/mingw64/bin/../lib/gcc/x86_64-w64-mingw32/8.1.0/../../../../x86_64-w64-mingw32/lib/../lib/libkernel32.a(dqifs00835.o)
                              ../build/x64_Debug/pmc_memory.o (__imp_HeapAlloc)
C:/GNU/MINGW64/x86_64-8.1.0-win32-seh-rt_v6-rev0/mingw64/bin/../lib/gcc/x86_64-w64-mingw32/8.1.0/../../../../x86_64-w64-mingw32/lib/../lib/libkernel32.a(dqifs00689.o)
                              ../build/x64_Debug/pmc_initialize.o (__imp_GetProcAddress)
C:/GNU/MINGW64/x86_64-8.1.0-win32-seh-rt_v6-rev0/mingw64/bin/../lib/gcc/x86_64-w64-mingw32/8.1.0/../../../../x86_64-w64-mingw32/lib/../lib/libkernel32.a(dqifs00427.o)
                              ../build/x64_Debug/pmc_initialize.o (__imp_FreeLibrary)
C:/GNU/MINGW64/x86_64-8.1.0-win32-seh-rt_v6-rev0/mingw64/bin/../lib/gcc/x86_64-w64-mingw32/8.1.0/../../../../x86_64-w64-mingw32/lib/../lib/libkernel32.a(dqifh.o)
                              C:/GNU/MINGW64/x86_64-8.1.0-win32-seh-rt_v6-rev0/mingw64/bin/../lib/gcc/x86_64-w64-mingw32/8.1.0/../../../../x86_64-w64-mingw32/lib/../lib/libkernel32.a(dqifs00954.o) (_head_lib64_libkernel32_a)
C:/GNU/MINGW64/x86_64-8.1.0-win32-seh-rt_v6-rev0/mingw64/bin/../lib/gcc/x86_64-w64-mingw32/8.1.0/../../../../x86_64-w64-mingw32/lib/../lib/libkernel32.a(dqift.o)
                              C:/GNU/MINGW64/x86_64-8.1.0-win32-seh-rt_v6-rev0/mingw64/bin/../lib/gcc/x86_64-w64-mingw32/8.1.0/../../../../x86_64-w64-mingw32/lib/../lib/libkernel32.a(dqifh.o) (__lib64_libkernel32_a_iname)
C:/GNU/MINGW64/x86_64-8.1.0-win32-seh-rt_v6-rev0/mingw64/bin/../lib/gcc/x86_64-w64-mingw32/8.1.0/../../../../x86_64-w64-mingw32/lib/../lib/libuser32.a(dyqes00958.o)
                              ../build/x64_Debug/debug.o (__imp_wsprintfW)
C:/GNU/MINGW64/x86_64-8.1.0-win32-seh-rt_v6-rev0/mingw64/bin/../lib/gcc/x86_64-w64-mingw32/8.1.0/../../../../x86_64-w64-mingw32/lib/../lib/libuser32.a(dyqeh.o)
                              C:/GNU/MINGW64/x86_64-8.1.0-win32-seh-rt_v6-rev0/mingw64/bin/../lib/gcc/x86_64-w64-mingw32/8.1.0/../../../../x86_64-w64-mingw32/lib/../lib/libuser32.a(dyqes00958.o) (_head_lib64_libuser32_a)
C:/GNU/MINGW64/x86_64-8.1.0-win32-seh-rt_v6-rev0/mingw64/bin/../lib/gcc/x86_64-w64-mingw32/8.1.0/../../../../x86_64-w64-mingw32/lib/../lib/libuser32.a(dyqet.o)
                              C:/GNU/MINGW64/x86_64-8.1.0-win32-seh-rt_v6-rev0/mingw64/bin/../lib/gcc/x86_64-w64-mingw32/8.1.0/../../../../x86_64-w64-mingw32/lib/../lib/libuser32.a(dyqeh.o) (__lib64_libuser32_a_iname)

Allocating common symbols
Common symbol       size              file

number_one          0x18              ../build/x64_Debug/pmc_memory.o
number_minus_one    0x18              ../build/x64_Debug/pmc_memory.o
number_zero         0x18              ../build/x64_Debug/pmc_memory.o
ep_uint             0x230             ../build/x64_Debug/pmc_initialize.o
hLocalHeap          0x8               ../build/x64_Debug/pmc_memory.o

Discarded input sections

 .drectve       0x0000000000000000       0x14 ../build/x64_Debug/debug.o
 .rdata$.refptr.ep_uint
                0x0000000000000000       0x10 ../build/x64_Debug/pmc_bytes.o
 .rdata$.refptr.number_zero
                0x0000000000000000       0x10 ../build/x64_Debug/pmc_clone.o
 .rdata$.refptr.ep_uint
                0x0000000000000000       0x10 ../build/x64_Debug/pmc_from.o
 .rdata$.refptr.number_zero
                0x0000000000000000       0x10 ../build/x64_Debug/pmc_from.o
 .rdata$.refptr.ep_uint
                0x0000000000000000       0x10 ../build/x64_Debug/pmc_getnumbertype.o
 .drectve       0x0000000000000000       0x38 ../build/x64_Debug/pmc_initialize.o
 .drectve       0x0000000000000000       0x70 ../build/x64_Debug/pmc_memory.o
 .rdata$.refptr.ep_uint
                0x0000000000000000       0x10 ../build/x64_Debug/pmc_memory.o
 .rdata$.refptr.number_zero
                0x0000000000000000       0x10 ../build/x64_Debug/pmc_multiply.o
 .rdata$.refptr.ep_uint
                0x0000000000000000       0x10 ../build/x64_Debug/pmc_multiply.o
 .rdata$.refptr.ep_uint
                0x0000000000000000       0x10 ../build/x64_Debug/pmc_statistics.o
 .rdata$.refptr.ep_uint
                0x0000000000000000       0x10 ../build/x64_Debug/pmc_to.o

Memory Configuration

Name             Origin             Length             Attributes
*default*        0x0000000000000000 0xffffffffffffffff

Linker script and memory map

                0x00000000660c0000                __image_base__ = 0x660c0000
                0x0000000000000000                __dll__ = 0x0
                0x00000000660c0000                __ImageBase = 0x660c0000
                0x0000000000001000                __section_alignment__ = 0x1000
                0x0000000000000200                __file_alignment__ = 0x200
                0x0000000000000004                __major_os_version__ = 0x4
                0x0000000000000000                __minor_os_version__ = 0x0
                0x0000000000000000                __major_image_version__ = 0x0
                0x0000000000000000                __minor_image_version__ = 0x0
                0x0000000000000005                __major_subsystem_version__ = 0x5
                0x0000000000000002                __minor_subsystem_version__ = 0x2
                0x0000000000000002                __subsystem__ = 0x2
                0x0000000000200000                __size_of_stack_reserve__ = 0x200000
                0x0000000000001000                __size_of_stack_commit__ = 0x1000
                0x0000000000100000                __size_of_heap_reserve__ = 0x100000
                0x0000000000001000                __size_of_heap_commit__ = 0x1000
                0x0000000000000000                __loader_flags__ = 0x0
                0x0000000000000000                __dll_characteristics__ = 0x0
LOAD ../build/x64_Debug/debug.o
LOAD ../build/x64_Debug/dllmain.o
LOAD ../build/x64_Debug/pmc_add_sub.o
LOAD ../build/x64_Debug/pmc_bytes.o
LOAD ../build/x64_Debug/pmc_clone.o
LOAD ../build/x64_Debug/pmc_from.o
LOAD ../build/x64_Debug/pmc_getnumbertype.o
LOAD ../build/x64_Debug/pmc_initialize.o
LOAD ../build/x64_Debug/pmc_memory.o
LOAD ../build/x64_Debug/pmc_multiply.o
LOAD ../build/x64_Debug/pmc_negate.o
LOAD ../build/x64_Debug/pmc_statistics.o
LOAD ../build/x64_Debug/pmc_to.o
LOAD ../build/x64_Debug/TEST_autogenerated.o
LOAD ../build/x64_Debug/TEST_op_Add.o
LOAD ../build/x64_Debug/TEST_op_Clone.o
LOAD ../build/x64_Debug/TEST_op_From_To.o
LOAD ../build/x64_Debug/TEST_op_GetNumberType.o
LOAD ../build/x64_Debug/TEST_op_Multiply.o
LOAD ../build/x64_Debug/TEST_op_Negate.o
LOAD ../build/x64_Debug/TEST_op_Subtruct.o
LOAD ../build/x64_Debug/version.o
LOAD ../Palmtree.Math.Core.Sint.def
LOAD C:/GNU/MINGW64/x86_64-8.1.0-win32-seh-rt_v6-rev0/mingw64/bin/../lib/gcc/x86_64-w64-mingw32/8.1.0/../../../../x86_64-w64-mingw32/lib/../lib/libkernel32.a
LOAD C:/GNU/MINGW64/x86_64-8.1.0-win32-seh-rt_v6-rev0/mingw64/bin/../lib/gcc/x86_64-w64-mingw32/8.1.0/../../../../x86_64-w64-mingw32/lib/../lib/libuser32.a
                0x0000000000000408                . = SIZEOF_HEADERS
                0x0000000000001000                . = ALIGN (__section_alignment__)

.text           0x00000000660c1000    0x98800
 *(.init)
 *(.text)
 .text          0x00000000660c1000      0x3c0 ../build/x64_Debug/debug.o
                0x00000000660c110f                DoDebug
                0x00000000660c120f                TEST_Assert
                0x00000000660c1281                FormatTestLabel
                0x00000000660c12c1                FormatTestMesssage
                0x00000000660c12f7                DumpBinary_UNIT
 .text          0x00000000660c13c0       0x70 ../build/x64_Debug/dllmain.o
                0x00000000660c13c0                DllMain
 .text          0x00000000660c1430     0x23c0 ../build/x64_Debug/pmc_add_sub.o
                0x00000000660c1a87                PMC_Add_I_X
                0x00000000660c1caf                PMC_Add_L_X
                0x00000000660c1ee0                PMC_Add_UX_X
                0x00000000660c2097                PMC_Add_X_I
                0x00000000660c22ab                PMC_Add_X_L
                0x00000000660c24c7                PMC_Add_X_UX
                0x00000000660c26e8                PMC_Add_X_X
                0x00000000660c2944                PMC_Subtruct_I_X
                0x00000000660c2b6c                PMC_Subtruct_L_X
                0x00000000660c2d9d                PMC_Subtruct_UX_X
                0x00000000660c2f65                PMC_Subtruct_X_I
                0x00000000660c317b                PMC_Subtruct_X_L
                0x00000000660c3399                PMC_Subtruct_X_UX
                0x00000000660c3590                PMC_Subtruct_X_X
 .text          0x00000000660c37f0      0x160 ../build/x64_Debug/pmc_bytes.o
                0x00000000660c37f0                PMC_FromByteArray
                0x00000000660c38b7                PMC_ToByteArray
 .text          0x00000000660c3950       0xd0 ../build/x64_Debug/pmc_clone.o
                0x00000000660c3950                PMC_Clone_X
 .text          0x00000000660c3a20      0x250 ../build/x64_Debug/pmc_from.o
                0x00000000660c3a20                From_I_Imp
                0x00000000660c3a9f                From_L_Imp
                0x00000000660c3b20                PMC_From_I
                0x00000000660c3bc3                PMC_From_L
 .text          0x00000000660c3c70      0x130 ../build/x64_Debug/pmc_getnumbertype.o
                0x00000000660c3c70                IsZero_UINT
                0x00000000660c3cbe                PMC_GetNumberType_X
                0x00000000660c3d8c                Initialize_GetPropertyValue
 .text          0x00000000660c3da0      0x3b0 ../build/x64_Debug/pmc_initialize.o
                0x00000000660c3ec0                PMC_SINT_Initialize
 .text          0x00000000660c4150      0x8d0 ../build/x64_Debug/pmc_memory.o
                0x00000000660c43a5                AttatchNumber
                0x00000000660c43f7                AllocateNumber
                0x00000000660c4487                DetatchNumber
                0x00000000660c44bb                DeallocateNumber
                0x00000000660c4517                CheckNumber
                0x00000000660c4548                DuplicateNumber
                0x00000000660c466f                Negate_Imp
                0x00000000660c4774                PMC_GetConstantValue_I
                0x00000000660c47d7                PMC_Dispose
                0x00000000660c47fe                Initialize_Memory
                0x00000000660c4981                AllocateHeapArea
                0x00000000660c49d0                DeallocateHeapArea
 .text          0x00000000660c4a20      0xab0 ../build/x64_Debug/pmc_multiply.o
                0x00000000660c4c61                PMC_Multiply_I_X
                0x00000000660c4da0                PMC_Multiply_L_X
                0x00000000660c4ee2                PMC_Multiply_UX_X
                0x00000000660c4fe3                PMC_Multiply_X_I
                0x00000000660c5117                PMC_Multiply_X_L
                0x00000000660c524e                PMC_Multiply_X_UX
                0x00000000660c534f                PMC_Multiply_X_X
 .text          0x00000000660c54d0       0x90 ../build/x64_Debug/pmc_negate.o
                0x00000000660c54d0                PMC_Negate_X
 .text          0x00000000660c5560       0x30 ../build/x64_Debug/pmc_statistics.o
                0x00000000660c5560                PMC_GetStatisticsInfo
 .text          0x00000000660c5590      0x1b0 ../build/x64_Debug/pmc_to.o
                0x00000000660c5590                PMC_To_X_I
                0x00000000660c5657                PMC_To_X_L
 .text          0x00000000660c5740    0x8fa40 ../build/x64_Debug/TEST_autogenerated.o
                0x00000000660c5740                TEST_autogenerated
 .text          0x0000000066155180     0x12d0 ../build/x64_Debug/TEST_op_Add.o
                0x00000000661551db                TEST_Add_I_X
                0x000000006615543a                TEST_Add_L_X
                0x000000006615569a                TEST_Add_UX_X
                0x0000000066155995                TEST_Add_X_I
                0x0000000066155bf4                TEST_Add_X_L
                0x0000000066155e54                TEST_Add_X_UX
                0x000000006615614f                TEST_Add_X_X
 .text          0x0000000066156450      0x2c0 ../build/x64_Debug/TEST_op_Clone.o
                0x00000000661564ab                TEST_Clone_X
 .text          0x0000000066156710      0x660 ../build/x64_Debug/TEST_op_From_To.o
                0x000000006615676b                TEST_From_I
                0x0000000066156926                TEST_From_L
                0x0000000066156ae2                TEST_To_X_I
                0x0000000066156c26                TEST_To_X_L
 .text          0x0000000066156d70      0x140 ../build/x64_Debug/TEST_op_GetNumberType.o
                0x0000000066156d70                TEST_GetNumberType_X
 .text          0x0000000066156eb0     0x12d0 ../build/x64_Debug/TEST_op_Multiply.o
                0x0000000066156f0b                TEST_Multiply_I_X
                0x000000006615716a                TEST_Multiply_L_X
                0x00000000661573ca                TEST_Multiply_UX_X
                0x00000000661576c5                TEST_Multiply_X_I
                0x0000000066157924                TEST_Multiply_X_L
                0x0000000066157b84                TEST_Multiply_X_UX
                0x0000000066157e7f                TEST_Multiply_X_X
 .text          0x0000000066158180      0x2c0 ../build/x64_Debug/TEST_op_Negate.o
                0x00000000661581db                TEST_Negate_X
 .text          0x0000000066158440     0x12d0 ../build/x64_Debug/TEST_op_Subtruct.o
                0x000000006615849b                TEST_Subtruct_I_X
                0x00000000661586fa                TEST_Subtruct_L_X
                0x000000006615895a                TEST_Subtruct_UX_X
                0x0000000066158c55                TEST_Subtruct_X_I
                0x0000000066158eb4                TEST_Subtruct_X_L
                0x0000000066159114                TEST_Subtruct_X_UX
                0x000000006615940f                TEST_Subtruct_X_X
 .text          0x0000000066159710        0x8 C:/GNU/MINGW64/x86_64-8.1.0-win32-seh-rt_v6-rev0/mingw64/bin/../lib/gcc/x86_64-w64-mingw32/8.1.0/../../../../x86_64-w64-mingw32/lib/../lib/libkernel32.a(dqifs00954.o)
                0x0000000066159710                LoadLibraryA
 .text          0x0000000066159718        0x8 C:/GNU/MINGW64/x86_64-8.1.0-win32-seh-rt_v6-rev0/mingw64/bin/../lib/gcc/x86_64-w64-mingw32/8.1.0/../../../../x86_64-w64-mingw32/lib/../lib/libkernel32.a(dqifs00841.o)
                0x0000000066159718                HeapFree
 .text          0x0000000066159720        0x8 C:/GNU/MINGW64/x86_64-8.1.0-win32-seh-rt_v6-rev0/mingw64/bin/../lib/gcc/x86_64-w64-mingw32/8.1.0/../../../../x86_64-w64-mingw32/lib/../lib/libkernel32.a(dqifs00839.o)
                0x0000000066159720                HeapDestroy
 .text          0x0000000066159728        0x8 C:/GNU/MINGW64/x86_64-8.1.0-win32-seh-rt_v6-rev0/mingw64/bin/../lib/gcc/x86_64-w64-mingw32/8.1.0/../../../../x86_64-w64-mingw32/lib/../lib/libkernel32.a(dqifs00837.o)
                0x0000000066159728                HeapCreate
 .text          0x0000000066159730        0x8 C:/GNU/MINGW64/x86_64-8.1.0-win32-seh-rt_v6-rev0/mingw64/bin/../lib/gcc/x86_64-w64-mingw32/8.1.0/../../../../x86_64-w64-mingw32/lib/../lib/libkernel32.a(dqifs00835.o)
                0x0000000066159730                HeapAlloc
 .text          0x0000000066159738        0x8 C:/GNU/MINGW64/x86_64-8.1.0-win32-seh-rt_v6-rev0/mingw64/bin/../lib/gcc/x86_64-w64-mingw32/8.1.0/../../../../x86_64-w64-mingw32/lib/../lib/libkernel32.a(dqifs00689.o)
                0x0000000066159738                GetProcAddress
 .text          0x0000000066159740        0x8 C:/GNU/MINGW64/x86_64-8.1.0-win32-seh-rt_v6-rev0/mingw64/bin/../lib/gcc/x86_64-w64-mingw32/8.1.0/../../../../x86_64-w64-mingw32/lib/../lib/libkernel32.a(dqifs00427.o)
                0x0000000066159740                FreeLibrary
 *fill*         0x0000000066159748        0x8 
 .text          0x0000000066159750        0x0 C:/GNU/MINGW64/x86_64-8.1.0-win32-seh-rt_v6-rev0/mingw64/bin/../lib/gcc/x86_64-w64-mingw32/8.1.0/../../../../x86_64-w64-mingw32/lib/../lib/libkernel32.a(dqifh.o)
 .text          0x0000000066159750        0x0 C:/GNU/MINGW64/x86_64-8.1.0-win32-seh-rt_v6-rev0/mingw64/bin/../lib/gcc/x86_64-w64-mingw32/8.1.0/../../../../x86_64-w64-mingw32/lib/../lib/libkernel32.a(dqift.o)
 .text          0x0000000066159750        0x8 C:/GNU/MINGW64/x86_64-8.1.0-win32-seh-rt_v6-rev0/mingw64/bin/../lib/gcc/x86_64-w64-mingw32/8.1.0/../../../../x86_64-w64-mingw32/lib/../lib/libuser32.a(dyqes00958.o)
                0x0000000066159750                wsprintfW
 *fill*         0x0000000066159758        0x8 
 .text          0x0000000066159760        0x0 C:/GNU/MINGW64/x86_64-8.1.0-win32-seh-rt_v6-rev0/mingw64/bin/../lib/gcc/x86_64-w64-mingw32/8.1.0/../../../../x86_64-w64-mingw32/lib/../lib/libuser32.a(dyqeh.o)
 .text          0x0000000066159760        0x0 C:/GNU/MINGW64/x86_64-8.1.0-win32-seh-rt_v6-rev0/mingw64/bin/../lib/gcc/x86_64-w64-mingw32/8.1.0/../../../../x86_64-w64-mingw32/lib/../lib/libuser32.a(dyqet.o)
 *(SORT_BY_NAME(.text$*))
 *(.text.*)
 *(.gnu.linkonce.t.*)
 *(.glue_7t)
 *(.glue_7)
                0x0000000066159760                . = ALIGN (0x8)
                0x0000000066159760                ___CTOR_LIST__ = .
                0x0000000066159760                __CTOR_LIST__ = .
                0x0000000066159760        0x4 LONG 0xffffffffffffffff
                0x0000000066159764        0x4 LONG 0xffffffffffffffff
 *(.ctors)
 *(.ctor)
 *(SORT_BY_NAME(.ctors.*))
                0x0000000066159768        0x4 LONG 0x0
                0x000000006615976c        0x4 LONG 0x0
                0x0000000066159770                ___DTOR_LIST__ = .
                0x0000000066159770                __DTOR_LIST__ = .
                0x0000000066159770        0x4 LONG 0xffffffffffffffff
                0x0000000066159774        0x4 LONG 0xffffffffffffffff
 *(.dtors)
 *(.dtor)
 *(SORT_BY_NAME(.dtors.*))
                0x0000000066159778        0x4 LONG 0x0
                0x000000006615977c        0x4 LONG 0x0
 *(.fini)
 *(.gcc_exc)
                [!provide]                        PROVIDE (etext = .)
 *(.gcc_except_table)

.data           0x000000006615a000     0xd200
                0x000000006615a000                __data_start__ = .
 *(.data)
 .data          0x000000006615a000        0x0 ../build/x64_Debug/debug.o
 .data          0x000000006615a000        0x0 ../build/x64_Debug/dllmain.o
 .data          0x000000006615a000        0x0 ../build/x64_Debug/pmc_add_sub.o
 .data          0x000000006615a000        0x0 ../build/x64_Debug/pmc_bytes.o
 .data          0x000000006615a000        0x0 ../build/x64_Debug/pmc_clone.o
 .data          0x000000006615a000        0x0 ../build/x64_Debug/pmc_from.o
 .data          0x000000006615a000        0x0 ../build/x64_Debug/pmc_getnumbertype.o
 .data          0x000000006615a000        0x0 ../build/x64_Debug/pmc_initialize.o
 .data          0x000000006615a000        0x0 ../build/x64_Debug/pmc_memory.o
 .data          0x000000006615a000        0x0 ../build/x64_Debug/pmc_multiply.o
 .data          0x000000006615a000        0x0 ../build/x64_Debug/pmc_negate.o
 .data          0x000000006615a000        0x0 ../build/x64_Debug/pmc_statistics.o
 .data          0x000000006615a000        0x0 ../build/x64_Debug/pmc_to.o
 .data          0x000000006615a000     0xd1a0 ../build/x64_Debug/TEST_autogenerated.o
 .data          0x00000000661671a0        0x0 ../build/x64_Debug/TEST_op_Add.o
 .data          0x00000000661671a0        0x0 ../build/x64_Debug/TEST_op_Clone.o
 .data          0x00000000661671a0        0x0 ../build/x64_Debug/TEST_op_From_To.o
 .data          0x00000000661671a0        0x0 ../build/x64_Debug/TEST_op_GetNumberType.o
 .data          0x00000000661671a0        0x0 ../build/x64_Debug/TEST_op_Multiply.o
 .data          0x00000000661671a0        0x0 ../build/x64_Debug/TEST_op_Negate.o
 .data          0x00000000661671a0        0x0 ../build/x64_Debug/TEST_op_Subtruct.o
 .data          0x00000000661671a0        0x0 C:/GNU/MINGW64/x86_64-8.1.0-win32-seh-rt_v6-rev0/mingw64/bin/../lib/gcc/x86_64-w64-mingw32/8.1.0/../../../../x86_64-w64-mingw32/lib/../lib/libkernel32.a(dqifs00954.o)
 .data          0x00000000661671a0        0x0 C:/GNU/MINGW64/x86_64-8.1.0-win32-seh-rt_v6-rev0/mingw64/bin/../lib/gcc/x86_64-w64-mingw32/8.1.0/../../../../x86_64-w64-mingw32/lib/../lib/libkernel32.a(dqifs00841.o)
 .data          0x00000000661671a0        0x0 C:/GNU/MINGW64/x86_64-8.1.0-win32-seh-rt_v6-rev0/mingw64/bin/../lib/gcc/x86_64-w64-mingw32/8.1.0/../../../../x86_64-w64-mingw32/lib/../lib/libkernel32.a(dqifs00839.o)
 .data          0x00000000661671a0        0x0 C:/GNU/MINGW64/x86_64-8.1.0-win32-seh-rt_v6-rev0/mingw64/bin/../lib/gcc/x86_64-w64-mingw32/8.1.0/../../../../x86_64-w64-mingw32/lib/../lib/libkernel32.a(dqifs00837.o)
 .data          0x00000000661671a0        0x0 C:/GNU/MINGW64/x86_64-8.1.0-win32-seh-rt_v6-rev0/mingw64/bin/../lib/gcc/x86_64-w64-mingw32/8.1.0/../../../../x86_64-w64-mingw32/lib/../lib/libkernel32.a(dqifs00835.o)
 .data          0x00000000661671a0        0x0 C:/GNU/MINGW64/x86_64-8.1.0-win32-seh-rt_v6-rev0/mingw64/bin/../lib/gcc/x86_64-w64-mingw32/8.1.0/../../../../x86_64-w64-mingw32/lib/../lib/libkernel32.a(dqifs00689.o)
 .data          0x00000000661671a0        0x0 C:/GNU/MINGW64/x86_64-8.1.0-win32-seh-rt_v6-rev0/mingw64/bin/../lib/gcc/x86_64-w64-mingw32/8.1.0/../../../../x86_64-w64-mingw32/lib/../lib/libkernel32.a(dqifs00427.o)
 .data          0x00000000661671a0        0x0 C:/GNU/MINGW64/x86_64-8.1.0-win32-seh-rt_v6-rev0/mingw64/bin/../lib/gcc/x86_64-w64-mingw32/8.1.0/../../../../x86_64-w64-mingw32/lib/../lib/libkernel32.a(dqifh.o)
 .data          0x00000000661671a0        0x0 C:/GNU/MINGW64/x86_64-8.1.0-win32-seh-rt_v6-rev0/mingw64/bin/../lib/gcc/x86_64-w64-mingw32/8.1.0/../../../../x86_64-w64-mingw32/lib/../lib/libkernel32.a(dqift.o)
 .data          0x00000000661671a0        0x0 C:/GNU/MINGW64/x86_64-8.1.0-win32-seh-rt_v6-rev0/mingw64/bin/../lib/gcc/x86_64-w64-mingw32/8.1.0/../../../../x86_64-w64-mingw32/lib/../lib/libuser32.a(dyqes00958.o)
 .data          0x00000000661671a0        0x0 C:/GNU/MINGW64/x86_64-8.1.0-win32-seh-rt_v6-rev0/mingw64/bin/../lib/gcc/x86_64-w64-mingw32/8.1.0/../../../../x86_64-w64-mingw32/lib/../lib/libuser32.a(dyqeh.o)
 .data          0x00000000661671a0        0x0 C:/GNU/MINGW64/x86_64-8.1.0-win32-seh-rt_v6-rev0/mingw64/bin/../lib/gcc/x86_64-w64-mingw32/8.1.0/../../../../x86_64-w64-mingw32/lib/../lib/libuser32.a(dyqet.o)
 *(.data2)
 *(SORT_BY_NAME(.data$*))
 *(.jcr)
                0x00000000661671a0                __data_end__ = .
 *(.data_cygwin_nocopy)

.rdata          0x0000000066168000     0x1a00
 *(.rdata)
 .rdata         0x0000000066168000      0x1d0 ../build/x64_Debug/debug.o
 .rdata         0x00000000661681d0       0x30 ../build/x64_Debug/pmc_initialize.o
 .rdata         0x0000000066168200      0x320 ../build/x64_Debug/TEST_op_Add.o
 .rdata         0x0000000066168520      0x100 ../build/x64_Debug/TEST_op_Clone.o
 .rdata         0x0000000066168620      0x1c0 ../build/x64_Debug/TEST_op_From_To.o
 .rdata         0x00000000661687e0      0x100 ../build/x64_Debug/TEST_op_GetNumberType.o
 .rdata         0x00000000661688e0      0x410 ../build/x64_Debug/TEST_op_Multiply.o
 .rdata         0x0000000066168cf0      0x100 ../build/x64_Debug/TEST_op_Negate.o
 .rdata         0x0000000066168df0      0x3c0 ../build/x64_Debug/TEST_op_Subtruct.o
 *(SORT_BY_NAME(.rdata$*))
 .rdata$.refptr.PMC_Add_I_X
                0x00000000661691b0       0x10 ../build/x64_Debug/pmc_initialize.o
                0x00000000661691b0                .refptr.PMC_Add_I_X
 .rdata$.refptr.PMC_Add_L_X
                0x00000000661691c0       0x10 ../build/x64_Debug/pmc_initialize.o
                0x00000000661691c0                .refptr.PMC_Add_L_X
 .rdata$.refptr.PMC_Add_UX_X
                0x00000000661691d0       0x10 ../build/x64_Debug/pmc_initialize.o
                0x00000000661691d0                .refptr.PMC_Add_UX_X
 .rdata$.refptr.PMC_Add_X_I
                0x00000000661691e0       0x10 ../build/x64_Debug/pmc_initialize.o
                0x00000000661691e0                .refptr.PMC_Add_X_I
 .rdata$.refptr.PMC_Add_X_L
                0x00000000661691f0       0x10 ../build/x64_Debug/pmc_initialize.o
                0x00000000661691f0                .refptr.PMC_Add_X_L
 .rdata$.refptr.PMC_Add_X_UX
                0x0000000066169200       0x10 ../build/x64_Debug/pmc_initialize.o
                0x0000000066169200                .refptr.PMC_Add_X_UX
 .rdata$.refptr.PMC_Add_X_X
                0x0000000066169210       0x10 ../build/x64_Debug/pmc_initialize.o
                0x0000000066169210                .refptr.PMC_Add_X_X
 .rdata$.refptr.PMC_Clone_X
                0x0000000066169220       0x10 ../build/x64_Debug/pmc_initialize.o
                0x0000000066169220                .refptr.PMC_Clone_X
 .rdata$.refptr.PMC_Dispose
                0x0000000066169230       0x10 ../build/x64_Debug/pmc_initialize.o
                0x0000000066169230                .refptr.PMC_Dispose
 .rdata$.refptr.PMC_FromByteArray
                0x0000000066169240       0x10 ../build/x64_Debug/pmc_initialize.o
                0x0000000066169240                .refptr.PMC_FromByteArray
 .rdata$.refptr.PMC_From_I
                0x0000000066169250       0x10 ../build/x64_Debug/pmc_initialize.o
                0x0000000066169250                .refptr.PMC_From_I
 .rdata$.refptr.PMC_From_L
                0x0000000066169260       0x10 ../build/x64_Debug/pmc_initialize.o
                0x0000000066169260                .refptr.PMC_From_L
 .rdata$.refptr.PMC_GetConstantValue_I
                0x0000000066169270       0x10 ../build/x64_Debug/pmc_initialize.o
                0x0000000066169270                .refptr.PMC_GetConstantValue_I
 .rdata$.refptr.PMC_GetNumberType_X
                0x0000000066169280       0x10 ../build/x64_Debug/pmc_initialize.o
                0x0000000066169280                .refptr.PMC_GetNumberType_X
 .rdata$.refptr.PMC_GetStatisticsInfo
                0x0000000066169290       0x10 ../build/x64_Debug/pmc_initialize.o
                0x0000000066169290                .refptr.PMC_GetStatisticsInfo
 .rdata$.refptr.PMC_Multiply_I_X
                0x00000000661692a0       0x10 ../build/x64_Debug/pmc_initialize.o
                0x00000000661692a0                .refptr.PMC_Multiply_I_X
 .rdata$.refptr.PMC_Multiply_L_X
                0x00000000661692b0       0x10 ../build/x64_Debug/pmc_initialize.o
                0x00000000661692b0                .refptr.PMC_Multiply_L_X
 .rdata$.refptr.PMC_Multiply_UX_X
                0x00000000661692c0       0x10 ../build/x64_Debug/pmc_initialize.o
                0x00000000661692c0                .refptr.PMC_Multiply_UX_X
 .rdata$.refptr.PMC_Multiply_X_I
                0x00000000661692d0       0x10 ../build/x64_Debug/pmc_initialize.o
                0x00000000661692d0                .refptr.PMC_Multiply_X_I
 .rdata$.refptr.PMC_Multiply_X_L
                0x00000000661692e0       0x10 ../build/x64_Debug/pmc_initialize.o
                0x00000000661692e0                .refptr.PMC_Multiply_X_L
 .rdata$.refptr.PMC_Multiply_X_UX
                0x00000000661692f0       0x10 ../build/x64_Debug/pmc_initialize.o
                0x00000000661692f0                .refptr.PMC_Multiply_X_UX
 .rdata$.refptr.PMC_Multiply_X_X
                0x0000000066169300       0x10 ../build/x64_Debug/pmc_initialize.o
                0x0000000066169300                .refptr.PMC_Multiply_X_X
 .rdata$.refptr.PMC_Negate_X
                0x0000000066169310       0x10 ../build/x64_Debug/pmc_initialize.o
                0x0000000066169310                .refptr.PMC_Negate_X
 .rdata$.refptr.PMC_Subtruct_I_X
                0x0000000066169320       0x10 ../build/x64_Debug/pmc_initialize.o
                0x0000000066169320                .refptr.PMC_Subtruct_I_X
 .rdata$.refptr.PMC_Subtruct_L_X
                0x0000000066169330       0x10 ../build/x64_Debug/pmc_initialize.o
                0x0000000066169330                .refptr.PMC_Subtruct_L_X
 .rdata$.refptr.PMC_Subtruct_UX_X
                0x0000000066169340       0x10 ../build/x64_Debug/pmc_initialize.o
                0x0000000066169340                .refptr.PMC_Subtruct_UX_X
 .rdata$.refptr.PMC_Subtruct_X_I
                0x0000000066169350       0x10 ../build/x64_Debug/pmc_initialize.o
                0x0000000066169350                .refptr.PMC_Subtruct_X_I
 .rdata$.refptr.PMC_Subtruct_X_L
                0x0000000066169360       0x10 ../build/x64_Debug/pmc_initialize.o
                0x0000000066169360                .refptr.PMC_Subtruct_X_L
 .rdata$.refptr.PMC_Subtruct_X_UX
                0x0000000066169370       0x10 ../build/x64_Debug/pmc_initialize.o
                0x0000000066169370                .refptr.PMC_Subtruct_X_UX
 .rdata$.refptr.PMC_Subtruct_X_X
                0x0000000066169380       0x10 ../build/x64_Debug/pmc_initialize.o
                0x0000000066169380                .refptr.PMC_Subtruct_X_X
 .rdata$.refptr.PMC_ToByteArray
                0x0000000066169390       0x10 ../build/x64_Debug/pmc_initialize.o
                0x0000000066169390                .refptr.PMC_ToByteArray
 .rdata$.refptr.PMC_To_X_I
                0x00000000661693a0       0x10 ../build/x64_Debug/pmc_initialize.o
                0x00000000661693a0                .refptr.PMC_To_X_I
 .rdata$.refptr.PMC_To_X_L
                0x00000000661693b0       0x10 ../build/x64_Debug/pmc_initialize.o
                0x00000000661693b0                .refptr.PMC_To_X_L
 .rdata$.refptr.ep_uint
                0x00000000661693c0       0x10 ../build/x64_Debug/pmc_add_sub.o
                0x00000000661693c0                .refptr.ep_uint
 .rdata$.refptr.number_zero
                0x00000000661693d0       0x10 ../build/x64_Debug/pmc_add_sub.o
                0x00000000661693d0                .refptr.number_zero
 .rdata$zzz     0x00000000661693e0       0x40 ../build/x64_Debug/debug.o
 .rdata$zzz     0x0000000066169420       0x40 ../build/x64_Debug/dllmain.o
 .rdata$zzz     0x0000000066169460       0x40 ../build/x64_Debug/pmc_add_sub.o
 .rdata$zzz     0x00000000661694a0       0x40 ../build/x64_Debug/pmc_bytes.o
 .rdata$zzz     0x00000000661694e0       0x40 ../build/x64_Debug/pmc_clone.o
 .rdata$zzz     0x0000000066169520       0x40 ../build/x64_Debug/pmc_from.o
 .rdata$zzz     0x0000000066169560       0x40 ../build/x64_Debug/pmc_getnumbertype.o
 .rdata$zzz     0x00000000661695a0       0x40 ../build/x64_Debug/pmc_initialize.o
 .rdata$zzz     0x00000000661695e0       0x40 ../build/x64_Debug/pmc_memory.o
 .rdata$zzz     0x0000000066169620       0x40 ../build/x64_Debug/pmc_multiply.o
 .rdata$zzz     0x0000000066169660       0x40 ../build/x64_Debug/pmc_negate.o
 .rdata$zzz     0x00000000661696a0       0x40 ../build/x64_Debug/pmc_statistics.o
 .rdata$zzz     0x00000000661696e0       0x40 ../build/x64_Debug/pmc_to.o
 .rdata$zzz     0x0000000066169720       0x40 ../build/x64_Debug/TEST_autogenerated.o
 .rdata$zzz     0x0000000066169760       0x40 ../build/x64_Debug/TEST_op_Add.o
 .rdata$zzz     0x00000000661697a0       0x40 ../build/x64_Debug/TEST_op_Clone.o
 .rdata$zzz     0x00000000661697e0       0x40 ../build/x64_Debug/TEST_op_From_To.o
 .rdata$zzz     0x0000000066169820       0x40 ../build/x64_Debug/TEST_op_GetNumberType.o
 .rdata$zzz     0x0000000066169860       0x40 ../build/x64_Debug/TEST_op_Multiply.o
 .rdata$zzz     0x00000000661698a0       0x40 ../build/x64_Debug/TEST_op_Negate.o
 .rdata$zzz     0x00000000661698e0       0x40 ../build/x64_Debug/TEST_op_Subtruct.o
                0x0000000066169920                __rt_psrelocs_start = .
 *(.rdata_runtime_pseudo_reloc)
                0x0000000066169920                __rt_psrelocs_end = .
                0x0000000000000000                __rt_psrelocs_size = (__rt_psrelocs_end - __rt_psrelocs_start)
                0x0000000066169920                ___RUNTIME_PSEUDO_RELOC_LIST_END__ = .
                0x0000000066169920                __RUNTIME_PSEUDO_RELOC_LIST_END__ = .
                0x0000000066169920                ___RUNTIME_PSEUDO_RELOC_LIST__ = (. - __rt_psrelocs_size)
                0x0000000066169920                __RUNTIME_PSEUDO_RELOC_LIST__ = (. - __rt_psrelocs_size)

.eh_frame
 *(.eh_frame*)

.pdata          0x000000006616a000      0x600
 *(.pdata*)
 .pdata         0x000000006616a000       0x60 ../build/x64_Debug/debug.o
 .pdata         0x000000006616a060        0xc ../build/x64_Debug/dllmain.o
 .pdata         0x000000006616a06c      0x108 ../build/x64_Debug/pmc_add_sub.o
 .pdata         0x000000006616a174       0x18 ../build/x64_Debug/pmc_bytes.o
 .pdata         0x000000006616a18c        0xc ../build/x64_Debug/pmc_clone.o
 .pdata         0x000000006616a198       0x30 ../build/x64_Debug/pmc_from.o
 .pdata         0x000000006616a1c8       0x24 ../build/x64_Debug/pmc_getnumbertype.o
 .pdata         0x000000006616a1ec       0x30 ../build/x64_Debug/pmc_initialize.o
 .pdata         0x000000006616a21c       0xc0 ../build/x64_Debug/pmc_memory.o
 .pdata         0x000000006616a2dc       0x90 ../build/x64_Debug/pmc_multiply.o
 .pdata         0x000000006616a36c        0xc ../build/x64_Debug/pmc_negate.o
 .pdata         0x000000006616a378        0xc ../build/x64_Debug/pmc_statistics.o
 .pdata         0x000000006616a384       0x18 ../build/x64_Debug/pmc_to.o
 .pdata         0x000000006616a39c        0xc ../build/x64_Debug/TEST_autogenerated.o
 .pdata         0x000000006616a3a8       0x60 ../build/x64_Debug/TEST_op_Add.o
 .pdata         0x000000006616a408       0x18 ../build/x64_Debug/TEST_op_Clone.o
 .pdata         0x000000006616a420       0x3c ../build/x64_Debug/TEST_op_From_To.o
 .pdata         0x000000006616a45c        0xc ../build/x64_Debug/TEST_op_GetNumberType.o
 .pdata         0x000000006616a468       0x60 ../build/x64_Debug/TEST_op_Multiply.o
 .pdata         0x000000006616a4c8       0x18 ../build/x64_Debug/TEST_op_Negate.o
 .pdata         0x000000006616a4e0       0x60 ../build/x64_Debug/TEST_op_Subtruct.o

.xdata          0x000000006616b000      0x600
 *(.xdata*)
 .xdata         0x000000006616b000       0x60 ../build/x64_Debug/debug.o
 .xdata         0x000000006616b060        0xc ../build/x64_Debug/dllmain.o
 .xdata         0x000000006616b06c      0x100 ../build/x64_Debug/pmc_add_sub.o
 .xdata         0x000000006616b16c       0x18 ../build/x64_Debug/pmc_bytes.o
 .xdata         0x000000006616b184        0xc ../build/x64_Debug/pmc_clone.o
 .xdata         0x000000006616b190       0x30 ../build/x64_Debug/pmc_from.o
 .xdata         0x000000006616b1c0       0x20 ../build/x64_Debug/pmc_getnumbertype.o
 .xdata         0x000000006616b1e0       0x34 ../build/x64_Debug/pmc_initialize.o
 .xdata         0x000000006616b214       0xb8 ../build/x64_Debug/pmc_memory.o
 .xdata         0x000000006616b2cc       0x88 ../build/x64_Debug/pmc_multiply.o
 .xdata         0x000000006616b354        0xc ../build/x64_Debug/pmc_negate.o
 .xdata         0x000000006616b360        0xc ../build/x64_Debug/pmc_statistics.o
 .xdata         0x000000006616b36c       0x18 ../build/x64_Debug/pmc_to.o
 .xdata         0x000000006616b384       0x18 ../build/x64_Debug/TEST_autogenerated.o
 .xdata         0x000000006616b39c       0x78 ../build/x64_Debug/TEST_op_Add.o
 .xdata         0x000000006616b414       0x18 ../build/x64_Debug/TEST_op_Clone.o
 .xdata         0x000000006616b42c       0x48 ../build/x64_Debug/TEST_op_From_To.o
 .xdata         0x000000006616b474       0x10 ../build/x64_Debug/TEST_op_GetNumberType.o
 .xdata         0x000000006616b484       0x78 ../build/x64_Debug/TEST_op_Multiply.o
 .xdata         0x000000006616b4fc       0x18 ../build/x64_Debug/TEST_op_Negate.o
 .xdata         0x000000006616b514       0x78 ../build/x64_Debug/TEST_op_Subtruct.o

.bss            0x000000006616c000      0xa90
                0x000000006616c000                __bss_start__ = .
 *(.bss)
 .bss           0x000000006616c000      0x420 ../build/x64_Debug/debug.o
                0x000000006616c000                test_total_count
                0x000000006616c004                test_ok_count
                0x000000006616c008                __DEBUG_LOG
 .bss           0x000000006616c420        0x0 ../build/x64_Debug/dllmain.o
 .bss           0x000000006616c420        0x0 ../build/x64_Debug/pmc_add_sub.o
 .bss           0x000000006616c420        0x0 ../build/x64_Debug/pmc_bytes.o
 .bss           0x000000006616c420        0x0 ../build/x64_Debug/pmc_clone.o
 .bss           0x000000006616c420        0x0 ../build/x64_Debug/pmc_from.o
 .bss           0x000000006616c420        0x0 ../build/x64_Debug/pmc_getnumbertype.o
 .bss           0x000000006616c420      0x360 ../build/x64_Debug/pmc_initialize.o
 .bss           0x000000006616c780        0x0 ../build/x64_Debug/pmc_memory.o
 .bss           0x000000006616c780        0x0 ../build/x64_Debug/pmc_multiply.o
 .bss           0x000000006616c780        0x0 ../build/x64_Debug/pmc_negate.o
 .bss           0x000000006616c780        0x0 ../build/x64_Debug/pmc_statistics.o
 .bss           0x000000006616c780        0x0 ../build/x64_Debug/pmc_to.o
 .bss           0x000000006616c780       0x80 ../build/x64_Debug/TEST_autogenerated.o
 .bss           0x000000006616c800        0x0 ../build/x64_Debug/TEST_op_Add.o
 .bss           0x000000006616c800        0x0 ../build/x64_Debug/TEST_op_Clone.o
 .bss           0x000000006616c800        0x0 ../build/x64_Debug/TEST_op_From_To.o
 .bss           0x000000006616c800        0x0 ../build/x64_Debug/TEST_op_GetNumberType.o
 .bss           0x000000006616c800        0x0 ../build/x64_Debug/TEST_op_Multiply.o
 .bss           0x000000006616c800        0x0 ../build/x64_Debug/TEST_op_Negate.o
 .bss           0x000000006616c800        0x0 ../build/x64_Debug/TEST_op_Subtruct.o
 .bss           0x000000006616c800        0x0 C:/GNU/MINGW64/x86_64-8.1.0-win32-seh-rt_v6-rev0/mingw64/bin/../lib/gcc/x86_64-w64-mingw32/8.1.0/../../../../x86_64-w64-mingw32/lib/../lib/libkernel32.a(dqifs00954.o)
 .bss           0x000000006616c800        0x0 C:/GNU/MINGW64/x86_64-8.1.0-win32-seh-rt_v6-rev0/mingw64/bin/../lib/gcc/x86_64-w64-mingw32/8.1.0/../../../../x86_64-w64-mingw32/lib/../lib/libkernel32.a(dqifs00841.o)
 .bss           0x000000006616c800        0x0 C:/GNU/MINGW64/x86_64-8.1.0-win32-seh-rt_v6-rev0/mingw64/bin/../lib/gcc/x86_64-w64-mingw32/8.1.0/../../../../x86_64-w64-mingw32/lib/../lib/libkernel32.a(dqifs00839.o)
 .bss           0x000000006616c800        0x0 C:/GNU/MINGW64/x86_64-8.1.0-win32-seh-rt_v6-rev0/mingw64/bin/../lib/gcc/x86_64-w64-mingw32/8.1.0/../../../../x86_64-w64-mingw32/lib/../lib/libkernel32.a(dqifs00837.o)
 .bss           0x000000006616c800        0x0 C:/GNU/MINGW64/x86_64-8.1.0-win32-seh-rt_v6-rev0/mingw64/bin/../lib/gcc/x86_64-w64-mingw32/8.1.0/../../../../x86_64-w64-mingw32/lib/../lib/libkernel32.a(dqifs00835.o)
 .bss           0x000000006616c800        0x0 C:/GNU/MINGW64/x86_64-8.1.0-win32-seh-rt_v6-rev0/mingw64/bin/../lib/gcc/x86_64-w64-mingw32/8.1.0/../../../../x86_64-w64-mingw32/lib/../lib/libkernel32.a(dqifs00689.o)
 .bss           0x000000006616c800        0x0 C:/GNU/MINGW64/x86_64-8.1.0-win32-seh-rt_v6-rev0/mingw64/bin/../lib/gcc/x86_64-w64-mingw32/8.1.0/../../../../x86_64-w64-mingw32/lib/../lib/libkernel32.a(dqifs00427.o)
 .bss           0x000000006616c800        0x0 C:/GNU/MINGW64/x86_64-8.1.0-win32-seh-rt_v6-rev0/mingw64/bin/../lib/gcc/x86_64-w64-mingw32/8.1.0/../../../../x86_64-w64-mingw32/lib/../lib/libkernel32.a(dqifh.o)
 .bss           0x000000006616c800        0x0 C:/GNU/MINGW64/x86_64-8.1.0-win32-seh-rt_v6-rev0/mingw64/bin/../lib/gcc/x86_64-w64-mingw32/8.1.0/../../../../x86_64-w64-mingw32/lib/../lib/libkernel32.a(dqift.o)
 .bss           0x000000006616c800        0x0 C:/GNU/MINGW64/x86_64-8.1.0-win32-seh-rt_v6-rev0/mingw64/bin/../lib/gcc/x86_64-w64-mingw32/8.1.0/../../../../x86_64-w64-mingw32/lib/../lib/libuser32.a(dyqes00958.o)
 .bss           0x000000006616c800        0x0 C:/GNU/MINGW64/x86_64-8.1.0-win32-seh-rt_v6-rev0/mingw64/bin/../lib/gcc/x86_64-w64-mingw32/8.1.0/../../../../x86_64-w64-mingw32/lib/../lib/libuser32.a(dyqeh.o)
 .bss           0x000000006616c800        0x0 C:/GNU/MINGW64/x86_64-8.1.0-win32-seh-rt_v6-rev0/mingw64/bin/../lib/gcc/x86_64-w64-mingw32/8.1.0/../../../../x86_64-w64-mingw32/lib/../lib/libuser32.a(dyqet.o)
 *(COMMON)
 COMMON         0x000000006616c800      0x230 ../build/x64_Debug/pmc_initialize.o
                0x000000006616c800                ep_uint
 COMMON         0x000000006616ca30       0x60 ../build/x64_Debug/pmc_memory.o
                0x000000006616ca30                number_one
                0x000000006616ca50                number_minus_one
                0x000000006616ca70                number_zero
                0x000000006616ca88                hLocalHeap
                0x000000006616ca90                __bss_end__ = .

.edata          0x000000006616d000      0x200
 *(.edata)
 .edata         0x000000006616d000       0x74 dll stuff

/DISCARD/
 *(.debug$S)
 *(.debug$T)
 *(.debug$F)
 *(.drectve)
 *(.note.GNU-stack)
 *(.gnu.lto_*)

.idata          0x000000006616e000      0x200
 SORT_BY_NAME(*)(.idata$2)
 .idata$2       0x000000006616e000       0x14 C:/GNU/MINGW64/x86_64-8.1.0-win32-seh-rt_v6-rev0/mingw64/bin/../lib/gcc/x86_64-w64-mingw32/8.1.0/../../../../x86_64-w64-mingw32/lib/../lib/libkernel32.a(dqifh.o)
                0x000000006616e000                _head_lib64_libkernel32_a
 .idata$2       0x000000006616e014       0x14 C:/GNU/MINGW64/x86_64-8.1.0-win32-seh-rt_v6-rev0/mingw64/bin/../lib/gcc/x86_64-w64-mingw32/8.1.0/../../../../x86_64-w64-mingw32/lib/../lib/libuser32.a(dyqeh.o)
                0x000000006616e014                _head_lib64_libuser32_a
 SORT_BY_NAME(*)(.idata$3)
                0x000000006616e028        0x4 LONG 0x0
                0x000000006616e02c        0x4 LONG 0x0
                0x000000006616e030        0x4 LONG 0x0
                0x000000006616e034        0x4 LONG 0x0
                0x000000006616e038        0x4 LONG 0x0
 SORT_BY_NAME(*)(.idata$4)
 .idata$4       0x000000006616e03c        0x0 C:/GNU/MINGW64/x86_64-8.1.0-win32-seh-rt_v6-rev0/mingw64/bin/../lib/gcc/x86_64-w64-mingw32/8.1.0/../../../../x86_64-w64-mingw32/lib/../lib/libkernel32.a(dqifh.o)
 .idata$4       0x000000006616e03c        0x8 C:/GNU/MINGW64/x86_64-8.1.0-win32-seh-rt_v6-rev0/mingw64/bin/../lib/gcc/x86_64-w64-mingw32/8.1.0/../../../../x86_64-w64-mingw32/lib/../lib/libkernel32.a(dqifs00427.o)
 .idata$4       0x000000006616e044        0x8 C:/GNU/MINGW64/x86_64-8.1.0-win32-seh-rt_v6-rev0/mingw64/bin/../lib/gcc/x86_64-w64-mingw32/8.1.0/../../../../x86_64-w64-mingw32/lib/../lib/libkernel32.a(dqifs00689.o)
 .idata$4       0x000000006616e04c        0x8 C:/GNU/MINGW64/x86_64-8.1.0-win32-seh-rt_v6-rev0/mingw64/bin/../lib/gcc/x86_64-w64-mingw32/8.1.0/../../../../x86_64-w64-mingw32/lib/../lib/libkernel32.a(dqifs00835.o)
 .idata$4       0x000000006616e054        0x8 C:/GNU/MINGW64/x86_64-8.1.0-win32-seh-rt_v6-rev0/mingw64/bin/../lib/gcc/x86_64-w64-mingw32/8.1.0/../../../../x86_64-w64-mingw32/lib/../lib/libkernel32.a(dqifs00837.o)
 .idata$4       0x000000006616e05c        0x8 C:/GNU/MINGW64/x86_64-8.1.0-win32-seh-rt_v6-rev0/mingw64/bin/../lib/gcc/x86_64-w64-mingw32/8.1.0/../../../../x86_64-w64-mingw32/lib/../lib/libkernel32.a(dqifs00839.o)
 .idata$4       0x000000006616e064        0x8 C:/GNU/MINGW64/x86_64-8.1.0-win32-seh-rt_v6-rev0/mingw64/bin/../lib/gcc/x86_64-w64-mingw32/8.1.0/../../../../x86_64-w64-mingw32/lib/../lib/libkernel32.a(dqifs00841.o)
 .idata$4       0x000000006616e06c        0x8 C:/GNU/MINGW64/x86_64-8.1.0-win32-seh-rt_v6-rev0/mingw64/bin/../lib/gcc/x86_64-w64-mingw32/8.1.0/../../../../x86_64-w64-mingw32/lib/../lib/libkernel32.a(dqifs00954.o)
 .idata$4       0x000000006616e074        0x8 C:/GNU/MINGW64/x86_64-8.1.0-win32-seh-rt_v6-rev0/mingw64/bin/../lib/gcc/x86_64-w64-mingw32/8.1.0/../../../../x86_64-w64-mingw32/lib/../lib/libkernel32.a(dqift.o)
 .idata$4       0x000000006616e07c        0x0 C:/GNU/MINGW64/x86_64-8.1.0-win32-seh-rt_v6-rev0/mingw64/bin/../lib/gcc/x86_64-w64-mingw32/8.1.0/../../../../x86_64-w64-mingw32/lib/../lib/libuser32.a(dyqeh.o)
 .idata$4       0x000000006616e07c        0x8 C:/GNU/MINGW64/x86_64-8.1.0-win32-seh-rt_v6-rev0/mingw64/bin/../lib/gcc/x86_64-w64-mingw32/8.1.0/../../../../x86_64-w64-mingw32/lib/../lib/libuser32.a(dyqes00958.o)
 .idata$4       0x000000006616e084        0x8 C:/GNU/MINGW64/x86_64-8.1.0-win32-seh-rt_v6-rev0/mingw64/bin/../lib/gcc/x86_64-w64-mingw32/8.1.0/../../../../x86_64-w64-mingw32/lib/../lib/libuser32.a(dyqet.o)
                0x000000006616e08c                __IAT_start__ = .
 SORT_BY_NAME(*)(.idata$5)
 .idata$5       0x000000006616e08c        0x0 C:/GNU/MINGW64/x86_64-8.1.0-win32-seh-rt_v6-rev0/mingw64/bin/../lib/gcc/x86_64-w64-mingw32/8.1.0/../../../../x86_64-w64-mingw32/lib/../lib/libkernel32.a(dqifh.o)
 .idata$5       0x000000006616e08c        0x8 C:/GNU/MINGW64/x86_64-8.1.0-win32-seh-rt_v6-rev0/mingw64/bin/../lib/gcc/x86_64-w64-mingw32/8.1.0/../../../../x86_64-w64-mingw32/lib/../lib/libkernel32.a(dqifs00427.o)
                0x000000006616e08c                __imp_FreeLibrary
 .idata$5       0x000000006616e094        0x8 C:/GNU/MINGW64/x86_64-8.1.0-win32-seh-rt_v6-rev0/mingw64/bin/../lib/gcc/x86_64-w64-mingw32/8.1.0/../../../../x86_64-w64-mingw32/lib/../lib/libkernel32.a(dqifs00689.o)
                0x000000006616e094                __imp_GetProcAddress
 .idata$5       0x000000006616e09c        0x8 C:/GNU/MINGW64/x86_64-8.1.0-win32-seh-rt_v6-rev0/mingw64/bin/../lib/gcc/x86_64-w64-mingw32/8.1.0/../../../../x86_64-w64-mingw32/lib/../lib/libkernel32.a(dqifs00835.o)
                0x000000006616e09c                __imp_HeapAlloc
 .idata$5       0x000000006616e0a4        0x8 C:/GNU/MINGW64/x86_64-8.1.0-win32-seh-rt_v6-rev0/mingw64/bin/../lib/gcc/x86_64-w64-mingw32/8.1.0/../../../../x86_64-w64-mingw32/lib/../lib/libkernel32.a(dqifs00837.o)
                0x000000006616e0a4                __imp_HeapCreate
 .idata$5       0x000000006616e0ac        0x8 C:/GNU/MINGW64/x86_64-8.1.0-win32-seh-rt_v6-rev0/mingw64/bin/../lib/gcc/x86_64-w64-mingw32/8.1.0/../../../../x86_64-w64-mingw32/lib/../lib/libkernel32.a(dqifs00839.o)
                0x000000006616e0ac                __imp_HeapDestroy
 .idata$5       0x000000006616e0b4        0x8 C:/GNU/MINGW64/x86_64-8.1.0-win32-seh-rt_v6-rev0/mingw64/bin/../lib/gcc/x86_64-w64-mingw32/8.1.0/../../../../x86_64-w64-mingw32/lib/../lib/libkernel32.a(dqifs00841.o)
                0x000000006616e0b4                __imp_HeapFree
 .idata$5       0x000000006616e0bc        0x8 C:/GNU/MINGW64/x86_64-8.1.0-win32-seh-rt_v6-rev0/mingw64/bin/../lib/gcc/x86_64-w64-mingw32/8.1.0/../../../../x86_64-w64-mingw32/lib/../lib/libkernel32.a(dqifs00954.o)
                0x000000006616e0bc                __imp_LoadLibraryA
 .idata$5       0x000000006616e0c4        0x8 C:/GNU/MINGW64/x86_64-8.1.0-win32-seh-rt_v6-rev0/mingw64/bin/../lib/gcc/x86_64-w64-mingw32/8.1.0/../../../../x86_64-w64-mingw32/lib/../lib/libkernel32.a(dqift.o)
 .idata$5       0x000000006616e0cc        0x0 C:/GNU/MINGW64/x86_64-8.1.0-win32-seh-rt_v6-rev0/mingw64/bin/../lib/gcc/x86_64-w64-mingw32/8.1.0/../../../../x86_64-w64-mingw32/lib/../lib/libuser32.a(dyqeh.o)
 .idata$5       0x000000006616e0cc        0x8 C:/GNU/MINGW64/x86_64-8.1.0-win32-seh-rt_v6-rev0/mingw64/bin/../lib/gcc/x86_64-w64-mingw32/8.1.0/../../../../x86_64-w64-mingw32/lib/../lib/libuser32.a(dyqes00958.o)
                0x000000006616e0cc                __imp_wsprintfW
 .idata$5       0x000000006616e0d4        0x8 C:/GNU/MINGW64/x86_64-8.1.0-win32-seh-rt_v6-rev0/mingw64/bin/../lib/gcc/x86_64-w64-mingw32/8.1.0/../../../../x86_64-w64-mingw32/lib/../lib/libuser32.a(dyqet.o)
                0x000000006616e0dc                __IAT_end__ = .
 SORT_BY_NAME(*)(.idata$6)
 .idata$6       0x000000006616e0dc        0xe C:/GNU/MINGW64/x86_64-8.1.0-win32-seh-rt_v6-rev0/mingw64/bin/../lib/gcc/x86_64-w64-mingw32/8.1.0/../../../../x86_64-w64-mingw32/lib/../lib/libkernel32.a(dqifs00427.o)
 .idata$6       0x000000006616e0ea       0x12 C:/GNU/MINGW64/x86_64-8.1.0-win32-seh-rt_v6-rev0/mingw64/bin/../lib/gcc/x86_64-w64-mingw32/8.1.0/../../../../x86_64-w64-mingw32/lib/../lib/libkernel32.a(dqifs00689.o)
 .idata$6       0x000000006616e0fc        0xc C:/GNU/MINGW64/x86_64-8.1.0-win32-seh-rt_v6-rev0/mingw64/bin/../lib/gcc/x86_64-w64-mingw32/8.1.0/../../../../x86_64-w64-mingw32/lib/../lib/libkernel32.a(dqifs00835.o)
 .idata$6       0x000000006616e108        0xe C:/GNU/MINGW64/x86_64-8.1.0-win32-seh-rt_v6-rev0/mingw64/bin/../lib/gcc/x86_64-w64-mingw32/8.1.0/../../../../x86_64-w64-mingw32/lib/../lib/libkernel32.a(dqifs00837.o)
 .idata$6       0x000000006616e116        0xe C:/GNU/MINGW64/x86_64-8.1.0-win32-seh-rt_v6-rev0/mingw64/bin/../lib/gcc/x86_64-w64-mingw32/8.1.0/../../../../x86_64-w64-mingw32/lib/../lib/libkernel32.a(dqifs00839.o)
 .idata$6       0x000000006616e124        0xc C:/GNU/MINGW64/x86_64-8.1.0-win32-seh-rt_v6-rev0/mingw64/bin/../lib/gcc/x86_64-w64-mingw32/8.1.0/../../../../x86_64-w64-mingw32/lib/../lib/libkernel32.a(dqifs00841.o)
 .idata$6       0x000000006616e130       0x10 C:/GNU/MINGW64/x86_64-8.1.0-win32-seh-rt_v6-rev0/mingw64/bin/../lib/gcc/x86_64-w64-mingw32/8.1.0/../../../../x86_64-w64-mingw32/lib/../lib/libkernel32.a(dqifs00954.o)
 .idata$6       0x000000006616e140        0xc C:/GNU/MINGW64/x86_64-8.1.0-win32-seh-rt_v6-rev0/mingw64/bin/../lib/gcc/x86_64-w64-mingw32/8.1.0/../../../../x86_64-w64-mingw32/lib/../lib/libuser32.a(dyqes00958.o)
 SORT_BY_NAME(*)(.idata$7)
 .idata$7       0x000000006616e14c        0x4 C:/GNU/MINGW64/x86_64-8.1.0-win32-seh-rt_v6-rev0/mingw64/bin/../lib/gcc/x86_64-w64-mingw32/8.1.0/../../../../x86_64-w64-mingw32/lib/../lib/libkernel32.a(dqifs00427.o)
 .idata$7       0x000000006616e150        0x4 C:/GNU/MINGW64/x86_64-8.1.0-win32-seh-rt_v6-rev0/mingw64/bin/../lib/gcc/x86_64-w64-mingw32/8.1.0/../../../../x86_64-w64-mingw32/lib/../lib/libkernel32.a(dqifs00689.o)
 .idata$7       0x000000006616e154        0x4 C:/GNU/MINGW64/x86_64-8.1.0-win32-seh-rt_v6-rev0/mingw64/bin/../lib/gcc/x86_64-w64-mingw32/8.1.0/../../../../x86_64-w64-mingw32/lib/../lib/libkernel32.a(dqifs00835.o)
 .idata$7       0x000000006616e158        0x4 C:/GNU/MINGW64/x86_64-8.1.0-win32-seh-rt_v6-rev0/mingw64/bin/../lib/gcc/x86_64-w64-mingw32/8.1.0/../../../../x86_64-w64-mingw32/lib/../lib/libkernel32.a(dqifs00837.o)
 .idata$7       0x000000006616e15c        0x4 C:/GNU/MINGW64/x86_64-8.1.0-win32-seh-rt_v6-rev0/mingw64/bin/../lib/gcc/x86_64-w64-mingw32/8.1.0/../../../../x86_64-w64-mingw32/lib/../lib/libkernel32.a(dqifs00839.o)
 .idata$7       0x000000006616e160        0x4 C:/GNU/MINGW64/x86_64-8.1.0-win32-seh-rt_v6-rev0/mingw64/bin/../lib/gcc/x86_64-w64-mingw32/8.1.0/../../../../x86_64-w64-mingw32/lib/../lib/libkernel32.a(dqifs00841.o)
 .idata$7       0x000000006616e164        0x4 C:/GNU/MINGW64/x86_64-8.1.0-win32-seh-rt_v6-rev0/mingw64/bin/../lib/gcc/x86_64-w64-mingw32/8.1.0/../../../../x86_64-w64-mingw32/lib/../lib/libkernel32.a(dqifs00954.o)
 .idata$7       0x000000006616e168       0x10 C:/GNU/MINGW64/x86_64-8.1.0-win32-seh-rt_v6-rev0/mingw64/bin/../lib/gcc/x86_64-w64-mingw32/8.1.0/../../../../x86_64-w64-mingw32/lib/../lib/libkernel32.a(dqift.o)
                0x000000006616e168                __lib64_libkernel32_a_iname
 .idata$7       0x000000006616e178        0x4 C:/GNU/MINGW64/x86_64-8.1.0-win32-seh-rt_v6-rev0/mingw64/bin/../lib/gcc/x86_64-w64-mingw32/8.1.0/../../../../x86_64-w64-mingw32/lib/../lib/libuser32.a(dyqes00958.o)
 .idata$7       0x000000006616e17c        0xc C:/GNU/MINGW64/x86_64-8.1.0-win32-seh-rt_v6-rev0/mingw64/bin/../lib/gcc/x86_64-w64-mingw32/8.1.0/../../../../x86_64-w64-mingw32/lib/../lib/libuser32.a(dyqet.o)
                0x000000006616e17c                __lib64_libuser32_a_iname

.CRT            0x000000006616f000        0x0
                0x000000006616f000                ___crt_xc_start__ = .
 *(SORT_BY_NAME(.CRT$XC*))
                0x000000006616f000                ___crt_xc_end__ = .
                0x000000006616f000                ___crt_xi_start__ = .
 *(SORT_BY_NAME(.CRT$XI*))
                0x000000006616f000                ___crt_xi_end__ = .
                0x000000006616f000                ___crt_xl_start__ = .
 *(SORT_BY_NAME(.CRT$XL*))
                0x000000006616f000                ___crt_xp_start__ = .
 *(SORT_BY_NAME(.CRT$XP*))
                0x000000006616f000                ___crt_xp_end__ = .
                0x000000006616f000                ___crt_xt_start__ = .
 *(SORT_BY_NAME(.CRT$XT*))
                0x000000006616f000                ___crt_xt_end__ = .

.tls            0x000000006616f000        0x0
                0x000000006616f000                ___tls_start__ = .
 *(.tls$AAA)
 *(.tls)
 *(.tls$)
 *(SORT_BY_NAME(.tls$*))
 *(.tls$ZZZ)
                0x000000006616f000                ___tls_end__ = .

.endjunk        0x000000006616f000        0x0
                [!provide]                        PROVIDE (end = .)
                [!provide]                        PROVIDE (_end = .)
                0x000000006616f000                __end__ = .

.rsrc           0x000000006616f000      0x400
 *(.rsrc)
 .rsrc          0x000000006616f000      0x378 ../build/x64_Debug/version.o
 *(.rsrc$*)

.reloc          0x0000000066170000      0x200
 *(.reloc)
 .reloc         0x0000000066170000       0x50 dll stuff

.stab
 *(.stab)

.stabstr
 *(.stabstr)

.debug_aranges  0x0000000066171000      0x400
 *(.debug_aranges)
 .debug_aranges
                0x0000000066171000       0x30 ../build/x64_Debug/debug.o
 .debug_aranges
                0x0000000066171030       0x30 ../build/x64_Debug/dllmain.o
 .debug_aranges
                0x0000000066171060       0x30 ../build/x64_Debug/pmc_add_sub.o
 .debug_aranges
                0x0000000066171090       0x30 ../build/x64_Debug/pmc_bytes.o
 .debug_aranges
                0x00000000661710c0       0x30 ../build/x64_Debug/pmc_clone.o
 .debug_aranges
                0x00000000661710f0       0x30 ../build/x64_Debug/pmc_from.o
 .debug_aranges
                0x0000000066171120       0x30 ../build/x64_Debug/pmc_getnumbertype.o
 .debug_aranges
                0x0000000066171150       0x30 ../build/x64_Debug/pmc_initialize.o
 .debug_aranges
                0x0000000066171180       0x30 ../build/x64_Debug/pmc_memory.o
 .debug_aranges
                0x00000000661711b0       0x30 ../build/x64_Debug/pmc_multiply.o
 .debug_aranges
                0x00000000661711e0       0x30 ../build/x64_Debug/pmc_negate.o
 .debug_aranges
                0x0000000066171210       0x30 ../build/x64_Debug/pmc_statistics.o
 .debug_aranges
                0x0000000066171240       0x30 ../build/x64_Debug/pmc_to.o
 .debug_aranges
                0x0000000066171270       0x30 ../build/x64_Debug/TEST_autogenerated.o
 .debug_aranges
                0x00000000661712a0       0x30 ../build/x64_Debug/TEST_op_Add.o
 .debug_aranges
                0x00000000661712d0       0x30 ../build/x64_Debug/TEST_op_Clone.o
 .debug_aranges
                0x0000000066171300       0x30 ../build/x64_Debug/TEST_op_From_To.o
 .debug_aranges
                0x0000000066171330       0x30 ../build/x64_Debug/TEST_op_GetNumberType.o
 .debug_aranges
                0x0000000066171360       0x30 ../build/x64_Debug/TEST_op_Multiply.o
 .debug_aranges
                0x0000000066171390       0x30 ../build/x64_Debug/TEST_op_Negate.o
 .debug_aranges
                0x00000000661713c0       0x30 ../build/x64_Debug/TEST_op_Subtruct.o

.zdebug_aranges
 *(.zdebug_aranges)

.debug_pubnames
 *(.debug_pubnames)

.zdebug_pubnames
 *(.zdebug_pubnames)

.debug_pubtypes
 *(.debug_pubtypes)

.zdebug_pubtypes
 *(.zdebug_pubtypes)

.debug_info     0x0000000066172000    0x96200
 *(.debug_info .gnu.linkonce.wi.*)
 .debug_info    0x0000000066172000     0x650c ../build/x64_Debug/debug.o
 .debug_info    0x000000006617850c     0x59f2 ../build/x64_Debug/dllmain.o
 .debug_info    0x000000006617defe     0x6780 ../build/x64_Debug/pmc_add_sub.o
 .debug_info    0x000000006618467e     0x5ab5 ../build/x64_Debug/pmc_bytes.o
 .debug_info    0x000000006618a133     0x59f2 ../build/x64_Debug/pmc_clone.o
 .debug_info    0x000000006618fb25     0x5b9d ../build/x64_Debug/pmc_from.o
 .debug_info    0x00000000661956c2     0x5aea ../build/x64_Debug/pmc_getnumbertype.o
 .debug_info    0x000000006619b1ac     0x63a6 ../build/x64_Debug/pmc_initialize.o
 .debug_info    0x00000000661a1552     0x634b ../build/x64_Debug/pmc_memory.o
 .debug_info    0x00000000661a789d     0x603e ../build/x64_Debug/pmc_multiply.o
 .debug_info    0x00000000661ad8db     0x59f4 ../build/x64_Debug/pmc_negate.o
 .debug_info    0x00000000661b32cf     0x595b ../build/x64_Debug/pmc_statistics.o
 .debug_info    0x00000000661b8c2a     0x5aa7 ../build/x64_Debug/pmc_to.o
 .debug_info    0x00000000661be6d1    0x1e5bd ../build/x64_Debug/TEST_autogenerated.o
 .debug_info    0x00000000661dcc8e     0x6650 ../build/x64_Debug/TEST_op_Add.o
 .debug_info    0x00000000661e32de     0x5fea ../build/x64_Debug/TEST_op_Clone.o
 .debug_info    0x00000000661e92c8     0x61e6 ../build/x64_Debug/TEST_op_From_To.o
 .debug_info    0x00000000661ef4ae     0x5f18 ../build/x64_Debug/TEST_op_GetNumberType.o
 .debug_info    0x00000000661f53c6     0x6678 ../build/x64_Debug/TEST_op_Multiply.o
 .debug_info    0x00000000661fba3e     0x5fec ../build/x64_Debug/TEST_op_Negate.o
 .debug_info    0x0000000066201a2a     0x6678 ../build/x64_Debug/TEST_op_Subtruct.o

.zdebug_info
 *(.zdebug_info .zdebug.gnu.linkonce.wi.*)

.debug_abbrev   0x0000000066209000     0x2e00
 *(.debug_abbrev)
 .debug_abbrev  0x0000000066209000      0x28e ../build/x64_Debug/debug.o
 .debug_abbrev  0x000000006620928e      0x1b2 ../build/x64_Debug/dllmain.o
 .debug_abbrev  0x0000000066209440      0x29e ../build/x64_Debug/pmc_add_sub.o
 .debug_abbrev  0x00000000662096de      0x1d0 ../build/x64_Debug/pmc_bytes.o
 .debug_abbrev  0x00000000662098ae      0x1b4 ../build/x64_Debug/pmc_clone.o
 .debug_abbrev  0x0000000066209a62      0x1ea ../build/x64_Debug/pmc_from.o
 .debug_abbrev  0x0000000066209c4c      0x205 ../build/x64_Debug/pmc_getnumbertype.o
 .debug_abbrev  0x0000000066209e51      0x2dc ../build/x64_Debug/pmc_initialize.o
 .debug_abbrev  0x000000006620a12d      0x3ab ../build/x64_Debug/pmc_memory.o
 .debug_abbrev  0x000000006620a4d8      0x279 ../build/x64_Debug/pmc_multiply.o
 .debug_abbrev  0x000000006620a751      0x1b4 ../build/x64_Debug/pmc_negate.o
 .debug_abbrev  0x000000006620a905      0x1b2 ../build/x64_Debug/pmc_statistics.o
 .debug_abbrev  0x000000006620aab7      0x1d0 ../build/x64_Debug/pmc_to.o
 .debug_abbrev  0x000000006620ac87      0x22d ../build/x64_Debug/TEST_autogenerated.o
 .debug_abbrev  0x000000006620aeb4      0x21c ../build/x64_Debug/TEST_op_Add.o
 .debug_abbrev  0x000000006620b0d0      0x1fa ../build/x64_Debug/TEST_op_Clone.o
 .debug_abbrev  0x000000006620b2ca      0x21c ../build/x64_Debug/TEST_op_From_To.o
 .debug_abbrev  0x000000006620b4e6      0x1e0 ../build/x64_Debug/TEST_op_GetNumberType.o
 .debug_abbrev  0x000000006620b6c6      0x21c ../build/x64_Debug/TEST_op_Multiply.o
 .debug_abbrev  0x000000006620b8e2      0x1fa ../build/x64_Debug/TEST_op_Negate.o
 .debug_abbrev  0x000000006620badc      0x21c ../build/x64_Debug/TEST_op_Subtruct.o

.zdebug_abbrev
 *(.zdebug_abbrev)

.debug_line     0x000000006620c000     0xb600
 *(.debug_line)
 .debug_line    0x000000006620c000      0x3a9 ../build/x64_Debug/debug.o
 .debug_line    0x000000006620c3a9      0x292 ../build/x64_Debug/dllmain.o
 .debug_line    0x000000006620c63b      0xd6f ../build/x64_Debug/pmc_add_sub.o
 .debug_line    0x000000006620d3aa      0x2d4 ../build/x64_Debug/pmc_bytes.o
 .debug_line    0x000000006620d67e      0x2ac ../build/x64_Debug/pmc_clone.o
 .debug_line    0x000000006620d92a      0x2ff ../build/x64_Debug/pmc_from.o
 .debug_line    0x000000006620dc29      0x2f7 ../build/x64_Debug/pmc_getnumbertype.o
 .debug_line    0x000000006620df20      0x401 ../build/x64_Debug/pmc_initialize.o
 .debug_line    0x000000006620e321      0x5ab ../build/x64_Debug/pmc_memory.o
 .debug_line    0x000000006620e8cc      0x62d ../build/x64_Debug/pmc_multiply.o
 .debug_line    0x000000006620eef9      0x29a ../build/x64_Debug/pmc_negate.o
 .debug_line    0x000000006620f193      0x278 ../build/x64_Debug/pmc_statistics.o
 .debug_line    0x000000006620f40b      0x304 ../build/x64_Debug/pmc_to.o
 .debug_line    0x000000006620f70f     0x5e9f ../build/x64_Debug/TEST_autogenerated.o
 .debug_line    0x00000000662155ae      0x60d ../build/x64_Debug/TEST_op_Add.o
 .debug_line    0x0000000066215bbb      0x31b ../build/x64_Debug/TEST_op_Clone.o
 .debug_line    0x0000000066215ed6      0x3da ../build/x64_Debug/TEST_op_From_To.o
 .debug_line    0x00000000662162b0      0x2d1 ../build/x64_Debug/TEST_op_GetNumberType.o
 .debug_line    0x0000000066216581      0x612 ../build/x64_Debug/TEST_op_Multiply.o
 .debug_line    0x0000000066216b93      0x31c ../build/x64_Debug/TEST_op_Negate.o
 .debug_line    0x0000000066216eaf      0x612 ../build/x64_Debug/TEST_op_Subtruct.o

.zdebug_line
 *(.zdebug_line)

.debug_frame    0x0000000066218000     0x1800
 *(.debug_frame)
 .debug_frame   0x0000000066218000      0x158 ../build/x64_Debug/debug.o
 .debug_frame   0x0000000066218158       0x40 ../build/x64_Debug/dllmain.o
 .debug_frame   0x0000000066218198      0x388 ../build/x64_Debug/pmc_add_sub.o
 .debug_frame   0x0000000066218520       0x68 ../build/x64_Debug/pmc_bytes.o
 .debug_frame   0x0000000066218588       0x40 ../build/x64_Debug/pmc_clone.o
 .debug_frame   0x00000000662185c8       0xb8 ../build/x64_Debug/pmc_from.o
 .debug_frame   0x0000000066218680       0x90 ../build/x64_Debug/pmc_getnumbertype.o
 .debug_frame   0x0000000066218710       0xc8 ../build/x64_Debug/pmc_initialize.o
 .debug_frame   0x00000000662187d8      0x298 ../build/x64_Debug/pmc_memory.o
 .debug_frame   0x0000000066218a70      0x1f8 ../build/x64_Debug/pmc_multiply.o
 .debug_frame   0x0000000066218c68       0x40 ../build/x64_Debug/pmc_negate.o
 .debug_frame   0x0000000066218ca8       0x40 ../build/x64_Debug/pmc_statistics.o
 .debug_frame   0x0000000066218ce8       0x68 ../build/x64_Debug/pmc_to.o
 .debug_frame   0x0000000066218d50       0x78 ../build/x64_Debug/TEST_autogenerated.o
 .debug_frame   0x0000000066218dc8      0x200 ../build/x64_Debug/TEST_op_Add.o
 .debug_frame   0x0000000066218fc8       0x80 ../build/x64_Debug/TEST_op_Clone.o
 .debug_frame   0x0000000066219048      0x130 ../build/x64_Debug/TEST_op_From_To.o
 .debug_frame   0x0000000066219178       0x50 ../build/x64_Debug/TEST_op_GetNumberType.o
 .debug_frame   0x00000000662191c8      0x200 ../build/x64_Debug/TEST_op_Multiply.o
 .debug_frame   0x00000000662193c8       0x80 ../build/x64_Debug/TEST_op_Negate.o
 .debug_frame   0x0000000066219448      0x200 ../build/x64_Debug/TEST_op_Subtruct.o

.zdebug_frame
 *(.zdebug_frame)

.debug_str      0x000000006621a000      0xe00
 *(.debug_str)
 .debug_str     0x000000006621a000       0xe4 ../build/x64_Debug/debug.o
 .debug_str     0x000000006621a0e4        0x9 ../build/x64_Debug/dllmain.o
 .debug_str     0x000000006621a0ed       0x49 ../build/x64_Debug/pmc_add_sub.o
 .debug_str     0x000000006621a136        0x9 ../build/x64_Debug/pmc_bytes.o
 .debug_str     0x000000006621a13f        0x9 ../build/x64_Debug/pmc_clone.o
 .debug_str     0x000000006621a148       0x10 ../build/x64_Debug/pmc_from.o
 .debug_str     0x000000006621a158       0x7c ../build/x64_Debug/pmc_getnumbertype.o
 .debug_str     0x000000006621a1d4      0x102 ../build/x64_Debug/pmc_initialize.o
 .debug_str     0x000000006621a2d6       0x3a ../build/x64_Debug/pmc_memory.o
 .debug_str     0x000000006621a310       0x17 ../build/x64_Debug/pmc_multiply.o
 .debug_str     0x000000006621a327        0x9 ../build/x64_Debug/pmc_negate.o
 .debug_str     0x000000006621a330       0x19 ../build/x64_Debug/pmc_statistics.o
 .debug_str     0x000000006621a349        0x9 ../build/x64_Debug/pmc_to.o
 .debug_str     0x000000006621a352       0xda ../build/x64_Debug/TEST_autogenerated.o
 .debug_str     0x000000006621a42c      0x17d ../build/x64_Debug/TEST_op_Add.o
 .debug_str     0x000000006621a5a9       0xda ../build/x64_Debug/TEST_op_Clone.o
 .debug_str     0x000000006621a683      0x116 ../build/x64_Debug/TEST_op_From_To.o
 .debug_str     0x000000006621a799       0xda ../build/x64_Debug/TEST_op_GetNumberType.o
 .debug_str     0x000000006621a873      0x17d ../build/x64_Debug/TEST_op_Multiply.o
 .debug_str     0x000000006621a9f0       0xda ../build/x64_Debug/TEST_op_Negate.o
 .debug_str     0x000000006621aaca      0x17d ../build/x64_Debug/TEST_op_Subtruct.o

.zdebug_str
 *(.zdebug_str)

.debug_loc
 *(.debug_loc)

.zdebug_loc
 *(.zdebug_loc)

.debug_macinfo
 *(.debug_macinfo)

.zdebug_macinfo
 *(.zdebug_macinfo)

.debug_weaknames
 *(.debug_weaknames)

.zdebug_weaknames
 *(.zdebug_weaknames)

.debug_funcnames
 *(.debug_funcnames)

.zdebug_funcnames
 *(.zdebug_funcnames)

.debug_typenames
 *(.debug_typenames)

.zdebug_typenames
 *(.zdebug_typenames)

.debug_varnames
 *(.debug_varnames)

.zdebug_varnames
 *(.zdebug_varnames)

.debug_macro
 *(.debug_macro)

.zdebug_macro
 *(.zdebug_macro)

.debug_ranges
 *(.debug_ranges)

.zdebug_ranges
 *(.zdebug_ranges)

.debug_types
 *(.debug_types .gnu.linkonce.wt.*)

.zdebug_types
 *(.zdebug_types .zdebug.gnu.linkonce.wt.*)

.debug_gdb_scripts
 *(.debug_gdb_scripts)

.zdebug_gdb_scripts
 *(.zdebug_gdb_scripts)
OUTPUT(../../dist/x64_Debug/Palmtree.Math.Core.Sint.dll pei-x86-64)
LOAD dll stuff
