Archive member included to satisfy reference by file (symbol)

C:/GNU/MINGW64/x86_64-8.1.0-win32-seh-rt_v6-rev0/mingw64/bin/../lib/gcc/x86_64-w64-mingw32/8.1.0/../../../../x86_64-w64-mingw32/lib/../lib/libkernel32.a(dqifs00954.o)
                              ../build/x64_Debug/pmc_initialize.o (__imp_LoadLibraryA)
C:/GNU/MINGW64/x86_64-8.1.0-win32-seh-rt_v6-rev0/mingw64/bin/../lib/gcc/x86_64-w64-mingw32/8.1.0/../../../../x86_64-w64-mingw32/lib/../lib/libkernel32.a(dqifs00841.o)
                              ../build/x64_Debug/pmc_memory.o (__imp_HeapFree)
C:/GNU/MINGW64/x86_64-8.1.0-win32-seh-rt_v6-rev0/mingw64/bin/../lib/gcc/x86_64-w64-mingw32/8.1.0/../../../../x86_64-w64-mingw32/lib/../lib/libkernel32.a(dqifs00839.o)
                              ../build/x64_Debug/pmc_memory.o (__imp_HeapDestroy)
C:/GNU/MINGW64/x86_64-8.1.0-win32-seh-rt_v6-rev0/mingw64/bin/../lib/gcc/x86_64-w64-mingw32/8.1.0/../../../../x86_64-w64-mingw32/lib/../lib/libkernel32.a(dqifs00837.o)
                              ../build/x64_Debug/pmc_memory.o (__imp_HeapCreate)
C:/GNU/MINGW64/x86_64-8.1.0-win32-seh-rt_v6-rev0/mingw64/bin/../lib/gcc/x86_64-w64-mingw32/8.1.0/../../../../x86_64-w64-mingw32/lib/../lib/libkernel32.a(dqifs00835.o)
                              ../build/x64_Debug/pmc_memory.o (__imp_HeapAlloc)
C:/GNU/MINGW64/x86_64-8.1.0-win32-seh-rt_v6-rev0/mingw64/bin/../lib/gcc/x86_64-w64-mingw32/8.1.0/../../../../x86_64-w64-mingw32/lib/../lib/libkernel32.a(dqifs00689.o)
                              ../build/x64_Debug/pmc_initialize.o (__imp_GetProcAddress)
C:/GNU/MINGW64/x86_64-8.1.0-win32-seh-rt_v6-rev0/mingw64/bin/../lib/gcc/x86_64-w64-mingw32/8.1.0/../../../../x86_64-w64-mingw32/lib/../lib/libkernel32.a(dqifs00427.o)
                              ../build/x64_Debug/pmc_initialize.o (__imp_FreeLibrary)
C:/GNU/MINGW64/x86_64-8.1.0-win32-seh-rt_v6-rev0/mingw64/bin/../lib/gcc/x86_64-w64-mingw32/8.1.0/../../../../x86_64-w64-mingw32/lib/../lib/libkernel32.a(dqifh.o)
                              C:/GNU/MINGW64/x86_64-8.1.0-win32-seh-rt_v6-rev0/mingw64/bin/../lib/gcc/x86_64-w64-mingw32/8.1.0/../../../../x86_64-w64-mingw32/lib/../lib/libkernel32.a(dqifs00954.o) (_head_lib64_libkernel32_a)
C:/GNU/MINGW64/x86_64-8.1.0-win32-seh-rt_v6-rev0/mingw64/bin/../lib/gcc/x86_64-w64-mingw32/8.1.0/../../../../x86_64-w64-mingw32/lib/../lib/libkernel32.a(dqift.o)
                              C:/GNU/MINGW64/x86_64-8.1.0-win32-seh-rt_v6-rev0/mingw64/bin/../lib/gcc/x86_64-w64-mingw32/8.1.0/../../../../x86_64-w64-mingw32/lib/../lib/libkernel32.a(dqifh.o) (__lib64_libkernel32_a_iname)
C:/GNU/MINGW64/x86_64-8.1.0-win32-seh-rt_v6-rev0/mingw64/bin/../lib/gcc/x86_64-w64-mingw32/8.1.0/../../../../x86_64-w64-mingw32/lib/../lib/libuser32.a(dyqes00958.o)
                              ../build/x64_Debug/debug.o (__imp_wsprintfW)
C:/GNU/MINGW64/x86_64-8.1.0-win32-seh-rt_v6-rev0/mingw64/bin/../lib/gcc/x86_64-w64-mingw32/8.1.0/../../../../x86_64-w64-mingw32/lib/../lib/libuser32.a(dyqeh.o)
                              C:/GNU/MINGW64/x86_64-8.1.0-win32-seh-rt_v6-rev0/mingw64/bin/../lib/gcc/x86_64-w64-mingw32/8.1.0/../../../../x86_64-w64-mingw32/lib/../lib/libuser32.a(dyqes00958.o) (_head_lib64_libuser32_a)
C:/GNU/MINGW64/x86_64-8.1.0-win32-seh-rt_v6-rev0/mingw64/bin/../lib/gcc/x86_64-w64-mingw32/8.1.0/../../../../x86_64-w64-mingw32/lib/../lib/libuser32.a(dyqet.o)
                              C:/GNU/MINGW64/x86_64-8.1.0-win32-seh-rt_v6-rev0/mingw64/bin/../lib/gcc/x86_64-w64-mingw32/8.1.0/../../../../x86_64-w64-mingw32/lib/../lib/libuser32.a(dyqeh.o) (__lib64_libuser32_a_iname)

Allocating common symbols
Common symbol       size              file

number_one          0x20              ../build/x64_Debug/pmc_memory.o
number_minus_one    0x20              ../build/x64_Debug/pmc_memory.o
number_zero         0x20              ../build/x64_Debug/pmc_memory.o
uint_number_one     0x8               ../build/x64_Debug/debug.o
ep_uint             0x228             ../build/x64_Debug/pmc_initialize.o
hLocalHeap          0x8               ../build/x64_Debug/pmc_memory.o
uint_number_zero    0x8               ../build/x64_Debug/debug.o

Discarded input sections

 .drectve       0x0000000000000000       0x54 ../build/x64_Debug/debug.o
 .drectve       0x0000000000000000       0x40 ../build/x64_Debug/dllmain.o
 .drectve       0x0000000000000000       0x40 ../build/x64_Debug/pmc_add_sub.o
 .drectve       0x0000000000000000       0x40 ../build/x64_Debug/pmc_bytes.o
 .rdata$.refptr.ep_uint
                0x0000000000000000       0x10 ../build/x64_Debug/pmc_bytes.o
 .drectve       0x0000000000000000       0x40 ../build/x64_Debug/pmc_clone.o
 .rdata$.refptr.number_zero
                0x0000000000000000       0x10 ../build/x64_Debug/pmc_clone.o
 .drectve       0x0000000000000000       0x40 ../build/x64_Debug/pmc_compare.o
 .rdata$.refptr.ep_uint
                0x0000000000000000       0x10 ../build/x64_Debug/pmc_compare.o
 .drectve       0x0000000000000000       0x40 ../build/x64_Debug/pmc_divrem.o
 .rdata$.refptr.ep_uint
                0x0000000000000000       0x10 ../build/x64_Debug/pmc_divrem.o
 .rdata$.refptr.number_zero
                0x0000000000000000       0x10 ../build/x64_Debug/pmc_divrem.o
 .drectve       0x0000000000000000       0x40 ../build/x64_Debug/pmc_equals.o
 .rdata$.refptr.ep_uint
                0x0000000000000000       0x10 ../build/x64_Debug/pmc_equals.o
 .drectve       0x0000000000000000       0x40 ../build/x64_Debug/pmc_from.o
 .rdata$.refptr.ep_uint
                0x0000000000000000       0x10 ../build/x64_Debug/pmc_from.o
 .rdata$.refptr.number_zero
                0x0000000000000000       0x10 ../build/x64_Debug/pmc_from.o
 .drectve       0x0000000000000000       0x74 ../build/x64_Debug/pmc_initialize.o
 .drectve       0x0000000000000000       0xb0 ../build/x64_Debug/pmc_memory.o
 .rdata$.refptr.ep_uint
                0x0000000000000000       0x10 ../build/x64_Debug/pmc_memory.o
 .drectve       0x0000000000000000       0x40 ../build/x64_Debug/pmc_multiply.o
 .rdata$.refptr.number_zero
                0x0000000000000000       0x10 ../build/x64_Debug/pmc_multiply.o
 .rdata$.refptr.ep_uint
                0x0000000000000000       0x10 ../build/x64_Debug/pmc_multiply.o
 .drectve       0x0000000000000000       0x40 ../build/x64_Debug/pmc_negate.o
 .drectve       0x0000000000000000       0x40 ../build/x64_Debug/pmc_statistics.o
 .rdata$.refptr.ep_uint
                0x0000000000000000       0x10 ../build/x64_Debug/pmc_statistics.o
 .drectve       0x0000000000000000       0x40 ../build/x64_Debug/pmc_to.o
 .rdata$.refptr.ep_uint
                0x0000000000000000       0x10 ../build/x64_Debug/pmc_to.o
 .drectve       0x0000000000000000       0x40 ../build/x64_Debug/TEST_autogenerated.o
 .drectve       0x0000000000000000       0x40 ../build/x64_Debug/TEST_op_Add.o
 .drectve       0x0000000000000000       0x40 ../build/x64_Debug/TEST_op_Clone.o
 .drectve       0x0000000000000000       0x40 ../build/x64_Debug/TEST_op_Compare.o
 .drectve       0x0000000000000000       0x40 ../build/x64_Debug/TEST_op_Equals.o
 .drectve       0x0000000000000000       0x40 ../build/x64_Debug/TEST_op_From_To.o
 .drectve       0x0000000000000000       0x40 ../build/x64_Debug/TEST_op_Multiply.o
 .drectve       0x0000000000000000       0x40 ../build/x64_Debug/TEST_op_Negate.o
 .drectve       0x0000000000000000       0x40 ../build/x64_Debug/TEST_op_Subtruct.o

Memory Configuration

Name             Origin             Length             Attributes
*default*        0x0000000000000000 0xffffffffffffffff

Linker script and memory map

                0x00000000660c0000                __image_base__ = 0x660c0000
                0x0000000000000000                __dll__ = 0x0
                0x00000000660c0000                __ImageBase = 0x660c0000
                0x0000000000001000                __section_alignment__ = 0x1000
                0x0000000000000200                __file_alignment__ = 0x200
                0x0000000000000004                __major_os_version__ = 0x4
                0x0000000000000000                __minor_os_version__ = 0x0
                0x0000000000000000                __major_image_version__ = 0x0
                0x0000000000000000                __minor_image_version__ = 0x0
                0x0000000000000005                __major_subsystem_version__ = 0x5
                0x0000000000000002                __minor_subsystem_version__ = 0x2
                0x0000000000000002                __subsystem__ = 0x2
                0x0000000000200000                __size_of_stack_reserve__ = 0x200000
                0x0000000000001000                __size_of_stack_commit__ = 0x1000
                0x0000000000100000                __size_of_heap_reserve__ = 0x100000
                0x0000000000001000                __size_of_heap_commit__ = 0x1000
                0x0000000000000000                __loader_flags__ = 0x0
                0x0000000000000000                __dll_characteristics__ = 0x0
LOAD ../build/x64_Debug/debug.o
LOAD ../build/x64_Debug/dllmain.o
LOAD ../build/x64_Debug/pmc_add_sub.o
LOAD ../build/x64_Debug/pmc_bytes.o
LOAD ../build/x64_Debug/pmc_clone.o
LOAD ../build/x64_Debug/pmc_compare.o
LOAD ../build/x64_Debug/pmc_divrem.o
LOAD ../build/x64_Debug/pmc_equals.o
LOAD ../build/x64_Debug/pmc_from.o
LOAD ../build/x64_Debug/pmc_initialize.o
LOAD ../build/x64_Debug/pmc_memory.o
LOAD ../build/x64_Debug/pmc_multiply.o
LOAD ../build/x64_Debug/pmc_negate.o
LOAD ../build/x64_Debug/pmc_statistics.o
LOAD ../build/x64_Debug/pmc_to.o
LOAD ../build/x64_Debug/TEST_autogenerated.o
LOAD ../build/x64_Debug/TEST_op_Add.o
LOAD ../build/x64_Debug/TEST_op_Clone.o
LOAD ../build/x64_Debug/TEST_op_Compare.o
LOAD ../build/x64_Debug/TEST_op_DivRem.o
LOAD ../build/x64_Debug/TEST_op_Equals.o
LOAD ../build/x64_Debug/TEST_op_From_To.o
LOAD ../build/x64_Debug/TEST_op_Multiply.o
LOAD ../build/x64_Debug/TEST_op_Negate.o
LOAD ../build/x64_Debug/TEST_op_Remainder.o
LOAD ../build/x64_Debug/TEST_op_Subtruct.o
LOAD ../build/x64_Debug/version.o
LOAD ../Palmtree.Math.Core.Sint.def
LOAD C:/GNU/MINGW64/x86_64-8.1.0-win32-seh-rt_v6-rev0/mingw64/bin/../lib/gcc/x86_64-w64-mingw32/8.1.0/../../../../x86_64-w64-mingw32/lib/../lib/libkernel32.a
LOAD C:/GNU/MINGW64/x86_64-8.1.0-win32-seh-rt_v6-rev0/mingw64/bin/../lib/gcc/x86_64-w64-mingw32/8.1.0/../../../../x86_64-w64-mingw32/lib/../lib/libuser32.a
                0x0000000000000408                . = SIZEOF_HEADERS
                0x0000000000001000                . = ALIGN (__section_alignment__)

.text           0x00000000660c1000   0x15e800
 *(.init)
 *(.text)
 .text          0x00000000660c1000      0x3c0 ../build/x64_Debug/debug.o
                0x00000000660c110f                DoDebug
                0x00000000660c120f                TEST_Assert
                0x00000000660c1281                FormatTestLabel
                0x00000000660c12c1                FormatTestMesssage
                0x00000000660c12f7                DumpBinary_UNIT
 .text          0x00000000660c13c0       0x70 ../build/x64_Debug/dllmain.o
                0x00000000660c13c0                DllMain
 .text          0x00000000660c1430     0x2430 ../build/x64_Debug/pmc_add_sub.o
                0x00000000660c1b77                PMC_Add_I_X
                0x00000000660c1d9f                PMC_Add_L_X
                0x00000000660c1fd0                PMC_Add_UX_X
                0x00000000660c216c                PMC_Add_X_I
                0x00000000660c2380                PMC_Add_X_L
                0x00000000660c259c                PMC_Add_X_UX
                0x00000000660c2784                PMC_Add_X_X
                0x00000000660c29e0                PMC_Subtruct_I_X
                0x00000000660c2c08                PMC_Subtruct_L_X
                0x00000000660c2e39                PMC_Subtruct_UX_X
                0x00000000660c2fe6                PMC_Subtruct_X_I
                0x00000000660c31fc                PMC_Subtruct_X_L
                0x00000000660c341a                PMC_Subtruct_X_UX
                0x00000000660c3602                PMC_Subtruct_X_X
 .text          0x00000000660c3860      0x160 ../build/x64_Debug/pmc_bytes.o
                0x00000000660c3860                PMC_FromByteArray
                0x00000000660c3927                PMC_ToByteArray
 .text          0x00000000660c39c0       0xc0 ../build/x64_Debug/pmc_clone.o
                0x00000000660c39c0                PMC_Clone_X
 .text          0x00000000660c3a80      0xb40 ../build/x64_Debug/pmc_compare.o
                0x00000000660c3c9a                PMC_Compare_I_X
                0x00000000660c3df2                PMC_Compare_L_X
                0x00000000660c3f4f                PMC_Compare_UX_X
                0x00000000660c4047                PMC_Compare_X_I
                0x00000000660c419b                PMC_Compare_X_L
                0x00000000660c42f4                PMC_Compare_X_UX
                0x00000000660c4425                PMC_Compare_X_X
 .text          0x00000000660c45c0     0x10d0 ../build/x64_Debug/pmc_divrem.o
                0x00000000660c4670                PMC_DivRem_I_X
                0x00000000660c48a2                PMC_DivRem_L_X
                0x00000000660c4ae2                PMC_DivRem_UX_X
                0x00000000660c4cbe                PMC_DivRem_X_I
                0x00000000660c4ec5                PMC_DivRem_X_L
                0x00000000660c50da                PMC_DivRem_X_UX
                0x00000000660c538c                PMC_DivRem_X_X
 .text          0x00000000660c5690      0x740 ../build/x64_Debug/pmc_equals.o
                0x00000000660c5740                PMC_Equals_I_X
                0x00000000660c581b                PMC_Equals_L_X
                0x00000000660c58fd                PMC_Equals_UX_X
                0x00000000660c59ff                PMC_Equals_X_I
                0x00000000660c5ad8                PMC_Equals_X_L
                0x00000000660c5bb5                PMC_Equals_X_UX
                0x00000000660c5cc9                PMC_Equals_X_X
 .text          0x00000000660c5dd0      0x250 ../build/x64_Debug/pmc_from.o
                0x00000000660c5dd0                From_I_Imp
                0x00000000660c5e4f                From_L_Imp
                0x00000000660c5ed0                PMC_From_I
                0x00000000660c5f73                PMC_From_L
 .text          0x00000000660c6020      0x640 ../build/x64_Debug/pmc_initialize.o
                0x00000000660c62a8                PMC_SINT_Initialize
 .text          0x00000000660c6660      0x8d0 ../build/x64_Debug/pmc_memory.o
                0x00000000660c68bf                AttatchNumber
                0x00000000660c6911                AllocateNumber
                0x00000000660c69a1                DetatchNumber
                0x00000000660c69d5                DeallocateNumber
                0x00000000660c6a31                CheckNumber
                0x00000000660c6a63                DuplicateNumber
                0x00000000660c6b87                Negate_Imp
                0x00000000660c6c89                PMC_GetConstantValue_I
                0x00000000660c6cec                PMC_Dispose
                0x00000000660c6d13                Initialize_Memory
                0x00000000660c6e9e                AllocateHeapArea
                0x00000000660c6eed                DeallocateHeapArea
 .text          0x00000000660c6f30      0xae0 ../build/x64_Debug/pmc_multiply.o
                0x00000000660c71e0                PMC_Multiply_I_X
                0x00000000660c731f                PMC_Multiply_L_X
                0x00000000660c7461                PMC_Multiply_UX_X
                0x00000000660c7547                PMC_Multiply_X_I
                0x00000000660c767b                PMC_Multiply_X_L
                0x00000000660c77b2                PMC_Multiply_X_UX
                0x00000000660c7898                PMC_Multiply_X_X
 .text          0x00000000660c7a10       0x90 ../build/x64_Debug/pmc_negate.o
                0x00000000660c7a10                PMC_Negate_X
 .text          0x00000000660c7aa0       0x30 ../build/x64_Debug/pmc_statistics.o
                0x00000000660c7aa0                PMC_GetStatisticsInfo
 .text          0x00000000660c7ad0      0x1b0 ../build/x64_Debug/pmc_to.o
                0x00000000660c7ad0                PMC_To_X_I
                0x00000000660c7b97                PMC_To_X_L
 .text          0x00000000660c7c80   0x14f6a0 ../build/x64_Debug/TEST_autogenerated.o
                0x00000000660c7c80                TEST_autogenerated
 .text          0x0000000066217320     0x12d0 ../build/x64_Debug/TEST_op_Add.o
                0x000000006621737b                TEST_Add_I_X
                0x00000000662175da                TEST_Add_L_X
                0x000000006621783a                TEST_Add_UX_X
                0x0000000066217b35                TEST_Add_X_I
                0x0000000066217d94                TEST_Add_X_L
                0x0000000066217ff4                TEST_Add_X_UX
                0x00000000662182ef                TEST_Add_X_X
 .text          0x00000000662185f0      0x2c0 ../build/x64_Debug/TEST_op_Clone.o
                0x000000006621864b                TEST_Clone_X
 .text          0x00000000662188b0      0xa10 ../build/x64_Debug/TEST_op_Compare.o
                0x00000000662188b0                TEST_Compare_I_X
                0x00000000662189eb                TEST_Compare_L_X
                0x0000000066218b27                TEST_Compare_UX_X
                0x0000000066218cda                TEST_Compare_X_I
                0x0000000066218e15                TEST_Compare_X_L
                0x0000000066218f51                TEST_Compare_X_UX
                0x0000000066219104                TEST_Compare_X_X
 .text          0x00000000662192c0     0x1930 ../build/x64_Debug/TEST_op_DivRem.o
                0x000000006621931b                TEST_DivRem_I_X
                0x000000006621969d                TEST_DivRem_L_X
                0x0000000066219a20                TEST_DivRem_UX_X
                0x0000000066219e38                TEST_DivRem_X_I
                0x000000006621a0ef                TEST_DivRem_X_L
                0x000000006621a3a9                TEST_DivRem_X_UX
                0x000000006621a7c7                TEST_DivRem_X_X
 .text          0x000000006621abf0      0xa10 ../build/x64_Debug/TEST_op_Equals.o
                0x000000006621abf0                TEST_Equals_I_X
                0x000000006621ad2b                TEST_Equals_L_X
                0x000000006621ae67                TEST_Equals_UX_X
                0x000000006621b01a                TEST_Equals_X_I
                0x000000006621b155                TEST_Equals_X_L
                0x000000006621b291                TEST_Equals_X_UX
                0x000000006621b444                TEST_Equals_X_X
 .text          0x000000006621b600      0x660 ../build/x64_Debug/TEST_op_From_To.o
                0x000000006621b65b                TEST_From_I
                0x000000006621b816                TEST_From_L
                0x000000006621b9d2                TEST_To_X_I
                0x000000006621bb16                TEST_To_X_L
 .text          0x000000006621bc60     0x12d0 ../build/x64_Debug/TEST_op_Multiply.o
                0x000000006621bcbb                TEST_Multiply_I_X
                0x000000006621bf1a                TEST_Multiply_L_X
                0x000000006621c17a                TEST_Multiply_UX_X
                0x000000006621c475                TEST_Multiply_X_I
                0x000000006621c6d4                TEST_Multiply_X_L
                0x000000006621c934                TEST_Multiply_X_UX
                0x000000006621cc2f                TEST_Multiply_X_X
 .text          0x000000006621cf30      0x2c0 ../build/x64_Debug/TEST_op_Negate.o
                0x000000006621cf8b                TEST_Negate_X
 .text          0x000000006621d1f0     0x1130 ../build/x64_Debug/TEST_op_Remainder.o
                0x000000006621d24b                TEST_Remainder_I_X
                0x000000006621d4c5                TEST_Remainder_L_X
                0x000000006621d740                TEST_Remainder_UX_X
                0x000000006621da50                TEST_Remainder_X_I
                0x000000006621db9c                TEST_Remainder_X_L
                0x000000006621dceb                TEST_Remainder_X_UX
                0x000000006621e001                TEST_Remainder_X_X
 .text          0x000000006621e320     0x12d0 ../build/x64_Debug/TEST_op_Subtruct.o
                0x000000006621e37b                TEST_Subtruct_I_X
                0x000000006621e5da                TEST_Subtruct_L_X
                0x000000006621e83a                TEST_Subtruct_UX_X
                0x000000006621eb35                TEST_Subtruct_X_I
                0x000000006621ed94                TEST_Subtruct_X_L
                0x000000006621eff4                TEST_Subtruct_X_UX
                0x000000006621f2ef                TEST_Subtruct_X_X
 .text          0x000000006621f5f0        0x8 C:/GNU/MINGW64/x86_64-8.1.0-win32-seh-rt_v6-rev0/mingw64/bin/../lib/gcc/x86_64-w64-mingw32/8.1.0/../../../../x86_64-w64-mingw32/lib/../lib/libkernel32.a(dqifs00954.o)
                0x000000006621f5f0                LoadLibraryA
 .text          0x000000006621f5f8        0x8 C:/GNU/MINGW64/x86_64-8.1.0-win32-seh-rt_v6-rev0/mingw64/bin/../lib/gcc/x86_64-w64-mingw32/8.1.0/../../../../x86_64-w64-mingw32/lib/../lib/libkernel32.a(dqifs00841.o)
                0x000000006621f5f8                HeapFree
 .text          0x000000006621f600        0x8 C:/GNU/MINGW64/x86_64-8.1.0-win32-seh-rt_v6-rev0/mingw64/bin/../lib/gcc/x86_64-w64-mingw32/8.1.0/../../../../x86_64-w64-mingw32/lib/../lib/libkernel32.a(dqifs00839.o)
                0x000000006621f600                HeapDestroy
 .text          0x000000006621f608        0x8 C:/GNU/MINGW64/x86_64-8.1.0-win32-seh-rt_v6-rev0/mingw64/bin/../lib/gcc/x86_64-w64-mingw32/8.1.0/../../../../x86_64-w64-mingw32/lib/../lib/libkernel32.a(dqifs00837.o)
                0x000000006621f608                HeapCreate
 .text          0x000000006621f610        0x8 C:/GNU/MINGW64/x86_64-8.1.0-win32-seh-rt_v6-rev0/mingw64/bin/../lib/gcc/x86_64-w64-mingw32/8.1.0/../../../../x86_64-w64-mingw32/lib/../lib/libkernel32.a(dqifs00835.o)
                0x000000006621f610                HeapAlloc
 .text          0x000000006621f618        0x8 C:/GNU/MINGW64/x86_64-8.1.0-win32-seh-rt_v6-rev0/mingw64/bin/../lib/gcc/x86_64-w64-mingw32/8.1.0/../../../../x86_64-w64-mingw32/lib/../lib/libkernel32.a(dqifs00689.o)
                0x000000006621f618                GetProcAddress
 .text          0x000000006621f620        0x8 C:/GNU/MINGW64/x86_64-8.1.0-win32-seh-rt_v6-rev0/mingw64/bin/../lib/gcc/x86_64-w64-mingw32/8.1.0/../../../../x86_64-w64-mingw32/lib/../lib/libkernel32.a(dqifs00427.o)
                0x000000006621f620                FreeLibrary
 *fill*         0x000000006621f628        0x8 
 .text          0x000000006621f630        0x0 C:/GNU/MINGW64/x86_64-8.1.0-win32-seh-rt_v6-rev0/mingw64/bin/../lib/gcc/x86_64-w64-mingw32/8.1.0/../../../../x86_64-w64-mingw32/lib/../lib/libkernel32.a(dqifh.o)
 .text          0x000000006621f630        0x0 C:/GNU/MINGW64/x86_64-8.1.0-win32-seh-rt_v6-rev0/mingw64/bin/../lib/gcc/x86_64-w64-mingw32/8.1.0/../../../../x86_64-w64-mingw32/lib/../lib/libkernel32.a(dqift.o)
 .text          0x000000006621f630        0x8 C:/GNU/MINGW64/x86_64-8.1.0-win32-seh-rt_v6-rev0/mingw64/bin/../lib/gcc/x86_64-w64-mingw32/8.1.0/../../../../x86_64-w64-mingw32/lib/../lib/libuser32.a(dyqes00958.o)
                0x000000006621f630                wsprintfW
 *fill*         0x000000006621f638        0x8 
 .text          0x000000006621f640        0x0 C:/GNU/MINGW64/x86_64-8.1.0-win32-seh-rt_v6-rev0/mingw64/bin/../lib/gcc/x86_64-w64-mingw32/8.1.0/../../../../x86_64-w64-mingw32/lib/../lib/libuser32.a(dyqeh.o)
 .text          0x000000006621f640        0x0 C:/GNU/MINGW64/x86_64-8.1.0-win32-seh-rt_v6-rev0/mingw64/bin/../lib/gcc/x86_64-w64-mingw32/8.1.0/../../../../x86_64-w64-mingw32/lib/../lib/libuser32.a(dyqet.o)
 *(SORT_BY_NAME(.text$*))
 *(.text.*)
 *(.gnu.linkonce.t.*)
 *(.glue_7t)
 *(.glue_7)
                0x000000006621f640                . = ALIGN (0x8)
                0x000000006621f640                ___CTOR_LIST__ = .
                0x000000006621f640                __CTOR_LIST__ = .
                0x000000006621f640        0x4 LONG 0xffffffffffffffff
                0x000000006621f644        0x4 LONG 0xffffffffffffffff
 *(.ctors)
 *(.ctor)
 *(SORT_BY_NAME(.ctors.*))
                0x000000006621f648        0x4 LONG 0x0
                0x000000006621f64c        0x4 LONG 0x0
                0x000000006621f650                ___DTOR_LIST__ = .
                0x000000006621f650                __DTOR_LIST__ = .
                0x000000006621f650        0x4 LONG 0xffffffffffffffff
                0x000000006621f654        0x4 LONG 0xffffffffffffffff
 *(.dtors)
 *(.dtor)
 *(SORT_BY_NAME(.dtors.*))
                0x000000006621f658        0x4 LONG 0x0
                0x000000006621f65c        0x4 LONG 0x0
 *(.fini)
 *(.gcc_exc)
                [!provide]                        PROVIDE (etext = .)
 *(.gcc_except_table)

.data           0x0000000066220000    0x10400
                0x0000000066220000                __data_start__ = .
 *(.data)
 .data          0x0000000066220000        0x0 ../build/x64_Debug/debug.o
 .data          0x0000000066220000        0x0 ../build/x64_Debug/dllmain.o
 .data          0x0000000066220000        0x0 ../build/x64_Debug/pmc_add_sub.o
 .data          0x0000000066220000        0x0 ../build/x64_Debug/pmc_bytes.o
 .data          0x0000000066220000        0x0 ../build/x64_Debug/pmc_clone.o
 .data          0x0000000066220000        0x0 ../build/x64_Debug/pmc_compare.o
 .data          0x0000000066220000        0x0 ../build/x64_Debug/pmc_divrem.o
 .data          0x0000000066220000        0x0 ../build/x64_Debug/pmc_equals.o
 .data          0x0000000066220000        0x0 ../build/x64_Debug/pmc_from.o
 .data          0x0000000066220000        0x0 ../build/x64_Debug/pmc_initialize.o
 .data          0x0000000066220000        0x0 ../build/x64_Debug/pmc_memory.o
 .data          0x0000000066220000        0x0 ../build/x64_Debug/pmc_multiply.o
 .data          0x0000000066220000        0x0 ../build/x64_Debug/pmc_negate.o
 .data          0x0000000066220000        0x0 ../build/x64_Debug/pmc_statistics.o
 .data          0x0000000066220000        0x0 ../build/x64_Debug/pmc_to.o
 .data          0x0000000066220000    0x10320 ../build/x64_Debug/TEST_autogenerated.o
 .data          0x0000000066230320        0x0 ../build/x64_Debug/TEST_op_Add.o
 .data          0x0000000066230320        0x0 ../build/x64_Debug/TEST_op_Clone.o
 .data          0x0000000066230320        0x0 ../build/x64_Debug/TEST_op_Compare.o
 .data          0x0000000066230320        0x0 ../build/x64_Debug/TEST_op_DivRem.o
 .data          0x0000000066230320        0x0 ../build/x64_Debug/TEST_op_Equals.o
 .data          0x0000000066230320        0x0 ../build/x64_Debug/TEST_op_From_To.o
 .data          0x0000000066230320        0x0 ../build/x64_Debug/TEST_op_Multiply.o
 .data          0x0000000066230320        0x0 ../build/x64_Debug/TEST_op_Negate.o
 .data          0x0000000066230320        0x0 ../build/x64_Debug/TEST_op_Remainder.o
 .data          0x0000000066230320        0x0 ../build/x64_Debug/TEST_op_Subtruct.o
 .data          0x0000000066230320        0x0 C:/GNU/MINGW64/x86_64-8.1.0-win32-seh-rt_v6-rev0/mingw64/bin/../lib/gcc/x86_64-w64-mingw32/8.1.0/../../../../x86_64-w64-mingw32/lib/../lib/libkernel32.a(dqifs00954.o)
 .data          0x0000000066230320        0x0 C:/GNU/MINGW64/x86_64-8.1.0-win32-seh-rt_v6-rev0/mingw64/bin/../lib/gcc/x86_64-w64-mingw32/8.1.0/../../../../x86_64-w64-mingw32/lib/../lib/libkernel32.a(dqifs00841.o)
 .data          0x0000000066230320        0x0 C:/GNU/MINGW64/x86_64-8.1.0-win32-seh-rt_v6-rev0/mingw64/bin/../lib/gcc/x86_64-w64-mingw32/8.1.0/../../../../x86_64-w64-mingw32/lib/../lib/libkernel32.a(dqifs00839.o)
 .data          0x0000000066230320        0x0 C:/GNU/MINGW64/x86_64-8.1.0-win32-seh-rt_v6-rev0/mingw64/bin/../lib/gcc/x86_64-w64-mingw32/8.1.0/../../../../x86_64-w64-mingw32/lib/../lib/libkernel32.a(dqifs00837.o)
 .data          0x0000000066230320        0x0 C:/GNU/MINGW64/x86_64-8.1.0-win32-seh-rt_v6-rev0/mingw64/bin/../lib/gcc/x86_64-w64-mingw32/8.1.0/../../../../x86_64-w64-mingw32/lib/../lib/libkernel32.a(dqifs00835.o)
 .data          0x0000000066230320        0x0 C:/GNU/MINGW64/x86_64-8.1.0-win32-seh-rt_v6-rev0/mingw64/bin/../lib/gcc/x86_64-w64-mingw32/8.1.0/../../../../x86_64-w64-mingw32/lib/../lib/libkernel32.a(dqifs00689.o)
 .data          0x0000000066230320        0x0 C:/GNU/MINGW64/x86_64-8.1.0-win32-seh-rt_v6-rev0/mingw64/bin/../lib/gcc/x86_64-w64-mingw32/8.1.0/../../../../x86_64-w64-mingw32/lib/../lib/libkernel32.a(dqifs00427.o)
 .data          0x0000000066230320        0x0 C:/GNU/MINGW64/x86_64-8.1.0-win32-seh-rt_v6-rev0/mingw64/bin/../lib/gcc/x86_64-w64-mingw32/8.1.0/../../../../x86_64-w64-mingw32/lib/../lib/libkernel32.a(dqifh.o)
 .data          0x0000000066230320        0x0 C:/GNU/MINGW64/x86_64-8.1.0-win32-seh-rt_v6-rev0/mingw64/bin/../lib/gcc/x86_64-w64-mingw32/8.1.0/../../../../x86_64-w64-mingw32/lib/../lib/libkernel32.a(dqift.o)
 .data          0x0000000066230320        0x0 C:/GNU/MINGW64/x86_64-8.1.0-win32-seh-rt_v6-rev0/mingw64/bin/../lib/gcc/x86_64-w64-mingw32/8.1.0/../../../../x86_64-w64-mingw32/lib/../lib/libuser32.a(dyqes00958.o)
 .data          0x0000000066230320        0x0 C:/GNU/MINGW64/x86_64-8.1.0-win32-seh-rt_v6-rev0/mingw64/bin/../lib/gcc/x86_64-w64-mingw32/8.1.0/../../../../x86_64-w64-mingw32/lib/../lib/libuser32.a(dyqeh.o)
 .data          0x0000000066230320        0x0 C:/GNU/MINGW64/x86_64-8.1.0-win32-seh-rt_v6-rev0/mingw64/bin/../lib/gcc/x86_64-w64-mingw32/8.1.0/../../../../x86_64-w64-mingw32/lib/../lib/libuser32.a(dyqet.o)
 *(.data2)
 *(SORT_BY_NAME(.data$*))
 *(.jcr)
                0x0000000066230320                __data_end__ = .
 *(.data_cygwin_nocopy)

.rdata          0x0000000066231000     0x2a00
 *(.rdata)
 .rdata         0x0000000066231000      0x1d0 ../build/x64_Debug/debug.o
 .rdata         0x00000000662311d0       0x30 ../build/x64_Debug/pmc_initialize.o
 .rdata         0x0000000066231200      0x320 ../build/x64_Debug/TEST_op_Add.o
 .rdata         0x0000000066231520      0x100 ../build/x64_Debug/TEST_op_Clone.o
 .rdata         0x0000000066231620      0x350 ../build/x64_Debug/TEST_op_Compare.o
 .rdata         0x0000000066231970      0x390 ../build/x64_Debug/TEST_op_DivRem.o
 .rdata         0x0000000066231d00      0x340 ../build/x64_Debug/TEST_op_Equals.o
 .rdata         0x0000000066232040      0x1c0 ../build/x64_Debug/TEST_op_From_To.o
 .rdata         0x0000000066232200      0x410 ../build/x64_Debug/TEST_op_Multiply.o
 .rdata         0x0000000066232610      0x100 ../build/x64_Debug/TEST_op_Negate.o
 .rdata         0x0000000066232710      0x3b0 ../build/x64_Debug/TEST_op_Remainder.o
 .rdata         0x0000000066232ac0      0x3c0 ../build/x64_Debug/TEST_op_Subtruct.o
 *(SORT_BY_NAME(.rdata$*))
 .rdata$.refptr.PMC_Add_I_X
                0x0000000066232e80       0x10 ../build/x64_Debug/pmc_initialize.o
                0x0000000066232e80                .refptr.PMC_Add_I_X
 .rdata$.refptr.PMC_Add_L_X
                0x0000000066232e90       0x10 ../build/x64_Debug/pmc_initialize.o
                0x0000000066232e90                .refptr.PMC_Add_L_X
 .rdata$.refptr.PMC_Add_UX_X
                0x0000000066232ea0       0x10 ../build/x64_Debug/pmc_initialize.o
                0x0000000066232ea0                .refptr.PMC_Add_UX_X
 .rdata$.refptr.PMC_Add_X_I
                0x0000000066232eb0       0x10 ../build/x64_Debug/pmc_initialize.o
                0x0000000066232eb0                .refptr.PMC_Add_X_I
 .rdata$.refptr.PMC_Add_X_L
                0x0000000066232ec0       0x10 ../build/x64_Debug/pmc_initialize.o
                0x0000000066232ec0                .refptr.PMC_Add_X_L
 .rdata$.refptr.PMC_Add_X_UX
                0x0000000066232ed0       0x10 ../build/x64_Debug/pmc_initialize.o
                0x0000000066232ed0                .refptr.PMC_Add_X_UX
 .rdata$.refptr.PMC_Add_X_X
                0x0000000066232ee0       0x10 ../build/x64_Debug/pmc_initialize.o
                0x0000000066232ee0                .refptr.PMC_Add_X_X
 .rdata$.refptr.PMC_Clone_X
                0x0000000066232ef0       0x10 ../build/x64_Debug/pmc_initialize.o
                0x0000000066232ef0                .refptr.PMC_Clone_X
 .rdata$.refptr.PMC_Compare_I_X
                0x0000000066232f00       0x10 ../build/x64_Debug/pmc_initialize.o
                0x0000000066232f00                .refptr.PMC_Compare_I_X
 .rdata$.refptr.PMC_Compare_L_X
                0x0000000066232f10       0x10 ../build/x64_Debug/pmc_initialize.o
                0x0000000066232f10                .refptr.PMC_Compare_L_X
 .rdata$.refptr.PMC_Compare_UX_X
                0x0000000066232f20       0x10 ../build/x64_Debug/pmc_initialize.o
                0x0000000066232f20                .refptr.PMC_Compare_UX_X
 .rdata$.refptr.PMC_Compare_X_I
                0x0000000066232f30       0x10 ../build/x64_Debug/pmc_initialize.o
                0x0000000066232f30                .refptr.PMC_Compare_X_I
 .rdata$.refptr.PMC_Compare_X_L
                0x0000000066232f40       0x10 ../build/x64_Debug/pmc_initialize.o
                0x0000000066232f40                .refptr.PMC_Compare_X_L
 .rdata$.refptr.PMC_Compare_X_UX
                0x0000000066232f50       0x10 ../build/x64_Debug/pmc_initialize.o
                0x0000000066232f50                .refptr.PMC_Compare_X_UX
 .rdata$.refptr.PMC_Compare_X_X
                0x0000000066232f60       0x10 ../build/x64_Debug/pmc_initialize.o
                0x0000000066232f60                .refptr.PMC_Compare_X_X
 .rdata$.refptr.PMC_Dispose
                0x0000000066232f70       0x10 ../build/x64_Debug/pmc_initialize.o
                0x0000000066232f70                .refptr.PMC_Dispose
 .rdata$.refptr.PMC_DivRem_I_X
                0x0000000066232f80       0x10 ../build/x64_Debug/pmc_initialize.o
                0x0000000066232f80                .refptr.PMC_DivRem_I_X
 .rdata$.refptr.PMC_DivRem_L_X
                0x0000000066232f90       0x10 ../build/x64_Debug/pmc_initialize.o
                0x0000000066232f90                .refptr.PMC_DivRem_L_X
 .rdata$.refptr.PMC_DivRem_UX_X
                0x0000000066232fa0       0x10 ../build/x64_Debug/pmc_initialize.o
                0x0000000066232fa0                .refptr.PMC_DivRem_UX_X
 .rdata$.refptr.PMC_DivRem_X_I
                0x0000000066232fb0       0x10 ../build/x64_Debug/pmc_initialize.o
                0x0000000066232fb0                .refptr.PMC_DivRem_X_I
 .rdata$.refptr.PMC_DivRem_X_L
                0x0000000066232fc0       0x10 ../build/x64_Debug/pmc_initialize.o
                0x0000000066232fc0                .refptr.PMC_DivRem_X_L
 .rdata$.refptr.PMC_DivRem_X_UX
                0x0000000066232fd0       0x10 ../build/x64_Debug/pmc_initialize.o
                0x0000000066232fd0                .refptr.PMC_DivRem_X_UX
 .rdata$.refptr.PMC_DivRem_X_X
                0x0000000066232fe0       0x10 ../build/x64_Debug/pmc_initialize.o
                0x0000000066232fe0                .refptr.PMC_DivRem_X_X
 .rdata$.refptr.PMC_Equals_I_X
                0x0000000066232ff0       0x10 ../build/x64_Debug/pmc_initialize.o
                0x0000000066232ff0                .refptr.PMC_Equals_I_X
 .rdata$.refptr.PMC_Equals_L_X
                0x0000000066233000       0x10 ../build/x64_Debug/pmc_initialize.o
                0x0000000066233000                .refptr.PMC_Equals_L_X
 .rdata$.refptr.PMC_Equals_UX_X
                0x0000000066233010       0x10 ../build/x64_Debug/pmc_initialize.o
                0x0000000066233010                .refptr.PMC_Equals_UX_X
 .rdata$.refptr.PMC_Equals_X_I
                0x0000000066233020       0x10 ../build/x64_Debug/pmc_initialize.o
                0x0000000066233020                .refptr.PMC_Equals_X_I
 .rdata$.refptr.PMC_Equals_X_L
                0x0000000066233030       0x10 ../build/x64_Debug/pmc_initialize.o
                0x0000000066233030                .refptr.PMC_Equals_X_L
 .rdata$.refptr.PMC_Equals_X_UX
                0x0000000066233040       0x10 ../build/x64_Debug/pmc_initialize.o
                0x0000000066233040                .refptr.PMC_Equals_X_UX
 .rdata$.refptr.PMC_Equals_X_X
                0x0000000066233050       0x10 ../build/x64_Debug/pmc_initialize.o
                0x0000000066233050                .refptr.PMC_Equals_X_X
 .rdata$.refptr.PMC_FromByteArray
                0x0000000066233060       0x10 ../build/x64_Debug/pmc_initialize.o
                0x0000000066233060                .refptr.PMC_FromByteArray
 .rdata$.refptr.PMC_From_I
                0x0000000066233070       0x10 ../build/x64_Debug/pmc_initialize.o
                0x0000000066233070                .refptr.PMC_From_I
 .rdata$.refptr.PMC_From_L
                0x0000000066233080       0x10 ../build/x64_Debug/pmc_initialize.o
                0x0000000066233080                .refptr.PMC_From_L
 .rdata$.refptr.PMC_GetConstantValue_I
                0x0000000066233090       0x10 ../build/x64_Debug/pmc_initialize.o
                0x0000000066233090                .refptr.PMC_GetConstantValue_I
 .rdata$.refptr.PMC_GetStatisticsInfo
                0x00000000662330a0       0x10 ../build/x64_Debug/pmc_initialize.o
                0x00000000662330a0                .refptr.PMC_GetStatisticsInfo
 .rdata$.refptr.PMC_Multiply_I_X
                0x00000000662330b0       0x10 ../build/x64_Debug/pmc_initialize.o
                0x00000000662330b0                .refptr.PMC_Multiply_I_X
 .rdata$.refptr.PMC_Multiply_L_X
                0x00000000662330c0       0x10 ../build/x64_Debug/pmc_initialize.o
                0x00000000662330c0                .refptr.PMC_Multiply_L_X
 .rdata$.refptr.PMC_Multiply_UX_X
                0x00000000662330d0       0x10 ../build/x64_Debug/pmc_initialize.o
                0x00000000662330d0                .refptr.PMC_Multiply_UX_X
 .rdata$.refptr.PMC_Multiply_X_I
                0x00000000662330e0       0x10 ../build/x64_Debug/pmc_initialize.o
                0x00000000662330e0                .refptr.PMC_Multiply_X_I
 .rdata$.refptr.PMC_Multiply_X_L
                0x00000000662330f0       0x10 ../build/x64_Debug/pmc_initialize.o
                0x00000000662330f0                .refptr.PMC_Multiply_X_L
 .rdata$.refptr.PMC_Multiply_X_UX
                0x0000000066233100       0x10 ../build/x64_Debug/pmc_initialize.o
                0x0000000066233100                .refptr.PMC_Multiply_X_UX
 .rdata$.refptr.PMC_Multiply_X_X
                0x0000000066233110       0x10 ../build/x64_Debug/pmc_initialize.o
                0x0000000066233110                .refptr.PMC_Multiply_X_X
 .rdata$.refptr.PMC_Negate_X
                0x0000000066233120       0x10 ../build/x64_Debug/pmc_initialize.o
                0x0000000066233120                .refptr.PMC_Negate_X
 .rdata$.refptr.PMC_Subtruct_I_X
                0x0000000066233130       0x10 ../build/x64_Debug/pmc_initialize.o
                0x0000000066233130                .refptr.PMC_Subtruct_I_X
 .rdata$.refptr.PMC_Subtruct_L_X
                0x0000000066233140       0x10 ../build/x64_Debug/pmc_initialize.o
                0x0000000066233140                .refptr.PMC_Subtruct_L_X
 .rdata$.refptr.PMC_Subtruct_UX_X
                0x0000000066233150       0x10 ../build/x64_Debug/pmc_initialize.o
                0x0000000066233150                .refptr.PMC_Subtruct_UX_X
 .rdata$.refptr.PMC_Subtruct_X_I
                0x0000000066233160       0x10 ../build/x64_Debug/pmc_initialize.o
                0x0000000066233160                .refptr.PMC_Subtruct_X_I
 .rdata$.refptr.PMC_Subtruct_X_L
                0x0000000066233170       0x10 ../build/x64_Debug/pmc_initialize.o
                0x0000000066233170                .refptr.PMC_Subtruct_X_L
 .rdata$.refptr.PMC_Subtruct_X_UX
                0x0000000066233180       0x10 ../build/x64_Debug/pmc_initialize.o
                0x0000000066233180                .refptr.PMC_Subtruct_X_UX
 .rdata$.refptr.PMC_Subtruct_X_X
                0x0000000066233190       0x10 ../build/x64_Debug/pmc_initialize.o
                0x0000000066233190                .refptr.PMC_Subtruct_X_X
 .rdata$.refptr.PMC_ToByteArray
                0x00000000662331a0       0x10 ../build/x64_Debug/pmc_initialize.o
                0x00000000662331a0                .refptr.PMC_ToByteArray
 .rdata$.refptr.PMC_To_X_I
                0x00000000662331b0       0x10 ../build/x64_Debug/pmc_initialize.o
                0x00000000662331b0                .refptr.PMC_To_X_I
 .rdata$.refptr.PMC_To_X_L
                0x00000000662331c0       0x10 ../build/x64_Debug/pmc_initialize.o
                0x00000000662331c0                .refptr.PMC_To_X_L
 .rdata$.refptr.ep_uint
                0x00000000662331d0       0x10 ../build/x64_Debug/pmc_add_sub.o
                0x00000000662331d0                .refptr.ep_uint
 .rdata$.refptr.number_zero
                0x00000000662331e0       0x10 ../build/x64_Debug/pmc_add_sub.o
                0x00000000662331e0                .refptr.number_zero
 .rdata$zzz     0x00000000662331f0       0x40 ../build/x64_Debug/debug.o
 .rdata$zzz     0x0000000066233230       0x40 ../build/x64_Debug/dllmain.o
 .rdata$zzz     0x0000000066233270       0x40 ../build/x64_Debug/pmc_add_sub.o
 .rdata$zzz     0x00000000662332b0       0x40 ../build/x64_Debug/pmc_bytes.o
 .rdata$zzz     0x00000000662332f0       0x40 ../build/x64_Debug/pmc_clone.o
 .rdata$zzz     0x0000000066233330       0x40 ../build/x64_Debug/pmc_compare.o
 .rdata$zzz     0x0000000066233370       0x40 ../build/x64_Debug/pmc_divrem.o
 .rdata$zzz     0x00000000662333b0       0x40 ../build/x64_Debug/pmc_equals.o
 .rdata$zzz     0x00000000662333f0       0x40 ../build/x64_Debug/pmc_from.o
 .rdata$zzz     0x0000000066233430       0x40 ../build/x64_Debug/pmc_initialize.o
 .rdata$zzz     0x0000000066233470       0x40 ../build/x64_Debug/pmc_memory.o
 .rdata$zzz     0x00000000662334b0       0x40 ../build/x64_Debug/pmc_multiply.o
 .rdata$zzz     0x00000000662334f0       0x40 ../build/x64_Debug/pmc_negate.o
 .rdata$zzz     0x0000000066233530       0x40 ../build/x64_Debug/pmc_statistics.o
 .rdata$zzz     0x0000000066233570       0x40 ../build/x64_Debug/pmc_to.o
 .rdata$zzz     0x00000000662335b0       0x40 ../build/x64_Debug/TEST_autogenerated.o
 .rdata$zzz     0x00000000662335f0       0x40 ../build/x64_Debug/TEST_op_Add.o
 .rdata$zzz     0x0000000066233630       0x40 ../build/x64_Debug/TEST_op_Clone.o
 .rdata$zzz     0x0000000066233670       0x40 ../build/x64_Debug/TEST_op_Compare.o
 .rdata$zzz     0x00000000662336b0       0x40 ../build/x64_Debug/TEST_op_DivRem.o
 .rdata$zzz     0x00000000662336f0       0x40 ../build/x64_Debug/TEST_op_Equals.o
 .rdata$zzz     0x0000000066233730       0x40 ../build/x64_Debug/TEST_op_From_To.o
 .rdata$zzz     0x0000000066233770       0x40 ../build/x64_Debug/TEST_op_Multiply.o
 .rdata$zzz     0x00000000662337b0       0x40 ../build/x64_Debug/TEST_op_Negate.o
 .rdata$zzz     0x00000000662337f0       0x40 ../build/x64_Debug/TEST_op_Remainder.o
 .rdata$zzz     0x0000000066233830       0x40 ../build/x64_Debug/TEST_op_Subtruct.o
                0x0000000066233870                __rt_psrelocs_start = .
 *(.rdata_runtime_pseudo_reloc)
                0x0000000066233870                __rt_psrelocs_end = .
                0x0000000000000000                __rt_psrelocs_size = (__rt_psrelocs_end - __rt_psrelocs_start)
                0x0000000066233870                ___RUNTIME_PSEUDO_RELOC_LIST_END__ = .
                0x0000000066233870                __RUNTIME_PSEUDO_RELOC_LIST_END__ = .
                0x0000000066233870                ___RUNTIME_PSEUDO_RELOC_LIST__ = (. - __rt_psrelocs_size)
                0x0000000066233870                __RUNTIME_PSEUDO_RELOC_LIST__ = (. - __rt_psrelocs_size)

.eh_frame
 *(.eh_frame*)

.pdata          0x0000000066234000      0x800
 *(.pdata*)
 .pdata         0x0000000066234000       0x60 ../build/x64_Debug/debug.o
 .pdata         0x0000000066234060        0xc ../build/x64_Debug/dllmain.o
 .pdata         0x000000006623406c      0x108 ../build/x64_Debug/pmc_add_sub.o
 .pdata         0x0000000066234174       0x18 ../build/x64_Debug/pmc_bytes.o
 .pdata         0x000000006623418c        0xc ../build/x64_Debug/pmc_clone.o
 .pdata         0x0000000066234198       0x90 ../build/x64_Debug/pmc_compare.o
 .pdata         0x0000000066234228       0x6c ../build/x64_Debug/pmc_divrem.o
 .pdata         0x0000000066234294       0x6c ../build/x64_Debug/pmc_equals.o
 .pdata         0x0000000066234300       0x30 ../build/x64_Debug/pmc_from.o
 .pdata         0x0000000066234330       0x48 ../build/x64_Debug/pmc_initialize.o
 .pdata         0x0000000066234378       0xc0 ../build/x64_Debug/pmc_memory.o
 .pdata         0x0000000066234438       0x90 ../build/x64_Debug/pmc_multiply.o
 .pdata         0x00000000662344c8        0xc ../build/x64_Debug/pmc_negate.o
 .pdata         0x00000000662344d4        0xc ../build/x64_Debug/pmc_statistics.o
 .pdata         0x00000000662344e0       0x18 ../build/x64_Debug/pmc_to.o
 .pdata         0x00000000662344f8        0xc ../build/x64_Debug/TEST_autogenerated.o
 .pdata         0x0000000066234504       0x60 ../build/x64_Debug/TEST_op_Add.o
 .pdata         0x0000000066234564       0x18 ../build/x64_Debug/TEST_op_Clone.o
 .pdata         0x000000006623457c       0x54 ../build/x64_Debug/TEST_op_Compare.o
 .pdata         0x00000000662345d0       0x60 ../build/x64_Debug/TEST_op_DivRem.o
 .pdata         0x0000000066234630       0x54 ../build/x64_Debug/TEST_op_Equals.o
 .pdata         0x0000000066234684       0x3c ../build/x64_Debug/TEST_op_From_To.o
 .pdata         0x00000000662346c0       0x60 ../build/x64_Debug/TEST_op_Multiply.o
 .pdata         0x0000000066234720       0x18 ../build/x64_Debug/TEST_op_Negate.o
 .pdata         0x0000000066234738       0x60 ../build/x64_Debug/TEST_op_Remainder.o
 .pdata         0x0000000066234798       0x60 ../build/x64_Debug/TEST_op_Subtruct.o

.xdata          0x0000000066235000      0xa00
 *(.xdata*)
 .xdata         0x0000000066235000       0x60 ../build/x64_Debug/debug.o
 .xdata         0x0000000066235060        0xc ../build/x64_Debug/dllmain.o
 .xdata         0x000000006623506c      0x100 ../build/x64_Debug/pmc_add_sub.o
 .xdata         0x000000006623516c       0x18 ../build/x64_Debug/pmc_bytes.o
 .xdata         0x0000000066235184        0xc ../build/x64_Debug/pmc_clone.o
 .xdata         0x0000000066235190       0x88 ../build/x64_Debug/pmc_compare.o
 .xdata         0x0000000066235218       0x64 ../build/x64_Debug/pmc_divrem.o
 .xdata         0x000000006623527c       0x64 ../build/x64_Debug/pmc_equals.o
 .xdata         0x00000000662352e0       0x30 ../build/x64_Debug/pmc_from.o
 .xdata         0x0000000066235310       0x4c ../build/x64_Debug/pmc_initialize.o
 .xdata         0x000000006623535c       0xb8 ../build/x64_Debug/pmc_memory.o
 .xdata         0x0000000066235414       0x88 ../build/x64_Debug/pmc_multiply.o
 .xdata         0x000000006623549c        0xc ../build/x64_Debug/pmc_negate.o
 .xdata         0x00000000662354a8        0xc ../build/x64_Debug/pmc_statistics.o
 .xdata         0x00000000662354b4       0x18 ../build/x64_Debug/pmc_to.o
 .xdata         0x00000000662354cc       0x18 ../build/x64_Debug/TEST_autogenerated.o
 .xdata         0x00000000662354e4       0x78 ../build/x64_Debug/TEST_op_Add.o
 .xdata         0x000000006623555c       0x18 ../build/x64_Debug/TEST_op_Clone.o
 .xdata         0x0000000066235574       0x70 ../build/x64_Debug/TEST_op_Compare.o
 .xdata         0x00000000662355e4       0x78 ../build/x64_Debug/TEST_op_DivRem.o
 .xdata         0x000000006623565c       0x70 ../build/x64_Debug/TEST_op_Equals.o
 .xdata         0x00000000662356cc       0x48 ../build/x64_Debug/TEST_op_From_To.o
 .xdata         0x0000000066235714       0x78 ../build/x64_Debug/TEST_op_Multiply.o
 .xdata         0x000000006623578c       0x18 ../build/x64_Debug/TEST_op_Negate.o
 .xdata         0x00000000662357a4       0x78 ../build/x64_Debug/TEST_op_Remainder.o
 .xdata         0x000000006623581c       0x78 ../build/x64_Debug/TEST_op_Subtruct.o

.bss            0x0000000066236000      0xe48
                0x0000000066236000                __bss_start__ = .
 *(.bss)
 .bss           0x0000000066236000      0x420 ../build/x64_Debug/debug.o
                0x0000000066236000                test_total_count
                0x0000000066236004                test_ok_count
                0x0000000066236008                __DEBUG_LOG
 .bss           0x0000000066236420        0x0 ../build/x64_Debug/dllmain.o
 .bss           0x0000000066236420        0x0 ../build/x64_Debug/pmc_add_sub.o
 .bss           0x0000000066236420        0x0 ../build/x64_Debug/pmc_bytes.o
 .bss           0x0000000066236420        0x0 ../build/x64_Debug/pmc_clone.o
 .bss           0x0000000066236420        0x0 ../build/x64_Debug/pmc_compare.o
 .bss           0x0000000066236420        0x0 ../build/x64_Debug/pmc_divrem.o
 .bss           0x0000000066236420        0x0 ../build/x64_Debug/pmc_equals.o
 .bss           0x0000000066236420        0x0 ../build/x64_Debug/pmc_from.o
 .bss           0x0000000066236420      0x400 ../build/x64_Debug/pmc_initialize.o
 .bss           0x0000000066236820        0x0 ../build/x64_Debug/pmc_memory.o
 .bss           0x0000000066236820        0x0 ../build/x64_Debug/pmc_multiply.o
 .bss           0x0000000066236820        0x0 ../build/x64_Debug/pmc_negate.o
 .bss           0x0000000066236820        0x0 ../build/x64_Debug/pmc_statistics.o
 .bss           0x0000000066236820        0x0 ../build/x64_Debug/pmc_to.o
 .bss           0x0000000066236820      0x360 ../build/x64_Debug/TEST_autogenerated.o
 .bss           0x0000000066236b80        0x0 ../build/x64_Debug/TEST_op_Add.o
 .bss           0x0000000066236b80        0x0 ../build/x64_Debug/TEST_op_Clone.o
 .bss           0x0000000066236b80        0x0 ../build/x64_Debug/TEST_op_Compare.o
 .bss           0x0000000066236b80        0x0 ../build/x64_Debug/TEST_op_DivRem.o
 .bss           0x0000000066236b80        0x0 ../build/x64_Debug/TEST_op_Equals.o
 .bss           0x0000000066236b80        0x0 ../build/x64_Debug/TEST_op_From_To.o
 .bss           0x0000000066236b80        0x0 ../build/x64_Debug/TEST_op_Multiply.o
 .bss           0x0000000066236b80        0x0 ../build/x64_Debug/TEST_op_Negate.o
 .bss           0x0000000066236b80        0x0 ../build/x64_Debug/TEST_op_Remainder.o
 .bss           0x0000000066236b80        0x0 ../build/x64_Debug/TEST_op_Subtruct.o
 .bss           0x0000000066236b80        0x0 C:/GNU/MINGW64/x86_64-8.1.0-win32-seh-rt_v6-rev0/mingw64/bin/../lib/gcc/x86_64-w64-mingw32/8.1.0/../../../../x86_64-w64-mingw32/lib/../lib/libkernel32.a(dqifs00954.o)
 .bss           0x0000000066236b80        0x0 C:/GNU/MINGW64/x86_64-8.1.0-win32-seh-rt_v6-rev0/mingw64/bin/../lib/gcc/x86_64-w64-mingw32/8.1.0/../../../../x86_64-w64-mingw32/lib/../lib/libkernel32.a(dqifs00841.o)
 .bss           0x0000000066236b80        0x0 C:/GNU/MINGW64/x86_64-8.1.0-win32-seh-rt_v6-rev0/mingw64/bin/../lib/gcc/x86_64-w64-mingw32/8.1.0/../../../../x86_64-w64-mingw32/lib/../lib/libkernel32.a(dqifs00839.o)
 .bss           0x0000000066236b80        0x0 C:/GNU/MINGW64/x86_64-8.1.0-win32-seh-rt_v6-rev0/mingw64/bin/../lib/gcc/x86_64-w64-mingw32/8.1.0/../../../../x86_64-w64-mingw32/lib/../lib/libkernel32.a(dqifs00837.o)
 .bss           0x0000000066236b80        0x0 C:/GNU/MINGW64/x86_64-8.1.0-win32-seh-rt_v6-rev0/mingw64/bin/../lib/gcc/x86_64-w64-mingw32/8.1.0/../../../../x86_64-w64-mingw32/lib/../lib/libkernel32.a(dqifs00835.o)
 .bss           0x0000000066236b80        0x0 C:/GNU/MINGW64/x86_64-8.1.0-win32-seh-rt_v6-rev0/mingw64/bin/../lib/gcc/x86_64-w64-mingw32/8.1.0/../../../../x86_64-w64-mingw32/lib/../lib/libkernel32.a(dqifs00689.o)
 .bss           0x0000000066236b80        0x0 C:/GNU/MINGW64/x86_64-8.1.0-win32-seh-rt_v6-rev0/mingw64/bin/../lib/gcc/x86_64-w64-mingw32/8.1.0/../../../../x86_64-w64-mingw32/lib/../lib/libkernel32.a(dqifs00427.o)
 .bss           0x0000000066236b80        0x0 C:/GNU/MINGW64/x86_64-8.1.0-win32-seh-rt_v6-rev0/mingw64/bin/../lib/gcc/x86_64-w64-mingw32/8.1.0/../../../../x86_64-w64-mingw32/lib/../lib/libkernel32.a(dqifh.o)
 .bss           0x0000000066236b80        0x0 C:/GNU/MINGW64/x86_64-8.1.0-win32-seh-rt_v6-rev0/mingw64/bin/../lib/gcc/x86_64-w64-mingw32/8.1.0/../../../../x86_64-w64-mingw32/lib/../lib/libkernel32.a(dqift.o)
 .bss           0x0000000066236b80        0x0 C:/GNU/MINGW64/x86_64-8.1.0-win32-seh-rt_v6-rev0/mingw64/bin/../lib/gcc/x86_64-w64-mingw32/8.1.0/../../../../x86_64-w64-mingw32/lib/../lib/libuser32.a(dyqes00958.o)
 .bss           0x0000000066236b80        0x0 C:/GNU/MINGW64/x86_64-8.1.0-win32-seh-rt_v6-rev0/mingw64/bin/../lib/gcc/x86_64-w64-mingw32/8.1.0/../../../../x86_64-w64-mingw32/lib/../lib/libuser32.a(dyqeh.o)
 .bss           0x0000000066236b80        0x0 C:/GNU/MINGW64/x86_64-8.1.0-win32-seh-rt_v6-rev0/mingw64/bin/../lib/gcc/x86_64-w64-mingw32/8.1.0/../../../../x86_64-w64-mingw32/lib/../lib/libuser32.a(dyqet.o)
 *(COMMON)
 COMMON         0x0000000066236b80       0x10 ../build/x64_Debug/debug.o
                0x0000000066236b80                uint_number_one
                0x0000000066236b88                uint_number_zero
 *fill*         0x0000000066236b90       0x10 
 COMMON         0x0000000066236ba0      0x228 ../build/x64_Debug/pmc_initialize.o
                0x0000000066236ba0                ep_uint
 *fill*         0x0000000066236dc8       0x18 
 COMMON         0x0000000066236de0       0x68 ../build/x64_Debug/pmc_memory.o
                0x0000000066236de0                number_one
                0x0000000066236e00                number_minus_one
                0x0000000066236e20                number_zero
                0x0000000066236e40                hLocalHeap
                0x0000000066236e48                __bss_end__ = .

.edata          0x0000000066237000      0x200
 *(.edata)
 .edata         0x0000000066237000       0x74 dll stuff

/DISCARD/
 *(.debug$S)
 *(.debug$T)
 *(.debug$F)
 *(.drectve)
 *(.note.GNU-stack)
 *(.gnu.lto_*)

.idata          0x0000000066238000      0x200
 SORT_BY_NAME(*)(.idata$2)
 .idata$2       0x0000000066238000       0x14 C:/GNU/MINGW64/x86_64-8.1.0-win32-seh-rt_v6-rev0/mingw64/bin/../lib/gcc/x86_64-w64-mingw32/8.1.0/../../../../x86_64-w64-mingw32/lib/../lib/libkernel32.a(dqifh.o)
                0x0000000066238000                _head_lib64_libkernel32_a
 .idata$2       0x0000000066238014       0x14 C:/GNU/MINGW64/x86_64-8.1.0-win32-seh-rt_v6-rev0/mingw64/bin/../lib/gcc/x86_64-w64-mingw32/8.1.0/../../../../x86_64-w64-mingw32/lib/../lib/libuser32.a(dyqeh.o)
                0x0000000066238014                _head_lib64_libuser32_a
 SORT_BY_NAME(*)(.idata$3)
                0x0000000066238028        0x4 LONG 0x0
                0x000000006623802c        0x4 LONG 0x0
                0x0000000066238030        0x4 LONG 0x0
                0x0000000066238034        0x4 LONG 0x0
                0x0000000066238038        0x4 LONG 0x0
 SORT_BY_NAME(*)(.idata$4)
 .idata$4       0x000000006623803c        0x0 C:/GNU/MINGW64/x86_64-8.1.0-win32-seh-rt_v6-rev0/mingw64/bin/../lib/gcc/x86_64-w64-mingw32/8.1.0/../../../../x86_64-w64-mingw32/lib/../lib/libkernel32.a(dqifh.o)
 .idata$4       0x000000006623803c        0x8 C:/GNU/MINGW64/x86_64-8.1.0-win32-seh-rt_v6-rev0/mingw64/bin/../lib/gcc/x86_64-w64-mingw32/8.1.0/../../../../x86_64-w64-mingw32/lib/../lib/libkernel32.a(dqifs00427.o)
 .idata$4       0x0000000066238044        0x8 C:/GNU/MINGW64/x86_64-8.1.0-win32-seh-rt_v6-rev0/mingw64/bin/../lib/gcc/x86_64-w64-mingw32/8.1.0/../../../../x86_64-w64-mingw32/lib/../lib/libkernel32.a(dqifs00689.o)
 .idata$4       0x000000006623804c        0x8 C:/GNU/MINGW64/x86_64-8.1.0-win32-seh-rt_v6-rev0/mingw64/bin/../lib/gcc/x86_64-w64-mingw32/8.1.0/../../../../x86_64-w64-mingw32/lib/../lib/libkernel32.a(dqifs00835.o)
 .idata$4       0x0000000066238054        0x8 C:/GNU/MINGW64/x86_64-8.1.0-win32-seh-rt_v6-rev0/mingw64/bin/../lib/gcc/x86_64-w64-mingw32/8.1.0/../../../../x86_64-w64-mingw32/lib/../lib/libkernel32.a(dqifs00837.o)
 .idata$4       0x000000006623805c        0x8 C:/GNU/MINGW64/x86_64-8.1.0-win32-seh-rt_v6-rev0/mingw64/bin/../lib/gcc/x86_64-w64-mingw32/8.1.0/../../../../x86_64-w64-mingw32/lib/../lib/libkernel32.a(dqifs00839.o)
 .idata$4       0x0000000066238064        0x8 C:/GNU/MINGW64/x86_64-8.1.0-win32-seh-rt_v6-rev0/mingw64/bin/../lib/gcc/x86_64-w64-mingw32/8.1.0/../../../../x86_64-w64-mingw32/lib/../lib/libkernel32.a(dqifs00841.o)
 .idata$4       0x000000006623806c        0x8 C:/GNU/MINGW64/x86_64-8.1.0-win32-seh-rt_v6-rev0/mingw64/bin/../lib/gcc/x86_64-w64-mingw32/8.1.0/../../../../x86_64-w64-mingw32/lib/../lib/libkernel32.a(dqifs00954.o)
 .idata$4       0x0000000066238074        0x8 C:/GNU/MINGW64/x86_64-8.1.0-win32-seh-rt_v6-rev0/mingw64/bin/../lib/gcc/x86_64-w64-mingw32/8.1.0/../../../../x86_64-w64-mingw32/lib/../lib/libkernel32.a(dqift.o)
 .idata$4       0x000000006623807c        0x0 C:/GNU/MINGW64/x86_64-8.1.0-win32-seh-rt_v6-rev0/mingw64/bin/../lib/gcc/x86_64-w64-mingw32/8.1.0/../../../../x86_64-w64-mingw32/lib/../lib/libuser32.a(dyqeh.o)
 .idata$4       0x000000006623807c        0x8 C:/GNU/MINGW64/x86_64-8.1.0-win32-seh-rt_v6-rev0/mingw64/bin/../lib/gcc/x86_64-w64-mingw32/8.1.0/../../../../x86_64-w64-mingw32/lib/../lib/libuser32.a(dyqes00958.o)
 .idata$4       0x0000000066238084        0x8 C:/GNU/MINGW64/x86_64-8.1.0-win32-seh-rt_v6-rev0/mingw64/bin/../lib/gcc/x86_64-w64-mingw32/8.1.0/../../../../x86_64-w64-mingw32/lib/../lib/libuser32.a(dyqet.o)
                0x000000006623808c                __IAT_start__ = .
 SORT_BY_NAME(*)(.idata$5)
 .idata$5       0x000000006623808c        0x0 C:/GNU/MINGW64/x86_64-8.1.0-win32-seh-rt_v6-rev0/mingw64/bin/../lib/gcc/x86_64-w64-mingw32/8.1.0/../../../../x86_64-w64-mingw32/lib/../lib/libkernel32.a(dqifh.o)
 .idata$5       0x000000006623808c        0x8 C:/GNU/MINGW64/x86_64-8.1.0-win32-seh-rt_v6-rev0/mingw64/bin/../lib/gcc/x86_64-w64-mingw32/8.1.0/../../../../x86_64-w64-mingw32/lib/../lib/libkernel32.a(dqifs00427.o)
                0x000000006623808c                __imp_FreeLibrary
 .idata$5       0x0000000066238094        0x8 C:/GNU/MINGW64/x86_64-8.1.0-win32-seh-rt_v6-rev0/mingw64/bin/../lib/gcc/x86_64-w64-mingw32/8.1.0/../../../../x86_64-w64-mingw32/lib/../lib/libkernel32.a(dqifs00689.o)
                0x0000000066238094                __imp_GetProcAddress
 .idata$5       0x000000006623809c        0x8 C:/GNU/MINGW64/x86_64-8.1.0-win32-seh-rt_v6-rev0/mingw64/bin/../lib/gcc/x86_64-w64-mingw32/8.1.0/../../../../x86_64-w64-mingw32/lib/../lib/libkernel32.a(dqifs00835.o)
                0x000000006623809c                __imp_HeapAlloc
 .idata$5       0x00000000662380a4        0x8 C:/GNU/MINGW64/x86_64-8.1.0-win32-seh-rt_v6-rev0/mingw64/bin/../lib/gcc/x86_64-w64-mingw32/8.1.0/../../../../x86_64-w64-mingw32/lib/../lib/libkernel32.a(dqifs00837.o)
                0x00000000662380a4                __imp_HeapCreate
 .idata$5       0x00000000662380ac        0x8 C:/GNU/MINGW64/x86_64-8.1.0-win32-seh-rt_v6-rev0/mingw64/bin/../lib/gcc/x86_64-w64-mingw32/8.1.0/../../../../x86_64-w64-mingw32/lib/../lib/libkernel32.a(dqifs00839.o)
                0x00000000662380ac                __imp_HeapDestroy
 .idata$5       0x00000000662380b4        0x8 C:/GNU/MINGW64/x86_64-8.1.0-win32-seh-rt_v6-rev0/mingw64/bin/../lib/gcc/x86_64-w64-mingw32/8.1.0/../../../../x86_64-w64-mingw32/lib/../lib/libkernel32.a(dqifs00841.o)
                0x00000000662380b4                __imp_HeapFree
 .idata$5       0x00000000662380bc        0x8 C:/GNU/MINGW64/x86_64-8.1.0-win32-seh-rt_v6-rev0/mingw64/bin/../lib/gcc/x86_64-w64-mingw32/8.1.0/../../../../x86_64-w64-mingw32/lib/../lib/libkernel32.a(dqifs00954.o)
                0x00000000662380bc                __imp_LoadLibraryA
 .idata$5       0x00000000662380c4        0x8 C:/GNU/MINGW64/x86_64-8.1.0-win32-seh-rt_v6-rev0/mingw64/bin/../lib/gcc/x86_64-w64-mingw32/8.1.0/../../../../x86_64-w64-mingw32/lib/../lib/libkernel32.a(dqift.o)
 .idata$5       0x00000000662380cc        0x0 C:/GNU/MINGW64/x86_64-8.1.0-win32-seh-rt_v6-rev0/mingw64/bin/../lib/gcc/x86_64-w64-mingw32/8.1.0/../../../../x86_64-w64-mingw32/lib/../lib/libuser32.a(dyqeh.o)
 .idata$5       0x00000000662380cc        0x8 C:/GNU/MINGW64/x86_64-8.1.0-win32-seh-rt_v6-rev0/mingw64/bin/../lib/gcc/x86_64-w64-mingw32/8.1.0/../../../../x86_64-w64-mingw32/lib/../lib/libuser32.a(dyqes00958.o)
                0x00000000662380cc                __imp_wsprintfW
 .idata$5       0x00000000662380d4        0x8 C:/GNU/MINGW64/x86_64-8.1.0-win32-seh-rt_v6-rev0/mingw64/bin/../lib/gcc/x86_64-w64-mingw32/8.1.0/../../../../x86_64-w64-mingw32/lib/../lib/libuser32.a(dyqet.o)
                0x00000000662380dc                __IAT_end__ = .
 SORT_BY_NAME(*)(.idata$6)
 .idata$6       0x00000000662380dc        0xe C:/GNU/MINGW64/x86_64-8.1.0-win32-seh-rt_v6-rev0/mingw64/bin/../lib/gcc/x86_64-w64-mingw32/8.1.0/../../../../x86_64-w64-mingw32/lib/../lib/libkernel32.a(dqifs00427.o)
 .idata$6       0x00000000662380ea       0x12 C:/GNU/MINGW64/x86_64-8.1.0-win32-seh-rt_v6-rev0/mingw64/bin/../lib/gcc/x86_64-w64-mingw32/8.1.0/../../../../x86_64-w64-mingw32/lib/../lib/libkernel32.a(dqifs00689.o)
 .idata$6       0x00000000662380fc        0xc C:/GNU/MINGW64/x86_64-8.1.0-win32-seh-rt_v6-rev0/mingw64/bin/../lib/gcc/x86_64-w64-mingw32/8.1.0/../../../../x86_64-w64-mingw32/lib/../lib/libkernel32.a(dqifs00835.o)
 .idata$6       0x0000000066238108        0xe C:/GNU/MINGW64/x86_64-8.1.0-win32-seh-rt_v6-rev0/mingw64/bin/../lib/gcc/x86_64-w64-mingw32/8.1.0/../../../../x86_64-w64-mingw32/lib/../lib/libkernel32.a(dqifs00837.o)
 .idata$6       0x0000000066238116        0xe C:/GNU/MINGW64/x86_64-8.1.0-win32-seh-rt_v6-rev0/mingw64/bin/../lib/gcc/x86_64-w64-mingw32/8.1.0/../../../../x86_64-w64-mingw32/lib/../lib/libkernel32.a(dqifs00839.o)
 .idata$6       0x0000000066238124        0xc C:/GNU/MINGW64/x86_64-8.1.0-win32-seh-rt_v6-rev0/mingw64/bin/../lib/gcc/x86_64-w64-mingw32/8.1.0/../../../../x86_64-w64-mingw32/lib/../lib/libkernel32.a(dqifs00841.o)
 .idata$6       0x0000000066238130       0x10 C:/GNU/MINGW64/x86_64-8.1.0-win32-seh-rt_v6-rev0/mingw64/bin/../lib/gcc/x86_64-w64-mingw32/8.1.0/../../../../x86_64-w64-mingw32/lib/../lib/libkernel32.a(dqifs00954.o)
 .idata$6       0x0000000066238140        0xc C:/GNU/MINGW64/x86_64-8.1.0-win32-seh-rt_v6-rev0/mingw64/bin/../lib/gcc/x86_64-w64-mingw32/8.1.0/../../../../x86_64-w64-mingw32/lib/../lib/libuser32.a(dyqes00958.o)
 SORT_BY_NAME(*)(.idata$7)
 .idata$7       0x000000006623814c        0x4 C:/GNU/MINGW64/x86_64-8.1.0-win32-seh-rt_v6-rev0/mingw64/bin/../lib/gcc/x86_64-w64-mingw32/8.1.0/../../../../x86_64-w64-mingw32/lib/../lib/libkernel32.a(dqifs00427.o)
 .idata$7       0x0000000066238150        0x4 C:/GNU/MINGW64/x86_64-8.1.0-win32-seh-rt_v6-rev0/mingw64/bin/../lib/gcc/x86_64-w64-mingw32/8.1.0/../../../../x86_64-w64-mingw32/lib/../lib/libkernel32.a(dqifs00689.o)
 .idata$7       0x0000000066238154        0x4 C:/GNU/MINGW64/x86_64-8.1.0-win32-seh-rt_v6-rev0/mingw64/bin/../lib/gcc/x86_64-w64-mingw32/8.1.0/../../../../x86_64-w64-mingw32/lib/../lib/libkernel32.a(dqifs00835.o)
 .idata$7       0x0000000066238158        0x4 C:/GNU/MINGW64/x86_64-8.1.0-win32-seh-rt_v6-rev0/mingw64/bin/../lib/gcc/x86_64-w64-mingw32/8.1.0/../../../../x86_64-w64-mingw32/lib/../lib/libkernel32.a(dqifs00837.o)
 .idata$7       0x000000006623815c        0x4 C:/GNU/MINGW64/x86_64-8.1.0-win32-seh-rt_v6-rev0/mingw64/bin/../lib/gcc/x86_64-w64-mingw32/8.1.0/../../../../x86_64-w64-mingw32/lib/../lib/libkernel32.a(dqifs00839.o)
 .idata$7       0x0000000066238160        0x4 C:/GNU/MINGW64/x86_64-8.1.0-win32-seh-rt_v6-rev0/mingw64/bin/../lib/gcc/x86_64-w64-mingw32/8.1.0/../../../../x86_64-w64-mingw32/lib/../lib/libkernel32.a(dqifs00841.o)
 .idata$7       0x0000000066238164        0x4 C:/GNU/MINGW64/x86_64-8.1.0-win32-seh-rt_v6-rev0/mingw64/bin/../lib/gcc/x86_64-w64-mingw32/8.1.0/../../../../x86_64-w64-mingw32/lib/../lib/libkernel32.a(dqifs00954.o)
 .idata$7       0x0000000066238168       0x10 C:/GNU/MINGW64/x86_64-8.1.0-win32-seh-rt_v6-rev0/mingw64/bin/../lib/gcc/x86_64-w64-mingw32/8.1.0/../../../../x86_64-w64-mingw32/lib/../lib/libkernel32.a(dqift.o)
                0x0000000066238168                __lib64_libkernel32_a_iname
 .idata$7       0x0000000066238178        0x4 C:/GNU/MINGW64/x86_64-8.1.0-win32-seh-rt_v6-rev0/mingw64/bin/../lib/gcc/x86_64-w64-mingw32/8.1.0/../../../../x86_64-w64-mingw32/lib/../lib/libuser32.a(dyqes00958.o)
 .idata$7       0x000000006623817c        0xc C:/GNU/MINGW64/x86_64-8.1.0-win32-seh-rt_v6-rev0/mingw64/bin/../lib/gcc/x86_64-w64-mingw32/8.1.0/../../../../x86_64-w64-mingw32/lib/../lib/libuser32.a(dyqet.o)
                0x000000006623817c                __lib64_libuser32_a_iname

.CRT            0x0000000066239000        0x0
                0x0000000066239000                ___crt_xc_start__ = .
 *(SORT_BY_NAME(.CRT$XC*))
                0x0000000066239000                ___crt_xc_end__ = .
                0x0000000066239000                ___crt_xi_start__ = .
 *(SORT_BY_NAME(.CRT$XI*))
                0x0000000066239000                ___crt_xi_end__ = .
                0x0000000066239000                ___crt_xl_start__ = .
 *(SORT_BY_NAME(.CRT$XL*))
                0x0000000066239000                ___crt_xp_start__ = .
 *(SORT_BY_NAME(.CRT$XP*))
                0x0000000066239000                ___crt_xp_end__ = .
                0x0000000066239000                ___crt_xt_start__ = .
 *(SORT_BY_NAME(.CRT$XT*))
                0x0000000066239000                ___crt_xt_end__ = .

.tls            0x0000000066239000        0x0
                0x0000000066239000                ___tls_start__ = .
 *(.tls$AAA)
 *(.tls)
 *(.tls$)
 *(SORT_BY_NAME(.tls$*))
 *(.tls$ZZZ)
                0x0000000066239000                ___tls_end__ = .

.endjunk        0x0000000066239000        0x0
                [!provide]                        PROVIDE (end = .)
                [!provide]                        PROVIDE (_end = .)
                0x0000000066239000                __end__ = .

.rsrc           0x0000000066239000      0x400
 *(.rsrc)
 .rsrc          0x0000000066239000      0x378 ../build/x64_Debug/version.o
 *(.rsrc$*)

.reloc          0x000000006623a000      0x200
 *(.reloc)
 .reloc         0x000000006623a000       0x80 dll stuff

.stab
 *(.stab)

.stabstr
 *(.stabstr)

.debug_aranges  0x000000006623b000      0x600
 *(.debug_aranges)
 .debug_aranges
                0x000000006623b000       0x30 ../build/x64_Debug/debug.o
 .debug_aranges
                0x000000006623b030       0x30 ../build/x64_Debug/dllmain.o
 .debug_aranges
                0x000000006623b060       0x30 ../build/x64_Debug/pmc_add_sub.o
 .debug_aranges
                0x000000006623b090       0x30 ../build/x64_Debug/pmc_bytes.o
 .debug_aranges
                0x000000006623b0c0       0x30 ../build/x64_Debug/pmc_clone.o
 .debug_aranges
                0x000000006623b0f0       0x30 ../build/x64_Debug/pmc_compare.o
 .debug_aranges
                0x000000006623b120       0x30 ../build/x64_Debug/pmc_divrem.o
 .debug_aranges
                0x000000006623b150       0x30 ../build/x64_Debug/pmc_equals.o
 .debug_aranges
                0x000000006623b180       0x30 ../build/x64_Debug/pmc_from.o
 .debug_aranges
                0x000000006623b1b0       0x30 ../build/x64_Debug/pmc_initialize.o
 .debug_aranges
                0x000000006623b1e0       0x30 ../build/x64_Debug/pmc_memory.o
 .debug_aranges
                0x000000006623b210       0x30 ../build/x64_Debug/pmc_multiply.o
 .debug_aranges
                0x000000006623b240       0x30 ../build/x64_Debug/pmc_negate.o
 .debug_aranges
                0x000000006623b270       0x30 ../build/x64_Debug/pmc_statistics.o
 .debug_aranges
                0x000000006623b2a0       0x30 ../build/x64_Debug/pmc_to.o
 .debug_aranges
                0x000000006623b2d0       0x30 ../build/x64_Debug/TEST_autogenerated.o
 .debug_aranges
                0x000000006623b300       0x30 ../build/x64_Debug/TEST_op_Add.o
 .debug_aranges
                0x000000006623b330       0x30 ../build/x64_Debug/TEST_op_Clone.o
 .debug_aranges
                0x000000006623b360       0x30 ../build/x64_Debug/TEST_op_Compare.o
 .debug_aranges
                0x000000006623b390       0x30 ../build/x64_Debug/TEST_op_DivRem.o
 .debug_aranges
                0x000000006623b3c0       0x30 ../build/x64_Debug/TEST_op_Equals.o
 .debug_aranges
                0x000000006623b3f0       0x30 ../build/x64_Debug/TEST_op_From_To.o
 .debug_aranges
                0x000000006623b420       0x30 ../build/x64_Debug/TEST_op_Multiply.o
 .debug_aranges
                0x000000006623b450       0x30 ../build/x64_Debug/TEST_op_Negate.o
 .debug_aranges
                0x000000006623b480       0x30 ../build/x64_Debug/TEST_op_Remainder.o
 .debug_aranges
                0x000000006623b4b0       0x30 ../build/x64_Debug/TEST_op_Subtruct.o

.zdebug_aranges
 *(.zdebug_aranges)

.debug_pubnames
 *(.debug_pubnames)

.zdebug_pubnames
 *(.zdebug_pubnames)

.debug_pubtypes
 *(.debug_pubtypes)

.zdebug_pubtypes
 *(.zdebug_pubtypes)

.debug_info     0x000000006623c000    0xd3a00
 *(.debug_info .gnu.linkonce.wi.*)
 .debug_info    0x000000006623c000     0x6890 ../build/x64_Debug/debug.o
 .debug_info    0x0000000066242890     0x5d16 ../build/x64_Debug/dllmain.o
 .debug_info    0x00000000662485a6     0x6ab5 ../build/x64_Debug/pmc_add_sub.o
 .debug_info    0x000000006624f05b     0x5e39 ../build/x64_Debug/pmc_bytes.o
 .debug_info    0x0000000066254e94     0x5d76 ../build/x64_Debug/pmc_clone.o
 .debug_info    0x000000006625ac0a     0x631d ../build/x64_Debug/pmc_compare.o
 .debug_info    0x0000000066260f27     0x65e7 ../build/x64_Debug/pmc_divrem.o
 .debug_info    0x000000006626750e     0x6169 ../build/x64_Debug/pmc_equals.o
 .debug_info    0x000000006626d677     0x5f21 ../build/x64_Debug/pmc_from.o
 .debug_info    0x0000000066273598     0x682d ../build/x64_Debug/pmc_initialize.o
 .debug_info    0x0000000066279dc5     0x63bb ../build/x64_Debug/pmc_memory.o
 .debug_info    0x0000000066280180     0x639d ../build/x64_Debug/pmc_multiply.o
 .debug_info    0x000000006628651d     0x5d78 ../build/x64_Debug/pmc_negate.o
 .debug_info    0x000000006628c295     0x5c7f ../build/x64_Debug/pmc_statistics.o
 .debug_info    0x0000000066291f14     0x5e2b ../build/x64_Debug/pmc_to.o
 .debug_info    0x0000000066297d3f    0x358eb ../build/x64_Debug/TEST_autogenerated.o
 .debug_info    0x00000000662cd62a     0x6c98 ../build/x64_Debug/TEST_op_Add.o
 .debug_info    0x00000000662d42c2     0x6632 ../build/x64_Debug/TEST_op_Clone.o
 .debug_info    0x00000000662da8f4     0x6a89 ../build/x64_Debug/TEST_op_Compare.o
 .debug_info    0x00000000662e137d     0x6abf ../build/x64_Debug/TEST_op_DivRem.o
 .debug_info    0x00000000662e7e3c     0x6a81 ../build/x64_Debug/TEST_op_Equals.o
 .debug_info    0x00000000662ee8bd     0x682e ../build/x64_Debug/TEST_op_From_To.o
 .debug_info    0x00000000662f50eb     0x6cc0 ../build/x64_Debug/TEST_op_Multiply.o
 .debug_info    0x00000000662fbdab     0x6634 ../build/x64_Debug/TEST_op_Negate.o
 .debug_info    0x00000000663023df     0x688f ../build/x64_Debug/TEST_op_Remainder.o
 .debug_info    0x0000000066308c6e     0x6cc0 ../build/x64_Debug/TEST_op_Subtruct.o

.zdebug_info
 *(.zdebug_info .zdebug.gnu.linkonce.wi.*)

.debug_abbrev   0x0000000066310000     0x4600
 *(.debug_abbrev)
 .debug_abbrev  0x0000000066310000      0x2d6 ../build/x64_Debug/debug.o
 .debug_abbrev  0x00000000663102d6      0x238 ../build/x64_Debug/dllmain.o
 .debug_abbrev  0x000000006631050e      0x324 ../build/x64_Debug/pmc_add_sub.o
 .debug_abbrev  0x0000000066310832      0x256 ../build/x64_Debug/pmc_bytes.o
 .debug_abbrev  0x0000000066310a88      0x23a ../build/x64_Debug/pmc_clone.o
 .debug_abbrev  0x0000000066310cc2      0x2ee ../build/x64_Debug/pmc_compare.o
 .debug_abbrev  0x0000000066310fb0      0x2e6 ../build/x64_Debug/pmc_divrem.o
 .debug_abbrev  0x0000000066311296      0x292 ../build/x64_Debug/pmc_equals.o
 .debug_abbrev  0x0000000066311528      0x270 ../build/x64_Debug/pmc_from.o
 .debug_abbrev  0x0000000066311798      0x351 ../build/x64_Debug/pmc_initialize.o
 .debug_abbrev  0x0000000066311ae9      0x3e2 ../build/x64_Debug/pmc_memory.o
 .debug_abbrev  0x0000000066311ecb      0x2ff ../build/x64_Debug/pmc_multiply.o
 .debug_abbrev  0x00000000663121ca      0x23a ../build/x64_Debug/pmc_negate.o
 .debug_abbrev  0x0000000066312404      0x238 ../build/x64_Debug/pmc_statistics.o
 .debug_abbrev  0x000000006631263c      0x256 ../build/x64_Debug/pmc_to.o
 .debug_abbrev  0x0000000066312892      0x288 ../build/x64_Debug/TEST_autogenerated.o
 .debug_abbrev  0x0000000066312b1a      0x2b3 ../build/x64_Debug/TEST_op_Add.o
 .debug_abbrev  0x0000000066312dcd      0x291 ../build/x64_Debug/TEST_op_Clone.o
 .debug_abbrev  0x000000006631305e      0x2b3 ../build/x64_Debug/TEST_op_Compare.o
 .debug_abbrev  0x0000000066313311      0x275 ../build/x64_Debug/TEST_op_DivRem.o
 .debug_abbrev  0x0000000066313586      0x2b3 ../build/x64_Debug/TEST_op_Equals.o
 .debug_abbrev  0x0000000066313839      0x2b3 ../build/x64_Debug/TEST_op_From_To.o
 .debug_abbrev  0x0000000066313aec      0x2b3 ../build/x64_Debug/TEST_op_Multiply.o
 .debug_abbrev  0x0000000066313d9f      0x291 ../build/x64_Debug/TEST_op_Negate.o
 .debug_abbrev  0x0000000066314030      0x264 ../build/x64_Debug/TEST_op_Remainder.o
 .debug_abbrev  0x0000000066314294      0x2b3 ../build/x64_Debug/TEST_op_Subtruct.o

.zdebug_abbrev
 *(.zdebug_abbrev)

.debug_line     0x0000000066315000    0x15800
 *(.debug_line)
 .debug_line    0x0000000066315000      0x3a9 ../build/x64_Debug/debug.o
 .debug_line    0x00000000663153a9      0x2a2 ../build/x64_Debug/dllmain.o
 .debug_line    0x000000006631564b      0xdaa ../build/x64_Debug/pmc_add_sub.o
 .debug_line    0x00000000663163f5      0x2e4 ../build/x64_Debug/pmc_bytes.o
 .debug_line    0x00000000663166d9      0x2bc ../build/x64_Debug/pmc_clone.o
 .debug_line    0x0000000066316995      0x706 ../build/x64_Debug/pmc_compare.o
 .debug_line    0x000000006631709b      0xa96 ../build/x64_Debug/pmc_divrem.o
 .debug_line    0x0000000066317b31      0x585 ../build/x64_Debug/pmc_equals.o
 .debug_line    0x00000000663180b6      0x30f ../build/x64_Debug/pmc_from.o
 .debug_line    0x00000000663183c5      0x4b1 ../build/x64_Debug/pmc_initialize.o
 .debug_line    0x0000000066318876      0x596 ../build/x64_Debug/pmc_memory.o
 .debug_line    0x0000000066318e0c      0x659 ../build/x64_Debug/pmc_multiply.o
 .debug_line    0x0000000066319465      0x2aa ../build/x64_Debug/pmc_negate.o
 .debug_line    0x000000006631970f      0x288 ../build/x64_Debug/pmc_statistics.o
 .debug_line    0x0000000066319997      0x314 ../build/x64_Debug/pmc_to.o
 .debug_line    0x0000000066319cab     0xd68a ../build/x64_Debug/TEST_autogenerated.o
 .debug_line    0x0000000066327335      0x61d ../build/x64_Debug/TEST_op_Add.o
 .debug_line    0x0000000066327952      0x32b ../build/x64_Debug/TEST_op_Clone.o
 .debug_line    0x0000000066327c7d      0x4d0 ../build/x64_Debug/TEST_op_Compare.o
 .debug_line    0x000000006632814d      0x71c ../build/x64_Debug/TEST_op_DivRem.o
 .debug_line    0x0000000066328869      0x4cf ../build/x64_Debug/TEST_op_Equals.o
 .debug_line    0x0000000066328d38      0x3ea ../build/x64_Debug/TEST_op_From_To.o
 .debug_line    0x0000000066329122      0x622 ../build/x64_Debug/TEST_op_Multiply.o
 .debug_line    0x0000000066329744      0x32c ../build/x64_Debug/TEST_op_Negate.o
 .debug_line    0x0000000066329a70      0x5ce ../build/x64_Debug/TEST_op_Remainder.o
 .debug_line    0x000000006632a03e      0x622 ../build/x64_Debug/TEST_op_Subtruct.o

.zdebug_line
 *(.zdebug_line)

.debug_frame    0x000000006632b000     0x2200
 *(.debug_frame)
 .debug_frame   0x000000006632b000      0x158 ../build/x64_Debug/debug.o
 .debug_frame   0x000000006632b158       0x40 ../build/x64_Debug/dllmain.o
 .debug_frame   0x000000006632b198      0x388 ../build/x64_Debug/pmc_add_sub.o
 .debug_frame   0x000000006632b520       0x68 ../build/x64_Debug/pmc_bytes.o
 .debug_frame   0x000000006632b588       0x40 ../build/x64_Debug/pmc_clone.o
 .debug_frame   0x000000006632b5c8      0x1f8 ../build/x64_Debug/pmc_compare.o
 .debug_frame   0x000000006632b7c0      0x180 ../build/x64_Debug/pmc_divrem.o
 .debug_frame   0x000000006632b940      0x180 ../build/x64_Debug/pmc_equals.o
 .debug_frame   0x000000006632bac0       0xb8 ../build/x64_Debug/pmc_from.o
 .debug_frame   0x000000006632bb78      0x128 ../build/x64_Debug/pmc_initialize.o
 .debug_frame   0x000000006632bca0      0x298 ../build/x64_Debug/pmc_memory.o
 .debug_frame   0x000000006632bf38      0x1f8 ../build/x64_Debug/pmc_multiply.o
 .debug_frame   0x000000006632c130       0x40 ../build/x64_Debug/pmc_negate.o
 .debug_frame   0x000000006632c170       0x40 ../build/x64_Debug/pmc_statistics.o
 .debug_frame   0x000000006632c1b0       0x68 ../build/x64_Debug/pmc_to.o
 .debug_frame   0x000000006632c218       0x78 ../build/x64_Debug/TEST_autogenerated.o
 .debug_frame   0x000000006632c290      0x200 ../build/x64_Debug/TEST_op_Add.o
 .debug_frame   0x000000006632c490       0x80 ../build/x64_Debug/TEST_op_Clone.o
 .debug_frame   0x000000006632c510      0x1a0 ../build/x64_Debug/TEST_op_Compare.o
 .debug_frame   0x000000006632c6b0      0x200 ../build/x64_Debug/TEST_op_DivRem.o
 .debug_frame   0x000000006632c8b0      0x1a0 ../build/x64_Debug/TEST_op_Equals.o
 .debug_frame   0x000000006632ca50      0x130 ../build/x64_Debug/TEST_op_From_To.o
 .debug_frame   0x000000006632cb80      0x200 ../build/x64_Debug/TEST_op_Multiply.o
 .debug_frame   0x000000006632cd80       0x80 ../build/x64_Debug/TEST_op_Negate.o
 .debug_frame   0x000000006632ce00      0x1f0 ../build/x64_Debug/TEST_op_Remainder.o
 .debug_frame   0x000000006632cff0      0x200 ../build/x64_Debug/TEST_op_Subtruct.o

.zdebug_frame
 *(.zdebug_frame)

.debug_str      0x000000006632e000     0x1e00
 *(.debug_str)
 .debug_str     0x000000006632e000      0x1b2 ../build/x64_Debug/debug.o
 .debug_str     0x000000006632e1b2       0x19 ../build/x64_Debug/dllmain.o
 .debug_str     0x000000006632e1cb       0x69 ../build/x64_Debug/pmc_add_sub.o
 .debug_str     0x000000006632e234       0x3d ../build/x64_Debug/pmc_bytes.o
 .debug_str     0x000000006632e271       0x3d ../build/x64_Debug/pmc_clone.o
 .debug_str     0x000000006632e2ae       0x4b ../build/x64_Debug/pmc_compare.o
 .debug_str     0x000000006632e2f9       0x5e ../build/x64_Debug/pmc_divrem.o
 .debug_str     0x000000006632e357       0x44 ../build/x64_Debug/pmc_equals.o
 .debug_str     0x000000006632e39b       0x44 ../build/x64_Debug/pmc_from.o
 .debug_str     0x000000006632e3df      0x1d0 ../build/x64_Debug/pmc_initialize.o
 .debug_str     0x000000006632e5af       0x6e ../build/x64_Debug/pmc_memory.o
 .debug_str     0x000000006632e61d       0x4b ../build/x64_Debug/pmc_multiply.o
 .debug_str     0x000000006632e668       0x3d ../build/x64_Debug/pmc_negate.o
 .debug_str     0x000000006632e6a5       0x29 ../build/x64_Debug/pmc_statistics.o
 .debug_str     0x000000006632e6ce       0x3d ../build/x64_Debug/pmc_to.o
 .debug_str     0x000000006632e70b      0x1a8 ../build/x64_Debug/TEST_autogenerated.o
 .debug_str     0x000000006632e8b3      0x24b ../build/x64_Debug/TEST_op_Add.o
 .debug_str     0x000000006632eafe      0x1a8 ../build/x64_Debug/TEST_op_Clone.o
 .debug_str     0x000000006632eca6      0x1f6 ../build/x64_Debug/TEST_op_Compare.o
 .debug_str     0x000000006632ee9c      0x27a ../build/x64_Debug/TEST_op_DivRem.o
 .debug_str     0x000000006632f116      0x1f6 ../build/x64_Debug/TEST_op_Equals.o
 .debug_str     0x000000006632f30c      0x1e4 ../build/x64_Debug/TEST_op_From_To.o
 .debug_str     0x000000006632f4f0      0x24b ../build/x64_Debug/TEST_op_Multiply.o
 .debug_str     0x000000006632f73b      0x1a8 ../build/x64_Debug/TEST_op_Negate.o
 .debug_str     0x000000006632f8e3      0x22f ../build/x64_Debug/TEST_op_Remainder.o
 .debug_str     0x000000006632fb12      0x24b ../build/x64_Debug/TEST_op_Subtruct.o

.zdebug_str
 *(.zdebug_str)

.debug_loc
 *(.debug_loc)

.zdebug_loc
 *(.zdebug_loc)

.debug_macinfo
 *(.debug_macinfo)

.zdebug_macinfo
 *(.zdebug_macinfo)

.debug_weaknames
 *(.debug_weaknames)

.zdebug_weaknames
 *(.zdebug_weaknames)

.debug_funcnames
 *(.debug_funcnames)

.zdebug_funcnames
 *(.zdebug_funcnames)

.debug_typenames
 *(.debug_typenames)

.zdebug_typenames
 *(.zdebug_typenames)

.debug_varnames
 *(.debug_varnames)

.zdebug_varnames
 *(.zdebug_varnames)

.debug_macro
 *(.debug_macro)

.zdebug_macro
 *(.zdebug_macro)

.debug_ranges
 *(.debug_ranges)

.zdebug_ranges
 *(.zdebug_ranges)

.debug_types
 *(.debug_types .gnu.linkonce.wt.*)

.zdebug_types
 *(.zdebug_types .zdebug.gnu.linkonce.wt.*)

.debug_gdb_scripts
 *(.debug_gdb_scripts)

.zdebug_gdb_scripts
 *(.zdebug_gdb_scripts)
OUTPUT(../../dist/x64_Debug/Palmtree.Math.Core.Sint.dll pei-x86-64)
LOAD dll stuff
