Archive member included to satisfy reference by file (symbol)

C:/GNU/MINGW64/i686-8.1.0-win32-dwarf-rt_v6-rev0/mingw32/bin/../lib/gcc/i686-w64-mingw32/8.1.0/../../../../i686-w64-mingw32/lib/../lib/libmingw32.a(lib32_libmingw32_a-gccmain.o)
                              C:/GNU/MINGW64/i686-8.1.0-win32-dwarf-rt_v6-rev0/mingw32/bin/../lib/gcc/i686-w64-mingw32/8.1.0/../../../../i686-w64-mingw32/lib/../lib/crt2.o (__main)
C:/GNU/MINGW64/i686-8.1.0-win32-dwarf-rt_v6-rev0/mingw32/bin/../lib/gcc/i686-w64-mingw32/8.1.0/../../../../i686-w64-mingw32/lib/../lib/libmingw32.a(lib32_libmingw32_a-natstart.o)
                              C:/GNU/MINGW64/i686-8.1.0-win32-dwarf-rt_v6-rev0/mingw32/bin/../lib/gcc/i686-w64-mingw32/8.1.0/../../../../i686-w64-mingw32/lib/../lib/crt2.o (__native_startup_lock)
C:/GNU/MINGW64/i686-8.1.0-win32-dwarf-rt_v6-rev0/mingw32/bin/../lib/gcc/i686-w64-mingw32/8.1.0/../../../../i686-w64-mingw32/lib/../lib/libmingw32.a(lib32_libmingw32_a-wildcard.o)
                              C:/GNU/MINGW64/i686-8.1.0-win32-dwarf-rt_v6-rev0/mingw32/bin/../lib/gcc/i686-w64-mingw32/8.1.0/../../../../i686-w64-mingw32/lib/../lib/crt2.o (_dowildcard)
C:/GNU/MINGW64/i686-8.1.0-win32-dwarf-rt_v6-rev0/mingw32/bin/../lib/gcc/i686-w64-mingw32/8.1.0/../../../../i686-w64-mingw32/lib/../lib/libmingw32.a(lib32_libmingw32_a-charmax.o)
                              C:/GNU/MINGW64/i686-8.1.0-win32-dwarf-rt_v6-rev0/mingw32/bin/../lib/gcc/i686-w64-mingw32/8.1.0/../../../../i686-w64-mingw32/lib/../lib/crt2.o (mingw_initcharmax)
C:/GNU/MINGW64/i686-8.1.0-win32-dwarf-rt_v6-rev0/mingw32/bin/../lib/gcc/i686-w64-mingw32/8.1.0/../../../../i686-w64-mingw32/lib/../lib/libmingw32.a(lib32_libmingw32_a-dllargv.o)
                              C:/GNU/MINGW64/i686-8.1.0-win32-dwarf-rt_v6-rev0/mingw32/bin/../lib/gcc/i686-w64-mingw32/8.1.0/../../../../i686-w64-mingw32/lib/../lib/crt2.o (_setargv)
C:/GNU/MINGW64/i686-8.1.0-win32-dwarf-rt_v6-rev0/mingw32/bin/../lib/gcc/i686-w64-mingw32/8.1.0/../../../../i686-w64-mingw32/lib/../lib/libmingw32.a(lib32_libmingw32_a-gs_support.o)
                              C:/GNU/MINGW64/i686-8.1.0-win32-dwarf-rt_v6-rev0/mingw32/bin/../lib/gcc/i686-w64-mingw32/8.1.0/../../../../i686-w64-mingw32/lib/../lib/crt2.o (__security_init_cookie)
C:/GNU/MINGW64/i686-8.1.0-win32-dwarf-rt_v6-rev0/mingw32/bin/../lib/gcc/i686-w64-mingw32/8.1.0/../../../../i686-w64-mingw32/lib/../lib/libmingw32.a(lib32_libmingw32_a-_newmode.o)
                              C:/GNU/MINGW64/i686-8.1.0-win32-dwarf-rt_v6-rev0/mingw32/bin/../lib/gcc/i686-w64-mingw32/8.1.0/../../../../i686-w64-mingw32/lib/../lib/crt2.o (_newmode)
C:/GNU/MINGW64/i686-8.1.0-win32-dwarf-rt_v6-rev0/mingw32/bin/../lib/gcc/i686-w64-mingw32/8.1.0/../../../../i686-w64-mingw32/lib/../lib/libmingw32.a(lib32_libmingw32_a-tlssup.o)
                              C:/GNU/MINGW64/i686-8.1.0-win32-dwarf-rt_v6-rev0/mingw32/bin/../lib/gcc/i686-w64-mingw32/8.1.0/../../../../i686-w64-mingw32/lib/../lib/crt2.o (mingw_initltssuo_force)
C:/GNU/MINGW64/i686-8.1.0-win32-dwarf-rt_v6-rev0/mingw32/bin/../lib/gcc/i686-w64-mingw32/8.1.0/../../../../i686-w64-mingw32/lib/../lib/libmingw32.a(lib32_libmingw32_a-cinitexe.o)
                              C:/GNU/MINGW64/i686-8.1.0-win32-dwarf-rt_v6-rev0/mingw32/bin/../lib/gcc/i686-w64-mingw32/8.1.0/../../../../i686-w64-mingw32/lib/../lib/crt2.o (__xc_z)
C:/GNU/MINGW64/i686-8.1.0-win32-dwarf-rt_v6-rev0/mingw32/bin/../lib/gcc/i686-w64-mingw32/8.1.0/../../../../i686-w64-mingw32/lib/../lib/libmingw32.a(lib32_libmingw32_a-merr.o)
                              C:/GNU/MINGW64/i686-8.1.0-win32-dwarf-rt_v6-rev0/mingw32/bin/../lib/gcc/i686-w64-mingw32/8.1.0/../../../../i686-w64-mingw32/lib/../lib/crt2.o (__mingw_setusermatherr)
C:/GNU/MINGW64/i686-8.1.0-win32-dwarf-rt_v6-rev0/mingw32/bin/../lib/gcc/i686-w64-mingw32/8.1.0/../../../../i686-w64-mingw32/lib/../lib/libmingw32.a(lib32_libmingw32_a-CRT_fp10.o)
                              C:/GNU/MINGW64/i686-8.1.0-win32-dwarf-rt_v6-rev0/mingw32/bin/../lib/gcc/i686-w64-mingw32/8.1.0/../../../../i686-w64-mingw32/lib/../lib/crt2.o (_fpreset)
C:/GNU/MINGW64/i686-8.1.0-win32-dwarf-rt_v6-rev0/mingw32/bin/../lib/gcc/i686-w64-mingw32/8.1.0/../../../../i686-w64-mingw32/lib/../lib/libmingw32.a(lib32_libmingw32_a-mingw_helpers.o)
                              C:/GNU/MINGW64/i686-8.1.0-win32-dwarf-rt_v6-rev0/mingw32/bin/../lib/gcc/i686-w64-mingw32/8.1.0/../../../../i686-w64-mingw32/lib/../lib/crt2.o (mingw_app_type)
C:/GNU/MINGW64/i686-8.1.0-win32-dwarf-rt_v6-rev0/mingw32/bin/../lib/gcc/i686-w64-mingw32/8.1.0/../../../../i686-w64-mingw32/lib/../lib/libmingw32.a(lib32_libmingw32_a-pseudo-reloc.o)
                              C:/GNU/MINGW64/i686-8.1.0-win32-dwarf-rt_v6-rev0/mingw32/bin/../lib/gcc/i686-w64-mingw32/8.1.0/../../../../i686-w64-mingw32/lib/../lib/crt2.o (_pei386_runtime_relocator)
[...]
Memory Configuration

Name             Origin             Length             Attributes
*default*        0x00000000         0xffffffff

Linker script and memory map

                0x00400000                __image_base__ = 0x400000
                0x00000000                __dll__ = 0x0
                0x00400000                ___ImageBase = 0x400000
                0x00001000                __section_alignment__ = 0x1000
                0x00000200                __file_alignment__ = 0x200
                0x00000004                __major_os_version__ = 0x4
                0x00000000                __minor_os_version__ = 0x0
                0x00000001                __major_image_version__ = 0x1
                0x00000000                __minor_image_version__ = 0x0
                0x00000004                __major_subsystem_version__ = 0x4
                0x00000000                __minor_subsystem_version__ = 0x0
                0x00000003                __subsystem__ = 0x3
                0x00200000                __size_of_stack_reserve__ = 0x200000
                0x00001000                __size_of_stack_commit__ = 0x1000
                0x00100000                __size_of_heap_reserve__ = 0x100000
                0x00001000                __size_of_heap_commit__ = 0x1000
                0x00000000                __loader_flags__ = 0x0
                0x00000000                __dll_characteristics__ = 0x0
LOAD C:/GNU/MINGW64/i686-8.1.0-win32-dwarf-rt_v6-rev0/mingw32/bin/../lib/gcc/i686-w64-mingw32/8.1.0/../../../../i686-w64-mingw32/lib/../lib/crt2.o
LOAD C:/GNU/MINGW64/i686-8.1.0-win32-dwarf-rt_v6-rev0/mingw32/bin/../lib/gcc/i686-w64-mingw32/8.1.0/crtbegin.o
LOAD ../build/x86_Debug/main.o
LOAD C:/GNU/MINGW64/i686-8.1.0-win32-dwarf-rt_v6-rev0/mingw32/bin/../lib/gcc/i686-w64-mingw32/8.1.0/../../../../i686-w64-mingw32/lib/../lib/libmingw32.a
LOAD C:/GNU/MINGW64/i686-8.1.0-win32-dwarf-rt_v6-rev0/mingw32/bin/../lib/gcc/i686-w64-mingw32/8.1.0/libgcc.a
LOAD C:/GNU/MINGW64/i686-8.1.0-win32-dwarf-rt_v6-rev0/mingw32/bin/../lib/gcc/i686-w64-mingw32/8.1.0/libgcc_eh.a
LOAD C:/GNU/MINGW64/i686-8.1.0-win32-dwarf-rt_v6-rev0/mingw32/bin/../lib/gcc/i686-w64-mingw32/8.1.0/../../../../i686-w64-mingw32/lib/../lib/libmoldname.a
LOAD C:/GNU/MINGW64/i686-8.1.0-win32-dwarf-rt_v6-rev0/mingw32/bin/../lib/gcc/i686-w64-mingw32/8.1.0/../../../../i686-w64-mingw32/lib/../lib/libmingwex.a
LOAD C:/GNU/MINGW64/i686-8.1.0-win32-dwarf-rt_v6-rev0/mingw32/bin/../lib/gcc/i686-w64-mingw32/8.1.0/../../../../i686-w64-mingw32/lib/../lib/libmsvcrt.a
LOAD C:/GNU/MINGW64/i686-8.1.0-win32-dwarf-rt_v6-rev0/mingw32/bin/../lib/gcc/i686-w64-mingw32/8.1.0/../../../../i686-w64-mingw32/lib/../lib/libadvapi32.a
LOAD C:/GNU/MINGW64/i686-8.1.0-win32-dwarf-rt_v6-rev0/mingw32/bin/../lib/gcc/i686-w64-mingw32/8.1.0/../../../../i686-w64-mingw32/lib/../lib/libshell32.a
LOAD C:/GNU/MINGW64/i686-8.1.0-win32-dwarf-rt_v6-rev0/mingw32/bin/../lib/gcc/i686-w64-mingw32/8.1.0/../../../../i686-w64-mingw32/lib/../lib/libuser32.a
LOAD C:/GNU/MINGW64/i686-8.1.0-win32-dwarf-rt_v6-rev0/mingw32/bin/../lib/gcc/i686-w64-mingw32/8.1.0/../../../../i686-w64-mingw32/lib/../lib/libkernel32.a
LOAD C:/GNU/MINGW64/i686-8.1.0-win32-dwarf-rt_v6-rev0/mingw32/bin/../lib/gcc/i686-w64-mingw32/8.1.0/../../../../i686-w64-mingw32/lib/../lib/libiconv.a
LOAD C:/GNU/MINGW64/i686-8.1.0-win32-dwarf-rt_v6-rev0/mingw32/bin/../lib/gcc/i686-w64-mingw32/8.1.0/../../../../i686-w64-mingw32/lib/../lib/libmingw32.a
LOAD C:/GNU/MINGW64/i686-8.1.0-win32-dwarf-rt_v6-rev0/mingw32/bin/../lib/gcc/i686-w64-mingw32/8.1.0/libgcc.a
LOAD C:/GNU/MINGW64/i686-8.1.0-win32-dwarf-rt_v6-rev0/mingw32/bin/../lib/gcc/i686-w64-mingw32/8.1.0/libgcc_eh.a
LOAD C:/GNU/MINGW64/i686-8.1.0-win32-dwarf-rt_v6-rev0/mingw32/bin/../lib/gcc/i686-w64-mingw32/8.1.0/../../../../i686-w64-mingw32/lib/../lib/libmoldname.a
LOAD C:/GNU/MINGW64/i686-8.1.0-win32-dwarf-rt_v6-rev0/mingw32/bin/../lib/gcc/i686-w64-mingw32/8.1.0/../../../../i686-w64-mingw32/lib/../lib/libmingwex.a
LOAD C:/GNU/MINGW64/i686-8.1.0-win32-dwarf-rt_v6-rev0/mingw32/bin/../lib/gcc/i686-w64-mingw32/8.1.0/../../../../i686-w64-mingw32/lib/../lib/libmsvcrt.a
LOAD C:/GNU/MINGW64/i686-8.1.0-win32-dwarf-rt_v6-rev0/mingw32/bin/../lib/gcc/i686-w64-mingw32/8.1.0/crtend.o
                0x000003a8                . = SIZEOF_HEADERS
                0x00001000                . = ALIGN (__section_alignment__)

.text           0x00401000     0x1a00
 *(.init)
 *(.text)
 .text          0x00401000      0x4e0 C:/GNU/MINGW64/i686-8.1.0-win32-dwarf-rt_v6-rev0/mingw32/bin/../lib/gcc/i686-w64-mingw32/8.1.0/../../../../i686-w64-mingw32/lib/../lib/crt2.o
                0x00401480                WinMainCRTStartup
                0x004014a0                mainCRTStartup
                0x004014c0                atexit
 .text          0x004014e0       0xe0 C:/GNU/MINGW64/i686-8.1.0-win32-dwarf-rt_v6-rev0/mingw32/bin/../lib/gcc/i686-w64-mingw32/8.1.0/crtbegin.o
                0x004014e0                __gcc_register_frame
                0x00401590                __gcc_deregister_frame
 .text          0x004015c0      0x270 ../build/x86_Debug/main.o
                0x004015ce                main
 .text          0x00401830       0xb0 C:/GNU/MINGW64/i686-8.1.0-win32-dwarf-rt_v6-rev0/mingw32/bin/../lib/gcc/i686-w64-mingw32/8.1.0/../../../../i686-w64-mingw32/lib/../lib/libmingw32.a(lib32_libmingw32_a-gccmain.o)
                0x00401830                __do_global_dtors
                0x00401870                __do_global_ctors
                0x004018c0                __main
 .text          0x004018e0        0x0 C:/GNU/MINGW64/i686-8.1.0-win32-dwarf-rt_v6-rev0/mingw32/bin/../lib/gcc/i686-w64-mingw32/8.1.0/../../../../i686-w64-mingw32/lib/../lib/libmingw32.a(lib32_libmingw32_a-natstart.o)
 .text          0x004018e0        0x0 C:/GNU/MINGW64/i686-8.1.0-win32-dwarf-rt_v6-rev0/mingw32/bin/../lib/gcc/i686-w64-mingw32/8.1.0/../../../../i686-w64-mingw32/lib/../lib/libmingw32.a(lib32_libmingw32_a-wildcard.o)
 .text          0x004018e0       0x10 C:/GNU/MINGW64/i686-8.1.0-win32-dwarf-rt_v6-rev0/mingw32/bin/../lib/gcc/i686-w64-mingw32/8.1.0/../../../../i686-w64-mingw32/lib/../lib/libmingw32.a(lib32_libmingw32_a-charmax.o)
 .text          0x004018f0       0x10 C:/GNU/MINGW64/i686-8.1.0-win32-dwarf-rt_v6-rev0/mingw32/bin/../lib/gcc/i686-w64-mingw32/8.1.0/../../../../i686-w64-mingw32/lib/../lib/libmingw32.a(lib32_libmingw32_a-dllargv.o)
                0x004018f0                _setargv
 .text          0x00401900      0x140 C:/GNU/MINGW64/i686-8.1.0-win32-dwarf-rt_v6-rev0/mingw32/bin/../lib/gcc/i686-w64-mingw32/8.1.0/../../../../i686-w64-mingw32/lib/../lib/libmingw32.a(lib32_libmingw32_a-gs_support.o)
                0x00401900                __security_init_cookie
                0x004019b0                __report_gsfailure
 .text          0x00401a40        0x0 C:/GNU/MINGW64/i686-8.1.0-win32-dwarf-rt_v6-rev0/mingw32/bin/../lib/gcc/i686-w64-mingw32/8.1.0/../../../../i686-w64-mingw32/lib/../lib/libmingw32.a(lib32_libmingw32_a-_newmode.o)
 .text          0x00401a40       0xf0 C:/GNU/MINGW64/i686-8.1.0-win32-dwarf-rt_v6-rev0/mingw32/bin/../lib/gcc/i686-w64-mingw32/8.1.0/../../../../i686-w64-mingw32/lib/../lib/libmingw32.a(lib32_libmingw32_a-tlssup.o)
                0x00401a90                __dyn_tls_init@12
                0x00401b20                __tlregdtor
 .text          0x00401b30        0x0 C:/GNU/MINGW64/i686-8.1.0-win32-dwarf-rt_v6-rev0/mingw32/bin/../lib/gcc/i686-w64-mingw32/8.1.0/../../../../i686-w64-mingw32/lib/../lib/libmingw32.a(lib32_libmingw32_a-cinitexe.o)
 .text          0x00401b30       0xe0 C:/GNU/MINGW64/i686-8.1.0-win32-dwarf-rt_v6-rev0/mingw32/bin/../lib/gcc/i686-w64-mingw32/8.1.0/../../../../i686-w64-mingw32/lib/../lib/libmingw32.a(lib32_libmingw32_a-merr.o)
                0x00401b30                __mingw_raise_matherr
                0x00401b80                __mingw_setusermatherr
                0x00401b90                _matherr
 .text          0x00401c10       0x10 C:/GNU/MINGW64/i686-8.1.0-win32-dwarf-rt_v6-rev0/mingw32/bin/../lib/gcc/i686-w64-mingw32/8.1.0/../../../../i686-w64-mingw32/lib/../lib/libmingw32.a(lib32_libmingw32_a-CRT_fp10.o)
                0x00401c10                fpreset
                0x00401c10                _fpreset
 .text          0x00401c20       0x20 C:/GNU/MINGW64/i686-8.1.0-win32-dwarf-rt_v6-rev0/mingw32/bin/../lib/gcc/i686-w64-mingw32/8.1.0/../../../../i686-w64-mingw32/lib/../lib/libmingw32.a(lib32_libmingw32_a-mingw_helpers.o)
                0x00401c20                _decode_pointer
                0x00401c30                _encode_pointer
 .text          0x00401c40      0x3d0 C:/GNU/MINGW64/i686-8.1.0-win32-dwarf-rt_v6-rev0/mingw32/bin/../lib/gcc/i686-w64-mingw32/8.1.0/../../../../i686-w64-mingw32/lib/../lib/libmingw32.a(lib32_libmingw32_a-pseudo-reloc.o)
                0x00401d90                _pei386_runtime_relocator
 .text          0x00402010        0x0 C:/GNU/MINGW64/i686-8.1.0-win32-dwarf-rt_v6-rev0/mingw32/bin/../lib/gcc/i686-w64-mingw32/8.1.0/../../../../i686-w64-mingw32/lib/../lib/libmingw32.a(lib32_libmingw32_a-xtxtmode.o)
 .text          0x00402010      0x1a0 C:/GNU/MINGW64/i686-8.1.0-win32-dwarf-rt_v6-rev0/mingw32/bin/../lib/gcc/i686-w64-mingw32/8.1.0/../../../../i686-w64-mingw32/lib/../lib/libmingw32.a(lib32_libmingw32_a-crt_handler.o)
                0x00402010                _gnu_exception_handler@4
 .text          0x004021b0      0x270 C:/GNU/MINGW64/i686-8.1.0-win32-dwarf-rt_v6-rev0/mingw32/bin/../lib/gcc/i686-w64-mingw32/8.1.0/../../../../i686-w64-mingw32/lib/../lib/libmingw32.a(lib32_libmingw32_a-tlsthrd.o)
                0x00402220                ___w64_mingwthr_add_key_dtor
                0x004022b0                ___w64_mingwthr_remove_key_dtor
                0x00402340                __mingw_TLScallback
 .text          0x00402420        0x0 C:/GNU/MINGW64/i686-8.1.0-win32-dwarf-rt_v6-rev0/mingw32/bin/../lib/gcc/i686-w64-mingw32/8.1.0/../../../../i686-w64-mingw32/lib/../lib/libmingw32.a(lib32_libmingw32_a-tlsmcrt.o)
 .text          0x00402420        0x0 C:/GNU/MINGW64/i686-8.1.0-win32-dwarf-rt_v6-rev0/mingw32/bin/../lib/gcc/i686-w64-mingw32/8.1.0/../../../../i686-w64-mingw32/lib/../lib/libmingw32.a(lib32_libmingw32_a-pseudo-reloc-list.o)
 .text          0x00402420      0x370 C:/GNU/MINGW64/i686-8.1.0-win32-dwarf-rt_v6-rev0/mingw32/bin/../lib/gcc/i686-w64-mingw32/8.1.0/../../../../i686-w64-mingw32/lib/../lib/libmingw32.a(lib32_libmingw32_a-pesect.o)
                0x00402440                _ValidateImageBase
                0x00402460                _FindPESection
                0x004024a0                _FindPESectionByName
                0x00402530                __mingw_GetSectionForAddress
                0x004025a0                __mingw_GetSectionCount
                0x004025d0                _FindPESectionExec
                0x00402630                _GetPEImageBase
                0x00402660                _IsNonwritableInCurrentImage
                0x004026e0                __mingw_enum_import_library_names
 .text          0x00402790       0x2c C:/GNU/MINGW64/i686-8.1.0-win32-dwarf-rt_v6-rev0/mingw32/bin/../lib/gcc/i686-w64-mingw32/8.1.0/libgcc.a(_chkstk_ms.o)
                0x00402790                __chkstk_ms
 .text          0x004027bc        0x0 C:/GNU/MINGW64/i686-8.1.0-win32-dwarf-rt_v6-rev0/mingw32/bin/../lib/gcc/i686-w64-mingw32/8.1.0/libgcc.a(_ctors.o)
 .text          0x004027bc        0x0 C:/GNU/MINGW64/i686-8.1.0-win32-dwarf-rt_v6-rev0/mingw32/bin/../lib/gcc/i686-w64-mingw32/8.1.0/../../../../i686-w64-mingw32/lib/../lib/libmingwex.a(lib32_libmingwex_a-mingw_matherr.o)
 .text          0x004027bc        0x8 C:/GNU/MINGW64/i686-8.1.0-win32-dwarf-rt_v6-rev0/mingw32/bin/../lib/gcc/i686-w64-mingw32/8.1.0/../../../../i686-w64-mingw32/lib/../lib/libmsvcrt.a(dwbes01297.o)
                0x004027bc                wprintf
 .text          0x004027c4        0x8 C:/GNU/MINGW64/i686-8.1.0-win32-dwarf-rt_v6-rev0/mingw32/bin/../lib/gcc/i686-w64-mingw32/8.1.0/../../../../i686-w64-mingw32/lib/../lib/libmsvcrt.a(dwbes01253.o)
                0x004027c4                vfprintf
 .text          0x004027cc        0x8 C:/GNU/MINGW64/i686-8.1.0-win32-dwarf-rt_v6-rev0/mingw32/bin/../lib/gcc/i686-w64-mingw32/8.1.0/../../../../i686-w64-mingw32/lib/../lib/libmsvcrt.a(dwbes01222.o)
                0x004027cc                strrchr
 .text          0x004027d4        0x8 C:/GNU/MINGW64/i686-8.1.0-win32-dwarf-rt_v6-rev0/mingw32/bin/../lib/gcc/i686-w64-mingw32/8.1.0/../../../../i686-w64-mingw32/lib/../lib/libmsvcrt.a(dwbes01220.o)
                0x004027d4                strncmp
 .text          0x004027dc        0x8 C:/GNU/MINGW64/i686-8.1.0-win32-dwarf-rt_v6-rev0/mingw32/bin/../lib/gcc/i686-w64-mingw32/8.1.0/../../../../i686-w64-mingw32/lib/../lib/libmsvcrt.a(dwbes01217.o)
                0x004027dc                strlen
 .text          0x004027e4        0x8 C:/GNU/MINGW64/i686-8.1.0-win32-dwarf-rt_v6-rev0/mingw32/bin/../lib/gcc/i686-w64-mingw32/8.1.0/../../../../i686-w64-mingw32/lib/../lib/libmsvcrt.a(dwbes01199.o)
                0x004027e4                signal
 .text          0x004027ec        0x8 C:/GNU/MINGW64/i686-8.1.0-win32-dwarf-rt_v6-rev0/mingw32/bin/../lib/gcc/i686-w64-mingw32/8.1.0/../../../../i686-w64-mingw32/lib/../lib/libmsvcrt.a(dwbes01197.o)
                0x004027ec                setlocale
 .text          0x004027f4        0x8 C:/GNU/MINGW64/i686-8.1.0-win32-dwarf-rt_v6-rev0/mingw32/bin/../lib/gcc/i686-w64-mingw32/8.1.0/../../../../i686-w64-mingw32/lib/../lib/libmsvcrt.a(dwbes01183.o)
                0x004027f4                puts
 .text          0x004027fc        0x8 C:/GNU/MINGW64/i686-8.1.0-win32-dwarf-rt_v6-rev0/mingw32/bin/../lib/gcc/i686-w64-mingw32/8.1.0/../../../../i686-w64-mingw32/lib/../lib/libmsvcrt.a(dwbes01179.o)
                0x004027fc                printf
 .text          0x00402804        0x8 C:/GNU/MINGW64/i686-8.1.0-win32-dwarf-rt_v6-rev0/mingw32/bin/../lib/gcc/i686-w64-mingw32/8.1.0/../../../../i686-w64-mingw32/lib/../lib/libmsvcrt.a(dwbes01172.o)
                0x00402804                memcpy
 .text          0x0040280c        0x8 C:/GNU/MINGW64/i686-8.1.0-win32-dwarf-rt_v6-rev0/mingw32/bin/../lib/gcc/i686-w64-mingw32/8.1.0/../../../../i686-w64-mingw32/lib/../lib/libmsvcrt.a(dwbes01163.o)
                0x0040280c                malloc
 .text          0x00402814        0x8 C:/GNU/MINGW64/i686-8.1.0-win32-dwarf-rt_v6-rev0/mingw32/bin/../lib/gcc/i686-w64-mingw32/8.1.0/../../../../i686-w64-mingw32/lib/../lib/libmsvcrt.a(dwbes01122.o)
                0x00402814                getchar
 .text          0x0040281c        0x8 C:/GNU/MINGW64/i686-8.1.0-win32-dwarf-rt_v6-rev0/mingw32/bin/../lib/gcc/i686-w64-mingw32/8.1.0/../../../../i686-w64-mingw32/lib/../lib/libmsvcrt.a(dwbes01118.o)
                0x0040281c                fwrite
 .text          0x00402824        0x8 C:/GNU/MINGW64/i686-8.1.0-win32-dwarf-rt_v6-rev0/mingw32/bin/../lib/gcc/i686-w64-mingw32/8.1.0/../../../../i686-w64-mingw32/lib/../lib/libmsvcrt.a(dwbes01104.o)
                0x00402824                free
 .text          0x0040282c        0x8 C:/GNU/MINGW64/i686-8.1.0-win32-dwarf-rt_v6-rev0/mingw32/bin/../lib/gcc/i686-w64-mingw32/8.1.0/../../../../i686-w64-mingw32/lib/../lib/libmsvcrt.a(dwbes01097.o)
                0x0040282c                fprintf
 .text          0x00402834        0x8 C:/GNU/MINGW64/i686-8.1.0-win32-dwarf-rt_v6-rev0/mingw32/bin/../lib/gcc/i686-w64-mingw32/8.1.0/../../../../i686-w64-mingw32/lib/../lib/libmsvcrt.a(dwbes01081.o)
                0x00402834                exit
 .text          0x0040283c        0x8 C:/GNU/MINGW64/i686-8.1.0-win32-dwarf-rt_v6-rev0/mingw32/bin/../lib/gcc/i686-w64-mingw32/8.1.0/../../../../i686-w64-mingw32/lib/../lib/libmsvcrt.a(dwbes01076.o)
                0x0040283c                calloc
 .text          0x00402844        0x8 C:/GNU/MINGW64/i686-8.1.0-win32-dwarf-rt_v6-rev0/mingw32/bin/../lib/gcc/i686-w64-mingw32/8.1.0/../../../../i686-w64-mingw32/lib/../lib/libmsvcrt.a(dwbes01057.o)
                0x00402844                abort
 .text          0x0040284c        0x8 C:/GNU/MINGW64/i686-8.1.0-win32-dwarf-rt_v6-rev0/mingw32/bin/../lib/gcc/i686-w64-mingw32/8.1.0/../../../../i686-w64-mingw32/lib/../lib/libmsvcrt.a(dwbes00629.o)
                0x0040284c                _onexit
 .text          0x00402854        0x8 C:/GNU/MINGW64/i686-8.1.0-win32-dwarf-rt_v6-rev0/mingw32/bin/../lib/gcc/i686-w64-mingw32/8.1.0/../../../../i686-w64-mingw32/lib/../lib/libmsvcrt.a(dwbes00351.o)
                0x00402854                _initterm
 .text          0x0040285c        0x8 C:/GNU/MINGW64/i686-8.1.0-win32-dwarf-rt_v6-rev0/mingw32/bin/../lib/gcc/i686-w64-mingw32/8.1.0/../../../../i686-w64-mingw32/lib/../lib/libmsvcrt.a(dwbes00161.o)
                0x0040285c                _cexit
 .text          0x00402864        0x8 C:/GNU/MINGW64/i686-8.1.0-win32-dwarf-rt_v6-rev0/mingw32/bin/../lib/gcc/i686-w64-mingw32/8.1.0/../../../../i686-w64-mingw32/lib/../lib/libmsvcrt.a(dwbes00144.o)
                0x00402864                _amsg_exit
 .text          0x0040286c        0x8 C:/GNU/MINGW64/i686-8.1.0-win32-dwarf-rt_v6-rev0/mingw32/bin/../lib/gcc/i686-w64-mingw32/8.1.0/../../../../i686-w64-mingw32/lib/../lib/libmsvcrt.a(dwbes00107.o)
                0x0040286c                __setusermatherr
 .text          0x00402874        0x8 C:/GNU/MINGW64/i686-8.1.0-win32-dwarf-rt_v6-rev0/mingw32/bin/../lib/gcc/i686-w64-mingw32/8.1.0/../../../../i686-w64-mingw32/lib/../lib/libmsvcrt.a(dwbes00104.o)
                0x00402874                __set_app_type
 .text          0x0040287c        0x8 C:/GNU/MINGW64/i686-8.1.0-win32-dwarf-rt_v6-rev0/mingw32/bin/../lib/gcc/i686-w64-mingw32/8.1.0/../../../../i686-w64-mingw32/lib/../lib/libmsvcrt.a(dwbes00083.o)
                0x0040287c                __p__fmode
 .text          0x00402884        0x8 C:/GNU/MINGW64/i686-8.1.0-win32-dwarf-rt_v6-rev0/mingw32/bin/../lib/gcc/i686-w64-mingw32/8.1.0/../../../../i686-w64-mingw32/lib/../lib/libmsvcrt.a(dwbes00076.o)
                0x00402884                __p__acmdln
 .text          0x0040288c        0x0 C:/GNU/MINGW64/i686-8.1.0-win32-dwarf-rt_v6-rev0/mingw32/bin/../lib/gcc/i686-w64-mingw32/8.1.0/../../../../i686-w64-mingw32/lib/../lib/libmsvcrt.a(dwbes00059.o)
 .text          0x0040288c        0x8 C:/GNU/MINGW64/i686-8.1.0-win32-dwarf-rt_v6-rev0/mingw32/bin/../lib/gcc/i686-w64-mingw32/8.1.0/../../../../i686-w64-mingw32/lib/../lib/libmsvcrt.a(dwbes00058.o)
                0x0040288c                __getmainargs
 *fill*         0x00402894        0xc 
 .text          0x004028a0       0x10 C:/GNU/MINGW64/i686-8.1.0-win32-dwarf-rt_v6-rev0/mingw32/bin/../lib/gcc/i686-w64-mingw32/8.1.0/../../../../i686-w64-mingw32/lib/../lib/libmsvcrt.a(lib32_libmsvcrt_os_a-acrt_iob_func.o)
                0x004028a0                __acrt_iob_func
 .text          0x004028b0       0x20 C:/GNU/MINGW64/i686-8.1.0-win32-dwarf-rt_v6-rev0/mingw32/bin/../lib/gcc/i686-w64-mingw32/8.1.0/../../../../i686-w64-mingw32/lib/../lib/libmsvcrt.a(lib32_libmsvcrt_os_a-invalid_parameter_handler.o)
                0x004028b0                _get_invalid_parameter_handler
                0x004028c0                _set_invalid_parameter_handler
 .text          0x004028d0        0x0 C:/GNU/MINGW64/i686-8.1.0-win32-dwarf-rt_v6-rev0/mingw32/bin/../lib/gcc/i686-w64-mingw32/8.1.0/../../../../i686-w64-mingw32/lib/../lib/libmsvcrt.a(dwbeh.o)
 .text          0x004028d0        0x0 C:/GNU/MINGW64/i686-8.1.0-win32-dwarf-rt_v6-rev0/mingw32/bin/../lib/gcc/i686-w64-mingw32/8.1.0/../../../../i686-w64-mingw32/lib/../lib/libmsvcrt.a(dwbes00355.o)
 .text          0x004028d0        0x0 C:/GNU/MINGW64/i686-8.1.0-win32-dwarf-rt_v6-rev0/mingw32/bin/../lib/gcc/i686-w64-mingw32/8.1.0/../../../../i686-w64-mingw32/lib/../lib/libmsvcrt.a(dwbet.o)
 .text          0x004028d0        0x0 C:/GNU/MINGW64/i686-8.1.0-win32-dwarf-rt_v6-rev0/mingw32/bin/../lib/gcc/i686-w64-mingw32/8.1.0/../../../../i686-w64-mingw32/lib/../lib/libkernel32.a(dgzch.o)
 .text          0x004028d0        0x0 C:/GNU/MINGW64/i686-8.1.0-win32-dwarf-rt_v6-rev0/mingw32/bin/../lib/gcc/i686-w64-mingw32/8.1.0/../../../../i686-w64-mingw32/lib/../lib/libkernel32.a(dgzct.o)
 .text          0x004028d0        0x0 C:/GNU/MINGW64/i686-8.1.0-win32-dwarf-rt_v6-rev0/mingw32/bin/../lib/gcc/i686-w64-mingw32/8.1.0/crtend.o
 *(SORT_BY_NAME(.text$*))
 *(.text.*)
 .text.unlikely
                0x004028d0       0x5c C:/GNU/MINGW64/i686-8.1.0-win32-dwarf-rt_v6-rev0/mingw32/bin/../lib/gcc/i686-w64-mingw32/8.1.0/../../../../i686-w64-mingw32/lib/../lib/libmingw32.a(lib32_libmingw32_a-pseudo-reloc.o)
 *fill*         0x0040292c        0x4 
 .text.startup  0x00402930       0x10 C:/GNU/MINGW64/i686-8.1.0-win32-dwarf-rt_v6-rev0/mingw32/bin/../lib/gcc/i686-w64-mingw32/8.1.0/crtend.o
 *(.gnu.linkonce.t.*)
 *(.glue_7t)
 *(.glue_7)
                0x00402940                ___CTOR_LIST__ = .
                0x00402940                __CTOR_LIST__ = .
                0x00402940        0x4 LONG 0xffffffff
 *(.ctors)
 *(.ctor)
 *(SORT_BY_NAME(.ctors.*))
 .ctors.65535   0x00402944        0x4 C:/GNU/MINGW64/i686-8.1.0-win32-dwarf-rt_v6-rev0/mingw32/bin/../lib/gcc/i686-w64-mingw32/8.1.0/crtend.o
                0x00402948        0x4 LONG 0x0
                0x0040294c                ___DTOR_LIST__ = .
                0x0040294c                __DTOR_LIST__ = .
                0x0040294c        0x4 LONG 0xffffffff
 *(.dtors)
 *(.dtor)
 *(SORT_BY_NAME(.dtors.*))
                0x00402950        0x4 LONG 0x0
 *(.fini)
 *(.gcc_exc)
                [!provide]                PROVIDE (etext = .)
                [!provide]                PROVIDE (_etext = .)
 *(.gcc_except_table)

.data           0x00403000      0x200
                0x00403000                __data_start__ = .
 *(.data)
 .data          0x00403000        0x4 C:/GNU/MINGW64/i686-8.1.0-win32-dwarf-rt_v6-rev0/mingw32/bin/../lib/gcc/i686-w64-mingw32/8.1.0/../../../../i686-w64-mingw32/lib/../lib/crt2.o
                0x00403000                __mingw_winmain_nShowCmd
 .data          0x00403004        0x4 C:/GNU/MINGW64/i686-8.1.0-win32-dwarf-rt_v6-rev0/mingw32/bin/../lib/gcc/i686-w64-mingw32/8.1.0/crtbegin.o
 .data          0x00403008        0x0 ../build/x86_Debug/main.o
 .data          0x00403008        0x4 C:/GNU/MINGW64/i686-8.1.0-win32-dwarf-rt_v6-rev0/mingw32/bin/../lib/gcc/i686-w64-mingw32/8.1.0/../../../../i686-w64-mingw32/lib/../lib/libmingw32.a(lib32_libmingw32_a-gccmain.o)
 .data          0x0040300c        0x8 C:/GNU/MINGW64/i686-8.1.0-win32-dwarf-rt_v6-rev0/mingw32/bin/../lib/gcc/i686-w64-mingw32/8.1.0/../../../../i686-w64-mingw32/lib/../lib/libmingw32.a(lib32_libmingw32_a-natstart.o)
                0x0040300c                __native_vcclrit_reason
                0x00403010                __native_dllmain_reason
 .data          0x00403014        0x4 C:/GNU/MINGW64/i686-8.1.0-win32-dwarf-rt_v6-rev0/mingw32/bin/../lib/gcc/i686-w64-mingw32/8.1.0/../../../../i686-w64-mingw32/lib/../lib/libmingw32.a(lib32_libmingw32_a-wildcard.o)
                0x00403014                _dowildcard
 .data          0x00403018        0x4 C:/GNU/MINGW64/i686-8.1.0-win32-dwarf-rt_v6-rev0/mingw32/bin/../lib/gcc/i686-w64-mingw32/8.1.0/../../../../i686-w64-mingw32/lib/../lib/libmingw32.a(lib32_libmingw32_a-charmax.o)
                0x00403018                _charmax
 .data          0x0040301c        0x0 C:/GNU/MINGW64/i686-8.1.0-win32-dwarf-rt_v6-rev0/mingw32/bin/../lib/gcc/i686-w64-mingw32/8.1.0/../../../../i686-w64-mingw32/lib/../lib/libmingw32.a(lib32_libmingw32_a-dllargv.o)
 .data          0x0040301c        0x0 C:/GNU/MINGW64/i686-8.1.0-win32-dwarf-rt_v6-rev0/mingw32/bin/../lib/gcc/i686-w64-mingw32/8.1.0/../../../../i686-w64-mingw32/lib/../lib/libmingw32.a(lib32_libmingw32_a-gs_support.o)
 .data          0x0040301c        0x0 C:/GNU/MINGW64/i686-8.1.0-win32-dwarf-rt_v6-rev0/mingw32/bin/../lib/gcc/i686-w64-mingw32/8.1.0/../../../../i686-w64-mingw32/lib/../lib/libmingw32.a(lib32_libmingw32_a-_newmode.o)
 .data          0x0040301c        0x0 C:/GNU/MINGW64/i686-8.1.0-win32-dwarf-rt_v6-rev0/mingw32/bin/../lib/gcc/i686-w64-mingw32/8.1.0/../../../../i686-w64-mingw32/lib/../lib/libmingw32.a(lib32_libmingw32_a-tlssup.o)
 .data          0x0040301c        0x0 C:/GNU/MINGW64/i686-8.1.0-win32-dwarf-rt_v6-rev0/mingw32/bin/../lib/gcc/i686-w64-mingw32/8.1.0/../../../../i686-w64-mingw32/lib/../lib/libmingw32.a(lib32_libmingw32_a-cinitexe.o)
 .data          0x0040301c        0x0 C:/GNU/MINGW64/i686-8.1.0-win32-dwarf-rt_v6-rev0/mingw32/bin/../lib/gcc/i686-w64-mingw32/8.1.0/../../../../i686-w64-mingw32/lib/../lib/libmingw32.a(lib32_libmingw32_a-merr.o)
 .data          0x0040301c        0x0 C:/GNU/MINGW64/i686-8.1.0-win32-dwarf-rt_v6-rev0/mingw32/bin/../lib/gcc/i686-w64-mingw32/8.1.0/../../../../i686-w64-mingw32/lib/../lib/libmingw32.a(lib32_libmingw32_a-CRT_fp10.o)
 .data          0x0040301c        0x0 C:/GNU/MINGW64/i686-8.1.0-win32-dwarf-rt_v6-rev0/mingw32/bin/../lib/gcc/i686-w64-mingw32/8.1.0/../../../../i686-w64-mingw32/lib/../lib/libmingw32.a(lib32_libmingw32_a-mingw_helpers.o)
 .data          0x0040301c        0x0 C:/GNU/MINGW64/i686-8.1.0-win32-dwarf-rt_v6-rev0/mingw32/bin/../lib/gcc/i686-w64-mingw32/8.1.0/../../../../i686-w64-mingw32/lib/../lib/libmingw32.a(lib32_libmingw32_a-pseudo-reloc.o)
 .data          0x0040301c        0x0 C:/GNU/MINGW64/i686-8.1.0-win32-dwarf-rt_v6-rev0/mingw32/bin/../lib/gcc/i686-w64-mingw32/8.1.0/../../../../i686-w64-mingw32/lib/../lib/libmingw32.a(lib32_libmingw32_a-xtxtmode.o)
 .data          0x0040301c        0x0 C:/GNU/MINGW64/i686-8.1.0-win32-dwarf-rt_v6-rev0/mingw32/bin/../lib/gcc/i686-w64-mingw32/8.1.0/../../../../i686-w64-mingw32/lib/../lib/libmingw32.a(lib32_libmingw32_a-crt_handler.o)
 .data          0x0040301c        0x0 C:/GNU/MINGW64/i686-8.1.0-win32-dwarf-rt_v6-rev0/mingw32/bin/../lib/gcc/i686-w64-mingw32/8.1.0/../../../../i686-w64-mingw32/lib/../lib/libmingw32.a(lib32_libmingw32_a-tlsthrd.o)
 .data          0x0040301c        0x4 C:/GNU/MINGW64/i686-8.1.0-win32-dwarf-rt_v6-rev0/mingw32/bin/../lib/gcc/i686-w64-mingw32/8.1.0/../../../../i686-w64-mingw32/lib/../lib/libmingw32.a(lib32_libmingw32_a-tlsmcrt.o)
                0x0040301c                _CRT_MT
 .data          0x00403020        0x0 C:/GNU/MINGW64/i686-8.1.0-win32-dwarf-rt_v6-rev0/mingw32/bin/../lib/gcc/i686-w64-mingw32/8.1.0/../../../../i686-w64-mingw32/lib/../lib/libmingw32.a(lib32_libmingw32_a-pseudo-reloc-list.o)
 .data          0x00403020        0x0 C:/GNU/MINGW64/i686-8.1.0-win32-dwarf-rt_v6-rev0/mingw32/bin/../lib/gcc/i686-w64-mingw32/8.1.0/../../../../i686-w64-mingw32/lib/../lib/libmingw32.a(lib32_libmingw32_a-pesect.o)
 .data          0x00403020        0x0 C:/GNU/MINGW64/i686-8.1.0-win32-dwarf-rt_v6-rev0/mingw32/bin/../lib/gcc/i686-w64-mingw32/8.1.0/libgcc.a(_chkstk_ms.o)
 .data          0x00403020        0x0 C:/GNU/MINGW64/i686-8.1.0-win32-dwarf-rt_v6-rev0/mingw32/bin/../lib/gcc/i686-w64-mingw32/8.1.0/libgcc.a(_ctors.o)
 .data          0x00403020        0x4 C:/GNU/MINGW64/i686-8.1.0-win32-dwarf-rt_v6-rev0/mingw32/bin/../lib/gcc/i686-w64-mingw32/8.1.0/../../../../i686-w64-mingw32/lib/../lib/libmingwex.a(lib32_libmingwex_a-mingw_matherr.o)
                0x00403020                _MINGW_INSTALL_DEBUG_MATHERR
 .data          0x00403024        0x0 C:/GNU/MINGW64/i686-8.1.0-win32-dwarf-rt_v6-rev0/mingw32/bin/../lib/gcc/i686-w64-mingw32/8.1.0/../../../../i686-w64-mingw32/lib/../lib/libmsvcrt.a(dwbes01297.o)
 .data          0x00403024        0x0 C:/GNU/MINGW64/i686-8.1.0-win32-dwarf-rt_v6-rev0/mingw32/bin/../lib/gcc/i686-w64-mingw32/8.1.0/../../../../i686-w64-mingw32/lib/../lib/libmsvcrt.a(dwbes01253.o)
 .data          0x00403024        0x0 C:/GNU/MINGW64/i686-8.1.0-win32-dwarf-rt_v6-rev0/mingw32/bin/../lib/gcc/i686-w64-mingw32/8.1.0/../../../../i686-w64-mingw32/lib/../lib/libmsvcrt.a(dwbes01222.o)
 .data          0x00403024        0x0 C:/GNU/MINGW64/i686-8.1.0-win32-dwarf-rt_v6-rev0/mingw32/bin/../lib/gcc/i686-w64-mingw32/8.1.0/../../../../i686-w64-mingw32/lib/../lib/libmsvcrt.a(dwbes01220.o)
 .data          0x00403024        0x0 C:/GNU/MINGW64/i686-8.1.0-win32-dwarf-rt_v6-rev0/mingw32/bin/../lib/gcc/i686-w64-mingw32/8.1.0/../../../../i686-w64-mingw32/lib/../lib/libmsvcrt.a(dwbes01217.o)
 .data          0x00403024        0x0 C:/GNU/MINGW64/i686-8.1.0-win32-dwarf-rt_v6-rev0/mingw32/bin/../lib/gcc/i686-w64-mingw32/8.1.0/../../../../i686-w64-mingw32/lib/../lib/libmsvcrt.a(dwbes01213.o)
 .data          0x00403024        0x0 C:/GNU/MINGW64/i686-8.1.0-win32-dwarf-rt_v6-rev0/mingw32/bin/../lib/gcc/i686-w64-mingw32/8.1.0/../../../../i686-w64-mingw32/lib/../lib/libmsvcrt.a(dwbes01208.o)
 .data          0x00403024        0x0 C:/GNU/MINGW64/i686-8.1.0-win32-dwarf-rt_v6-rev0/mingw32/bin/../lib/gcc/i686-w64-mingw32/8.1.0/../../../../i686-w64-mingw32/lib/../lib/libmsvcrt.a(dwbes01199.o)
 .data          0x00403024        0x0 C:/GNU/MINGW64/i686-8.1.0-win32-dwarf-rt_v6-rev0/mingw32/bin/../lib/gcc/i686-w64-mingw32/8.1.0/../../../../i686-w64-mingw32/lib/../lib/libmsvcrt.a(dwbes01197.o)
 .data          0x00403024        0x0 C:/GNU/MINGW64/i686-8.1.0-win32-dwarf-rt_v6-rev0/mingw32/bin/../lib/gcc/i686-w64-mingw32/8.1.0/../../../../i686-w64-mingw32/lib/../lib/libmsvcrt.a(dwbes01183.o)
 .data          0x00403024        0x0 C:/GNU/MINGW64/i686-8.1.0-win32-dwarf-rt_v6-rev0/mingw32/bin/../lib/gcc/i686-w64-mingw32/8.1.0/../../../../i686-w64-mingw32/lib/../lib/libmsvcrt.a(dwbes01179.o)
 .data          0x00403024        0x0 C:/GNU/MINGW64/i686-8.1.0-win32-dwarf-rt_v6-rev0/mingw32/bin/../lib/gcc/i686-w64-mingw32/8.1.0/../../../../i686-w64-mingw32/lib/../lib/libmsvcrt.a(dwbes01172.o)
 .data          0x00403024        0x0 C:/GNU/MINGW64/i686-8.1.0-win32-dwarf-rt_v6-rev0/mingw32/bin/../lib/gcc/i686-w64-mingw32/8.1.0/../../../../i686-w64-mingw32/lib/../lib/libmsvcrt.a(dwbes01163.o)
 .data          0x00403024        0x0 C:/GNU/MINGW64/i686-8.1.0-win32-dwarf-rt_v6-rev0/mingw32/bin/../lib/gcc/i686-w64-mingw32/8.1.0/../../../../i686-w64-mingw32/lib/../lib/libmsvcrt.a(dwbes01122.o)
 .data          0x00403024        0x0 C:/GNU/MINGW64/i686-8.1.0-win32-dwarf-rt_v6-rev0/mingw32/bin/../lib/gcc/i686-w64-mingw32/8.1.0/../../../../i686-w64-mingw32/lib/../lib/libmsvcrt.a(dwbes01118.o)
 .data          0x00403024        0x0 C:/GNU/MINGW64/i686-8.1.0-win32-dwarf-rt_v6-rev0/mingw32/bin/../lib/gcc/i686-w64-mingw32/8.1.0/../../../../i686-w64-mingw32/lib/../lib/libmsvcrt.a(dwbes01104.o)
 .data          0x00403024        0x0 C:/GNU/MINGW64/i686-8.1.0-win32-dwarf-rt_v6-rev0/mingw32/bin/../lib/gcc/i686-w64-mingw32/8.1.0/../../../../i686-w64-mingw32/lib/../lib/libmsvcrt.a(dwbes01097.o)
 .data          0x00403024        0x0 C:/GNU/MINGW64/i686-8.1.0-win32-dwarf-rt_v6-rev0/mingw32/bin/../lib/gcc/i686-w64-mingw32/8.1.0/../../../../i686-w64-mingw32/lib/../lib/libmsvcrt.a(dwbes01081.o)
 .data          0x00403024        0x0 C:/GNU/MINGW64/i686-8.1.0-win32-dwarf-rt_v6-rev0/mingw32/bin/../lib/gcc/i686-w64-mingw32/8.1.0/../../../../i686-w64-mingw32/lib/../lib/libmsvcrt.a(dwbes01076.o)
 .data          0x00403024        0x0 C:/GNU/MINGW64/i686-8.1.0-win32-dwarf-rt_v6-rev0/mingw32/bin/../lib/gcc/i686-w64-mingw32/8.1.0/../../../../i686-w64-mingw32/lib/../lib/libmsvcrt.a(dwbes01057.o)
 .data          0x00403024        0x0 C:/GNU/MINGW64/i686-8.1.0-win32-dwarf-rt_v6-rev0/mingw32/bin/../lib/gcc/i686-w64-mingw32/8.1.0/../../../../i686-w64-mingw32/lib/../lib/libmsvcrt.a(dwbes00629.o)
 .data          0x00403024        0x0 C:/GNU/MINGW64/i686-8.1.0-win32-dwarf-rt_v6-rev0/mingw32/bin/../lib/gcc/i686-w64-mingw32/8.1.0/../../../../i686-w64-mingw32/lib/../lib/libmsvcrt.a(dwbes00351.o)
 .data          0x00403024        0x0 C:/GNU/MINGW64/i686-8.1.0-win32-dwarf-rt_v6-rev0/mingw32/bin/../lib/gcc/i686-w64-mingw32/8.1.0/../../../../i686-w64-mingw32/lib/../lib/libmsvcrt.a(dwbes00161.o)
 .data          0x00403024        0x0 C:/GNU/MINGW64/i686-8.1.0-win32-dwarf-rt_v6-rev0/mingw32/bin/../lib/gcc/i686-w64-mingw32/8.1.0/../../../../i686-w64-mingw32/lib/../lib/libmsvcrt.a(dwbes00144.o)
 .data          0x00403024        0x0 C:/GNU/MINGW64/i686-8.1.0-win32-dwarf-rt_v6-rev0/mingw32/bin/../lib/gcc/i686-w64-mingw32/8.1.0/../../../../i686-w64-mingw32/lib/../lib/libmsvcrt.a(dwbes00107.o)
 .data          0x00403024        0x0 C:/GNU/MINGW64/i686-8.1.0-win32-dwarf-rt_v6-rev0/mingw32/bin/../lib/gcc/i686-w64-mingw32/8.1.0/../../../../i686-w64-mingw32/lib/../lib/libmsvcrt.a(dwbes00104.o)
 .data          0x00403024        0x0 C:/GNU/MINGW64/i686-8.1.0-win32-dwarf-rt_v6-rev0/mingw32/bin/../lib/gcc/i686-w64-mingw32/8.1.0/../../../../i686-w64-mingw32/lib/../lib/libmsvcrt.a(dwbes00083.o)
 .data          0x00403024        0x0 C:/GNU/MINGW64/i686-8.1.0-win32-dwarf-rt_v6-rev0/mingw32/bin/../lib/gcc/i686-w64-mingw32/8.1.0/../../../../i686-w64-mingw32/lib/../lib/libmsvcrt.a(dwbes00076.o)
 .data          0x00403024        0x0 C:/GNU/MINGW64/i686-8.1.0-win32-dwarf-rt_v6-rev0/mingw32/bin/../lib/gcc/i686-w64-mingw32/8.1.0/../../../../i686-w64-mingw32/lib/../lib/libmsvcrt.a(dwbes00068.o)
 .data          0x00403024        0x0 C:/GNU/MINGW64/i686-8.1.0-win32-dwarf-rt_v6-rev0/mingw32/bin/../lib/gcc/i686-w64-mingw32/8.1.0/../../../../i686-w64-mingw32/lib/../lib/libmsvcrt.a(dwbes00059.o)
 .data          0x00403024        0x0 C:/GNU/MINGW64/i686-8.1.0-win32-dwarf-rt_v6-rev0/mingw32/bin/../lib/gcc/i686-w64-mingw32/8.1.0/../../../../i686-w64-mingw32/lib/../lib/libmsvcrt.a(dwbes00058.o)
 .data          0x00403024        0x4 C:/GNU/MINGW64/i686-8.1.0-win32-dwarf-rt_v6-rev0/mingw32/bin/../lib/gcc/i686-w64-mingw32/8.1.0/../../../../i686-w64-mingw32/lib/../lib/libmsvcrt.a(lib32_libmsvcrt_os_a-acrt_iob_func.o)
                0x00403024                _imp____acrt_iob_func
 .data          0x00403028        0x8 C:/GNU/MINGW64/i686-8.1.0-win32-dwarf-rt_v6-rev0/mingw32/bin/../lib/gcc/i686-w64-mingw32/8.1.0/../../../../i686-w64-mingw32/lib/../lib/libmsvcrt.a(lib32_libmsvcrt_os_a-invalid_parameter_handler.o)
                0x00403028                _imp___get_invalid_parameter_handler
                0x0040302c                _imp___set_invalid_parameter_handler
 .data          0x00403030        0x0 C:/GNU/MINGW64/i686-8.1.0-win32-dwarf-rt_v6-rev0/mingw32/bin/../lib/gcc/i686-w64-mingw32/8.1.0/../../../../i686-w64-mingw32/lib/../lib/libmsvcrt.a(dwbeh.o)
 .data          0x00403030        0x0 C:/GNU/MINGW64/i686-8.1.0-win32-dwarf-rt_v6-rev0/mingw32/bin/../lib/gcc/i686-w64-mingw32/8.1.0/../../../../i686-w64-mingw32/lib/../lib/libmsvcrt.a(dwbes00355.o)
 .data          0x00403030        0x0 C:/GNU/MINGW64/i686-8.1.0-win32-dwarf-rt_v6-rev0/mingw32/bin/../lib/gcc/i686-w64-mingw32/8.1.0/../../../../i686-w64-mingw32/lib/../lib/libmsvcrt.a(dwbet.o)
 .data          0x00403030        0x0 C:/GNU/MINGW64/i686-8.1.0-win32-dwarf-rt_v6-rev0/mingw32/bin/../lib/gcc/i686-w64-mingw32/8.1.0/../../../../i686-w64-mingw32/lib/../lib/libkernel32.a(dgzcs01246.o)
 .data          0x00403030        0x0 C:/GNU/MINGW64/i686-8.1.0-win32-dwarf-rt_v6-rev0/mingw32/bin/../lib/gcc/i686-w64-mingw32/8.1.0/../../../../i686-w64-mingw32/lib/../lib/libkernel32.a(dgzcs01243.o)
 .data          0x00403030        0x0 C:/GNU/MINGW64/i686-8.1.0-win32-dwarf-rt_v6-rev0/mingw32/bin/../lib/gcc/i686-w64-mingw32/8.1.0/../../../../i686-w64-mingw32/lib/../lib/libkernel32.a(dgzcs01210.o)
 .data          0x00403030        0x0 C:/GNU/MINGW64/i686-8.1.0-win32-dwarf-rt_v6-rev0/mingw32/bin/../lib/gcc/i686-w64-mingw32/8.1.0/../../../../i686-w64-mingw32/lib/../lib/libkernel32.a(dgzcs01197.o)
 .data          0x00403030        0x0 C:/GNU/MINGW64/i686-8.1.0-win32-dwarf-rt_v6-rev0/mingw32/bin/../lib/gcc/i686-w64-mingw32/8.1.0/../../../../i686-w64-mingw32/lib/../lib/libkernel32.a(dgzcs01190.o)
 .data          0x00403030        0x0 C:/GNU/MINGW64/i686-8.1.0-win32-dwarf-rt_v6-rev0/mingw32/bin/../lib/gcc/i686-w64-mingw32/8.1.0/../../../../i686-w64-mingw32/lib/../lib/libkernel32.a(dgzcs01176.o)
 .data          0x00403030        0x0 C:/GNU/MINGW64/i686-8.1.0-win32-dwarf-rt_v6-rev0/mingw32/bin/../lib/gcc/i686-w64-mingw32/8.1.0/../../../../i686-w64-mingw32/lib/../lib/libkernel32.a(dgzcs01163.o)
 .data          0x00403030        0x0 C:/GNU/MINGW64/i686-8.1.0-win32-dwarf-rt_v6-rev0/mingw32/bin/../lib/gcc/i686-w64-mingw32/8.1.0/../../../../i686-w64-mingw32/lib/../lib/libkernel32.a(dgzcs00949.o)
 .data          0x00403030        0x0 C:/GNU/MINGW64/i686-8.1.0-win32-dwarf-rt_v6-rev0/mingw32/bin/../lib/gcc/i686-w64-mingw32/8.1.0/../../../../i686-w64-mingw32/lib/../lib/libkernel32.a(dgzcs00839.o)
 .data          0x00403030        0x0 C:/GNU/MINGW64/i686-8.1.0-win32-dwarf-rt_v6-rev0/mingw32/bin/../lib/gcc/i686-w64-mingw32/8.1.0/../../../../i686-w64-mingw32/lib/../lib/libkernel32.a(dgzcs00836.o)
 .data          0x00403030        0x0 C:/GNU/MINGW64/i686-8.1.0-win32-dwarf-rt_v6-rev0/mingw32/bin/../lib/gcc/i686-w64-mingw32/8.1.0/../../../../i686-w64-mingw32/lib/../lib/libkernel32.a(dgzcs00750.o)
 .data          0x00403030        0x0 C:/GNU/MINGW64/i686-8.1.0-win32-dwarf-rt_v6-rev0/mingw32/bin/../lib/gcc/i686-w64-mingw32/8.1.0/../../../../i686-w64-mingw32/lib/../lib/libkernel32.a(dgzcs00666.o)
 .data          0x00403030        0x0 C:/GNU/MINGW64/i686-8.1.0-win32-dwarf-rt_v6-rev0/mingw32/bin/../lib/gcc/i686-w64-mingw32/8.1.0/../../../../i686-w64-mingw32/lib/../lib/libkernel32.a(dgzcs00638.o)
 .data          0x00403030        0x0 C:/GNU/MINGW64/i686-8.1.0-win32-dwarf-rt_v6-rev0/mingw32/bin/../lib/gcc/i686-w64-mingw32/8.1.0/../../../../i686-w64-mingw32/lib/../lib/libkernel32.a(dgzcs00615.o)
 .data          0x00403030        0x0 C:/GNU/MINGW64/i686-8.1.0-win32-dwarf-rt_v6-rev0/mingw32/bin/../lib/gcc/i686-w64-mingw32/8.1.0/../../../../i686-w64-mingw32/lib/../lib/libkernel32.a(dgzcs00584.o)
 .data          0x00403030        0x0 C:/GNU/MINGW64/i686-8.1.0-win32-dwarf-rt_v6-rev0/mingw32/bin/../lib/gcc/i686-w64-mingw32/8.1.0/../../../../i686-w64-mingw32/lib/../lib/libkernel32.a(dgzcs00536.o)
 .data          0x00403030        0x0 C:/GNU/MINGW64/i686-8.1.0-win32-dwarf-rt_v6-rev0/mingw32/bin/../lib/gcc/i686-w64-mingw32/8.1.0/../../../../i686-w64-mingw32/lib/../lib/libkernel32.a(dgzcs00534.o)
 .data          0x00403030        0x0 C:/GNU/MINGW64/i686-8.1.0-win32-dwarf-rt_v6-rev0/mingw32/bin/../lib/gcc/i686-w64-mingw32/8.1.0/../../../../i686-w64-mingw32/lib/../lib/libkernel32.a(dgzcs00518.o)
 .data          0x00403030        0x0 C:/GNU/MINGW64/i686-8.1.0-win32-dwarf-rt_v6-rev0/mingw32/bin/../lib/gcc/i686-w64-mingw32/8.1.0/../../../../i686-w64-mingw32/lib/../lib/libkernel32.a(dgzcs00460.o)
 .data          0x00403030        0x0 C:/GNU/MINGW64/i686-8.1.0-win32-dwarf-rt_v6-rev0/mingw32/bin/../lib/gcc/i686-w64-mingw32/8.1.0/../../../../i686-w64-mingw32/lib/../lib/libkernel32.a(dgzcs00456.o)
 .data          0x00403030        0x0 C:/GNU/MINGW64/i686-8.1.0-win32-dwarf-rt_v6-rev0/mingw32/bin/../lib/gcc/i686-w64-mingw32/8.1.0/../../../../i686-w64-mingw32/lib/../lib/libkernel32.a(dgzcs00455.o)
 .data          0x00403030        0x0 C:/GNU/MINGW64/i686-8.1.0-win32-dwarf-rt_v6-rev0/mingw32/bin/../lib/gcc/i686-w64-mingw32/8.1.0/../../../../i686-w64-mingw32/lib/../lib/libkernel32.a(dgzcs00359.o)
 .data          0x00403030        0x0 C:/GNU/MINGW64/i686-8.1.0-win32-dwarf-rt_v6-rev0/mingw32/bin/../lib/gcc/i686-w64-mingw32/8.1.0/../../../../i686-w64-mingw32/lib/../lib/libkernel32.a(dgzcs00242.o)
 .data          0x00403030        0x0 C:/GNU/MINGW64/i686-8.1.0-win32-dwarf-rt_v6-rev0/mingw32/bin/../lib/gcc/i686-w64-mingw32/8.1.0/../../../../i686-w64-mingw32/lib/../lib/libkernel32.a(dgzcs00214.o)
 .data          0x00403030        0x0 C:/GNU/MINGW64/i686-8.1.0-win32-dwarf-rt_v6-rev0/mingw32/bin/../lib/gcc/i686-w64-mingw32/8.1.0/../../../../i686-w64-mingw32/lib/../lib/libkernel32.a(dgzch.o)
 .data          0x00403030        0x0 C:/GNU/MINGW64/i686-8.1.0-win32-dwarf-rt_v6-rev0/mingw32/bin/../lib/gcc/i686-w64-mingw32/8.1.0/../../../../i686-w64-mingw32/lib/../lib/libkernel32.a(dgzct.o)
 .data          0x00403030        0x0 C:/GNU/MINGW64/i686-8.1.0-win32-dwarf-rt_v6-rev0/mingw32/bin/../lib/gcc/i686-w64-mingw32/8.1.0/crtend.o
 *(.data2)
 *(SORT_BY_NAME(.data$*))
 .data$__security_cookie
                0x00403030        0x4 C:/GNU/MINGW64/i686-8.1.0-win32-dwarf-rt_v6-rev0/mingw32/bin/../lib/gcc/i686-w64-mingw32/8.1.0/../../../../i686-w64-mingw32/lib/../lib/libmingw32.a(lib32_libmingw32_a-gs_support.o)
                0x00403030                __security_cookie
 .data$__security_cookie_complement
                0x00403034        0x4 C:/GNU/MINGW64/i686-8.1.0-win32-dwarf-rt_v6-rev0/mingw32/bin/../lib/gcc/i686-w64-mingw32/8.1.0/../../../../i686-w64-mingw32/lib/../lib/libmingw32.a(lib32_libmingw32_a-gs_support.o)
                0x00403034                __security_cookie_complement
 *(.jcr)
                0x00403038                __data_end__ = .
 *(.data_cygwin_nocopy)

.rdata          0x00404000      0x400
 *(.rdata)
 .rdata         0x00404000       0x44 C:/GNU/MINGW64/i686-8.1.0-win32-dwarf-rt_v6-rev0/mingw32/bin/../lib/gcc/i686-w64-mingw32/8.1.0/crtbegin.o
 .rdata         0x00404044       0xcc ../build/x86_Debug/main.o
 .rdata         0x00404110        0x8 C:/GNU/MINGW64/i686-8.1.0-win32-dwarf-rt_v6-rev0/mingw32/bin/../lib/gcc/i686-w64-mingw32/8.1.0/../../../../i686-w64-mingw32/lib/../lib/libmingw32.a(lib32_libmingw32_a-gs_support.o)
 .rdata         0x00404118       0x1c C:/GNU/MINGW64/i686-8.1.0-win32-dwarf-rt_v6-rev0/mingw32/bin/../lib/gcc/i686-w64-mingw32/8.1.0/../../../../i686-w64-mingw32/lib/../lib/libmingw32.a(lib32_libmingw32_a-tlssup.o)
                0x00404118                __dyn_tls_init_callback
                0x0040411c                _tls_used
 .rdata         0x00404134      0x134 C:/GNU/MINGW64/i686-8.1.0-win32-dwarf-rt_v6-rev0/mingw32/bin/../lib/gcc/i686-w64-mingw32/8.1.0/../../../../i686-w64-mingw32/lib/../lib/libmingw32.a(lib32_libmingw32_a-merr.o)
 .rdata         0x00404268       0xf8 C:/GNU/MINGW64/i686-8.1.0-win32-dwarf-rt_v6-rev0/mingw32/bin/../lib/gcc/i686-w64-mingw32/8.1.0/../../../../i686-w64-mingw32/lib/../lib/libmingw32.a(lib32_libmingw32_a-pseudo-reloc.o)
 *(SORT_BY_NAME(.rdata$*))
 .rdata$zzz     0x00404360       0x40 ../build/x86_Debug/main.o
                0x004043a0                __rt_psrelocs_start = .
 *(.rdata_runtime_pseudo_reloc)
                0x004043a0                __rt_psrelocs_end = .
                0x00000000                __rt_psrelocs_size = (__rt_psrelocs_end - __rt_psrelocs_start)
                0x004043a0                ___RUNTIME_PSEUDO_RELOC_LIST_END__ = .
                0x004043a0                __RUNTIME_PSEUDO_RELOC_LIST_END__ = .
                0x004043a0                ___RUNTIME_PSEUDO_RELOC_LIST__ = (. - __rt_psrelocs_size)
                0x004043a0                __RUNTIME_PSEUDO_RELOC_LIST__ = (. - __rt_psrelocs_size)

.eh_frame       0x00405000      0xa00
 *(.eh_frame*)
 .eh_frame      0x00405000       0xf8 C:/GNU/MINGW64/i686-8.1.0-win32-dwarf-rt_v6-rev0/mingw32/bin/../lib/gcc/i686-w64-mingw32/8.1.0/../../../../i686-w64-mingw32/lib/../lib/crt2.o
 .eh_frame      0x004050f8       0x68 C:/GNU/MINGW64/i686-8.1.0-win32-dwarf-rt_v6-rev0/mingw32/bin/../lib/gcc/i686-w64-mingw32/8.1.0/crtbegin.o
 .eh_frame      0x00405160       0x70 ../build/x86_Debug/main.o
 .eh_frame      0x004051d0       0x68 C:/GNU/MINGW64/i686-8.1.0-win32-dwarf-rt_v6-rev0/mingw32/bin/../lib/gcc/i686-w64-mingw32/8.1.0/../../../../i686-w64-mingw32/lib/../lib/libmingw32.a(lib32_libmingw32_a-gccmain.o)
 .eh_frame      0x00405238       0x2c C:/GNU/MINGW64/i686-8.1.0-win32-dwarf-rt_v6-rev0/mingw32/bin/../lib/gcc/i686-w64-mingw32/8.1.0/../../../../i686-w64-mingw32/lib/../lib/libmingw32.a(lib32_libmingw32_a-charmax.o)
 .eh_frame      0x00405264       0x2c C:/GNU/MINGW64/i686-8.1.0-win32-dwarf-rt_v6-rev0/mingw32/bin/../lib/gcc/i686-w64-mingw32/8.1.0/../../../../i686-w64-mingw32/lib/../lib/libmingw32.a(lib32_libmingw32_a-dllargv.o)
 .eh_frame      0x00405290       0x94 C:/GNU/MINGW64/i686-8.1.0-win32-dwarf-rt_v6-rev0/mingw32/bin/../lib/gcc/i686-w64-mingw32/8.1.0/../../../../i686-w64-mingw32/lib/../lib/libmingw32.a(lib32_libmingw32_a-gs_support.o)
 .eh_frame      0x00405324       0x94 C:/GNU/MINGW64/i686-8.1.0-win32-dwarf-rt_v6-rev0/mingw32/bin/../lib/gcc/i686-w64-mingw32/8.1.0/../../../../i686-w64-mingw32/lib/../lib/libmingw32.a(lib32_libmingw32_a-tlssup.o)
 .eh_frame      0x004053b8       0x70 C:/GNU/MINGW64/i686-8.1.0-win32-dwarf-rt_v6-rev0/mingw32/bin/../lib/gcc/i686-w64-mingw32/8.1.0/../../../../i686-w64-mingw32/lib/../lib/libmingw32.a(lib32_libmingw32_a-merr.o)
 .eh_frame      0x00405428       0x2c C:/GNU/MINGW64/i686-8.1.0-win32-dwarf-rt_v6-rev0/mingw32/bin/../lib/gcc/i686-w64-mingw32/8.1.0/../../../../i686-w64-mingw32/lib/../lib/libmingw32.a(lib32_libmingw32_a-CRT_fp10.o)
 .eh_frame      0x00405454       0x40 C:/GNU/MINGW64/i686-8.1.0-win32-dwarf-rt_v6-rev0/mingw32/bin/../lib/gcc/i686-w64-mingw32/8.1.0/../../../../i686-w64-mingw32/lib/../lib/libmingw32.a(lib32_libmingw32_a-mingw_helpers.o)
 .eh_frame      0x00405494       0xb8 C:/GNU/MINGW64/i686-8.1.0-win32-dwarf-rt_v6-rev0/mingw32/bin/../lib/gcc/i686-w64-mingw32/8.1.0/../../../../i686-w64-mingw32/lib/../lib/libmingw32.a(lib32_libmingw32_a-pseudo-reloc.o)
 .eh_frame      0x0040554c       0x48 C:/GNU/MINGW64/i686-8.1.0-win32-dwarf-rt_v6-rev0/mingw32/bin/../lib/gcc/i686-w64-mingw32/8.1.0/../../../../i686-w64-mingw32/lib/../lib/libmingw32.a(lib32_libmingw32_a-crt_handler.o)
 .eh_frame      0x00405594      0x128 C:/GNU/MINGW64/i686-8.1.0-win32-dwarf-rt_v6-rev0/mingw32/bin/../lib/gcc/i686-w64-mingw32/8.1.0/../../../../i686-w64-mingw32/lib/../lib/libmingw32.a(lib32_libmingw32_a-tlsthrd.o)
 .eh_frame      0x004056bc      0x18c C:/GNU/MINGW64/i686-8.1.0-win32-dwarf-rt_v6-rev0/mingw32/bin/../lib/gcc/i686-w64-mingw32/8.1.0/../../../../i686-w64-mingw32/lib/../lib/libmingw32.a(lib32_libmingw32_a-pesect.o)
 .eh_frame      0x00405848       0x2c C:/GNU/MINGW64/i686-8.1.0-win32-dwarf-rt_v6-rev0/mingw32/bin/../lib/gcc/i686-w64-mingw32/8.1.0/../../../../i686-w64-mingw32/lib/../lib/libmsvcrt.a(lib32_libmsvcrt_os_a-acrt_iob_func.o)
 .eh_frame      0x00405874       0x40 C:/GNU/MINGW64/i686-8.1.0-win32-dwarf-rt_v6-rev0/mingw32/bin/../lib/gcc/i686-w64-mingw32/8.1.0/../../../../i686-w64-mingw32/lib/../lib/libmsvcrt.a(lib32_libmsvcrt_os_a-invalid_parameter_handler.o)
 .eh_frame      0x004058b4       0x30 C:/GNU/MINGW64/i686-8.1.0-win32-dwarf-rt_v6-rev0/mingw32/bin/../lib/gcc/i686-w64-mingw32/8.1.0/crtend.o

.pdata
 *(.pdata*)

.bss            0x00406000      0x3ec
                0x00406000                __bss_start__ = .
 *(.bss)
 .bss           0x00406000       0x1c C:/GNU/MINGW64/i686-8.1.0-win32-dwarf-rt_v6-rev0/mingw32/bin/../lib/gcc/i686-w64-mingw32/8.1.0/../../../../i686-w64-mingw32/lib/../lib/crt2.o
 .bss           0x0040601c       0x18 C:/GNU/MINGW64/i686-8.1.0-win32-dwarf-rt_v6-rev0/mingw32/bin/../lib/gcc/i686-w64-mingw32/8.1.0/crtbegin.o
 .bss           0x00406034        0x0 ../build/x86_Debug/main.o
 .bss           0x00406034        0x4 C:/GNU/MINGW64/i686-8.1.0-win32-dwarf-rt_v6-rev0/mingw32/bin/../lib/gcc/i686-w64-mingw32/8.1.0/../../../../i686-w64-mingw32/lib/../lib/libmingw32.a(lib32_libmingw32_a-gccmain.o)
 .bss           0x00406038        0x0 C:/GNU/MINGW64/i686-8.1.0-win32-dwarf-rt_v6-rev0/mingw32/bin/../lib/gcc/i686-w64-mingw32/8.1.0/../../../../i686-w64-mingw32/lib/../lib/libmingw32.a(lib32_libmingw32_a-natstart.o)
 .bss           0x00406038        0x0 C:/GNU/MINGW64/i686-8.1.0-win32-dwarf-rt_v6-rev0/mingw32/bin/../lib/gcc/i686-w64-mingw32/8.1.0/../../../../i686-w64-mingw32/lib/../lib/libmingw32.a(lib32_libmingw32_a-wildcard.o)
 .bss           0x00406038        0x4 C:/GNU/MINGW64/i686-8.1.0-win32-dwarf-rt_v6-rev0/mingw32/bin/../lib/gcc/i686-w64-mingw32/8.1.0/../../../../i686-w64-mingw32/lib/../lib/libmingw32.a(lib32_libmingw32_a-charmax.o)
                0x00406038                mingw_initcharmax
 .bss           0x0040603c        0x0 C:/GNU/MINGW64/i686-8.1.0-win32-dwarf-rt_v6-rev0/mingw32/bin/../lib/gcc/i686-w64-mingw32/8.1.0/../../../../i686-w64-mingw32/lib/../lib/libmingw32.a(lib32_libmingw32_a-dllargv.o)
 *fill*         0x0040603c        0x4 
 .bss           0x00406040      0x340 C:/GNU/MINGW64/i686-8.1.0-win32-dwarf-rt_v6-rev0/mingw32/bin/../lib/gcc/i686-w64-mingw32/8.1.0/../../../../i686-w64-mingw32/lib/../lib/libmingw32.a(lib32_libmingw32_a-gs_support.o)
 .bss           0x00406380        0x4 C:/GNU/MINGW64/i686-8.1.0-win32-dwarf-rt_v6-rev0/mingw32/bin/../lib/gcc/i686-w64-mingw32/8.1.0/../../../../i686-w64-mingw32/lib/../lib/libmingw32.a(lib32_libmingw32_a-_newmode.o)
                0x00406380                _newmode
 .bss           0x00406384       0x10 C:/GNU/MINGW64/i686-8.1.0-win32-dwarf-rt_v6-rev0/mingw32/bin/../lib/gcc/i686-w64-mingw32/8.1.0/../../../../i686-w64-mingw32/lib/../lib/libmingw32.a(lib32_libmingw32_a-tlssup.o)
                0x00406384                mingw_initltssuo_force
                0x00406388                mingw_initltsdyn_force
                0x0040638c                mingw_initltsdrot_force
                0x00406390                _tls_index
 .bss           0x00406394        0x0 C:/GNU/MINGW64/i686-8.1.0-win32-dwarf-rt_v6-rev0/mingw32/bin/../lib/gcc/i686-w64-mingw32/8.1.0/../../../../i686-w64-mingw32/lib/../lib/libmingw32.a(lib32_libmingw32_a-cinitexe.o)
 .bss           0x00406394        0x4 C:/GNU/MINGW64/i686-8.1.0-win32-dwarf-rt_v6-rev0/mingw32/bin/../lib/gcc/i686-w64-mingw32/8.1.0/../../../../i686-w64-mingw32/lib/../lib/libmingw32.a(lib32_libmingw32_a-merr.o)
 .bss           0x00406398        0x0 C:/GNU/MINGW64/i686-8.1.0-win32-dwarf-rt_v6-rev0/mingw32/bin/../lib/gcc/i686-w64-mingw32/8.1.0/../../../../i686-w64-mingw32/lib/../lib/libmingw32.a(lib32_libmingw32_a-CRT_fp10.o)
 .bss           0x00406398        0x4 C:/GNU/MINGW64/i686-8.1.0-win32-dwarf-rt_v6-rev0/mingw32/bin/../lib/gcc/i686-w64-mingw32/8.1.0/../../../../i686-w64-mingw32/lib/../lib/libmingw32.a(lib32_libmingw32_a-mingw_helpers.o)
                0x00406398                mingw_app_type
 .bss           0x0040639c        0xc C:/GNU/MINGW64/i686-8.1.0-win32-dwarf-rt_v6-rev0/mingw32/bin/../lib/gcc/i686-w64-mingw32/8.1.0/../../../../i686-w64-mingw32/lib/../lib/libmingw32.a(lib32_libmingw32_a-pseudo-reloc.o)
 .bss           0x004063a8        0x4 C:/GNU/MINGW64/i686-8.1.0-win32-dwarf-rt_v6-rev0/mingw32/bin/../lib/gcc/i686-w64-mingw32/8.1.0/../../../../i686-w64-mingw32/lib/../lib/libmingw32.a(lib32_libmingw32_a-xtxtmode.o)
                0x004063a8                _fmode
 .bss           0x004063ac        0x4 C:/GNU/MINGW64/i686-8.1.0-win32-dwarf-rt_v6-rev0/mingw32/bin/../lib/gcc/i686-w64-mingw32/8.1.0/../../../../i686-w64-mingw32/lib/../lib/libmingw32.a(lib32_libmingw32_a-crt_handler.o)
                0x004063ac                __mingw_oldexcpt_handler
 .bss           0x004063b0       0x20 C:/GNU/MINGW64/i686-8.1.0-win32-dwarf-rt_v6-rev0/mingw32/bin/../lib/gcc/i686-w64-mingw32/8.1.0/../../../../i686-w64-mingw32/lib/../lib/libmingw32.a(lib32_libmingw32_a-tlsthrd.o)
 .bss           0x004063d0        0x0 C:/GNU/MINGW64/i686-8.1.0-win32-dwarf-rt_v6-rev0/mingw32/bin/../lib/gcc/i686-w64-mingw32/8.1.0/../../../../i686-w64-mingw32/lib/../lib/libmingw32.a(lib32_libmingw32_a-tlsmcrt.o)
 .bss           0x004063d0        0x4 C:/GNU/MINGW64/i686-8.1.0-win32-dwarf-rt_v6-rev0/mingw32/bin/../lib/gcc/i686-w64-mingw32/8.1.0/../../../../i686-w64-mingw32/lib/../lib/libmingw32.a(lib32_libmingw32_a-pseudo-reloc-list.o)
 .bss           0x004063d4        0x0 C:/GNU/MINGW64/i686-8.1.0-win32-dwarf-rt_v6-rev0/mingw32/bin/../lib/gcc/i686-w64-mingw32/8.1.0/../../../../i686-w64-mingw32/lib/../lib/libmingw32.a(lib32_libmingw32_a-pesect.o)
 .bss           0x004063d4        0x0 C:/GNU/MINGW64/i686-8.1.0-win32-dwarf-rt_v6-rev0/mingw32/bin/../lib/gcc/i686-w64-mingw32/8.1.0/libgcc.a(_chkstk_ms.o)
 .bss           0x004063d4        0x0 C:/GNU/MINGW64/i686-8.1.0-win32-dwarf-rt_v6-rev0/mingw32/bin/../lib/gcc/i686-w64-mingw32/8.1.0/libgcc.a(_ctors.o)
 .bss           0x004063d4        0x0 C:/GNU/MINGW64/i686-8.1.0-win32-dwarf-rt_v6-rev0/mingw32/bin/../lib/gcc/i686-w64-mingw32/8.1.0/../../../../i686-w64-mingw32/lib/../lib/libmingwex.a(lib32_libmingwex_a-mingw_matherr.o)
 .bss           0x004063d4        0x0 C:/GNU/MINGW64/i686-8.1.0-win32-dwarf-rt_v6-rev0/mingw32/bin/../lib/gcc/i686-w64-mingw32/8.1.0/../../../../i686-w64-mingw32/lib/../lib/libmsvcrt.a(dwbes01297.o)
 .bss           0x004063d4        0x0 C:/GNU/MINGW64/i686-8.1.0-win32-dwarf-rt_v6-rev0/mingw32/bin/../lib/gcc/i686-w64-mingw32/8.1.0/../../../../i686-w64-mingw32/lib/../lib/libmsvcrt.a(dwbes01253.o)
 .bss           0x004063d4        0x0 C:/GNU/MINGW64/i686-8.1.0-win32-dwarf-rt_v6-rev0/mingw32/bin/../lib/gcc/i686-w64-mingw32/8.1.0/../../../../i686-w64-mingw32/lib/../lib/libmsvcrt.a(dwbes01222.o)
 .bss           0x004063d4        0x0 C:/GNU/MINGW64/i686-8.1.0-win32-dwarf-rt_v6-rev0/mingw32/bin/../lib/gcc/i686-w64-mingw32/8.1.0/../../../../i686-w64-mingw32/lib/../lib/libmsvcrt.a(dwbes01220.o)
 .bss           0x004063d4        0x0 C:/GNU/MINGW64/i686-8.1.0-win32-dwarf-rt_v6-rev0/mingw32/bin/../lib/gcc/i686-w64-mingw32/8.1.0/../../../../i686-w64-mingw32/lib/../lib/libmsvcrt.a(dwbes01217.o)
 .bss           0x004063d4        0x0 C:/GNU/MINGW64/i686-8.1.0-win32-dwarf-rt_v6-rev0/mingw32/bin/../lib/gcc/i686-w64-mingw32/8.1.0/../../../../i686-w64-mingw32/lib/../lib/libmsvcrt.a(dwbes01213.o)
 .bss           0x004063d4        0x0 C:/GNU/MINGW64/i686-8.1.0-win32-dwarf-rt_v6-rev0/mingw32/bin/../lib/gcc/i686-w64-mingw32/8.1.0/../../../../i686-w64-mingw32/lib/../lib/libmsvcrt.a(dwbes01208.o)
 .bss           0x004063d4        0x0 C:/GNU/MINGW64/i686-8.1.0-win32-dwarf-rt_v6-rev0/mingw32/bin/../lib/gcc/i686-w64-mingw32/8.1.0/../../../../i686-w64-mingw32/lib/../lib/libmsvcrt.a(dwbes01199.o)
 .bss           0x004063d4        0x0 C:/GNU/MINGW64/i686-8.1.0-win32-dwarf-rt_v6-rev0/mingw32/bin/../lib/gcc/i686-w64-mingw32/8.1.0/../../../../i686-w64-mingw32/lib/../lib/libmsvcrt.a(dwbes01197.o)
 .bss           0x004063d4        0x0 C:/GNU/MINGW64/i686-8.1.0-win32-dwarf-rt_v6-rev0/mingw32/bin/../lib/gcc/i686-w64-mingw32/8.1.0/../../../../i686-w64-mingw32/lib/../lib/libmsvcrt.a(dwbes01183.o)
 .bss           0x004063d4        0x0 C:/GNU/MINGW64/i686-8.1.0-win32-dwarf-rt_v6-rev0/mingw32/bin/../lib/gcc/i686-w64-mingw32/8.1.0/../../../../i686-w64-mingw32/lib/../lib/libmsvcrt.a(dwbes01179.o)
 .bss           0x004063d4        0x0 C:/GNU/MINGW64/i686-8.1.0-win32-dwarf-rt_v6-rev0/mingw32/bin/../lib/gcc/i686-w64-mingw32/8.1.0/../../../../i686-w64-mingw32/lib/../lib/libmsvcrt.a(dwbes01172.o)
 .bss           0x004063d4        0x0 C:/GNU/MINGW64/i686-8.1.0-win32-dwarf-rt_v6-rev0/mingw32/bin/../lib/gcc/i686-w64-mingw32/8.1.0/../../../../i686-w64-mingw32/lib/../lib/libmsvcrt.a(dwbes01163.o)
 .bss           0x004063d4        0x0 C:/GNU/MINGW64/i686-8.1.0-win32-dwarf-rt_v6-rev0/mingw32/bin/../lib/gcc/i686-w64-mingw32/8.1.0/../../../../i686-w64-mingw32/lib/../lib/libmsvcrt.a(dwbes01122.o)
 .bss           0x004063d4        0x0 C:/GNU/MINGW64/i686-8.1.0-win32-dwarf-rt_v6-rev0/mingw32/bin/../lib/gcc/i686-w64-mingw32/8.1.0/../../../../i686-w64-mingw32/lib/../lib/libmsvcrt.a(dwbes01118.o)
 .bss           0x004063d4        0x0 C:/GNU/MINGW64/i686-8.1.0-win32-dwarf-rt_v6-rev0/mingw32/bin/../lib/gcc/i686-w64-mingw32/8.1.0/../../../../i686-w64-mingw32/lib/../lib/libmsvcrt.a(dwbes01104.o)
 .bss           0x004063d4        0x0 C:/GNU/MINGW64/i686-8.1.0-win32-dwarf-rt_v6-rev0/mingw32/bin/../lib/gcc/i686-w64-mingw32/8.1.0/../../../../i686-w64-mingw32/lib/../lib/libmsvcrt.a(dwbes01097.o)
 .bss           0x004063d4        0x0 C:/GNU/MINGW64/i686-8.1.0-win32-dwarf-rt_v6-rev0/mingw32/bin/../lib/gcc/i686-w64-mingw32/8.1.0/../../../../i686-w64-mingw32/lib/../lib/libmsvcrt.a(dwbes01081.o)
 .bss           0x004063d4        0x0 C:/GNU/MINGW64/i686-8.1.0-win32-dwarf-rt_v6-rev0/mingw32/bin/../lib/gcc/i686-w64-mingw32/8.1.0/../../../../i686-w64-mingw32/lib/../lib/libmsvcrt.a(dwbes01076.o)
 .bss           0x004063d4        0x0 C:/GNU/MINGW64/i686-8.1.0-win32-dwarf-rt_v6-rev0/mingw32/bin/../lib/gcc/i686-w64-mingw32/8.1.0/../../../../i686-w64-mingw32/lib/../lib/libmsvcrt.a(dwbes01057.o)
 .bss           0x004063d4        0x0 C:/GNU/MINGW64/i686-8.1.0-win32-dwarf-rt_v6-rev0/mingw32/bin/../lib/gcc/i686-w64-mingw32/8.1.0/../../../../i686-w64-mingw32/lib/../lib/libmsvcrt.a(dwbes00629.o)
 .bss           0x004063d4        0x0 C:/GNU/MINGW64/i686-8.1.0-win32-dwarf-rt_v6-rev0/mingw32/bin/../lib/gcc/i686-w64-mingw32/8.1.0/../../../../i686-w64-mingw32/lib/../lib/libmsvcrt.a(dwbes00351.o)
 .bss           0x004063d4        0x0 C:/GNU/MINGW64/i686-8.1.0-win32-dwarf-rt_v6-rev0/mingw32/bin/../lib/gcc/i686-w64-mingw32/8.1.0/../../../../i686-w64-mingw32/lib/../lib/libmsvcrt.a(dwbes00161.o)
 .bss           0x004063d4        0x0 C:/GNU/MINGW64/i686-8.1.0-win32-dwarf-rt_v6-rev0/mingw32/bin/../lib/gcc/i686-w64-mingw32/8.1.0/../../../../i686-w64-mingw32/lib/../lib/libmsvcrt.a(dwbes00144.o)
 .bss           0x004063d4        0x0 C:/GNU/MINGW64/i686-8.1.0-win32-dwarf-rt_v6-rev0/mingw32/bin/../lib/gcc/i686-w64-mingw32/8.1.0/../../../../i686-w64-mingw32/lib/../lib/libmsvcrt.a(dwbes00107.o)
 .bss           0x004063d4        0x0 C:/GNU/MINGW64/i686-8.1.0-win32-dwarf-rt_v6-rev0/mingw32/bin/../lib/gcc/i686-w64-mingw32/8.1.0/../../../../i686-w64-mingw32/lib/../lib/libmsvcrt.a(dwbes00104.o)
 .bss           0x004063d4        0x0 C:/GNU/MINGW64/i686-8.1.0-win32-dwarf-rt_v6-rev0/mingw32/bin/../lib/gcc/i686-w64-mingw32/8.1.0/../../../../i686-w64-mingw32/lib/../lib/libmsvcrt.a(dwbes00083.o)
 .bss           0x004063d4        0x0 C:/GNU/MINGW64/i686-8.1.0-win32-dwarf-rt_v6-rev0/mingw32/bin/../lib/gcc/i686-w64-mingw32/8.1.0/../../../../i686-w64-mingw32/lib/../lib/libmsvcrt.a(dwbes00076.o)
 .bss           0x004063d4        0x0 C:/GNU/MINGW64/i686-8.1.0-win32-dwarf-rt_v6-rev0/mingw32/bin/../lib/gcc/i686-w64-mingw32/8.1.0/../../../../i686-w64-mingw32/lib/../lib/libmsvcrt.a(dwbes00068.o)
 .bss           0x004063d4        0x0 C:/GNU/MINGW64/i686-8.1.0-win32-dwarf-rt_v6-rev0/mingw32/bin/../lib/gcc/i686-w64-mingw32/8.1.0/../../../../i686-w64-mingw32/lib/../lib/libmsvcrt.a(dwbes00059.o)
 .bss           0x004063d4        0x0 C:/GNU/MINGW64/i686-8.1.0-win32-dwarf-rt_v6-rev0/mingw32/bin/../lib/gcc/i686-w64-mingw32/8.1.0/../../../../i686-w64-mingw32/lib/../lib/libmsvcrt.a(dwbes00058.o)
 .bss           0x004063d4        0x0 C:/GNU/MINGW64/i686-8.1.0-win32-dwarf-rt_v6-rev0/mingw32/bin/../lib/gcc/i686-w64-mingw32/8.1.0/../../../../i686-w64-mingw32/lib/../lib/libmsvcrt.a(lib32_libmsvcrt_os_a-acrt_iob_func.o)
 .bss           0x004063d4        0x4 C:/GNU/MINGW64/i686-8.1.0-win32-dwarf-rt_v6-rev0/mingw32/bin/../lib/gcc/i686-w64-mingw32/8.1.0/../../../../i686-w64-mingw32/lib/../lib/libmsvcrt.a(lib32_libmsvcrt_os_a-invalid_parameter_handler.o)
 .bss           0x004063d8        0x0 C:/GNU/MINGW64/i686-8.1.0-win32-dwarf-rt_v6-rev0/mingw32/bin/../lib/gcc/i686-w64-mingw32/8.1.0/../../../../i686-w64-mingw32/lib/../lib/libmsvcrt.a(dwbeh.o)
 .bss           0x004063d8        0x0 C:/GNU/MINGW64/i686-8.1.0-win32-dwarf-rt_v6-rev0/mingw32/bin/../lib/gcc/i686-w64-mingw32/8.1.0/../../../../i686-w64-mingw32/lib/../lib/libmsvcrt.a(dwbes00355.o)
 .bss           0x004063d8        0x0 C:/GNU/MINGW64/i686-8.1.0-win32-dwarf-rt_v6-rev0/mingw32/bin/../lib/gcc/i686-w64-mingw32/8.1.0/../../../../i686-w64-mingw32/lib/../lib/libmsvcrt.a(dwbet.o)
 .bss           0x004063d8        0x0 C:/GNU/MINGW64/i686-8.1.0-win32-dwarf-rt_v6-rev0/mingw32/bin/../lib/gcc/i686-w64-mingw32/8.1.0/../../../../i686-w64-mingw32/lib/../lib/libkernel32.a(dgzcs01246.o)
 .bss           0x004063d8        0x0 C:/GNU/MINGW64/i686-8.1.0-win32-dwarf-rt_v6-rev0/mingw32/bin/../lib/gcc/i686-w64-mingw32/8.1.0/../../../../i686-w64-mingw32/lib/../lib/libkernel32.a(dgzcs01243.o)
 .bss           0x004063d8        0x0 C:/GNU/MINGW64/i686-8.1.0-win32-dwarf-rt_v6-rev0/mingw32/bin/../lib/gcc/i686-w64-mingw32/8.1.0/../../../../i686-w64-mingw32/lib/../lib/libkernel32.a(dgzcs01210.o)
 .bss           0x004063d8        0x0 C:/GNU/MINGW64/i686-8.1.0-win32-dwarf-rt_v6-rev0/mingw32/bin/../lib/gcc/i686-w64-mingw32/8.1.0/../../../../i686-w64-mingw32/lib/../lib/libkernel32.a(dgzcs01197.o)
 .bss           0x004063d8        0x0 C:/GNU/MINGW64/i686-8.1.0-win32-dwarf-rt_v6-rev0/mingw32/bin/../lib/gcc/i686-w64-mingw32/8.1.0/../../../../i686-w64-mingw32/lib/../lib/libkernel32.a(dgzcs01190.o)
 .bss           0x004063d8        0x0 C:/GNU/MINGW64/i686-8.1.0-win32-dwarf-rt_v6-rev0/mingw32/bin/../lib/gcc/i686-w64-mingw32/8.1.0/../../../../i686-w64-mingw32/lib/../lib/libkernel32.a(dgzcs01176.o)
 .bss           0x004063d8        0x0 C:/GNU/MINGW64/i686-8.1.0-win32-dwarf-rt_v6-rev0/mingw32/bin/../lib/gcc/i686-w64-mingw32/8.1.0/../../../../i686-w64-mingw32/lib/../lib/libkernel32.a(dgzcs01163.o)
 .bss           0x004063d8        0x0 C:/GNU/MINGW64/i686-8.1.0-win32-dwarf-rt_v6-rev0/mingw32/bin/../lib/gcc/i686-w64-mingw32/8.1.0/../../../../i686-w64-mingw32/lib/../lib/libkernel32.a(dgzcs00949.o)
 .bss           0x004063d8        0x0 C:/GNU/MINGW64/i686-8.1.0-win32-dwarf-rt_v6-rev0/mingw32/bin/../lib/gcc/i686-w64-mingw32/8.1.0/../../../../i686-w64-mingw32/lib/../lib/libkernel32.a(dgzcs00839.o)
 .bss           0x004063d8        0x0 C:/GNU/MINGW64/i686-8.1.0-win32-dwarf-rt_v6-rev0/mingw32/bin/../lib/gcc/i686-w64-mingw32/8.1.0/../../../../i686-w64-mingw32/lib/../lib/libkernel32.a(dgzcs00836.o)
 .bss           0x004063d8        0x0 C:/GNU/MINGW64/i686-8.1.0-win32-dwarf-rt_v6-rev0/mingw32/bin/../lib/gcc/i686-w64-mingw32/8.1.0/../../../../i686-w64-mingw32/lib/../lib/libkernel32.a(dgzcs00750.o)
 .bss           0x004063d8        0x0 C:/GNU/MINGW64/i686-8.1.0-win32-dwarf-rt_v6-rev0/mingw32/bin/../lib/gcc/i686-w64-mingw32/8.1.0/../../../../i686-w64-mingw32/lib/../lib/libkernel32.a(dgzcs00666.o)
 .bss           0x004063d8        0x0 C:/GNU/MINGW64/i686-8.1.0-win32-dwarf-rt_v6-rev0/mingw32/bin/../lib/gcc/i686-w64-mingw32/8.1.0/../../../../i686-w64-mingw32/lib/../lib/libkernel32.a(dgzcs00638.o)
 .bss           0x004063d8        0x0 C:/GNU/MINGW64/i686-8.1.0-win32-dwarf-rt_v6-rev0/mingw32/bin/../lib/gcc/i686-w64-mingw32/8.1.0/../../../../i686-w64-mingw32/lib/../lib/libkernel32.a(dgzcs00615.o)
 .bss           0x004063d8        0x0 C:/GNU/MINGW64/i686-8.1.0-win32-dwarf-rt_v6-rev0/mingw32/bin/../lib/gcc/i686-w64-mingw32/8.1.0/../../../../i686-w64-mingw32/lib/../lib/libkernel32.a(dgzcs00584.o)
 .bss           0x004063d8        0x0 C:/GNU/MINGW64/i686-8.1.0-win32-dwarf-rt_v6-rev0/mingw32/bin/../lib/gcc/i686-w64-mingw32/8.1.0/../../../../i686-w64-mingw32/lib/../lib/libkernel32.a(dgzcs00536.o)
 .bss           0x004063d8        0x0 C:/GNU/MINGW64/i686-8.1.0-win32-dwarf-rt_v6-rev0/mingw32/bin/../lib/gcc/i686-w64-mingw32/8.1.0/../../../../i686-w64-mingw32/lib/../lib/libkernel32.a(dgzcs00534.o)
 .bss           0x004063d8        0x0 C:/GNU/MINGW64/i686-8.1.0-win32-dwarf-rt_v6-rev0/mingw32/bin/../lib/gcc/i686-w64-mingw32/8.1.0/../../../../i686-w64-mingw32/lib/../lib/libkernel32.a(dgzcs00518.o)
 .bss           0x004063d8        0x0 C:/GNU/MINGW64/i686-8.1.0-win32-dwarf-rt_v6-rev0/mingw32/bin/../lib/gcc/i686-w64-mingw32/8.1.0/../../../../i686-w64-mingw32/lib/../lib/libkernel32.a(dgzcs00460.o)
 .bss           0x004063d8        0x0 C:/GNU/MINGW64/i686-8.1.0-win32-dwarf-rt_v6-rev0/mingw32/bin/../lib/gcc/i686-w64-mingw32/8.1.0/../../../../i686-w64-mingw32/lib/../lib/libkernel32.a(dgzcs00456.o)
 .bss           0x004063d8        0x0 C:/GNU/MINGW64/i686-8.1.0-win32-dwarf-rt_v6-rev0/mingw32/bin/../lib/gcc/i686-w64-mingw32/8.1.0/../../../../i686-w64-mingw32/lib/../lib/libkernel32.a(dgzcs00455.o)
 .bss           0x004063d8        0x0 C:/GNU/MINGW64/i686-8.1.0-win32-dwarf-rt_v6-rev0/mingw32/bin/../lib/gcc/i686-w64-mingw32/8.1.0/../../../../i686-w64-mingw32/lib/../lib/libkernel32.a(dgzcs00359.o)
 .bss           0x004063d8        0x0 C:/GNU/MINGW64/i686-8.1.0-win32-dwarf-rt_v6-rev0/mingw32/bin/../lib/gcc/i686-w64-mingw32/8.1.0/../../../../i686-w64-mingw32/lib/../lib/libkernel32.a(dgzcs00242.o)
 .bss           0x004063d8        0x0 C:/GNU/MINGW64/i686-8.1.0-win32-dwarf-rt_v6-rev0/mingw32/bin/../lib/gcc/i686-w64-mingw32/8.1.0/../../../../i686-w64-mingw32/lib/../lib/libkernel32.a(dgzcs00214.o)
 .bss           0x004063d8        0x0 C:/GNU/MINGW64/i686-8.1.0-win32-dwarf-rt_v6-rev0/mingw32/bin/../lib/gcc/i686-w64-mingw32/8.1.0/../../../../i686-w64-mingw32/lib/../lib/libkernel32.a(dgzch.o)
 .bss           0x004063d8        0x0 C:/GNU/MINGW64/i686-8.1.0-win32-dwarf-rt_v6-rev0/mingw32/bin/../lib/gcc/i686-w64-mingw32/8.1.0/../../../../i686-w64-mingw32/lib/../lib/libkernel32.a(dgzct.o)
 .bss           0x004063d8        0x0 C:/GNU/MINGW64/i686-8.1.0-win32-dwarf-rt_v6-rev0/mingw32/bin/../lib/gcc/i686-w64-mingw32/8.1.0/crtend.o
 *(COMMON)
 COMMON         0x004063d8        0x8 C:/GNU/MINGW64/i686-8.1.0-win32-dwarf-rt_v6-rev0/mingw32/bin/../lib/gcc/i686-w64-mingw32/8.1.0/../../../../i686-w64-mingw32/lib/../lib/crt2.o
                0x004063d8                __mingw_winmain_lpCmdLine
                0x004063dc                __mingw_winmain_hInstance
 COMMON         0x004063e0        0x4 C:/GNU/MINGW64/i686-8.1.0-win32-dwarf-rt_v6-rev0/mingw32/bin/../lib/gcc/i686-w64-mingw32/8.1.0/crtbegin.o
                0x004063e0                hmod_libgcc
 COMMON         0x004063e4        0x8 C:/GNU/MINGW64/i686-8.1.0-win32-dwarf-rt_v6-rev0/mingw32/bin/../lib/gcc/i686-w64-mingw32/8.1.0/../../../../i686-w64-mingw32/lib/../lib/libmingw32.a(lib32_libmingw32_a-natstart.o)
                0x004063e4                __native_startup_lock
                0x004063e8                __native_startup_state
 COMMON         0x004063ec        0x0 C:/GNU/MINGW64/i686-8.1.0-win32-dwarf-rt_v6-rev0/mingw32/bin/../lib/gcc/i686-w64-mingw32/8.1.0/libgcc.a(_ctors.o)
                0x004063ec                __bss_end__ = .

.edata
 *(.edata)

/DISCARD/
 *(.debug$S)
 *(.debug$T)
 *(.debug$F)
 *(.drectve)
 *(.note.GNU-stack)
 *(.gnu.lto_*)

.idata          0x00407000      0x800
 SORT_BY_NAME(*)(.idata$2)
 .idata$2       0x00407000       0x14 C:/GNU/MINGW64/i686-8.1.0-win32-dwarf-rt_v6-rev0/mingw32/bin/../lib/gcc/i686-w64-mingw32/8.1.0/../../../../i686-w64-mingw32/lib/../lib/libkernel32.a(dgzch.o)
                0x00407000                _head_lib32_libkernel32_a
 .idata$2       0x00407014       0x14 C:/GNU/MINGW64/i686-8.1.0-win32-dwarf-rt_v6-rev0/mingw32/bin/../lib/gcc/i686-w64-mingw32/8.1.0/../../../../i686-w64-mingw32/lib/../lib/libmsvcrt.a(dwbeh.o)
                0x00407014                _head_lib32_libmsvcrt_os_a
 SORT_BY_NAME(*)(.idata$3)
                0x00407028        0x4 LONG 0x0
                0x0040702c        0x4 LONG 0x0
                0x00407030        0x4 LONG 0x0
                0x00407034        0x4 LONG 0x0
                0x00407038        0x4 LONG 0x0
 SORT_BY_NAME(*)(.idata$4)
 .idata$4       0x0040703c        0x0 C:/GNU/MINGW64/i686-8.1.0-win32-dwarf-rt_v6-rev0/mingw32/bin/../lib/gcc/i686-w64-mingw32/8.1.0/../../../../i686-w64-mingw32/lib/../lib/libkernel32.a(dgzch.o)
 .idata$4       0x0040703c        0x4 C:/GNU/MINGW64/i686-8.1.0-win32-dwarf-rt_v6-rev0/mingw32/bin/../lib/gcc/i686-w64-mingw32/8.1.0/../../../../i686-w64-mingw32/lib/../lib/libkernel32.a(dgzcs00214.o)
 .idata$4       0x00407040        0x4 C:/GNU/MINGW64/i686-8.1.0-win32-dwarf-rt_v6-rev0/mingw32/bin/../lib/gcc/i686-w64-mingw32/8.1.0/../../../../i686-w64-mingw32/lib/../lib/libkernel32.a(dgzcs00242.o)
 .idata$4       0x00407044        0x4 C:/GNU/MINGW64/i686-8.1.0-win32-dwarf-rt_v6-rev0/mingw32/bin/../lib/gcc/i686-w64-mingw32/8.1.0/../../../../i686-w64-mingw32/lib/../lib/libkernel32.a(dgzcs00359.o)
 .idata$4       0x00407048        0x4 C:/GNU/MINGW64/i686-8.1.0-win32-dwarf-rt_v6-rev0/mingw32/bin/../lib/gcc/i686-w64-mingw32/8.1.0/../../../../i686-w64-mingw32/lib/../lib/libkernel32.a(dgzcs00455.o)
 .idata$4       0x0040704c        0x4 C:/GNU/MINGW64/i686-8.1.0-win32-dwarf-rt_v6-rev0/mingw32/bin/../lib/gcc/i686-w64-mingw32/8.1.0/../../../../i686-w64-mingw32/lib/../lib/libkernel32.a(dgzcs00456.o)
 .idata$4       0x00407050        0x4 C:/GNU/MINGW64/i686-8.1.0-win32-dwarf-rt_v6-rev0/mingw32/bin/../lib/gcc/i686-w64-mingw32/8.1.0/../../../../i686-w64-mingw32/lib/../lib/libkernel32.a(dgzcs00460.o)
 .idata$4       0x00407054        0x4 C:/GNU/MINGW64/i686-8.1.0-win32-dwarf-rt_v6-rev0/mingw32/bin/../lib/gcc/i686-w64-mingw32/8.1.0/../../../../i686-w64-mingw32/lib/../lib/libkernel32.a(dgzcs00518.o)
 .idata$4       0x00407058        0x4 C:/GNU/MINGW64/i686-8.1.0-win32-dwarf-rt_v6-rev0/mingw32/bin/../lib/gcc/i686-w64-mingw32/8.1.0/../../../../i686-w64-mingw32/lib/../lib/libkernel32.a(dgzcs00534.o)
 .idata$4       0x0040705c        0x4 C:/GNU/MINGW64/i686-8.1.0-win32-dwarf-rt_v6-rev0/mingw32/bin/../lib/gcc/i686-w64-mingw32/8.1.0/../../../../i686-w64-mingw32/lib/../lib/libkernel32.a(dgzcs00536.o)
 .idata$4       0x00407060        0x4 C:/GNU/MINGW64/i686-8.1.0-win32-dwarf-rt_v6-rev0/mingw32/bin/../lib/gcc/i686-w64-mingw32/8.1.0/../../../../i686-w64-mingw32/lib/../lib/libkernel32.a(dgzcs00584.o)
 .idata$4       0x00407064        0x4 C:/GNU/MINGW64/i686-8.1.0-win32-dwarf-rt_v6-rev0/mingw32/bin/../lib/gcc/i686-w64-mingw32/8.1.0/../../../../i686-w64-mingw32/lib/../lib/libkernel32.a(dgzcs00615.o)
 .idata$4       0x00407068        0x4 C:/GNU/MINGW64/i686-8.1.0-win32-dwarf-rt_v6-rev0/mingw32/bin/../lib/gcc/i686-w64-mingw32/8.1.0/../../../../i686-w64-mingw32/lib/../lib/libkernel32.a(dgzcs00638.o)
 .idata$4       0x0040706c        0x4 C:/GNU/MINGW64/i686-8.1.0-win32-dwarf-rt_v6-rev0/mingw32/bin/../lib/gcc/i686-w64-mingw32/8.1.0/../../../../i686-w64-mingw32/lib/../lib/libkernel32.a(dgzcs00666.o)
 .idata$4       0x00407070        0x4 C:/GNU/MINGW64/i686-8.1.0-win32-dwarf-rt_v6-rev0/mingw32/bin/../lib/gcc/i686-w64-mingw32/8.1.0/../../../../i686-w64-mingw32/lib/../lib/libkernel32.a(dgzcs00750.o)
 .idata$4       0x00407074        0x4 C:/GNU/MINGW64/i686-8.1.0-win32-dwarf-rt_v6-rev0/mingw32/bin/../lib/gcc/i686-w64-mingw32/8.1.0/../../../../i686-w64-mingw32/lib/../lib/libkernel32.a(dgzcs00836.o)
 .idata$4       0x00407078        0x4 C:/GNU/MINGW64/i686-8.1.0-win32-dwarf-rt_v6-rev0/mingw32/bin/../lib/gcc/i686-w64-mingw32/8.1.0/../../../../i686-w64-mingw32/lib/../lib/libkernel32.a(dgzcs00839.o)
 .idata$4       0x0040707c        0x4 C:/GNU/MINGW64/i686-8.1.0-win32-dwarf-rt_v6-rev0/mingw32/bin/../lib/gcc/i686-w64-mingw32/8.1.0/../../../../i686-w64-mingw32/lib/../lib/libkernel32.a(dgzcs00949.o)
 .idata$4       0x00407080        0x4 C:/GNU/MINGW64/i686-8.1.0-win32-dwarf-rt_v6-rev0/mingw32/bin/../lib/gcc/i686-w64-mingw32/8.1.0/../../../../i686-w64-mingw32/lib/../lib/libkernel32.a(dgzcs01163.o)
 .idata$4       0x00407084        0x4 C:/GNU/MINGW64/i686-8.1.0-win32-dwarf-rt_v6-rev0/mingw32/bin/../lib/gcc/i686-w64-mingw32/8.1.0/../../../../i686-w64-mingw32/lib/../lib/libkernel32.a(dgzcs01176.o)
 .idata$4       0x00407088        0x4 C:/GNU/MINGW64/i686-8.1.0-win32-dwarf-rt_v6-rev0/mingw32/bin/../lib/gcc/i686-w64-mingw32/8.1.0/../../../../i686-w64-mingw32/lib/../lib/libkernel32.a(dgzcs01190.o)
 .idata$4       0x0040708c        0x4 C:/GNU/MINGW64/i686-8.1.0-win32-dwarf-rt_v6-rev0/mingw32/bin/../lib/gcc/i686-w64-mingw32/8.1.0/../../../../i686-w64-mingw32/lib/../lib/libkernel32.a(dgzcs01197.o)
 .idata$4       0x00407090        0x4 C:/GNU/MINGW64/i686-8.1.0-win32-dwarf-rt_v6-rev0/mingw32/bin/../lib/gcc/i686-w64-mingw32/8.1.0/../../../../i686-w64-mingw32/lib/../lib/libkernel32.a(dgzcs01210.o)
 .idata$4       0x00407094        0x4 C:/GNU/MINGW64/i686-8.1.0-win32-dwarf-rt_v6-rev0/mingw32/bin/../lib/gcc/i686-w64-mingw32/8.1.0/../../../../i686-w64-mingw32/lib/../lib/libkernel32.a(dgzcs01243.o)
 .idata$4       0x00407098        0x4 C:/GNU/MINGW64/i686-8.1.0-win32-dwarf-rt_v6-rev0/mingw32/bin/../lib/gcc/i686-w64-mingw32/8.1.0/../../../../i686-w64-mingw32/lib/../lib/libkernel32.a(dgzcs01246.o)
 .idata$4       0x0040709c        0x4 C:/GNU/MINGW64/i686-8.1.0-win32-dwarf-rt_v6-rev0/mingw32/bin/../lib/gcc/i686-w64-mingw32/8.1.0/../../../../i686-w64-mingw32/lib/../lib/libkernel32.a(dgzct.o)
 .idata$4       0x004070a0        0x0 C:/GNU/MINGW64/i686-8.1.0-win32-dwarf-rt_v6-rev0/mingw32/bin/../lib/gcc/i686-w64-mingw32/8.1.0/../../../../i686-w64-mingw32/lib/../lib/libmsvcrt.a(dwbeh.o)
 .idata$4       0x004070a0        0x4 C:/GNU/MINGW64/i686-8.1.0-win32-dwarf-rt_v6-rev0/mingw32/bin/../lib/gcc/i686-w64-mingw32/8.1.0/../../../../i686-w64-mingw32/lib/../lib/libmsvcrt.a(dwbes00058.o)
 .idata$4       0x004070a4        0x4 C:/GNU/MINGW64/i686-8.1.0-win32-dwarf-rt_v6-rev0/mingw32/bin/../lib/gcc/i686-w64-mingw32/8.1.0/../../../../i686-w64-mingw32/lib/../lib/libmsvcrt.a(dwbes00059.o)
 .idata$4       0x004070a8        0x4 C:/GNU/MINGW64/i686-8.1.0-win32-dwarf-rt_v6-rev0/mingw32/bin/../lib/gcc/i686-w64-mingw32/8.1.0/../../../../i686-w64-mingw32/lib/../lib/libmsvcrt.a(dwbes00068.o)
 .idata$4       0x004070ac        0x4 C:/GNU/MINGW64/i686-8.1.0-win32-dwarf-rt_v6-rev0/mingw32/bin/../lib/gcc/i686-w64-mingw32/8.1.0/../../../../i686-w64-mingw32/lib/../lib/libmsvcrt.a(dwbes00076.o)
 .idata$4       0x004070b0        0x4 C:/GNU/MINGW64/i686-8.1.0-win32-dwarf-rt_v6-rev0/mingw32/bin/../lib/gcc/i686-w64-mingw32/8.1.0/../../../../i686-w64-mingw32/lib/../lib/libmsvcrt.a(dwbes00083.o)
 .idata$4       0x004070b4        0x4 C:/GNU/MINGW64/i686-8.1.0-win32-dwarf-rt_v6-rev0/mingw32/bin/../lib/gcc/i686-w64-mingw32/8.1.0/../../../../i686-w64-mingw32/lib/../lib/libmsvcrt.a(dwbes00104.o)
 .idata$4       0x004070b8        0x4 C:/GNU/MINGW64/i686-8.1.0-win32-dwarf-rt_v6-rev0/mingw32/bin/../lib/gcc/i686-w64-mingw32/8.1.0/../../../../i686-w64-mingw32/lib/../lib/libmsvcrt.a(dwbes00107.o)
 .idata$4       0x004070bc        0x4 C:/GNU/MINGW64/i686-8.1.0-win32-dwarf-rt_v6-rev0/mingw32/bin/../lib/gcc/i686-w64-mingw32/8.1.0/../../../../i686-w64-mingw32/lib/../lib/libmsvcrt.a(dwbes00144.o)
 .idata$4       0x004070c0        0x4 C:/GNU/MINGW64/i686-8.1.0-win32-dwarf-rt_v6-rev0/mingw32/bin/../lib/gcc/i686-w64-mingw32/8.1.0/../../../../i686-w64-mingw32/lib/../lib/libmsvcrt.a(dwbes00161.o)
 .idata$4       0x004070c4        0x4 C:/GNU/MINGW64/i686-8.1.0-win32-dwarf-rt_v6-rev0/mingw32/bin/../lib/gcc/i686-w64-mingw32/8.1.0/../../../../i686-w64-mingw32/lib/../lib/libmsvcrt.a(dwbes00351.o)
 .idata$4       0x004070c8        0x4 C:/GNU/MINGW64/i686-8.1.0-win32-dwarf-rt_v6-rev0/mingw32/bin/../lib/gcc/i686-w64-mingw32/8.1.0/../../../../i686-w64-mingw32/lib/../lib/libmsvcrt.a(dwbes00355.o)
 .idata$4       0x004070cc        0x4 C:/GNU/MINGW64/i686-8.1.0-win32-dwarf-rt_v6-rev0/mingw32/bin/../lib/gcc/i686-w64-mingw32/8.1.0/../../../../i686-w64-mingw32/lib/../lib/libmsvcrt.a(dwbes00629.o)
 .idata$4       0x004070d0        0x4 C:/GNU/MINGW64/i686-8.1.0-win32-dwarf-rt_v6-rev0/mingw32/bin/../lib/gcc/i686-w64-mingw32/8.1.0/../../../../i686-w64-mingw32/lib/../lib/libmsvcrt.a(dwbes01057.o)
 .idata$4       0x004070d4        0x4 C:/GNU/MINGW64/i686-8.1.0-win32-dwarf-rt_v6-rev0/mingw32/bin/../lib/gcc/i686-w64-mingw32/8.1.0/../../../../i686-w64-mingw32/lib/../lib/libmsvcrt.a(dwbes01076.o)
 .idata$4       0x004070d8        0x4 C:/GNU/MINGW64/i686-8.1.0-win32-dwarf-rt_v6-rev0/mingw32/bin/../lib/gcc/i686-w64-mingw32/8.1.0/../../../../i686-w64-mingw32/lib/../lib/libmsvcrt.a(dwbes01081.o)
 .idata$4       0x004070dc        0x4 C:/GNU/MINGW64/i686-8.1.0-win32-dwarf-rt_v6-rev0/mingw32/bin/../lib/gcc/i686-w64-mingw32/8.1.0/../../../../i686-w64-mingw32/lib/../lib/libmsvcrt.a(dwbes01097.o)
 .idata$4       0x004070e0        0x4 C:/GNU/MINGW64/i686-8.1.0-win32-dwarf-rt_v6-rev0/mingw32/bin/../lib/gcc/i686-w64-mingw32/8.1.0/../../../../i686-w64-mingw32/lib/../lib/libmsvcrt.a(dwbes01104.o)
 .idata$4       0x004070e4        0x4 C:/GNU/MINGW64/i686-8.1.0-win32-dwarf-rt_v6-rev0/mingw32/bin/../lib/gcc/i686-w64-mingw32/8.1.0/../../../../i686-w64-mingw32/lib/../lib/libmsvcrt.a(dwbes01118.o)
 .idata$4       0x004070e8        0x4 C:/GNU/MINGW64/i686-8.1.0-win32-dwarf-rt_v6-rev0/mingw32/bin/../lib/gcc/i686-w64-mingw32/8.1.0/../../../../i686-w64-mingw32/lib/../lib/libmsvcrt.a(dwbes01122.o)
 .idata$4       0x004070ec        0x4 C:/GNU/MINGW64/i686-8.1.0-win32-dwarf-rt_v6-rev0/mingw32/bin/../lib/gcc/i686-w64-mingw32/8.1.0/../../../../i686-w64-mingw32/lib/../lib/libmsvcrt.a(dwbes01163.o)
 .idata$4       0x004070f0        0x4 C:/GNU/MINGW64/i686-8.1.0-win32-dwarf-rt_v6-rev0/mingw32/bin/../lib/gcc/i686-w64-mingw32/8.1.0/../../../../i686-w64-mingw32/lib/../lib/libmsvcrt.a(dwbes01172.o)
 .idata$4       0x004070f4        0x4 C:/GNU/MINGW64/i686-8.1.0-win32-dwarf-rt_v6-rev0/mingw32/bin/../lib/gcc/i686-w64-mingw32/8.1.0/../../../../i686-w64-mingw32/lib/../lib/libmsvcrt.a(dwbes01179.o)
 .idata$4       0x004070f8        0x4 C:/GNU/MINGW64/i686-8.1.0-win32-dwarf-rt_v6-rev0/mingw32/bin/../lib/gcc/i686-w64-mingw32/8.1.0/../../../../i686-w64-mingw32/lib/../lib/libmsvcrt.a(dwbes01183.o)
 .idata$4       0x004070fc        0x4 C:/GNU/MINGW64/i686-8.1.0-win32-dwarf-rt_v6-rev0/mingw32/bin/../lib/gcc/i686-w64-mingw32/8.1.0/../../../../i686-w64-mingw32/lib/../lib/libmsvcrt.a(dwbes01197.o)
 .idata$4       0x00407100        0x4 C:/GNU/MINGW64/i686-8.1.0-win32-dwarf-rt_v6-rev0/mingw32/bin/../lib/gcc/i686-w64-mingw32/8.1.0/../../../../i686-w64-mingw32/lib/../lib/libmsvcrt.a(dwbes01199.o)
 .idata$4       0x00407104        0x4 C:/GNU/MINGW64/i686-8.1.0-win32-dwarf-rt_v6-rev0/mingw32/bin/../lib/gcc/i686-w64-mingw32/8.1.0/../../../../i686-w64-mingw32/lib/../lib/libmsvcrt.a(dwbes01208.o)
 .idata$4       0x00407108        0x4 C:/GNU/MINGW64/i686-8.1.0-win32-dwarf-rt_v6-rev0/mingw32/bin/../lib/gcc/i686-w64-mingw32/8.1.0/../../../../i686-w64-mingw32/lib/../lib/libmsvcrt.a(dwbes01213.o)
 .idata$4       0x0040710c        0x4 C:/GNU/MINGW64/i686-8.1.0-win32-dwarf-rt_v6-rev0/mingw32/bin/../lib/gcc/i686-w64-mingw32/8.1.0/../../../../i686-w64-mingw32/lib/../lib/libmsvcrt.a(dwbes01217.o)
 .idata$4       0x00407110        0x4 C:/GNU/MINGW64/i686-8.1.0-win32-dwarf-rt_v6-rev0/mingw32/bin/../lib/gcc/i686-w64-mingw32/8.1.0/../../../../i686-w64-mingw32/lib/../lib/libmsvcrt.a(dwbes01220.o)
 .idata$4       0x00407114        0x4 C:/GNU/MINGW64/i686-8.1.0-win32-dwarf-rt_v6-rev0/mingw32/bin/../lib/gcc/i686-w64-mingw32/8.1.0/../../../../i686-w64-mingw32/lib/../lib/libmsvcrt.a(dwbes01222.o)
 .idata$4       0x00407118        0x4 C:/GNU/MINGW64/i686-8.1.0-win32-dwarf-rt_v6-rev0/mingw32/bin/../lib/gcc/i686-w64-mingw32/8.1.0/../../../../i686-w64-mingw32/lib/../lib/libmsvcrt.a(dwbes01253.o)
 .idata$4       0x0040711c        0x4 C:/GNU/MINGW64/i686-8.1.0-win32-dwarf-rt_v6-rev0/mingw32/bin/../lib/gcc/i686-w64-mingw32/8.1.0/../../../../i686-w64-mingw32/lib/../lib/libmsvcrt.a(dwbes01297.o)
 .idata$4       0x00407120        0x4 C:/GNU/MINGW64/i686-8.1.0-win32-dwarf-rt_v6-rev0/mingw32/bin/../lib/gcc/i686-w64-mingw32/8.1.0/../../../../i686-w64-mingw32/lib/../lib/libmsvcrt.a(dwbet.o)
                0x00407124                __IAT_start__ = .
 SORT_BY_NAME(*)(.idata$5)
 .idata$5       0x00407124        0x0 C:/GNU/MINGW64/i686-8.1.0-win32-dwarf-rt_v6-rev0/mingw32/bin/../lib/gcc/i686-w64-mingw32/8.1.0/../../../../i686-w64-mingw32/lib/../lib/libkernel32.a(dgzch.o)
 .idata$5       0x00407124        0x4 C:/GNU/MINGW64/i686-8.1.0-win32-dwarf-rt_v6-rev0/mingw32/bin/../lib/gcc/i686-w64-mingw32/8.1.0/../../../../i686-w64-mingw32/lib/../lib/libkernel32.a(dgzcs00214.o)
                0x00407124                _imp__DeleteCriticalSection@4
 .idata$5       0x00407128        0x4 C:/GNU/MINGW64/i686-8.1.0-win32-dwarf-rt_v6-rev0/mingw32/bin/../lib/gcc/i686-w64-mingw32/8.1.0/../../../../i686-w64-mingw32/lib/../lib/libkernel32.a(dgzcs00242.o)
                0x00407128                _imp__EnterCriticalSection@4
 .idata$5       0x0040712c        0x4 C:/GNU/MINGW64/i686-8.1.0-win32-dwarf-rt_v6-rev0/mingw32/bin/../lib/gcc/i686-w64-mingw32/8.1.0/../../../../i686-w64-mingw32/lib/../lib/libkernel32.a(dgzcs00359.o)
                0x0040712c                _imp__FreeLibrary@4
 .idata$5       0x00407130        0x4 C:/GNU/MINGW64/i686-8.1.0-win32-dwarf-rt_v6-rev0/mingw32/bin/../lib/gcc/i686-w64-mingw32/8.1.0/../../../../i686-w64-mingw32/lib/../lib/libkernel32.a(dgzcs00455.o)
                0x00407130                _imp__GetCurrentProcess@0
 .idata$5       0x00407134        0x4 C:/GNU/MINGW64/i686-8.1.0-win32-dwarf-rt_v6-rev0/mingw32/bin/../lib/gcc/i686-w64-mingw32/8.1.0/../../../../i686-w64-mingw32/lib/../lib/libkernel32.a(dgzcs00456.o)
                0x00407134                _imp__GetCurrentProcessId@0
 .idata$5       0x00407138        0x4 C:/GNU/MINGW64/i686-8.1.0-win32-dwarf-rt_v6-rev0/mingw32/bin/../lib/gcc/i686-w64-mingw32/8.1.0/../../../../i686-w64-mingw32/lib/../lib/libkernel32.a(dgzcs00460.o)
                0x00407138                _imp__GetCurrentThreadId@0
 .idata$5       0x0040713c        0x4 C:/GNU/MINGW64/i686-8.1.0-win32-dwarf-rt_v6-rev0/mingw32/bin/../lib/gcc/i686-w64-mingw32/8.1.0/../../../../i686-w64-mingw32/lib/../lib/libkernel32.a(dgzcs00518.o)
                0x0040713c                _imp__GetLastError@0
 .idata$5       0x00407140        0x4 C:/GNU/MINGW64/i686-8.1.0-win32-dwarf-rt_v6-rev0/mingw32/bin/../lib/gcc/i686-w64-mingw32/8.1.0/../../../../i686-w64-mingw32/lib/../lib/libkernel32.a(dgzcs00534.o)
                0x00407140                _imp__GetModuleFileNameA@12
 .idata$5       0x00407144        0x4 C:/GNU/MINGW64/i686-8.1.0-win32-dwarf-rt_v6-rev0/mingw32/bin/../lib/gcc/i686-w64-mingw32/8.1.0/../../../../i686-w64-mingw32/lib/../lib/libkernel32.a(dgzcs00536.o)
                0x00407144                _imp__GetModuleHandleA@4
 .idata$5       0x00407148        0x4 C:/GNU/MINGW64/i686-8.1.0-win32-dwarf-rt_v6-rev0/mingw32/bin/../lib/gcc/i686-w64-mingw32/8.1.0/../../../../i686-w64-mingw32/lib/../lib/libkernel32.a(dgzcs00584.o)
                0x00407148                _imp__GetProcAddress@8
 .idata$5       0x0040714c        0x4 C:/GNU/MINGW64/i686-8.1.0-win32-dwarf-rt_v6-rev0/mingw32/bin/../lib/gcc/i686-w64-mingw32/8.1.0/../../../../i686-w64-mingw32/lib/../lib/libkernel32.a(dgzcs00615.o)
                0x0040714c                _imp__GetStartupInfoA@4
 .idata$5       0x00407150        0x4 C:/GNU/MINGW64/i686-8.1.0-win32-dwarf-rt_v6-rev0/mingw32/bin/../lib/gcc/i686-w64-mingw32/8.1.0/../../../../i686-w64-mingw32/lib/../lib/libkernel32.a(dgzcs00638.o)
                0x00407150                _imp__GetSystemTimeAsFileTime@4
 .idata$5       0x00407154        0x4 C:/GNU/MINGW64/i686-8.1.0-win32-dwarf-rt_v6-rev0/mingw32/bin/../lib/gcc/i686-w64-mingw32/8.1.0/../../../../i686-w64-mingw32/lib/../lib/libkernel32.a(dgzcs00666.o)
                0x00407154                _imp__GetTickCount@0
 .idata$5       0x00407158        0x4 C:/GNU/MINGW64/i686-8.1.0-win32-dwarf-rt_v6-rev0/mingw32/bin/../lib/gcc/i686-w64-mingw32/8.1.0/../../../../i686-w64-mingw32/lib/../lib/libkernel32.a(dgzcs00750.o)
                0x00407158                _imp__InitializeCriticalSection@4
 .idata$5       0x0040715c        0x4 C:/GNU/MINGW64/i686-8.1.0-win32-dwarf-rt_v6-rev0/mingw32/bin/../lib/gcc/i686-w64-mingw32/8.1.0/../../../../i686-w64-mingw32/lib/../lib/libkernel32.a(dgzcs00836.o)
                0x0040715c                _imp__LeaveCriticalSection@4
 .idata$5       0x00407160        0x4 C:/GNU/MINGW64/i686-8.1.0-win32-dwarf-rt_v6-rev0/mingw32/bin/../lib/gcc/i686-w64-mingw32/8.1.0/../../../../i686-w64-mingw32/lib/../lib/libkernel32.a(dgzcs00839.o)
                0x00407160                _imp__LoadLibraryA@4
 .idata$5       0x00407164        0x4 C:/GNU/MINGW64/i686-8.1.0-win32-dwarf-rt_v6-rev0/mingw32/bin/../lib/gcc/i686-w64-mingw32/8.1.0/../../../../i686-w64-mingw32/lib/../lib/libkernel32.a(dgzcs00949.o)
                0x00407164                _imp__QueryPerformanceCounter@4
 .idata$5       0x00407168        0x4 C:/GNU/MINGW64/i686-8.1.0-win32-dwarf-rt_v6-rev0/mingw32/bin/../lib/gcc/i686-w64-mingw32/8.1.0/../../../../i686-w64-mingw32/lib/../lib/libkernel32.a(dgzcs01163.o)
                0x00407168                _imp__SetUnhandledExceptionFilter@4
 .idata$5       0x0040716c        0x4 C:/GNU/MINGW64/i686-8.1.0-win32-dwarf-rt_v6-rev0/mingw32/bin/../lib/gcc/i686-w64-mingw32/8.1.0/../../../../i686-w64-mingw32/lib/../lib/libkernel32.a(dgzcs01176.o)
                0x0040716c                _imp__Sleep@4
 .idata$5       0x00407170        0x4 C:/GNU/MINGW64/i686-8.1.0-win32-dwarf-rt_v6-rev0/mingw32/bin/../lib/gcc/i686-w64-mingw32/8.1.0/../../../../i686-w64-mingw32/lib/../lib/libkernel32.a(dgzcs01190.o)
                0x00407170                _imp__TerminateProcess@8
 .idata$5       0x00407174        0x4 C:/GNU/MINGW64/i686-8.1.0-win32-dwarf-rt_v6-rev0/mingw32/bin/../lib/gcc/i686-w64-mingw32/8.1.0/../../../../i686-w64-mingw32/lib/../lib/libkernel32.a(dgzcs01197.o)
                0x00407174                _imp__TlsGetValue@4
 .idata$5       0x00407178        0x4 C:/GNU/MINGW64/i686-8.1.0-win32-dwarf-rt_v6-rev0/mingw32/bin/../lib/gcc/i686-w64-mingw32/8.1.0/../../../../i686-w64-mingw32/lib/../lib/libkernel32.a(dgzcs01210.o)
                0x00407178                _imp__UnhandledExceptionFilter@4
 .idata$5       0x0040717c        0x4 C:/GNU/MINGW64/i686-8.1.0-win32-dwarf-rt_v6-rev0/mingw32/bin/../lib/gcc/i686-w64-mingw32/8.1.0/../../../../i686-w64-mingw32/lib/../lib/libkernel32.a(dgzcs01243.o)
                0x0040717c                _imp__VirtualProtect@16
 .idata$5       0x00407180        0x4 C:/GNU/MINGW64/i686-8.1.0-win32-dwarf-rt_v6-rev0/mingw32/bin/../lib/gcc/i686-w64-mingw32/8.1.0/../../../../i686-w64-mingw32/lib/../lib/libkernel32.a(dgzcs01246.o)
                0x00407180                _imp__VirtualQuery@12
 .idata$5       0x00407184        0x4 C:/GNU/MINGW64/i686-8.1.0-win32-dwarf-rt_v6-rev0/mingw32/bin/../lib/gcc/i686-w64-mingw32/8.1.0/../../../../i686-w64-mingw32/lib/../lib/libkernel32.a(dgzct.o)
 .idata$5       0x00407188        0x0 C:/GNU/MINGW64/i686-8.1.0-win32-dwarf-rt_v6-rev0/mingw32/bin/../lib/gcc/i686-w64-mingw32/8.1.0/../../../../i686-w64-mingw32/lib/../lib/libmsvcrt.a(dwbeh.o)
 .idata$5       0x00407188        0x4 C:/GNU/MINGW64/i686-8.1.0-win32-dwarf-rt_v6-rev0/mingw32/bin/../lib/gcc/i686-w64-mingw32/8.1.0/../../../../i686-w64-mingw32/lib/../lib/libmsvcrt.a(dwbes00058.o)
                0x00407188                _imp____getmainargs
 .idata$5       0x0040718c        0x4 C:/GNU/MINGW64/i686-8.1.0-win32-dwarf-rt_v6-rev0/mingw32/bin/../lib/gcc/i686-w64-mingw32/8.1.0/../../../../i686-w64-mingw32/lib/../lib/libmsvcrt.a(dwbes00059.o)
                0x0040718c                _imp____initenv
 .idata$5       0x00407190        0x4 C:/GNU/MINGW64/i686-8.1.0-win32-dwarf-rt_v6-rev0/mingw32/bin/../lib/gcc/i686-w64-mingw32/8.1.0/../../../../i686-w64-mingw32/lib/../lib/libmsvcrt.a(dwbes00068.o)
                0x00407190                _imp____lconv_init
 .idata$5       0x00407194        0x4 C:/GNU/MINGW64/i686-8.1.0-win32-dwarf-rt_v6-rev0/mingw32/bin/../lib/gcc/i686-w64-mingw32/8.1.0/../../../../i686-w64-mingw32/lib/../lib/libmsvcrt.a(dwbes00076.o)
                0x00407194                _imp____p__acmdln
 .idata$5       0x00407198        0x4 C:/GNU/MINGW64/i686-8.1.0-win32-dwarf-rt_v6-rev0/mingw32/bin/../lib/gcc/i686-w64-mingw32/8.1.0/../../../../i686-w64-mingw32/lib/../lib/libmsvcrt.a(dwbes00083.o)
                0x00407198                _imp____p__fmode
 .idata$5       0x0040719c        0x4 C:/GNU/MINGW64/i686-8.1.0-win32-dwarf-rt_v6-rev0/mingw32/bin/../lib/gcc/i686-w64-mingw32/8.1.0/../../../../i686-w64-mingw32/lib/../lib/libmsvcrt.a(dwbes00104.o)
                0x0040719c                _imp____set_app_type
 .idata$5       0x004071a0        0x4 C:/GNU/MINGW64/i686-8.1.0-win32-dwarf-rt_v6-rev0/mingw32/bin/../lib/gcc/i686-w64-mingw32/8.1.0/../../../../i686-w64-mingw32/lib/../lib/libmsvcrt.a(dwbes00107.o)
                0x004071a0                _imp____setusermatherr
 .idata$5       0x004071a4        0x4 C:/GNU/MINGW64/i686-8.1.0-win32-dwarf-rt_v6-rev0/mingw32/bin/../lib/gcc/i686-w64-mingw32/8.1.0/../../../../i686-w64-mingw32/lib/../lib/libmsvcrt.a(dwbes00144.o)
                0x004071a4                _imp___amsg_exit
 .idata$5       0x004071a8        0x4 C:/GNU/MINGW64/i686-8.1.0-win32-dwarf-rt_v6-rev0/mingw32/bin/../lib/gcc/i686-w64-mingw32/8.1.0/../../../../i686-w64-mingw32/lib/../lib/libmsvcrt.a(dwbes00161.o)
                0x004071a8                _imp___cexit
 .idata$5       0x004071ac        0x4 C:/GNU/MINGW64/i686-8.1.0-win32-dwarf-rt_v6-rev0/mingw32/bin/../lib/gcc/i686-w64-mingw32/8.1.0/../../../../i686-w64-mingw32/lib/../lib/libmsvcrt.a(dwbes00351.o)
                0x004071ac                _imp___initterm
 .idata$5       0x004071b0        0x4 C:/GNU/MINGW64/i686-8.1.0-win32-dwarf-rt_v6-rev0/mingw32/bin/../lib/gcc/i686-w64-mingw32/8.1.0/../../../../i686-w64-mingw32/lib/../lib/libmsvcrt.a(dwbes00355.o)
                0x004071b0                _imp___iob
 .idata$5       0x004071b4        0x4 C:/GNU/MINGW64/i686-8.1.0-win32-dwarf-rt_v6-rev0/mingw32/bin/../lib/gcc/i686-w64-mingw32/8.1.0/../../../../i686-w64-mingw32/lib/../lib/libmsvcrt.a(dwbes00629.o)
                0x004071b4                _imp___onexit
 .idata$5       0x004071b8        0x4 C:/GNU/MINGW64/i686-8.1.0-win32-dwarf-rt_v6-rev0/mingw32/bin/../lib/gcc/i686-w64-mingw32/8.1.0/../../../../i686-w64-mingw32/lib/../lib/libmsvcrt.a(dwbes01057.o)
                0x004071b8                _imp__abort
 .idata$5       0x004071bc        0x4 C:/GNU/MINGW64/i686-8.1.0-win32-dwarf-rt_v6-rev0/mingw32/bin/../lib/gcc/i686-w64-mingw32/8.1.0/../../../../i686-w64-mingw32/lib/../lib/libmsvcrt.a(dwbes01076.o)
                0x004071bc                _imp__calloc
 .idata$5       0x004071c0        0x4 C:/GNU/MINGW64/i686-8.1.0-win32-dwarf-rt_v6-rev0/mingw32/bin/../lib/gcc/i686-w64-mingw32/8.1.0/../../../../i686-w64-mingw32/lib/../lib/libmsvcrt.a(dwbes01081.o)
                0x004071c0                _imp__exit
 .idata$5       0x004071c4        0x4 C:/GNU/MINGW64/i686-8.1.0-win32-dwarf-rt_v6-rev0/mingw32/bin/../lib/gcc/i686-w64-mingw32/8.1.0/../../../../i686-w64-mingw32/lib/../lib/libmsvcrt.a(dwbes01097.o)
                0x004071c4                _imp__fprintf
 .idata$5       0x004071c8        0x4 C:/GNU/MINGW64/i686-8.1.0-win32-dwarf-rt_v6-rev0/mingw32/bin/../lib/gcc/i686-w64-mingw32/8.1.0/../../../../i686-w64-mingw32/lib/../lib/libmsvcrt.a(dwbes01104.o)
                0x004071c8                _imp__free
 .idata$5       0x004071cc        0x4 C:/GNU/MINGW64/i686-8.1.0-win32-dwarf-rt_v6-rev0/mingw32/bin/../lib/gcc/i686-w64-mingw32/8.1.0/../../../../i686-w64-mingw32/lib/../lib/libmsvcrt.a(dwbes01118.o)
                0x004071cc                _imp__fwrite
 .idata$5       0x004071d0        0x4 C:/GNU/MINGW64/i686-8.1.0-win32-dwarf-rt_v6-rev0/mingw32/bin/../lib/gcc/i686-w64-mingw32/8.1.0/../../../../i686-w64-mingw32/lib/../lib/libmsvcrt.a(dwbes01122.o)
                0x004071d0                _imp__getchar
 .idata$5       0x004071d4        0x4 C:/GNU/MINGW64/i686-8.1.0-win32-dwarf-rt_v6-rev0/mingw32/bin/../lib/gcc/i686-w64-mingw32/8.1.0/../../../../i686-w64-mingw32/lib/../lib/libmsvcrt.a(dwbes01163.o)
                0x004071d4                _imp__malloc
 .idata$5       0x004071d8        0x4 C:/GNU/MINGW64/i686-8.1.0-win32-dwarf-rt_v6-rev0/mingw32/bin/../lib/gcc/i686-w64-mingw32/8.1.0/../../../../i686-w64-mingw32/lib/../lib/libmsvcrt.a(dwbes01172.o)
                0x004071d8                _imp__memcpy
 .idata$5       0x004071dc        0x4 C:/GNU/MINGW64/i686-8.1.0-win32-dwarf-rt_v6-rev0/mingw32/bin/../lib/gcc/i686-w64-mingw32/8.1.0/../../../../i686-w64-mingw32/lib/../lib/libmsvcrt.a(dwbes01179.o)
                0x004071dc                _imp__printf
 .idata$5       0x004071e0        0x4 C:/GNU/MINGW64/i686-8.1.0-win32-dwarf-rt_v6-rev0/mingw32/bin/../lib/gcc/i686-w64-mingw32/8.1.0/../../../../i686-w64-mingw32/lib/../lib/libmsvcrt.a(dwbes01183.o)
                0x004071e0                _imp__puts
 .idata$5       0x004071e4        0x4 C:/GNU/MINGW64/i686-8.1.0-win32-dwarf-rt_v6-rev0/mingw32/bin/../lib/gcc/i686-w64-mingw32/8.1.0/../../../../i686-w64-mingw32/lib/../lib/libmsvcrt.a(dwbes01197.o)
                0x004071e4                _imp__setlocale
 .idata$5       0x004071e8        0x4 C:/GNU/MINGW64/i686-8.1.0-win32-dwarf-rt_v6-rev0/mingw32/bin/../lib/gcc/i686-w64-mingw32/8.1.0/../../../../i686-w64-mingw32/lib/../lib/libmsvcrt.a(dwbes01199.o)
                0x004071e8                _imp__signal
 .idata$5       0x004071ec        0x4 C:/GNU/MINGW64/i686-8.1.0-win32-dwarf-rt_v6-rev0/mingw32/bin/../lib/gcc/i686-w64-mingw32/8.1.0/../../../../i686-w64-mingw32/lib/../lib/libmsvcrt.a(dwbes01208.o)
                0x004071ec                _imp__strcat_s
 .idata$5       0x004071f0        0x4 C:/GNU/MINGW64/i686-8.1.0-win32-dwarf-rt_v6-rev0/mingw32/bin/../lib/gcc/i686-w64-mingw32/8.1.0/../../../../i686-w64-mingw32/lib/../lib/libmsvcrt.a(dwbes01213.o)
                0x004071f0                _imp__strcpy_s
 .idata$5       0x004071f4        0x4 C:/GNU/MINGW64/i686-8.1.0-win32-dwarf-rt_v6-rev0/mingw32/bin/../lib/gcc/i686-w64-mingw32/8.1.0/../../../../i686-w64-mingw32/lib/../lib/libmsvcrt.a(dwbes01217.o)
                0x004071f4                _imp__strlen
 .idata$5       0x004071f8        0x4 C:/GNU/MINGW64/i686-8.1.0-win32-dwarf-rt_v6-rev0/mingw32/bin/../lib/gcc/i686-w64-mingw32/8.1.0/../../../../i686-w64-mingw32/lib/../lib/libmsvcrt.a(dwbes01220.o)
                0x004071f8                _imp__strncmp
 .idata$5       0x004071fc        0x4 C:/GNU/MINGW64/i686-8.1.0-win32-dwarf-rt_v6-rev0/mingw32/bin/../lib/gcc/i686-w64-mingw32/8.1.0/../../../../i686-w64-mingw32/lib/../lib/libmsvcrt.a(dwbes01222.o)
                0x004071fc                _imp__strrchr
 .idata$5       0x00407200        0x4 C:/GNU/MINGW64/i686-8.1.0-win32-dwarf-rt_v6-rev0/mingw32/bin/../lib/gcc/i686-w64-mingw32/8.1.0/../../../../i686-w64-mingw32/lib/../lib/libmsvcrt.a(dwbes01253.o)
                0x00407200                _imp__vfprintf
 .idata$5       0x00407204        0x4 C:/GNU/MINGW64/i686-8.1.0-win32-dwarf-rt_v6-rev0/mingw32/bin/../lib/gcc/i686-w64-mingw32/8.1.0/../../../../i686-w64-mingw32/lib/../lib/libmsvcrt.a(dwbes01297.o)
                0x00407204                _imp__wprintf
 .idata$5       0x00407208        0x4 C:/GNU/MINGW64/i686-8.1.0-win32-dwarf-rt_v6-rev0/mingw32/bin/../lib/gcc/i686-w64-mingw32/8.1.0/../../../../i686-w64-mingw32/lib/../lib/libmsvcrt.a(dwbet.o)
                0x0040720c                __IAT_end__ = .
 SORT_BY_NAME(*)(.idata$6)
 .idata$6       0x0040720c       0x18 C:/GNU/MINGW64/i686-8.1.0-win32-dwarf-rt_v6-rev0/mingw32/bin/../lib/gcc/i686-w64-mingw32/8.1.0/../../../../i686-w64-mingw32/lib/../lib/libkernel32.a(dgzcs00214.o)
 .idata$6       0x00407224       0x18 C:/GNU/MINGW64/i686-8.1.0-win32-dwarf-rt_v6-rev0/mingw32/bin/../lib/gcc/i686-w64-mingw32/8.1.0/../../../../i686-w64-mingw32/lib/../lib/libkernel32.a(dgzcs00242.o)