Archive member included to satisfy reference by file (symbol)

C:/GNU/MINGW64/i686-8.1.0-win32-dwarf-rt_v6-rev0/mingw32/bin/../lib/gcc/i686-w64-mingw32/8.1.0/../../../../i686-w64-mingw32/lib/../lib/libkernel32.a(dgzcs00839.o)
                              ../build/x86_Release/pmc_initialize.o (_imp__LoadLibraryA@4)
C:/GNU/MINGW64/i686-8.1.0-win32-dwarf-rt_v6-rev0/mingw32/bin/../lib/gcc/i686-w64-mingw32/8.1.0/../../../../i686-w64-mingw32/lib/../lib/libkernel32.a(dgzcs00729.o)
                              ../build/x86_Release/pmc_memory.o (_imp__HeapFree@12)
C:/GNU/MINGW64/i686-8.1.0-win32-dwarf-rt_v6-rev0/mingw32/bin/../lib/gcc/i686-w64-mingw32/8.1.0/../../../../i686-w64-mingw32/lib/../lib/libkernel32.a(dgzcs00727.o)
                              ../build/x86_Release/pmc_memory.o (_imp__HeapDestroy@4)
C:/GNU/MINGW64/i686-8.1.0-win32-dwarf-rt_v6-rev0/mingw32/bin/../lib/gcc/i686-w64-mingw32/8.1.0/../../../../i686-w64-mingw32/lib/../lib/libkernel32.a(dgzcs00725.o)
                              ../build/x86_Release/pmc_memory.o (_imp__HeapCreate@12)
C:/GNU/MINGW64/i686-8.1.0-win32-dwarf-rt_v6-rev0/mingw32/bin/../lib/gcc/i686-w64-mingw32/8.1.0/../../../../i686-w64-mingw32/lib/../lib/libkernel32.a(dgzcs00723.o)
                              ../build/x86_Release/pmc_memory.o (_imp__HeapAlloc@12)
C:/GNU/MINGW64/i686-8.1.0-win32-dwarf-rt_v6-rev0/mingw32/bin/../lib/gcc/i686-w64-mingw32/8.1.0/../../../../i686-w64-mingw32/lib/../lib/libkernel32.a(dgzcs00584.o)
                              ../build/x86_Release/pmc_initialize.o (_imp__GetProcAddress@8)
C:/GNU/MINGW64/i686-8.1.0-win32-dwarf-rt_v6-rev0/mingw32/bin/../lib/gcc/i686-w64-mingw32/8.1.0/../../../../i686-w64-mingw32/lib/../lib/libkernel32.a(dgzcs00359.o)
                              ../build/x86_Release/pmc_initialize.o (_imp__FreeLibrary@4)
C:/GNU/MINGW64/i686-8.1.0-win32-dwarf-rt_v6-rev0/mingw32/bin/../lib/gcc/i686-w64-mingw32/8.1.0/../../../../i686-w64-mingw32/lib/../lib/libkernel32.a(dgzch.o)
                              C:/GNU/MINGW64/i686-8.1.0-win32-dwarf-rt_v6-rev0/mingw32/bin/../lib/gcc/i686-w64-mingw32/8.1.0/../../../../i686-w64-mingw32/lib/../lib/libkernel32.a(dgzcs00839.o) (_head_lib32_libkernel32_a)
C:/GNU/MINGW64/i686-8.1.0-win32-dwarf-rt_v6-rev0/mingw32/bin/../lib/gcc/i686-w64-mingw32/8.1.0/../../../../i686-w64-mingw32/lib/../lib/libkernel32.a(dgzct.o)
                              C:/GNU/MINGW64/i686-8.1.0-win32-dwarf-rt_v6-rev0/mingw32/bin/../lib/gcc/i686-w64-mingw32/8.1.0/../../../../i686-w64-mingw32/lib/../lib/libkernel32.a(dgzch.o) (_lib32_libkernel32_a_iname)

Allocating common symbols
Common symbol       size              file

number_zero         0x18              ../build/x86_Release/pmc_memory.o
number_minus_one    0x18              ../build/x86_Release/pmc_memory.o
number_one          0x18              ../build/x86_Release/pmc_memory.o
uint_number_zero    0x4               ../build/x86_Release/debug.o
uint_number_one     0x4               ../build/x86_Release/debug.o
hLocalHeap          0x4               ../build/x86_Release/pmc_memory.o
ep_uint             0x118             ../build/x86_Release/pmc_initialize.o

Discarded input sections

 .drectve       0x00000000       0x58 ../build/x86_Release/debug.o
 .drectve       0x00000000       0x44 ../build/x86_Release/dllmain.o
 .drectve       0x00000000       0x44 ../build/x86_Release/pmc_add_sub.o
 .drectve       0x00000000       0x44 ../build/x86_Release/pmc_bytes.o
 .drectve       0x00000000       0x44 ../build/x86_Release/pmc_clone.o
 .drectve       0x00000000       0x44 ../build/x86_Release/pmc_compare.o
 .drectve       0x00000000       0x44 ../build/x86_Release/pmc_divrem.o
 .drectve       0x00000000       0x44 ../build/x86_Release/pmc_equals.o
 .drectve       0x00000000       0x44 ../build/x86_Release/pmc_from.o
 .drectve       0x00000000       0x44 ../build/x86_Release/pmc_greatestcommondivisor.o
 .drectve       0x00000000       0x5c ../build/x86_Release/pmc_initialize.o
 .drectve       0x00000000       0xb4 ../build/x86_Release/pmc_memory.o
 .drectve       0x00000000       0x44 ../build/x86_Release/pmc_multiply.o
 .drectve       0x00000000       0x44 ../build/x86_Release/pmc_negate.o
 .drectve       0x00000000       0x44 ../build/x86_Release/pmc_parse.o
 .drectve       0x00000000       0x44 ../build/x86_Release/pmc_statistics.o
 .drectve       0x00000000       0x44 ../build/x86_Release/pmc_to.o
 .drectve       0x00000000       0x44 ../build/x86_Release/TEST_autogenerated.o
 .drectve       0x00000000       0x44 ../build/x86_Release/TEST_op_Add.o
 .drectve       0x00000000       0x44 ../build/x86_Release/TEST_op_Clone.o
 .drectve       0x00000000       0x44 ../build/x86_Release/TEST_op_Compare.o
 .drectve       0x00000000       0x44 ../build/x86_Release/TEST_op_DivRem.o
 .drectve       0x00000000       0x44 ../build/x86_Release/TEST_op_Equals.o
 .drectve       0x00000000       0x44 ../build/x86_Release/TEST_op_From_To.o
 .drectve       0x00000000       0x44 ../build/x86_Release/TEST_op_GreatestCommonDivisor.o
 .drectve       0x00000000       0x44 ../build/x86_Release/TEST_op_Multiply.o
 .drectve       0x00000000       0x44 ../build/x86_Release/TEST_op_Negate.o
 .drectve       0x00000000       0x44 ../build/x86_Release/TEST_op_ParseDN.o
 .drectve       0x00000000       0x44 ../build/x86_Release/TEST_op_ParseX.o
 .drectve       0x00000000       0x44 ../build/x86_Release/TEST_op_Remainder.o
 .drectve       0x00000000       0x44 ../build/x86_Release/TEST_op_Subtruct.o
 .text          0x00000000        0x8 C:/GNU/MINGW64/i686-8.1.0-win32-dwarf-rt_v6-rev0/mingw32/bin/../lib/gcc/i686-w64-mingw32/8.1.0/../../../../i686-w64-mingw32/lib/../lib/libkernel32.a(dgzcs00839.o)
 .text          0x00000000        0x8 C:/GNU/MINGW64/i686-8.1.0-win32-dwarf-rt_v6-rev0/mingw32/bin/../lib/gcc/i686-w64-mingw32/8.1.0/../../../../i686-w64-mingw32/lib/../lib/libkernel32.a(dgzcs00729.o)
 .text          0x00000000        0x8 C:/GNU/MINGW64/i686-8.1.0-win32-dwarf-rt_v6-rev0/mingw32/bin/../lib/gcc/i686-w64-mingw32/8.1.0/../../../../i686-w64-mingw32/lib/../lib/libkernel32.a(dgzcs00727.o)
 .text          0x00000000        0x8 C:/GNU/MINGW64/i686-8.1.0-win32-dwarf-rt_v6-rev0/mingw32/bin/../lib/gcc/i686-w64-mingw32/8.1.0/../../../../i686-w64-mingw32/lib/../lib/libkernel32.a(dgzcs00725.o)
 .text          0x00000000        0x8 C:/GNU/MINGW64/i686-8.1.0-win32-dwarf-rt_v6-rev0/mingw32/bin/../lib/gcc/i686-w64-mingw32/8.1.0/../../../../i686-w64-mingw32/lib/../lib/libkernel32.a(dgzcs00723.o)
 .text          0x00000000        0x8 C:/GNU/MINGW64/i686-8.1.0-win32-dwarf-rt_v6-rev0/mingw32/bin/../lib/gcc/i686-w64-mingw32/8.1.0/../../../../i686-w64-mingw32/lib/../lib/libkernel32.a(dgzcs00584.o)
 .text          0x00000000        0x8 C:/GNU/MINGW64/i686-8.1.0-win32-dwarf-rt_v6-rev0/mingw32/bin/../lib/gcc/i686-w64-mingw32/8.1.0/../../../../i686-w64-mingw32/lib/../lib/libkernel32.a(dgzcs00359.o)

Memory Configuration

Name             Origin             Length             Attributes
*default*        0x00000000         0xffffffff

Linker script and memory map

                0x673c0000                __image_base__ = 0x673c0000
                0x00000000                __dll__ = 0x0
                0x673c0000                ___ImageBase = 0x673c0000
                0x00001000                __section_alignment__ = 0x1000
                0x00000200                __file_alignment__ = 0x200
                0x00000004                __major_os_version__ = 0x4
                0x00000000                __minor_os_version__ = 0x0
                0x00000001                __major_image_version__ = 0x1
                0x00000000                __minor_image_version__ = 0x0
                0x00000004                __major_subsystem_version__ = 0x4
                0x00000000                __minor_subsystem_version__ = 0x0
                0x00000002                __subsystem__ = 0x2
                0x00200000                __size_of_stack_reserve__ = 0x200000
                0x00001000                __size_of_stack_commit__ = 0x1000
                0x00100000                __size_of_heap_reserve__ = 0x100000
                0x00001000                __size_of_heap_commit__ = 0x1000
                0x00000000                __loader_flags__ = 0x0
                0x00000000                __dll_characteristics__ = 0x0
LOAD ../build/x86_Release/debug.o
LOAD ../build/x86_Release/dllmain.o
LOAD ../build/x86_Release/pmc_add_sub.o
LOAD ../build/x86_Release/pmc_bytes.o
LOAD ../build/x86_Release/pmc_clone.o
LOAD ../build/x86_Release/pmc_compare.o
LOAD ../build/x86_Release/pmc_divrem.o
LOAD ../build/x86_Release/pmc_equals.o
LOAD ../build/x86_Release/pmc_from.o
LOAD ../build/x86_Release/pmc_greatestcommondivisor.o
LOAD ../build/x86_Release/pmc_initialize.o
LOAD ../build/x86_Release/pmc_memory.o
LOAD ../build/x86_Release/pmc_multiply.o
LOAD ../build/x86_Release/pmc_negate.o
LOAD ../build/x86_Release/pmc_parse.o
LOAD ../build/x86_Release/pmc_statistics.o
LOAD ../build/x86_Release/pmc_to.o
LOAD ../build/x86_Release/TEST_autogenerated.o
LOAD ../build/x86_Release/TEST_op_Add.o
LOAD ../build/x86_Release/TEST_op_Clone.o
LOAD ../build/x86_Release/TEST_op_Compare.o
LOAD ../build/x86_Release/TEST_op_DivRem.o
LOAD ../build/x86_Release/TEST_op_Equals.o
LOAD ../build/x86_Release/TEST_op_From_To.o
LOAD ../build/x86_Release/TEST_op_GreatestCommonDivisor.o
LOAD ../build/x86_Release/TEST_op_Multiply.o
LOAD ../build/x86_Release/TEST_op_Negate.o
LOAD ../build/x86_Release/TEST_op_ParseDN.o
LOAD ../build/x86_Release/TEST_op_ParseX.o
LOAD ../build/x86_Release/TEST_op_Remainder.o
LOAD ../build/x86_Release/TEST_op_Subtruct.o
LOAD ../build/x86_Release/version.o
LOAD ../Palmtree.Math.Core.Sint.def
LOAD C:/GNU/MINGW64/i686-8.1.0-win32-dwarf-rt_v6-rev0/mingw32/bin/../lib/gcc/i686-w64-mingw32/8.1.0/../../../../i686-w64-mingw32/lib/../lib/libkernel32.a
LOAD C:/GNU/MINGW64/i686-8.1.0-win32-dwarf-rt_v6-rev0/mingw32/bin/../lib/gcc/i686-w64-mingw32/8.1.0/../../../../i686-w64-mingw32/lib/../lib/libuser32.a
                0x000002b8                . = SIZEOF_HEADERS
                0x00001000                . = ALIGN (__section_alignment__)

.text           0x673c1000     0x5000
 *(.init)
 *(.text)
 .text          0x673c1000       0x10 ../build/x86_Release/debug.o
                0x673c1000                DoDebug@4
                0x673c1000                DoDebug
 .text          0x673c1010       0x50 ../build/x86_Release/dllmain.o
                0x673c1010                DllMain@12
 .text          0x673c1060     0x19a0 ../build/x86_Release/pmc_add_sub.o
                0x673c1500                PMC_Add_I_X@12
                0x673c1670                PMC_Add_L_X@16
                0x673c1860                PMC_Add_UX_X@12
                0x673c1990                PMC_Add_X_I@12
                0x673c1b20                PMC_Add_X_L@16
                0x673c1d10                PMC_Add_X_UX@12
                0x673c1e50                PMC_Add_X_X@12
                0x673c1f80                PMC_Subtruct_I_X@12
                0x673c20f0                PMC_Subtruct_L_X@16
                0x673c22e0                PMC_Subtruct_UX_X@12
                0x673c2410                PMC_Subtruct_X_I@12
                0x673c25a0                PMC_Subtruct_X_L@16
                0x673c2790                PMC_Subtruct_X_UX@12
                0x673c28d0                PMC_Subtruct_X_X@12
 .text          0x673c2a00      0x110 ../build/x86_Release/pmc_bytes.o
                0x673c2a00                PMC_FromByteArray@12
                0x673c2ab0                PMC_ToByteArray@16
 .text          0x673c2b10       0x70 ../build/x86_Release/pmc_clone.o
                0x673c2b10                PMC_Clone_X@8
 .text          0x673c2b80      0x6c0 ../build/x86_Release/pmc_compare.o
                0x673c2b80                PMC_Compare_I_X@12
                0x673c2c60                PMC_Compare_L_X@16
                0x673c2d90                PMC_Compare_UX_X@12
                0x673c2e20                PMC_Compare_X_I@12
                0x673c2f50                PMC_Compare_X_L@16
                0x673c3090                PMC_Compare_X_UX@12
                0x673c3140                PMC_Compare_X_X@12
 .text          0x673c3240      0xf00 ../build/x86_Release/pmc_divrem.o
                0x673c3240                PMC_DivRem_I_X@16
                0x673c3450                PMC_DivRem_L_X@20
                0x673c36b0                PMC_DivRem_UX_X@16
                0x673c3820                PMC_DivRem_X_I@16
                0x673c3a20                PMC_DivRem_X_L@20
                0x673c3c90                PMC_DivRem_X_UX@16
                0x673c3ec0                PMC_DivRem_X_X@16
 .text          0x673c4140      0x4a0 ../build/x86_Release/pmc_equals.o
                0x673c4140                PMC_Equals_I_X@12
                0x673c41f0                PMC_Equals_L_X@16
                0x673c42d0                PMC_Equals_UX_X@12
                0x673c4360                PMC_Equals_X_I@12
                0x673c4400                PMC_Equals_X_L@16
                0x673c44c0                PMC_Equals_X_UX@12
                0x673c4550                PMC_Equals_X_X@12
 .text          0x673c45e0      0x1c0 ../build/x86_Release/pmc_from.o
                0x673c4670                From_I_Imp
                0x673c46a0                From_L_Imp
                0x673c46d0                PMC_From_I@8
                0x673c4730                PMC_From_L@12
 .text          0x673c47a0      0x3e0 ../build/x86_Release/pmc_greatestcommondivisor.o
                0x673c47a0                PMC_GreatestCommonDivisor_I_X@12
                0x673c4820                PMC_GreatestCommonDivisor_L_X@16
                0x673c48f0                PMC_GreatestCommonDivisor_UX_X@12
                0x673c4950                PMC_GreatestCommonDivisor_X_I@12
                0x673c49d0                PMC_GreatestCommonDivisor_X_L@16
                0x673c4aa0                PMC_GreatestCommonDivisor_X_UX@12
                0x673c4b00                PMC_GreatestCommonDivisor_X_X@12
 .text          0x673c4b80      0x3c0 ../build/x86_Release/pmc_initialize.o
                0x673c4b80                PMC_SINT_Initialize@4
                0x673c4b80                PMC_SINT_Initialize
 .text          0x673c4f40      0x590 ../build/x86_Release/pmc_memory.o
                0x673c5070                AttatchNumber
                0x673c5090                AllocateNumber
                0x673c50f0                DetatchNumber
                0x673c5110                DeallocateNumber
                0x673c5130                CheckNumber
                0x673c5160                DuplicateNumber
                0x673c5220                Negate_Imp
                0x673c52e0                PMC_GetConstantValue_I@8
                0x673c5330                PMC_Dispose@4
                0x673c5350                Initialize_Memory
                0x673c5450                AllocateHeapArea
                0x673c5490                DeallocateHeapArea
 .text          0x673c54d0      0x730 ../build/x86_Release/pmc_multiply.o
                0x673c5630                PMC_Multiply_I_X@12
                0x673c5700                PMC_Multiply_L_X@16
                0x673c5840                PMC_Multiply_UX_X@12
                0x673c58d0                PMC_Multiply_X_I@12
                0x673c59b0                PMC_Multiply_X_L@16
                0x673c5aa0                PMC_Multiply_X_UX@12
                0x673c5b20                PMC_Multiply_X_X@12
 .text          0x673c5c00       0x60 ../build/x86_Release/pmc_negate.o
                0x673c5c00                PMC_Negate_X@8
 .text          0x673c5c60       0x90 ../build/x86_Release/pmc_parse.o
                0x673c5c60                PMC_TryParse@16
 .text          0x673c5cf0       0x10 ../build/x86_Release/pmc_statistics.o
                0x673c5cf0                PMC_GetStatisticsInfo@4
 .text          0x673c5d00      0x130 ../build/x86_Release/pmc_to.o
                0x673c5d00                PMC_To_X_I@8
                0x673c5d90                PMC_To_X_L@8
 .text          0x673c5e30        0x0 ../build/x86_Release/TEST_autogenerated.o
 .text          0x673c5e30        0x0 ../build/x86_Release/TEST_op_Add.o
 .text          0x673c5e30        0x0 ../build/x86_Release/TEST_op_Clone.o
 .text          0x673c5e30        0x0 ../build/x86_Release/TEST_op_Compare.o
 .text          0x673c5e30        0x0 ../build/x86_Release/TEST_op_DivRem.o
 .text          0x673c5e30        0x0 ../build/x86_Release/TEST_op_Equals.o
 .text          0x673c5e30        0x0 ../build/x86_Release/TEST_op_From_To.o
 .text          0x673c5e30        0x0 ../build/x86_Release/TEST_op_GreatestCommonDivisor.o
 .text          0x673c5e30        0x0 ../build/x86_Release/TEST_op_Multiply.o
 .text          0x673c5e30        0x0 ../build/x86_Release/TEST_op_Negate.o
 .text          0x673c5e30        0x0 ../build/x86_Release/TEST_op_ParseDN.o
 .text          0x673c5e30        0x0 ../build/x86_Release/TEST_op_ParseX.o
 .text          0x673c5e30        0x0 ../build/x86_Release/TEST_op_Remainder.o
 .text          0x673c5e30        0x0 ../build/x86_Release/TEST_op_Subtruct.o
 .text          0x673c5e30        0x0 C:/GNU/MINGW64/i686-8.1.0-win32-dwarf-rt_v6-rev0/mingw32/bin/../lib/gcc/i686-w64-mingw32/8.1.0/../../../../i686-w64-mingw32/lib/../lib/libkernel32.a(dgzch.o)
 .text          0x673c5e30        0x0 C:/GNU/MINGW64/i686-8.1.0-win32-dwarf-rt_v6-rev0/mingw32/bin/../lib/gcc/i686-w64-mingw32/8.1.0/../../../../i686-w64-mingw32/lib/../lib/libkernel32.a(dgzct.o)
 *(SORT_BY_NAME(.text$*))
 *(.text.*)
 *(.gnu.linkonce.t.*)
 *(.glue_7t)
 *(.glue_7)
                0x673c5e30                ___CTOR_LIST__ = .
                0x673c5e30                __CTOR_LIST__ = .
                0x673c5e30        0x4 LONG 0xffffffff
 *(.ctors)
 *(.ctor)
 *(SORT_BY_NAME(.ctors.*))
                0x673c5e34        0x4 LONG 0x0
                0x673c5e38                ___DTOR_LIST__ = .
                0x673c5e38                __DTOR_LIST__ = .
                0x673c5e38        0x4 LONG 0xffffffff
 *(.dtors)
 *(.dtor)
 *(SORT_BY_NAME(.dtors.*))
                0x673c5e3c        0x4 LONG 0x0
 *(.fini)
 *(.gcc_exc)
                [!provide]                PROVIDE (etext = .)
                [!provide]                PROVIDE (_etext = .)
 *(.gcc_except_table)

.data           0x673c6000        0x0
                0x673c6000                __data_start__ = .
 *(.data)
 .data          0x673c6000        0x0 ../build/x86_Release/debug.o
 .data          0x673c6000        0x0 ../build/x86_Release/dllmain.o
 .data          0x673c6000        0x0 ../build/x86_Release/pmc_add_sub.o
 .data          0x673c6000        0x0 ../build/x86_Release/pmc_bytes.o
 .data          0x673c6000        0x0 ../build/x86_Release/pmc_clone.o
 .data          0x673c6000        0x0 ../build/x86_Release/pmc_compare.o
 .data          0x673c6000        0x0 ../build/x86_Release/pmc_divrem.o
 .data          0x673c6000        0x0 ../build/x86_Release/pmc_equals.o
 .data          0x673c6000        0x0 ../build/x86_Release/pmc_from.o
 .data          0x673c6000        0x0 ../build/x86_Release/pmc_greatestcommondivisor.o
 .data          0x673c6000        0x0 ../build/x86_Release/pmc_initialize.o
 .data          0x673c6000        0x0 ../build/x86_Release/pmc_memory.o
 .data          0x673c6000        0x0 ../build/x86_Release/pmc_multiply.o
 .data          0x673c6000        0x0 ../build/x86_Release/pmc_negate.o
 .data          0x673c6000        0x0 ../build/x86_Release/pmc_parse.o
 .data          0x673c6000        0x0 ../build/x86_Release/pmc_statistics.o
 .data          0x673c6000        0x0 ../build/x86_Release/pmc_to.o
 .data          0x673c6000        0x0 ../build/x86_Release/TEST_autogenerated.o
 .data          0x673c6000        0x0 ../build/x86_Release/TEST_op_Add.o
 .data          0x673c6000        0x0 ../build/x86_Release/TEST_op_Clone.o
 .data          0x673c6000        0x0 ../build/x86_Release/TEST_op_Compare.o
 .data          0x673c6000        0x0 ../build/x86_Release/TEST_op_DivRem.o
 .data          0x673c6000        0x0 ../build/x86_Release/TEST_op_Equals.o
 .data          0x673c6000        0x0 ../build/x86_Release/TEST_op_From_To.o
 .data          0x673c6000        0x0 ../build/x86_Release/TEST_op_GreatestCommonDivisor.o
 .data          0x673c6000        0x0 ../build/x86_Release/TEST_op_Multiply.o
 .data          0x673c6000        0x0 ../build/x86_Release/TEST_op_Negate.o
 .data          0x673c6000        0x0 ../build/x86_Release/TEST_op_ParseDN.o
 .data          0x673c6000        0x0 ../build/x86_Release/TEST_op_ParseX.o
 .data          0x673c6000        0x0 ../build/x86_Release/TEST_op_Remainder.o
 .data          0x673c6000        0x0 ../build/x86_Release/TEST_op_Subtruct.o
 .data          0x673c6000        0x0 C:/GNU/MINGW64/i686-8.1.0-win32-dwarf-rt_v6-rev0/mingw32/bin/../lib/gcc/i686-w64-mingw32/8.1.0/../../../../i686-w64-mingw32/lib/../lib/libkernel32.a(dgzcs00839.o)
 .data          0x673c6000        0x0 C:/GNU/MINGW64/i686-8.1.0-win32-dwarf-rt_v6-rev0/mingw32/bin/../lib/gcc/i686-w64-mingw32/8.1.0/../../../../i686-w64-mingw32/lib/../lib/libkernel32.a(dgzcs00729.o)
 .data          0x673c6000        0x0 C:/GNU/MINGW64/i686-8.1.0-win32-dwarf-rt_v6-rev0/mingw32/bin/../lib/gcc/i686-w64-mingw32/8.1.0/../../../../i686-w64-mingw32/lib/../lib/libkernel32.a(dgzcs00727.o)
 .data          0x673c6000        0x0 C:/GNU/MINGW64/i686-8.1.0-win32-dwarf-rt_v6-rev0/mingw32/bin/../lib/gcc/i686-w64-mingw32/8.1.0/../../../../i686-w64-mingw32/lib/../lib/libkernel32.a(dgzcs00725.o)
 .data          0x673c6000        0x0 C:/GNU/MINGW64/i686-8.1.0-win32-dwarf-rt_v6-rev0/mingw32/bin/../lib/gcc/i686-w64-mingw32/8.1.0/../../../../i686-w64-mingw32/lib/../lib/libkernel32.a(dgzcs00723.o)
 .data          0x673c6000        0x0 C:/GNU/MINGW64/i686-8.1.0-win32-dwarf-rt_v6-rev0/mingw32/bin/../lib/gcc/i686-w64-mingw32/8.1.0/../../../../i686-w64-mingw32/lib/../lib/libkernel32.a(dgzcs00584.o)
 .data          0x673c6000        0x0 C:/GNU/MINGW64/i686-8.1.0-win32-dwarf-rt_v6-rev0/mingw32/bin/../lib/gcc/i686-w64-mingw32/8.1.0/../../../../i686-w64-mingw32/lib/../lib/libkernel32.a(dgzcs00359.o)
 .data          0x673c6000        0x0 C:/GNU/MINGW64/i686-8.1.0-win32-dwarf-rt_v6-rev0/mingw32/bin/../lib/gcc/i686-w64-mingw32/8.1.0/../../../../i686-w64-mingw32/lib/../lib/libkernel32.a(dgzch.o)
 .data          0x673c6000        0x0 C:/GNU/MINGW64/i686-8.1.0-win32-dwarf-rt_v6-rev0/mingw32/bin/../lib/gcc/i686-w64-mingw32/8.1.0/../../../../i686-w64-mingw32/lib/../lib/libkernel32.a(dgzct.o)
 *(.data2)
 *(SORT_BY_NAME(.data$*))
 *(.jcr)
                0x673c6000                __data_end__ = .
 *(.data_cygwin_nocopy)

.rdata          0x673c6000      0x800
 *(.rdata)
 .rdata         0x673c6000       0x30 ../build/x86_Release/pmc_initialize.o
 *(SORT_BY_NAME(.rdata$*))
 .rdata$zzz     0x673c6030       0x40 ../build/x86_Release/debug.o
 .rdata$zzz     0x673c6070       0x40 ../build/x86_Release/dllmain.o
 .rdata$zzz     0x673c60b0       0x40 ../build/x86_Release/pmc_add_sub.o
 .rdata$zzz     0x673c60f0       0x40 ../build/x86_Release/pmc_bytes.o
 .rdata$zzz     0x673c6130       0x40 ../build/x86_Release/pmc_clone.o
 .rdata$zzz     0x673c6170       0x40 ../build/x86_Release/pmc_compare.o
 .rdata$zzz     0x673c61b0       0x40 ../build/x86_Release/pmc_divrem.o
 .rdata$zzz     0x673c61f0       0x40 ../build/x86_Release/pmc_equals.o
 .rdata$zzz     0x673c6230       0x40 ../build/x86_Release/pmc_from.o
 .rdata$zzz     0x673c6270       0x40 ../build/x86_Release/pmc_greatestcommondivisor.o
 .rdata$zzz     0x673c62b0       0x40 ../build/x86_Release/pmc_initialize.o
 .rdata$zzz     0x673c62f0       0x40 ../build/x86_Release/pmc_memory.o
 .rdata$zzz     0x673c6330       0x40 ../build/x86_Release/pmc_multiply.o
 .rdata$zzz     0x673c6370       0x40 ../build/x86_Release/pmc_negate.o
 .rdata$zzz     0x673c63b0       0x40 ../build/x86_Release/pmc_parse.o
 .rdata$zzz     0x673c63f0       0x40 ../build/x86_Release/pmc_statistics.o
 .rdata$zzz     0x673c6430       0x40 ../build/x86_Release/pmc_to.o
 .rdata$zzz     0x673c6470       0x40 ../build/x86_Release/TEST_autogenerated.o
 .rdata$zzz     0x673c64b0       0x40 ../build/x86_Release/TEST_op_Add.o
 .rdata$zzz     0x673c64f0       0x40 ../build/x86_Release/TEST_op_Clone.o
 .rdata$zzz     0x673c6530       0x40 ../build/x86_Release/TEST_op_Compare.o
 .rdata$zzz     0x673c6570       0x40 ../build/x86_Release/TEST_op_DivRem.o
 .rdata$zzz     0x673c65b0       0x40 ../build/x86_Release/TEST_op_Equals.o
 .rdata$zzz     0x673c65f0       0x40 ../build/x86_Release/TEST_op_From_To.o
 .rdata$zzz     0x673c6630       0x40 ../build/x86_Release/TEST_op_GreatestCommonDivisor.o
 .rdata$zzz     0x673c6670       0x40 ../build/x86_Release/TEST_op_Multiply.o
 .rdata$zzz     0x673c66b0       0x40 ../build/x86_Release/TEST_op_Negate.o
 .rdata$zzz     0x673c66f0       0x40 ../build/x86_Release/TEST_op_ParseDN.o
 .rdata$zzz     0x673c6730       0x40 ../build/x86_Release/TEST_op_ParseX.o
 .rdata$zzz     0x673c6770       0x40 ../build/x86_Release/TEST_op_Remainder.o
 .rdata$zzz     0x673c67b0       0x40 ../build/x86_Release/TEST_op_Subtruct.o
                0x673c67f0                __rt_psrelocs_start = .
 *(.rdata_runtime_pseudo_reloc)
                0x673c67f0                __rt_psrelocs_end = .
                0x00000000                __rt_psrelocs_size = (__rt_psrelocs_end - __rt_psrelocs_start)
                0x673c67f0                ___RUNTIME_PSEUDO_RELOC_LIST_END__ = .
                0x673c67f0                __RUNTIME_PSEUDO_RELOC_LIST_END__ = .
                0x673c67f0                ___RUNTIME_PSEUDO_RELOC_LIST__ = (. - __rt_psrelocs_size)
                0x673c67f0                __RUNTIME_PSEUDO_RELOC_LIST__ = (. - __rt_psrelocs_size)

.eh_frame       0x673c7000     0x1c00
 *(.eh_frame*)
 .eh_frame      0x673c7000       0x2c ../build/x86_Release/debug.o
 .eh_frame      0x673c702c       0x3c ../build/x86_Release/dllmain.o
 .eh_frame      0x673c7068      0x708 ../build/x86_Release/pmc_add_sub.o
 .eh_frame      0x673c7770       0x98 ../build/x86_Release/pmc_bytes.o
 .eh_frame      0x673c7808       0x50 ../build/x86_Release/pmc_clone.o
 .eh_frame      0x673c7858      0x270 ../build/x86_Release/pmc_compare.o
 .eh_frame      0x673c7ac8      0x358 ../build/x86_Release/pmc_divrem.o
 .eh_frame      0x673c7e20      0x284 ../build/x86_Release/pmc_equals.o
 .eh_frame      0x673c80a4       0xf8 ../build/x86_Release/pmc_from.o
 .eh_frame      0x673c819c      0x220 ../build/x86_Release/pmc_greatestcommondivisor.o
 .eh_frame      0x673c83bc       0x8c ../build/x86_Release/pmc_initialize.o
 .eh_frame      0x673c8448      0x24c ../build/x86_Release/pmc_memory.o
 .eh_frame      0x673c8694      0x2b4 ../build/x86_Release/pmc_multiply.o
 .eh_frame      0x673c8948       0x54 ../build/x86_Release/pmc_negate.o
 .eh_frame      0x673c899c       0x4c ../build/x86_Release/pmc_parse.o
 .eh_frame      0x673c89e8       0x2c ../build/x86_Release/pmc_statistics.o
 .eh_frame      0x673c8a14       0x98 ../build/x86_Release/pmc_to.o

.pdata
 *(.pdata*)

.bss            0x673c9000      0x3c4
                0x673c9000                __bss_start__ = .
 *(.bss)
 .bss           0x673c9000        0x0 ../build/x86_Release/debug.o
 .bss           0x673c9000        0x0 ../build/x86_Release/dllmain.o
 .bss           0x673c9000        0x0 ../build/x86_Release/pmc_add_sub.o
 .bss           0x673c9000        0x0 ../build/x86_Release/pmc_bytes.o
 .bss           0x673c9000        0x0 ../build/x86_Release/pmc_clone.o
 .bss           0x673c9000        0x0 ../build/x86_Release/pmc_compare.o
 .bss           0x673c9000        0x0 ../build/x86_Release/pmc_divrem.o
 .bss           0x673c9000        0x0 ../build/x86_Release/pmc_equals.o
 .bss           0x673c9000        0x0 ../build/x86_Release/pmc_from.o
 .bss           0x673c9000        0x0 ../build/x86_Release/pmc_greatestcommondivisor.o
 .bss           0x673c9000      0x240 ../build/x86_Release/pmc_initialize.o
 .bss           0x673c9240        0x0 ../build/x86_Release/pmc_memory.o
 .bss           0x673c9240        0x0 ../build/x86_Release/pmc_multiply.o
 .bss           0x673c9240        0x0 ../build/x86_Release/pmc_negate.o
 .bss           0x673c9240        0x0 ../build/x86_Release/pmc_parse.o
 .bss           0x673c9240        0x0 ../build/x86_Release/pmc_statistics.o
 .bss           0x673c9240        0x0 ../build/x86_Release/pmc_to.o
 .bss           0x673c9240        0x0 ../build/x86_Release/TEST_autogenerated.o
 .bss           0x673c9240        0x0 ../build/x86_Release/TEST_op_Add.o
 .bss           0x673c9240        0x0 ../build/x86_Release/TEST_op_Clone.o
 .bss           0x673c9240        0x0 ../build/x86_Release/TEST_op_Compare.o
 .bss           0x673c9240        0x0 ../build/x86_Release/TEST_op_DivRem.o
 .bss           0x673c9240        0x0 ../build/x86_Release/TEST_op_Equals.o
 .bss           0x673c9240        0x0 ../build/x86_Release/TEST_op_From_To.o
 .bss           0x673c9240        0x0 ../build/x86_Release/TEST_op_GreatestCommonDivisor.o
 .bss           0x673c9240        0x0 ../build/x86_Release/TEST_op_Multiply.o
 .bss           0x673c9240        0x0 ../build/x86_Release/TEST_op_Negate.o
 .bss           0x673c9240        0x0 ../build/x86_Release/TEST_op_ParseDN.o
 .bss           0x673c9240        0x0 ../build/x86_Release/TEST_op_ParseX.o
 .bss           0x673c9240        0x0 ../build/x86_Release/TEST_op_Remainder.o
 .bss           0x673c9240        0x0 ../build/x86_Release/TEST_op_Subtruct.o
 .bss           0x673c9240        0x0 C:/GNU/MINGW64/i686-8.1.0-win32-dwarf-rt_v6-rev0/mingw32/bin/../lib/gcc/i686-w64-mingw32/8.1.0/../../../../i686-w64-mingw32/lib/../lib/libkernel32.a(dgzcs00839.o)
 .bss           0x673c9240        0x0 C:/GNU/MINGW64/i686-8.1.0-win32-dwarf-rt_v6-rev0/mingw32/bin/../lib/gcc/i686-w64-mingw32/8.1.0/../../../../i686-w64-mingw32/lib/../lib/libkernel32.a(dgzcs00729.o)
 .bss           0x673c9240        0x0 C:/GNU/MINGW64/i686-8.1.0-win32-dwarf-rt_v6-rev0/mingw32/bin/../lib/gcc/i686-w64-mingw32/8.1.0/../../../../i686-w64-mingw32/lib/../lib/libkernel32.a(dgzcs00727.o)
 .bss           0x673c9240        0x0 C:/GNU/MINGW64/i686-8.1.0-win32-dwarf-rt_v6-rev0/mingw32/bin/../lib/gcc/i686-w64-mingw32/8.1.0/../../../../i686-w64-mingw32/lib/../lib/libkernel32.a(dgzcs00725.o)
 .bss           0x673c9240        0x0 C:/GNU/MINGW64/i686-8.1.0-win32-dwarf-rt_v6-rev0/mingw32/bin/../lib/gcc/i686-w64-mingw32/8.1.0/../../../../i686-w64-mingw32/lib/../lib/libkernel32.a(dgzcs00723.o)
 .bss           0x673c9240        0x0 C:/GNU/MINGW64/i686-8.1.0-win32-dwarf-rt_v6-rev0/mingw32/bin/../lib/gcc/i686-w64-mingw32/8.1.0/../../../../i686-w64-mingw32/lib/../lib/libkernel32.a(dgzcs00584.o)
 .bss           0x673c9240        0x0 C:/GNU/MINGW64/i686-8.1.0-win32-dwarf-rt_v6-rev0/mingw32/bin/../lib/gcc/i686-w64-mingw32/8.1.0/../../../../i686-w64-mingw32/lib/../lib/libkernel32.a(dgzcs00359.o)
 .bss           0x673c9240        0x0 C:/GNU/MINGW64/i686-8.1.0-win32-dwarf-rt_v6-rev0/mingw32/bin/../lib/gcc/i686-w64-mingw32/8.1.0/../../../../i686-w64-mingw32/lib/../lib/libkernel32.a(dgzch.o)
 .bss           0x673c9240        0x0 C:/GNU/MINGW64/i686-8.1.0-win32-dwarf-rt_v6-rev0/mingw32/bin/../lib/gcc/i686-w64-mingw32/8.1.0/../../../../i686-w64-mingw32/lib/../lib/libkernel32.a(dgzct.o)
 *(COMMON)
 COMMON         0x673c9240        0x8 ../build/x86_Release/debug.o
                0x673c9240                uint_number_zero
                0x673c9244                uint_number_one
 *fill*         0x673c9248       0x18 
 COMMON         0x673c9260      0x118 ../build/x86_Release/pmc_initialize.o
                0x673c9260                ep_uint
 COMMON         0x673c9378       0x4c ../build/x86_Release/pmc_memory.o
                0x673c9378                number_zero
                0x673c9390                number_minus_one
                0x673c93a8                number_one
                0x673c93c0                hLocalHeap
                0x673c93c4                __bss_end__ = .

.edata          0x673ca000      0x200
 *(.edata)
 .edata         0x673ca000       0x88 dll stuff

/DISCARD/
 *(.debug$S)
 *(.debug$T)
 *(.debug$F)
 *(.drectve)
 *(.note.GNU-stack)
 *(.gnu.lto_*)

.idata          0x673cb000      0x200
 SORT_BY_NAME(*)(.idata$2)
 .idata$2       0x673cb000       0x14 C:/GNU/MINGW64/i686-8.1.0-win32-dwarf-rt_v6-rev0/mingw32/bin/../lib/gcc/i686-w64-mingw32/8.1.0/../../../../i686-w64-mingw32/lib/../lib/libkernel32.a(dgzch.o)
                0x673cb000                _head_lib32_libkernel32_a
 SORT_BY_NAME(*)(.idata$3)
                0x673cb014        0x4 LONG 0x0
                0x673cb018        0x4 LONG 0x0
                0x673cb01c        0x4 LONG 0x0
                0x673cb020        0x4 LONG 0x0
                0x673cb024        0x4 LONG 0x0
 SORT_BY_NAME(*)(.idata$4)
 .idata$4       0x673cb028        0x0 C:/GNU/MINGW64/i686-8.1.0-win32-dwarf-rt_v6-rev0/mingw32/bin/../lib/gcc/i686-w64-mingw32/8.1.0/../../../../i686-w64-mingw32/lib/../lib/libkernel32.a(dgzch.o)
 .idata$4       0x673cb028        0x4 C:/GNU/MINGW64/i686-8.1.0-win32-dwarf-rt_v6-rev0/mingw32/bin/../lib/gcc/i686-w64-mingw32/8.1.0/../../../../i686-w64-mingw32/lib/../lib/libkernel32.a(dgzcs00359.o)
 .idata$4       0x673cb02c        0x4 C:/GNU/MINGW64/i686-8.1.0-win32-dwarf-rt_v6-rev0/mingw32/bin/../lib/gcc/i686-w64-mingw32/8.1.0/../../../../i686-w64-mingw32/lib/../lib/libkernel32.a(dgzcs00584.o)
 .idata$4       0x673cb030        0x4 C:/GNU/MINGW64/i686-8.1.0-win32-dwarf-rt_v6-rev0/mingw32/bin/../lib/gcc/i686-w64-mingw32/8.1.0/../../../../i686-w64-mingw32/lib/../lib/libkernel32.a(dgzcs00723.o)
 .idata$4       0x673cb034        0x4 C:/GNU/MINGW64/i686-8.1.0-win32-dwarf-rt_v6-rev0/mingw32/bin/../lib/gcc/i686-w64-mingw32/8.1.0/../../../../i686-w64-mingw32/lib/../lib/libkernel32.a(dgzcs00725.o)
 .idata$4       0x673cb038        0x4 C:/GNU/MINGW64/i686-8.1.0-win32-dwarf-rt_v6-rev0/mingw32/bin/../lib/gcc/i686-w64-mingw32/8.1.0/../../../../i686-w64-mingw32/lib/../lib/libkernel32.a(dgzcs00727.o)
 .idata$4       0x673cb03c        0x4 C:/GNU/MINGW64/i686-8.1.0-win32-dwarf-rt_v6-rev0/mingw32/bin/../lib/gcc/i686-w64-mingw32/8.1.0/../../../../i686-w64-mingw32/lib/../lib/libkernel32.a(dgzcs00729.o)
 .idata$4       0x673cb040        0x4 C:/GNU/MINGW64/i686-8.1.0-win32-dwarf-rt_v6-rev0/mingw32/bin/../lib/gcc/i686-w64-mingw32/8.1.0/../../../../i686-w64-mingw32/lib/../lib/libkernel32.a(dgzcs00839.o)
 .idata$4       0x673cb044        0x4 C:/GNU/MINGW64/i686-8.1.0-win32-dwarf-rt_v6-rev0/mingw32/bin/../lib/gcc/i686-w64-mingw32/8.1.0/../../../../i686-w64-mingw32/lib/../lib/libkernel32.a(dgzct.o)
                0x673cb048                __IAT_start__ = .
 SORT_BY_NAME(*)(.idata$5)
 .idata$5       0x673cb048        0x0 C:/GNU/MINGW64/i686-8.1.0-win32-dwarf-rt_v6-rev0/mingw32/bin/../lib/gcc/i686-w64-mingw32/8.1.0/../../../../i686-w64-mingw32/lib/../lib/libkernel32.a(dgzch.o)
 .idata$5       0x673cb048        0x4 C:/GNU/MINGW64/i686-8.1.0-win32-dwarf-rt_v6-rev0/mingw32/bin/../lib/gcc/i686-w64-mingw32/8.1.0/../../../../i686-w64-mingw32/lib/../lib/libkernel32.a(dgzcs00359.o)
                0x673cb048                _imp__FreeLibrary@4
 .idata$5       0x673cb04c        0x4 C:/GNU/MINGW64/i686-8.1.0-win32-dwarf-rt_v6-rev0/mingw32/bin/../lib/gcc/i686-w64-mingw32/8.1.0/../../../../i686-w64-mingw32/lib/../lib/libkernel32.a(dgzcs00584.o)
                0x673cb04c                _imp__GetProcAddress@8
 .idata$5       0x673cb050        0x4 C:/GNU/MINGW64/i686-8.1.0-win32-dwarf-rt_v6-rev0/mingw32/bin/../lib/gcc/i686-w64-mingw32/8.1.0/../../../../i686-w64-mingw32/lib/../lib/libkernel32.a(dgzcs00723.o)
                0x673cb050                _imp__HeapAlloc@12
 .idata$5       0x673cb054        0x4 C:/GNU/MINGW64/i686-8.1.0-win32-dwarf-rt_v6-rev0/mingw32/bin/../lib/gcc/i686-w64-mingw32/8.1.0/../../../../i686-w64-mingw32/lib/../lib/libkernel32.a(dgzcs00725.o)
                0x673cb054                _imp__HeapCreate@12
 .idata$5       0x673cb058        0x4 C:/GNU/MINGW64/i686-8.1.0-win32-dwarf-rt_v6-rev0/mingw32/bin/../lib/gcc/i686-w64-mingw32/8.1.0/../../../../i686-w64-mingw32/lib/../lib/libkernel32.a(dgzcs00727.o)
                0x673cb058                _imp__HeapDestroy@4
 .idata$5       0x673cb05c        0x4 C:/GNU/MINGW64/i686-8.1.0-win32-dwarf-rt_v6-rev0/mingw32/bin/../lib/gcc/i686-w64-mingw32/8.1.0/../../../../i686-w64-mingw32/lib/../lib/libkernel32.a(dgzcs00729.o)
                0x673cb05c                _imp__HeapFree@12
 .idata$5       0x673cb060        0x4 C:/GNU/MINGW64/i686-8.1.0-win32-dwarf-rt_v6-rev0/mingw32/bin/../lib/gcc/i686-w64-mingw32/8.1.0/../../../../i686-w64-mingw32/lib/../lib/libkernel32.a(dgzcs00839.o)
                0x673cb060                _imp__LoadLibraryA@4
 .idata$5       0x673cb064        0x4 C:/GNU/MINGW64/i686-8.1.0-win32-dwarf-rt_v6-rev0/mingw32/bin/../lib/gcc/i686-w64-mingw32/8.1.0/../../../../i686-w64-mingw32/lib/../lib/libkernel32.a(dgzct.o)
                0x673cb068                __IAT_end__ = .
 SORT_BY_NAME(*)(.idata$6)
 .idata$6       0x673cb068        0xe C:/GNU/MINGW64/i686-8.1.0-win32-dwarf-rt_v6-rev0/mingw32/bin/../lib/gcc/i686-w64-mingw32/8.1.0/../../../../i686-w64-mingw32/lib/../lib/libkernel32.a(dgzcs00359.o)
 .idata$6       0x673cb076       0x12 C:/GNU/MINGW64/i686-8.1.0-win32-dwarf-rt_v6-rev0/mingw32/bin/../lib/gcc/i686-w64-mingw32/8.1.0/../../../../i686-w64-mingw32/lib/../lib/libkernel32.a(dgzcs00584.o)
 .idata$6       0x673cb088        0xc C:/GNU/MINGW64/i686-8.1.0-win32-dwarf-rt_v6-rev0/mingw32/bin/../lib/gcc/i686-w64-mingw32/8.1.0/../../../../i686-w64-mingw32/lib/../lib/libkernel32.a(dgzcs00723.o)
 .idata$6       0x673cb094        0xe C:/GNU/MINGW64/i686-8.1.0-win32-dwarf-rt_v6-rev0/mingw32/bin/../lib/gcc/i686-w64-mingw32/8.1.0/../../../../i686-w64-mingw32/lib/../lib/libkernel32.a(dgzcs00725.o)
 .idata$6       0x673cb0a2        0xe C:/GNU/MINGW64/i686-8.1.0-win32-dwarf-rt_v6-rev0/mingw32/bin/../lib/gcc/i686-w64-mingw32/8.1.0/../../../../i686-w64-mingw32/lib/../lib/libkernel32.a(dgzcs00727.o)
 .idata$6       0x673cb0b0        0xc C:/GNU/MINGW64/i686-8.1.0-win32-dwarf-rt_v6-rev0/mingw32/bin/../lib/gcc/i686-w64-mingw32/8.1.0/../../../../i686-w64-mingw32/lib/../lib/libkernel32.a(dgzcs00729.o)
 .idata$6       0x673cb0bc       0x10 C:/GNU/MINGW64/i686-8.1.0-win32-dwarf-rt_v6-rev0/mingw32/bin/../lib/gcc/i686-w64-mingw32/8.1.0/../../../../i686-w64-mingw32/lib/../lib/libkernel32.a(dgzcs00839.o)
 SORT_BY_NAME(*)(.idata$7)
 .idata$7       0x673cb0cc        0x4 C:/GNU/MINGW64/i686-8.1.0-win32-dwarf-rt_v6-rev0/mingw32/bin/../lib/gcc/i686-w64-mingw32/8.1.0/../../../../i686-w64-mingw32/lib/../lib/libkernel32.a(dgzcs00359.o)
 .idata$7       0x673cb0d0        0x4 C:/GNU/MINGW64/i686-8.1.0-win32-dwarf-rt_v6-rev0/mingw32/bin/../lib/gcc/i686-w64-mingw32/8.1.0/../../../../i686-w64-mingw32/lib/../lib/libkernel32.a(dgzcs00584.o)
 .idata$7       0x673cb0d4        0x4 C:/GNU/MINGW64/i686-8.1.0-win32-dwarf-rt_v6-rev0/mingw32/bin/../lib/gcc/i686-w64-mingw32/8.1.0/../../../../i686-w64-mingw32/lib/../lib/libkernel32.a(dgzcs00723.o)
 .idata$7       0x673cb0d8        0x4 C:/GNU/MINGW64/i686-8.1.0-win32-dwarf-rt_v6-rev0/mingw32/bin/../lib/gcc/i686-w64-mingw32/8.1.0/../../../../i686-w64-mingw32/lib/../lib/libkernel32.a(dgzcs00725.o)
 .idata$7       0x673cb0dc        0x4 C:/GNU/MINGW64/i686-8.1.0-win32-dwarf-rt_v6-rev0/mingw32/bin/../lib/gcc/i686-w64-mingw32/8.1.0/../../../../i686-w64-mingw32/lib/../lib/libkernel32.a(dgzcs00727.o)
 .idata$7       0x673cb0e0        0x4 C:/GNU/MINGW64/i686-8.1.0-win32-dwarf-rt_v6-rev0/mingw32/bin/../lib/gcc/i686-w64-mingw32/8.1.0/../../../../i686-w64-mingw32/lib/../lib/libkernel32.a(dgzcs00729.o)
 .idata$7       0x673cb0e4        0x4 C:/GNU/MINGW64/i686-8.1.0-win32-dwarf-rt_v6-rev0/mingw32/bin/../lib/gcc/i686-w64-mingw32/8.1.0/../../../../i686-w64-mingw32/lib/../lib/libkernel32.a(dgzcs00839.o)
 .idata$7       0x673cb0e8       0x10 C:/GNU/MINGW64/i686-8.1.0-win32-dwarf-rt_v6-rev0/mingw32/bin/../lib/gcc/i686-w64-mingw32/8.1.0/../../../../i686-w64-mingw32/lib/../lib/libkernel32.a(dgzct.o)
                0x673cb0e8                _lib32_libkernel32_a_iname

.CRT            0x673cc000        0x0
                0x673cc000                ___crt_xc_start__ = .
 *(SORT_BY_NAME(.CRT$XC*))
                0x673cc000                ___crt_xc_end__ = .
                0x673cc000                ___crt_xi_start__ = .
 *(SORT_BY_NAME(.CRT$XI*))
                0x673cc000                ___crt_xi_end__ = .
                0x673cc000                ___crt_xl_start__ = .
 *(SORT_BY_NAME(.CRT$XL*))
                0x673cc000                ___crt_xp_start__ = .
 *(SORT_BY_NAME(.CRT$XP*))
                0x673cc000                ___crt_xp_end__ = .
                0x673cc000                ___crt_xt_start__ = .
 *(SORT_BY_NAME(.CRT$XT*))
                0x673cc000                ___crt_xt_end__ = .

.tls            0x673cc000        0x0
                0x673cc000                ___tls_start__ = .
 *(.tls$AAA)
 *(.tls)
 *(.tls$)
 *(SORT_BY_NAME(.tls$*))
 *(.tls$ZZZ)
                0x673cc000                ___tls_end__ = .

.endjunk        0x673cc000        0x0
                [!provide]                PROVIDE (end = .)
                [!provide]                PROVIDE (_end = .)
                0x673cc000                __end__ = .

.rsrc           0x673cc000      0x400
 *(.rsrc)
 .rsrc          0x673cc000      0x378 ../build/x86_Release/version.o
 *(.rsrc$*)

.reloc          0x673cd000      0x400
 *(.reloc)
 .reloc         0x673cd000      0x2a8 dll stuff

.stab
 *(.stab)

.stabstr
 *(.stabstr)

.debug_aranges
 *(.debug_aranges)

.zdebug_aranges
 *(.zdebug_aranges)

.debug_pubnames
 *(.debug_pubnames)

.zdebug_pubnames
 *(.zdebug_pubnames)

.debug_pubtypes
 *(.debug_pubtypes)

.zdebug_pubtypes
 *(.zdebug_pubtypes)

.debug_info
 *(.debug_info .gnu.linkonce.wi.*)

.zdebug_info
 *(.zdebug_info .zdebug.gnu.linkonce.wi.*)

.debug_abbrev
 *(.debug_abbrev)

.zdebug_abbrev
 *(.zdebug_abbrev)

.debug_line
 *(.debug_line)

.zdebug_line
 *(.zdebug_line)

.debug_frame
 *(.debug_frame*)

.zdebug_frame
 *(.zdebug_frame*)

.debug_str
 *(.debug_str)

.zdebug_str
 *(.zdebug_str)

.debug_loc
 *(.debug_loc)

.zdebug_loc
 *(.zdebug_loc)

.debug_macinfo
 *(.debug_macinfo)

.zdebug_macinfo
 *(.zdebug_macinfo)

.debug_weaknames
 *(.debug_weaknames)

.zdebug_weaknames
 *(.zdebug_weaknames)

.debug_funcnames
 *(.debug_funcnames)

.zdebug_funcnames
 *(.zdebug_funcnames)

.debug_typenames
 *(.debug_typenames)

.zdebug_typenames
 *(.zdebug_typenames)

.debug_varnames
 *(.debug_varnames)

.zdebug_varnames
 *(.zdebug_varnames)

.debug_macro
 *(.debug_macro)

.zdebug_macro
 *(.zdebug_macro)

.debug_ranges
 *(.debug_ranges)

.zdebug_ranges
 *(.zdebug_ranges)

.debug_types
 *(.debug_types .gnu.linkonce.wt.*)

.zdebug_types
 *(.zdebug_types .gnu.linkonce.wt.*)

.debug_gdb_scripts
 *(.debug_gdb_scripts)

.zdebug_gdb_scripts
 *(.zdebug_gdb_scripts)
OUTPUT(../../dist/x86_Release/Palmtree.Math.Core.Sint.dll pei-i386)
LOAD dll stuff
