 Palmtree.Math.Core.Sint

 Timestamp is 5c5d6793 (Fri Feb  8 20:27:15 2019)

 Preferred load address is 0000000180000000

 Start         Length     Name                   Class
 0001:00000000 000028d0H .text$mn                CODE
 0001:000028d0 00000012H .text$mn$00             CODE
 0002:00000000 00000080H .idata$5                DATA
 0002:00000080 00000010H .00cfg                  DATA
 0002:00000090 00000000H .gfids$y                DATA
 0002:00000090 000001c0H .rdata                  DATA
 0002:00000250 000001e0H .rdata$zzzdbg           DATA
 0002:00000430 00000390H .xdata                  DATA
 0002:000007c0 00000074H .edata                  DATA
 0002:00000834 00000014H .idata$2                DATA
 0002:00000848 00000018H .idata$3                DATA
 0002:00000860 00000080H .idata$4                DATA
 0002:000008e0 00000132H .idata$6                DATA
 0003:00000000 00000020H .data                   DATA
 0003:00000020 00000b30H .bss                    DATA
 0004:00000000 00000408H .pdata                  DATA
 0005:00000000 000000a0H .rsrc$01                DATA
 0005:000000a0 000004a0H .rsrc$02                DATA

  Address         Publics by Value              Rva+Base               Lib:Object

 0000:00000000       __dynamic_value_reloc_table 0000000000000000     <absolute>
 0000:00000000       __guard_longjmp_table      0000000000000000     <absolute>
 0000:00000000       __hybrid_auxiliary_iat     0000000000000000     <absolute>
 0000:00000000       __guard_fids_table         0000000000000000     <absolute>
 0000:00000000       __guard_longjmp_count      0000000000000000     <absolute>
 0000:00000000       ___safe_se_handler_count   0000000000000000     <absolute>
 0000:00000000       __guard_fids_count         0000000000000000     <absolute>
 0000:00000000       ___safe_se_handler_table   0000000000000000     <absolute>
 0000:00000000       __guard_iat_table          0000000000000000     <absolute>
 0000:00000000       __hybrid_code_map_count    0000000000000000     <absolute>
 0000:00000000       __hybrid_code_map          0000000000000000     <absolute>
 0000:00000000       __guard_iat_count          0000000000000000     <absolute>
 0000:00000000       __volatile_metadata        0000000000000000     <absolute>
 0000:00000000       __enclave_config           0000000000000000     <absolute>
 0000:00000100       __guard_flags              0000000000000100     <absolute>
 0001:00000000       DoDebug                    0000000180001000 f   debug.obj
 0001:00000000       _guard_check_icall_nop     0000000180001000 f   MSVCRT:guard_support.obj
 0001:00000010       DllMain                    0000000180001010 f   dllmain.obj
 0001:00000610       PMC_Add_I_X                0000000180001610 f   pmc_add_sub.obj
 0001:00000750       PMC_Add_L_X                0000000180001750 f   pmc_add_sub.obj
 0001:000008a0       PMC_Add_UX_X               00000001800018a0 f   pmc_add_sub.obj
 0001:00000a70       PMC_Add_X_I                0000000180001a70 f   pmc_add_sub.obj
 0001:00000b90       PMC_Add_X_L                0000000180001b90 f   pmc_add_sub.obj
 0001:00000cc0       PMC_Add_X_UX               0000000180001cc0 f   pmc_add_sub.obj
 0001:00000ec0       PMC_Add_X_X                0000000180001ec0 f   pmc_add_sub.obj
 0001:00000ff0       PMC_Subtruct_I_X           0000000180001ff0 f   pmc_add_sub.obj
 0001:00001130       PMC_Subtruct_L_X           0000000180002130 f   pmc_add_sub.obj
 0001:00001280       PMC_Subtruct_UX_X          0000000180002280 f   pmc_add_sub.obj
 0001:00001410       PMC_Subtruct_X_I           0000000180002410 f   pmc_add_sub.obj
 0001:00001530       PMC_Subtruct_X_L           0000000180002530 f   pmc_add_sub.obj
 0001:00001660       PMC_Subtruct_X_UX          0000000180002660 f   pmc_add_sub.obj
 0001:00001850       PMC_Subtruct_X_X           0000000180002850 f   pmc_add_sub.obj
 0001:00001980       PMC_FromByteArray          0000000180002980 f   pmc_bytes.obj
 0001:00001a40       PMC_ToByteArray            0000000180002a40 f   pmc_bytes.obj
 0001:00001a90       PMC_Clone_X                0000000180002a90 f   pmc_clone.obj
 0001:00001b00       From_I_Imp                 0000000180002b00 f   pmc_from.obj
 0001:00001ba0       From_L_Imp                 0000000180002ba0 f   pmc_from.obj
 0001:00001c40       PMC_From_I                 0000000180002c40 f   pmc_from.obj
 0001:00001d10       PMC_From_L                 0000000180002d10 f   pmc_from.obj
 0001:00001de0       PMC_GetNumberType_X        0000000180002de0 f   pmc_getnumbertype.obj
 0001:00001e50       PMC_SINT_Initialize        0000000180002e50 f   pmc_initialize.obj
 0001:00002260       AllocateNumber             0000000180003260 f   pmc_memory.obj
 0001:000022d0       DuplicateNumber            00000001800032d0 f   pmc_memory.obj
 0001:000023b0       Negate_Imp                 00000001800033b0 f   pmc_memory.obj
 0001:000024b0       PMC_GetConstantValue_I     00000001800034b0 f   pmc_memory.obj
 0001:000024f0       PMC_Dispose                00000001800034f0 f   pmc_memory.obj
 0001:00002540       PMC_Negate_X               0000000180003540 f   pmc_negate.obj
 0001:000025a0       PMC_GetStatisticsInfo      00000001800035a0 f   pmc_statistics.obj
 0001:000025b0       PMC_To_X_I                 00000001800035b0 f   pmc_to.obj
 0001:00002650       PMC_To_X_L                 0000000180003650 f   pmc_to.obj
 0001:00002720       __security_check_cookie    0000000180003720 f   MSVCRT:amdsecgs.obj
 0001:00002744       __raise_securityfailure    0000000180003744 f   MSVCRT:gs_report.obj
 0001:00002778       __report_gsfailure         0000000180003778 f   MSVCRT:gs_report.obj
 0001:000028bd       IsProcessorFeaturePresent  00000001800038bd f   kernel32:KERNEL32.dll
 0001:000028e0       _guard_dispatch_icall_nop  00000001800038e0 f   MSVCRT:guard_dispatch.obj
 0002:00000000       __imp_LoadLibraryA         0000000180004000     kernel32:KERNEL32.dll
 0002:00000008       __imp_GetProcAddress       0000000180004008     kernel32:KERNEL32.dll
 0002:00000010       __imp_FreeLibrary          0000000180004010     kernel32:KERNEL32.dll
 0002:00000018       __imp_HeapCreate           0000000180004018     kernel32:KERNEL32.dll
 0002:00000020       __imp_HeapFree             0000000180004020     kernel32:KERNEL32.dll
 0002:00000028       __imp_HeapAlloc            0000000180004028     kernel32:KERNEL32.dll
 0002:00000030       __imp_HeapDestroy          0000000180004030     kernel32:KERNEL32.dll
 0002:00000038       __imp_TerminateProcess     0000000180004038     kernel32:KERNEL32.dll
 0002:00000040       __imp_RtlCaptureContext    0000000180004040     kernel32:KERNEL32.dll
 0002:00000048       __imp_RtlLookupFunctionEntry 0000000180004048     kernel32:KERNEL32.dll
 0002:00000050       __imp_RtlVirtualUnwind     0000000180004050     kernel32:KERNEL32.dll
 0002:00000058       __imp_UnhandledExceptionFilter 0000000180004058     kernel32:KERNEL32.dll
 0002:00000060       __imp_SetUnhandledExceptionFilter 0000000180004060     kernel32:KERNEL32.dll
 0002:00000068       __imp_GetCurrentProcess    0000000180004068     kernel32:KERNEL32.dll
 0002:00000070       __imp_IsProcessorFeaturePresent 0000000180004070     kernel32:KERNEL32.dll
 0002:00000078       \177KERNEL32_NULL_THUNK_DATA 0000000180004078     kernel32:KERNEL32.dll
 0002:00000080       __guard_check_icall_fptr   0000000180004080     MSVCRT:guard_support.obj
 0002:00000088       __guard_dispatch_icall_fptr 0000000180004088     MSVCRT:guard_support.obj
 0002:000000a0       ??_C@_0BM@ONKLCLPJ@Palmtree?4Math?4Core?4Uint?4dll@ 00000001800040a0     pmc_initialize.obj
 0002:000000c0       ??_C@_0BE@LMKJAMNH@PMC_UINT_Initialize@ 00000001800040c0     pmc_initialize.obj
 0002:00000150       _load_config_used          0000000180004150     MSVCRT:loadcfg.obj
 0002:00000834       __IMPORT_DESCRIPTOR_KERNEL32 0000000180004834     kernel32:KERNEL32.dll
 0002:00000848       __NULL_IMPORT_DESCRIPTOR   0000000180004848     kernel32:KERNEL32.dll
 0003:00000000       __security_cookie_complement 0000000180005000     MSVCRT:gs_cookie.obj
 0003:00000008       __security_cookie          0000000180005008     MSVCRT:gs_cookie.obj
 0003:000008a8       hLocalHeap                 00000001800058a8     <common>
 0003:000008c0       number_one                 00000001800058c0     <common>
 0003:000008e0       number_minus_one           00000001800058e0     <common>
 0003:00000900       number_zero                0000000180005900     <common>
 0003:00000920       ep_uint                    0000000180005920     <common>

 entry point at        0001:00000010

 Static symbols

 0000:ffff7000       .debug$S                   0000000180000000     kernel32:KERNEL32.dll
 0000:ffff7000       .debug$S                   0000000180000000     kernel32:KERNEL32.dll
 0000:ffff7000       .debug$S                   0000000180000000     kernel32:KERNEL32.dll
 0000:ffff7000       .debug$S                   0000000180000000     kernel32:KERNEL32.dll
 0000:ffff7000       .debug$S                   0000000180000000     kernel32:KERNEL32.dll
 0000:ffff7000       .debug$S                   0000000180000000     kernel32:KERNEL32.dll
 0000:ffff7000       .debug$S                   0000000180000000     kernel32:KERNEL32.dll
 0000:ffff7000       .debug$S                   0000000180000000     kernel32:KERNEL32.dll
 0000:ffff7000       .debug$S                   0000000180000000     kernel32:KERNEL32.dll
 0000:ffff7000       .debug$S                   0000000180000000     kernel32:KERNEL32.dll
 0000:ffff7000       .debug$S                   0000000180000000     Palmtree.Math.Core.Sint.exp
 0000:ffff7000       .debug$S                   0000000180000000     kernel32:KERNEL32.dll
 0000:ffff7000       .debug$S                   0000000180000000     kernel32:KERNEL32.dll
 0000:ffff7000       .debug$S                   0000000180000000     kernel32:KERNEL32.dll
 0000:ffff7000       .debug$S                   0000000180000000     kernel32:KERNEL32.dll
 0000:ffff7000       .debug$S                   0000000180000000     kernel32:KERNEL32.dll
 0001:00000080       AddU_X_I_Imp               0000000180001080 f   pmc_add_sub.obj
 0001:00000130       AddU_X_L_Imp               0000000180001130 f   pmc_add_sub.obj
 0001:000001e0       AddU_X_X_Imp               00000001800011e0 f   pmc_add_sub.obj
 0001:00000290       SubtructU_X_I_Imp          0000000180001290 f   pmc_add_sub.obj
 0001:000003c0       SubtructU_X_L_Imp          00000001800013c0 f   pmc_add_sub.obj
 0001:000004f0       SubtructU_X_X_Imp          00000001800014f0 f   pmc_add_sub.obj
 0001:00002180       InitializeNumber           0000000180003180 f   pmc_memory.obj
 0001:00002710       $$000000                   0000000180003710     MSVCRT:amdsecgs.obj
 0001:0000284c       capture_previous_context   000000018000384c f   MSVCRT:gs_report.obj
 0001:000028d0       $$000000                   00000001800038d0     MSVCRT:guard_dispatch.obj
 0002:00000090       GS_ExceptionPointers       0000000180004090     MSVCRT:gs_report.obj
 0002:00000430       $unwind$DllMain            0000000180004430     dllmain.obj
 0002:00000438       $unwind$AddU_X_X_Imp       0000000180004438     pmc_add_sub.obj
 0002:00000438       $unwind$AddU_X_L_Imp       0000000180004438     pmc_add_sub.obj
 0002:00000438       $unwind$AddU_X_I_Imp       0000000180004438     pmc_add_sub.obj
 0002:00000444       $chain$1$AddU_X_I_Imp      0000000180004444     pmc_add_sub.obj
 0002:0000045c       $chain$2$AddU_X_I_Imp      000000018000445c     pmc_add_sub.obj
 0002:0000046c       $chain$1$AddU_X_L_Imp      000000018000446c     pmc_add_sub.obj
 0002:00000484       $chain$2$AddU_X_L_Imp      0000000180004484     pmc_add_sub.obj
 0002:00000494       $chain$1$AddU_X_X_Imp      0000000180004494     pmc_add_sub.obj
 0002:000004ac       $chain$2$AddU_X_X_Imp      00000001800044ac     pmc_add_sub.obj
 0002:000004bc       $unwind$SubtructU_X_L_Imp  00000001800044bc     pmc_add_sub.obj
 0002:000004bc       $unwind$SubtructU_X_I_Imp  00000001800044bc     pmc_add_sub.obj
 0002:000004d0       $unwind$SubtructU_X_X_Imp  00000001800044d0     pmc_add_sub.obj
 0002:000004e4       $unwind$PMC_Add_L_X        00000001800044e4     pmc_add_sub.obj
 0002:000004e4       $unwind$PMC_Subtruct_L_X   00000001800044e4     pmc_add_sub.obj
 0002:000004e4       $unwind$PMC_Subtruct_I_X   00000001800044e4     pmc_add_sub.obj
 0002:000004e4       $unwind$PMC_Subtruct_X_X   00000001800044e4     pmc_add_sub.obj
 0002:000004e4       $unwind$PMC_Negate_X       00000001800044e4     pmc_negate.obj
 0002:000004e4       $unwind$PMC_Add_I_X        00000001800044e4     pmc_add_sub.obj
 0002:000004e4       $unwind$PMC_To_X_L         00000001800044e4     pmc_to.obj
 0002:000004e4       $unwind$__raise_securityfailure 00000001800044e4     MSVCRT:gs_report.obj
 0002:000004e4       $unwind$PMC_Add_X_X        00000001800044e4     pmc_add_sub.obj
 0002:000004e4       $unwind$PMC_To_X_I         00000001800044e4     pmc_to.obj
 0002:000004e4       $unwind$PMC_Clone_X        00000001800044e4     pmc_clone.obj
 0002:000004ec       $unwind$PMC_Add_UX_X       00000001800044ec     pmc_add_sub.obj
 0002:000004ec       $unwind$InitializeNumber   00000001800044ec     pmc_memory.obj
 0002:000004fc       $unwind$PMC_Subtruct_X_L   00000001800044fc     pmc_add_sub.obj
 0002:000004fc       $unwind$PMC_SINT_Initialize 00000001800044fc     pmc_initialize.obj
 0002:000004fc       $unwind$PMC_Subtruct_X_I   00000001800044fc     pmc_add_sub.obj
 0002:000004fc       $unwind$PMC_Add_X_I        00000001800044fc     pmc_add_sub.obj
 0002:000004fc       $unwind$PMC_Add_X_L        00000001800044fc     pmc_add_sub.obj
 0002:00000504       $chain$0$PMC_Add_X_I       0000000180004504     pmc_add_sub.obj
 0002:00000518       $chain$4$PMC_Add_X_I       0000000180004518     pmc_add_sub.obj
 0002:00000518       $chain$2$PMC_Add_X_I       0000000180004518     pmc_add_sub.obj
 0002:0000052c       $chain$5$PMC_Add_X_I       000000018000452c     pmc_add_sub.obj
 0002:0000053c       $chain$0$PMC_Add_X_L       000000018000453c     pmc_add_sub.obj
 0002:00000550       $chain$4$PMC_Add_X_L       0000000180004550     pmc_add_sub.obj
 0002:00000550       $chain$2$PMC_Add_X_L       0000000180004550     pmc_add_sub.obj
 0002:00000564       $chain$5$PMC_Add_X_L       0000000180004564     pmc_add_sub.obj
 0002:00000574       $unwind$PMC_Subtruct_X_UX  0000000180004574     pmc_add_sub.obj
 0002:00000574       $unwind$PMC_Add_X_UX       0000000180004574     pmc_add_sub.obj
 0002:00000574       $unwind$PMC_From_L         0000000180004574     pmc_from.obj
 0002:00000584       $unwind$PMC_Subtruct_UX_X  0000000180004584     pmc_add_sub.obj
 0002:00000594       $chain$0$PMC_Subtruct_UX_X 0000000180004594     pmc_add_sub.obj
 0002:000005a8       $chain$3$PMC_Subtruct_UX_X 00000001800045a8     pmc_add_sub.obj
 0002:000005a8       $chain$1$PMC_Subtruct_UX_X 00000001800045a8     pmc_add_sub.obj
 0002:000005b8       $chain$2$PMC_Subtruct_UX_X 00000001800045b8     pmc_add_sub.obj
 0002:000005cc       $chain$0$PMC_Subtruct_X_I  00000001800045cc     pmc_add_sub.obj
 0002:000005e0       $chain$4$PMC_Subtruct_X_I  00000001800045e0     pmc_add_sub.obj
 0002:000005e0       $chain$2$PMC_Subtruct_X_I  00000001800045e0     pmc_add_sub.obj
 0002:000005f4       $chain$5$PMC_Subtruct_X_I  00000001800045f4     pmc_add_sub.obj
 0002:00000604       $chain$0$PMC_Subtruct_X_L  0000000180004604     pmc_add_sub.obj
 0002:00000618       $chain$2$PMC_Subtruct_X_L  0000000180004618     pmc_add_sub.obj
 0002:00000618       $chain$4$PMC_Subtruct_X_L  0000000180004618     pmc_add_sub.obj
 0002:0000062c       $chain$5$PMC_Subtruct_X_L  000000018000462c     pmc_add_sub.obj
 0002:0000063c       $unwind$PMC_FromByteArray  000000018000463c     pmc_bytes.obj
 0002:00000644       $chain$2$PMC_FromByteArray 0000000180004644     pmc_bytes.obj
 0002:00000660       $chain$3$PMC_FromByteArray 0000000180004660     pmc_bytes.obj
 0002:00000660       $chain$5$PMC_FromByteArray 0000000180004660     pmc_bytes.obj
 0002:00000670       $chain$4$PMC_FromByteArray 0000000180004670     pmc_bytes.obj
 0002:0000068c       $unwind$PMC_ToByteArray    000000018000468c     pmc_bytes.obj
 0002:00000694       $unwind$From_I_Imp         0000000180004694     pmc_from.obj
 0002:00000694       $unwind$From_L_Imp         0000000180004694     pmc_from.obj
 0002:00000694       $unwind$AllocateNumber     0000000180004694     pmc_memory.obj
 0002:000006a8       $unwind$PMC_From_I         00000001800046a8     pmc_from.obj
 0002:000006b8       $chain$0$PMC_SINT_Initialize 00000001800046b8     pmc_initialize.obj
 0002:000006cc       $chain$1$PMC_SINT_Initialize 00000001800046cc     pmc_initialize.obj
 0002:000006dc       $unwind$DuplicateNumber    00000001800046dc     pmc_memory.obj
 0002:000006e8       $unwind$Negate_Imp         00000001800046e8     pmc_memory.obj
 0002:000006f4       $chain$1$Negate_Imp        00000001800046f4     pmc_memory.obj
 0002:0000070c       $chain$2$Negate_Imp        000000018000470c     pmc_memory.obj
 0002:0000071c       $unwind$PMC_Dispose        000000018000471c     pmc_memory.obj
 0002:00000724       $chain$0$PMC_To_X_I        0000000180004724     pmc_to.obj
 0002:00000738       $chain$6$PMC_To_X_I        0000000180004738     pmc_to.obj
 0002:00000738       $chain$2$PMC_To_X_I        0000000180004738     pmc_to.obj
 0002:00000738       $chain$4$PMC_To_X_I        0000000180004738     pmc_to.obj
 0002:0000074c       $chain$7$PMC_To_X_I        000000018000474c     pmc_to.obj
 0002:0000075c       $chain$0$PMC_To_X_L        000000018000475c     pmc_to.obj
 0002:00000770       $chain$2$PMC_To_X_L        0000000180004770     pmc_to.obj
 0002:00000770       $chain$4$PMC_To_X_L        0000000180004770     pmc_to.obj
 0002:00000770       $chain$6$PMC_To_X_L        0000000180004770     pmc_to.obj
 0002:00000784       $chain$7$PMC_To_X_L        0000000180004784     pmc_to.obj
 0002:00000798       $xdatasym                  0000000180004798     MSVCRT:amdsecgs.obj
 0002:0000079c       $unwind$__report_gsfailure 000000018000479c     MSVCRT:gs_report.obj
 0002:000007a4       $unwind$capture_previous_context 00000001800047a4     MSVCRT:gs_report.obj
 0002:000007b0       $xdatasym                  00000001800047b0     MSVCRT:guard_dispatch.obj
 0002:000007c0       .edata                     00000001800047c0     Palmtree.Math.Core.Sint.exp
 0002:000007e8       rgpv                       00000001800047e8     Palmtree.Math.Core.Sint.exp
 0002:000007f0       rgszName                   00000001800047f0     Palmtree.Math.Core.Sint.exp
 0002:000007f8       rgwOrd                     00000001800047f8     Palmtree.Math.Core.Sint.exp
 0002:000007fc       szName                     00000001800047fc     Palmtree.Math.Core.Sint.exp
 0002:00000818       $N00001                    0000000180004818     Palmtree.Math.Core.Sint.exp
 0002:00000820       $N00002                    0000000180004820     Palmtree.Math.Core.Sint.exp
 0002:00000944       .idata$6                   0000000180004944     kernel32:KERNEL32.dll
 0003:00000020       GS_ExceptionRecord         0000000180005020     MSVCRT:gs_report.obj
 0003:000000c0       GS_ContextRecord           00000001800050c0     MSVCRT:gs_report.obj
 0003:00000590       entry_points               0000000180005590     pmc_initialize.obj
 0003:00000890       initialized                0000000180005890     pmc_initialize.obj
 0003:00000898       hLib_UINT                  0000000180005898     pmc_initialize.obj
 0003:000008a0       fp_PMC_UINT_Initialize     00000001800058a0     pmc_initialize.obj
 0004:0000000c       $pdata$__report_gsfailure  000000018000600c     MSVCRT:gs_report.obj
 0004:00000018       $pdata$capture_previous_context 0000000180006018     MSVCRT:gs_report.obj
 0004:00000024       $pdata$__raise_securityfailure 0000000180006024     MSVCRT:gs_report.obj
 0004:00000030       $pdata$DllMain             0000000180006030     dllmain.obj
 0004:0000003c       $pdata$PMC_Subtruct_X_X    000000018000603c     pmc_add_sub.obj
 0004:00000048       $pdata$PMC_Subtruct_X_UX   0000000180006048     pmc_add_sub.obj
 0004:00000054       $pdata$PMC_Subtruct_X_L    0000000180006054     pmc_add_sub.obj
 0004:00000060       $pdata$0$PMC_Subtruct_X_L  0000000180006060     pmc_add_sub.obj
 0004:0000006c       $pdata$2$PMC_Subtruct_X_L  000000018000606c     pmc_add_sub.obj
 0004:00000078       $pdata$4$PMC_Subtruct_X_L  0000000180006078     pmc_add_sub.obj
 0004:00000084       $pdata$5$PMC_Subtruct_X_L  0000000180006084     pmc_add_sub.obj
 0004:00000090       $pdata$PMC_Subtruct_X_I    0000000180006090     pmc_add_sub.obj
 0004:0000009c       $pdata$0$PMC_Subtruct_X_I  000000018000609c     pmc_add_sub.obj
 0004:000000a8       $pdata$2$PMC_Subtruct_X_I  00000001800060a8     pmc_add_sub.obj
 0004:000000b4       $pdata$4$PMC_Subtruct_X_I  00000001800060b4     pmc_add_sub.obj
 0004:000000c0       $pdata$5$PMC_Subtruct_X_I  00000001800060c0     pmc_add_sub.obj
 0004:000000cc       $pdata$PMC_Subtruct_UX_X   00000001800060cc     pmc_add_sub.obj
 0004:000000d8       $pdata$0$PMC_Subtruct_UX_X 00000001800060d8     pmc_add_sub.obj
 0004:000000e4       $pdata$1$PMC_Subtruct_UX_X 00000001800060e4     pmc_add_sub.obj
 0004:000000f0       $pdata$2$PMC_Subtruct_UX_X 00000001800060f0     pmc_add_sub.obj
 0004:000000fc       $pdata$3$PMC_Subtruct_UX_X 00000001800060fc     pmc_add_sub.obj
 0004:00000108       $pdata$PMC_Subtruct_L_X    0000000180006108     pmc_add_sub.obj
 0004:00000114       $pdata$PMC_Subtruct_I_X    0000000180006114     pmc_add_sub.obj
 0004:00000120       $pdata$PMC_Add_X_X         0000000180006120     pmc_add_sub.obj
 0004:0000012c       $pdata$PMC_Add_X_UX        000000018000612c     pmc_add_sub.obj
 0004:00000138       $pdata$PMC_Add_X_L         0000000180006138     pmc_add_sub.obj
 0004:00000144       $pdata$0$PMC_Add_X_L       0000000180006144     pmc_add_sub.obj
 0004:00000150       $pdata$2$PMC_Add_X_L       0000000180006150     pmc_add_sub.obj
 0004:0000015c       $pdata$4$PMC_Add_X_L       000000018000615c     pmc_add_sub.obj
 0004:00000168       $pdata$5$PMC_Add_X_L       0000000180006168     pmc_add_sub.obj
 0004:00000174       $pdata$PMC_Add_X_I         0000000180006174     pmc_add_sub.obj
 0004:00000180       $pdata$0$PMC_Add_X_I       0000000180006180     pmc_add_sub.obj
 0004:0000018c       $pdata$2$PMC_Add_X_I       000000018000618c     pmc_add_sub.obj
 0004:00000198       $pdata$4$PMC_Add_X_I       0000000180006198     pmc_add_sub.obj
 0004:000001a4       $pdata$5$PMC_Add_X_I       00000001800061a4     pmc_add_sub.obj
 0004:000001b0       $pdata$PMC_Add_UX_X        00000001800061b0     pmc_add_sub.obj
 0004:000001bc       $pdata$PMC_Add_L_X         00000001800061bc     pmc_add_sub.obj
 0004:000001c8       $pdata$PMC_Add_I_X         00000001800061c8     pmc_add_sub.obj
 0004:000001d4       $pdata$SubtructU_X_X_Imp   00000001800061d4     pmc_add_sub.obj
 0004:000001e0       $pdata$SubtructU_X_L_Imp   00000001800061e0     pmc_add_sub.obj
 0004:000001ec       $pdata$SubtructU_X_I_Imp   00000001800061ec     pmc_add_sub.obj
 0004:000001f8       $pdata$AddU_X_X_Imp        00000001800061f8     pmc_add_sub.obj
 0004:00000204       $pdata$1$AddU_X_X_Imp      0000000180006204     pmc_add_sub.obj
 0004:00000210       $pdata$2$AddU_X_X_Imp      0000000180006210     pmc_add_sub.obj
 0004:0000021c       $pdata$AddU_X_L_Imp        000000018000621c     pmc_add_sub.obj
 0004:00000228       $pdata$1$AddU_X_L_Imp      0000000180006228     pmc_add_sub.obj
 0004:00000234       $pdata$2$AddU_X_L_Imp      0000000180006234     pmc_add_sub.obj
 0004:00000240       $pdata$AddU_X_I_Imp        0000000180006240     pmc_add_sub.obj
 0004:0000024c       $pdata$1$AddU_X_I_Imp      000000018000624c     pmc_add_sub.obj
 0004:00000258       $pdata$2$AddU_X_I_Imp      0000000180006258     pmc_add_sub.obj
 0004:00000264       $pdata$PMC_ToByteArray     0000000180006264     pmc_bytes.obj
 0004:00000270       $pdata$PMC_FromByteArray   0000000180006270     pmc_bytes.obj
 0004:0000027c       $pdata$2$PMC_FromByteArray 000000018000627c     pmc_bytes.obj
 0004:00000288       $pdata$3$PMC_FromByteArray 0000000180006288     pmc_bytes.obj
 0004:00000294       $pdata$4$PMC_FromByteArray 0000000180006294     pmc_bytes.obj
 0004:000002a0       $pdata$5$PMC_FromByteArray 00000001800062a0     pmc_bytes.obj
 0004:000002ac       $pdata$PMC_Clone_X         00000001800062ac     pmc_clone.obj
 0004:000002b8       $pdata$PMC_From_L          00000001800062b8     pmc_from.obj
 0004:000002c4       $pdata$PMC_From_I          00000001800062c4     pmc_from.obj
 0004:000002d0       $pdata$From_I_Imp          00000001800062d0     pmc_from.obj
 0004:000002dc       $pdata$From_L_Imp          00000001800062dc     pmc_from.obj
 0004:000002e8       $pdata$PMC_SINT_Initialize 00000001800062e8     pmc_initialize.obj
 0004:000002f4       $pdata$0$PMC_SINT_Initialize 00000001800062f4     pmc_initialize.obj
 0004:00000300       $pdata$1$PMC_SINT_Initialize 0000000180006300     pmc_initialize.obj
 0004:0000030c       $pdata$InitializeNumber    000000018000630c     pmc_memory.obj
 0004:00000318       $pdata$PMC_Dispose         0000000180006318     pmc_memory.obj
 0004:00000324       $pdata$DuplicateNumber     0000000180006324     pmc_memory.obj
 0004:00000330       $pdata$AllocateNumber      0000000180006330     pmc_memory.obj
 0004:0000033c       $pdata$Negate_Imp          000000018000633c     pmc_memory.obj
 0004:00000348       $pdata$1$Negate_Imp        0000000180006348     pmc_memory.obj
 0004:00000354       $pdata$2$Negate_Imp        0000000180006354     pmc_memory.obj
 0004:00000360       $pdata$PMC_Negate_X        0000000180006360     pmc_negate.obj
 0004:0000036c       $pdata$PMC_To_X_L          000000018000636c     pmc_to.obj
 0004:00000378       $pdata$0$PMC_To_X_L        0000000180006378     pmc_to.obj
 0004:00000384       $pdata$2$PMC_To_X_L        0000000180006384     pmc_to.obj
 0004:00000390       $pdata$4$PMC_To_X_L        0000000180006390     pmc_to.obj
 0004:0000039c       $pdata$6$PMC_To_X_L        000000018000639c     pmc_to.obj
 0004:000003a8       $pdata$7$PMC_To_X_L        00000001800063a8     pmc_to.obj
 0004:000003b4       $pdata$PMC_To_X_I          00000001800063b4     pmc_to.obj
 0004:000003c0       $pdata$0$PMC_To_X_I        00000001800063c0     pmc_to.obj
 0004:000003cc       $pdata$2$PMC_To_X_I        00000001800063cc     pmc_to.obj
 0004:000003d8       $pdata$4$PMC_To_X_I        00000001800063d8     pmc_to.obj
 0004:000003e4       $pdata$6$PMC_To_X_I        00000001800063e4     pmc_to.obj
 0004:000003f0       $pdata$7$PMC_To_X_I        00000001800063f0     pmc_to.obj
 0005:000000a0       $R000000                   00000001800070a0     Palmtree.Math.Core.Sint.res
 0005:000003c0       $R000320                   00000001800073c0     Palmtree.Math.Core.Sint.res
