 Palmtree.Math.Core.Sint

 Timestamp is 5c5d8728 (Fri Feb  8 22:42:00 2019)

 Preferred load address is 0000000180000000

 Start         Length     Name                   Class
 0001:00000000 00003190H .text$mn                CODE
 0001:00003190 00000012H .text$mn$00             CODE
 0002:00000000 00000080H .idata$5                DATA
 0002:00000080 00000010H .00cfg                  DATA
 0002:00000090 00000000H .gfids$y                DATA
 0002:00000090 000001c0H .rdata                  DATA
 0002:00000250 000001e0H .rdata$zzzdbg           DATA
 0002:00000430 000002e0H .xdata                  DATA
 0002:00000710 00000074H .edata                  DATA
 0002:00000784 00000014H .idata$2                DATA
 0002:00000798 00000018H .idata$3                DATA
 0002:000007b0 00000080H .idata$4                DATA
 0002:00000830 00000132H .idata$6                DATA
 0003:00000000 00000020H .data                   DATA
 0003:00000020 00000b70H .bss                    DATA
 0004:00000000 000003d8H .pdata                  DATA
 0005:00000000 000000a0H .rsrc$01                DATA
 0005:000000a0 000004a0H .rsrc$02                DATA

  Address         Publics by Value              Rva+Base               Lib:Object

 0000:00000000       __dynamic_value_reloc_table 0000000000000000     <absolute>
 0000:00000000       __guard_longjmp_table      0000000000000000     <absolute>
 0000:00000000       __hybrid_auxiliary_iat     0000000000000000     <absolute>
 0000:00000000       __guard_fids_table         0000000000000000     <absolute>
 0000:00000000       __guard_longjmp_count      0000000000000000     <absolute>
 0000:00000000       ___safe_se_handler_count   0000000000000000     <absolute>
 0000:00000000       __guard_fids_count         0000000000000000     <absolute>
 0000:00000000       ___safe_se_handler_table   0000000000000000     <absolute>
 0000:00000000       __guard_iat_table          0000000000000000     <absolute>
 0000:00000000       __hybrid_code_map_count    0000000000000000     <absolute>
 0000:00000000       __hybrid_code_map          0000000000000000     <absolute>
 0000:00000000       __guard_iat_count          0000000000000000     <absolute>
 0000:00000000       __volatile_metadata        0000000000000000     <absolute>
 0000:00000000       __enclave_config           0000000000000000     <absolute>
 0000:00000100       __guard_flags              0000000000000100     <absolute>
 0001:00000000       DoDebug                    0000000180001000 f   debug.obj
 0001:00000000       _guard_check_icall_nop     0000000180001000 f   MSVCRT:guard_support.obj
 0001:00000010       DllMain                    0000000180001010 f   dllmain.obj
 0001:00000610       PMC_Add_I_X                0000000180001610 f   pmc_add_sub.obj
 0001:00000750       PMC_Add_L_X                0000000180001750 f   pmc_add_sub.obj
 0001:000008a0       PMC_Add_UX_X               00000001800018a0 f   pmc_add_sub.obj
 0001:00000a70       PMC_Add_X_I                0000000180001a70 f   pmc_add_sub.obj
 0001:00000b90       PMC_Add_X_L                0000000180001b90 f   pmc_add_sub.obj
 0001:00000cc0       PMC_Add_X_UX               0000000180001cc0 f   pmc_add_sub.obj
 0001:00000ec0       PMC_Add_X_X                0000000180001ec0 f   pmc_add_sub.obj
 0001:00000ff0       PMC_Subtruct_I_X           0000000180001ff0 f   pmc_add_sub.obj
 0001:00001130       PMC_Subtruct_L_X           0000000180002130 f   pmc_add_sub.obj
 0001:00001280       PMC_Subtruct_UX_X          0000000180002280 f   pmc_add_sub.obj
 0001:00001460       PMC_Subtruct_X_I           0000000180002460 f   pmc_add_sub.obj
 0001:00001580       PMC_Subtruct_X_L           0000000180002580 f   pmc_add_sub.obj
 0001:000016b0       PMC_Subtruct_X_UX          00000001800026b0 f   pmc_add_sub.obj
 0001:000018a0       PMC_Subtruct_X_X           00000001800028a0 f   pmc_add_sub.obj
 0001:000019d0       PMC_FromByteArray          00000001800029d0 f   pmc_bytes.obj
 0001:00001a90       PMC_ToByteArray            0000000180002a90 f   pmc_bytes.obj
 0001:00001ae0       PMC_Clone_X                0000000180002ae0 f   pmc_clone.obj
 0001:00001b50       From_I_Imp                 0000000180002b50 f   pmc_from.obj
 0001:00001bf0       From_L_Imp                 0000000180002bf0 f   pmc_from.obj
 0001:00001c90       PMC_From_I                 0000000180002c90 f   pmc_from.obj
 0001:00001d60       PMC_From_L                 0000000180002d60 f   pmc_from.obj
 0001:00001e30       PMC_GetNumberType_X        0000000180002e30 f   pmc_getnumbertype.obj
 0001:00001ea0       PMC_SINT_Initialize        0000000180002ea0 f   pmc_initialize.obj
 0001:00002310       AllocateNumber             0000000180003310 f   pmc_memory.obj
 0001:00002380       DuplicateNumber            0000000180003380 f   pmc_memory.obj
 0001:00002460       Negate_Imp                 0000000180003460 f   pmc_memory.obj
 0001:00002560       PMC_GetConstantValue_I     0000000180003560 f   pmc_memory.obj
 0001:000025a0       PMC_Dispose                00000001800035a0 f   pmc_memory.obj
 0001:00002800       PMC_Multiply_I_X           0000000180003800 f   pmc_multiply.obj
 0001:000028d0       PMC_Multiply_L_X           00000001800038d0 f   pmc_multiply.obj
 0001:000029a0       PMC_Multiply_UX_X          00000001800039a0 f   pmc_multiply.obj
 0001:00002a80       PMC_Multiply_X_I           0000000180003a80 f   pmc_multiply.obj
 0001:00002b60       PMC_Multiply_X_L           0000000180003b60 f   pmc_multiply.obj
 0001:00002c40       PMC_Multiply_X_UX          0000000180003c40 f   pmc_multiply.obj
 0001:00002d20       PMC_Multiply_X_X           0000000180003d20 f   pmc_multiply.obj
 0001:00002e00       PMC_Negate_X               0000000180003e00 f   pmc_negate.obj
 0001:00002e60       PMC_GetStatisticsInfo      0000000180003e60 f   pmc_statistics.obj
 0001:00002e70       PMC_To_X_I                 0000000180003e70 f   pmc_to.obj
 0001:00002f10       PMC_To_X_L                 0000000180003f10 f   pmc_to.obj
 0001:00002fe0       __security_check_cookie    0000000180003fe0 f   MSVCRT:amdsecgs.obj
 0001:00003004       __raise_securityfailure    0000000180004004 f   MSVCRT:gs_report.obj
 0001:00003038       __report_gsfailure         0000000180004038 f   MSVCRT:gs_report.obj
 0001:0000317d       IsProcessorFeaturePresent  000000018000417d f   kernel32:KERNEL32.dll
 0001:000031a0       _guard_dispatch_icall_nop  00000001800041a0 f   MSVCRT:guard_dispatch.obj
 0002:00000000       __imp_LoadLibraryA         0000000180005000     kernel32:KERNEL32.dll
 0002:00000008       __imp_GetProcAddress       0000000180005008     kernel32:KERNEL32.dll
 0002:00000010       __imp_FreeLibrary          0000000180005010     kernel32:KERNEL32.dll
 0002:00000018       __imp_HeapCreate           0000000180005018     kernel32:KERNEL32.dll
 0002:00000020       __imp_HeapFree             0000000180005020     kernel32:KERNEL32.dll
 0002:00000028       __imp_HeapAlloc            0000000180005028     kernel32:KERNEL32.dll
 0002:00000030       __imp_HeapDestroy          0000000180005030     kernel32:KERNEL32.dll
 0002:00000038       __imp_TerminateProcess     0000000180005038     kernel32:KERNEL32.dll
 0002:00000040       __imp_RtlCaptureContext    0000000180005040     kernel32:KERNEL32.dll
 0002:00000048       __imp_RtlLookupFunctionEntry 0000000180005048     kernel32:KERNEL32.dll
 0002:00000050       __imp_RtlVirtualUnwind     0000000180005050     kernel32:KERNEL32.dll
 0002:00000058       __imp_UnhandledExceptionFilter 0000000180005058     kernel32:KERNEL32.dll
 0002:00000060       __imp_SetUnhandledExceptionFilter 0000000180005060     kernel32:KERNEL32.dll
 0002:00000068       __imp_GetCurrentProcess    0000000180005068     kernel32:KERNEL32.dll
 0002:00000070       __imp_IsProcessorFeaturePresent 0000000180005070     kernel32:KERNEL32.dll
 0002:00000078       \177KERNEL32_NULL_THUNK_DATA 0000000180005078     kernel32:KERNEL32.dll
 0002:00000080       __guard_check_icall_fptr   0000000180005080     MSVCRT:guard_support.obj
 0002:00000088       __guard_dispatch_icall_fptr 0000000180005088     MSVCRT:guard_support.obj
 0002:000000a0       ??_C@_0BM@ONKLCLPJ@Palmtree?4Math?4Core?4Uint?4dll@ 00000001800050a0     pmc_initialize.obj
 0002:000000c0       ??_C@_0BE@LMKJAMNH@PMC_UINT_Initialize@ 00000001800050c0     pmc_initialize.obj
 0002:00000150       _load_config_used          0000000180005150     MSVCRT:loadcfg.obj
 0002:00000784       __IMPORT_DESCRIPTOR_KERNEL32 0000000180005784     kernel32:KERNEL32.dll
 0002:00000798       __NULL_IMPORT_DESCRIPTOR   0000000180005798     kernel32:KERNEL32.dll
 0003:00000000       __security_cookie_complement 0000000180006000     MSVCRT:gs_cookie.obj
 0003:00000008       __security_cookie          0000000180006008     MSVCRT:gs_cookie.obj
 0003:000008e0       hLocalHeap                 00000001800068e0     <common>
 0003:00000900       number_one                 0000000180006900     <common>
 0003:00000920       number_minus_one           0000000180006920     <common>
 0003:00000940       number_zero                0000000180006940     <common>
 0003:00000960       ep_uint                    0000000180006960     <common>

 entry point at        0001:00000010

 Static symbols

 0000:ffff6000       .debug$S                   0000000180000000     kernel32:KERNEL32.dll
 0000:ffff6000       .debug$S                   0000000180000000     kernel32:KERNEL32.dll
 0000:ffff6000       .debug$S                   0000000180000000     kernel32:KERNEL32.dll
 0000:ffff6000       .debug$S                   0000000180000000     kernel32:KERNEL32.dll
 0000:ffff6000       .debug$S                   0000000180000000     kernel32:KERNEL32.dll
 0000:ffff6000       .debug$S                   0000000180000000     kernel32:KERNEL32.dll
 0000:ffff6000       .debug$S                   0000000180000000     kernel32:KERNEL32.dll
 0000:ffff6000       .debug$S                   0000000180000000     kernel32:KERNEL32.dll
 0000:ffff6000       .debug$S                   0000000180000000     kernel32:KERNEL32.dll
 0000:ffff6000       .debug$S                   0000000180000000     kernel32:KERNEL32.dll
 0000:ffff6000       .debug$S                   0000000180000000     kernel32:KERNEL32.dll
 0000:ffff6000       .debug$S                   0000000180000000     Palmtree.Math.Core.Sint.exp
 0000:ffff6000       .debug$S                   0000000180000000     kernel32:KERNEL32.dll
 0000:ffff6000       .debug$S                   0000000180000000     kernel32:KERNEL32.dll
 0000:ffff6000       .debug$S                   0000000180000000     kernel32:KERNEL32.dll
 0000:ffff6000       .debug$S                   0000000180000000     kernel32:KERNEL32.dll
 0001:00000080       AddU_X_I_Imp               0000000180001080 f   pmc_add_sub.obj
 0001:00000130       AddU_X_L_Imp               0000000180001130 f   pmc_add_sub.obj
 0001:000001e0       AddU_X_X_Imp               00000001800011e0 f   pmc_add_sub.obj
 0001:00000290       SubtructU_X_I_Imp          0000000180001290 f   pmc_add_sub.obj
 0001:000003c0       SubtructU_X_L_Imp          00000001800013c0 f   pmc_add_sub.obj
 0001:000004f0       SubtructU_X_X_Imp          00000001800014f0 f   pmc_add_sub.obj
 0001:00002230       InitializeNumber           0000000180003230 f   pmc_memory.obj
 0001:000025f0       MultiplyU_X_I_Imp          00000001800035f0 f   pmc_multiply.obj
 0001:000026a0       MultiplyU_X_L_Imp          00000001800036a0 f   pmc_multiply.obj
 0001:00002750       MultiplyU_X_X_Imp          0000000180003750 f   pmc_multiply.obj
 0001:00002fd0       $$000000                   0000000180003fd0     MSVCRT:amdsecgs.obj
 0001:0000310c       capture_previous_context   000000018000410c f   MSVCRT:gs_report.obj
 0001:00003190       $$000000                   0000000180004190     MSVCRT:guard_dispatch.obj
 0002:00000090       GS_ExceptionPointers       0000000180005090     MSVCRT:gs_report.obj
 0002:00000430       $unwind$DllMain            0000000180005430     dllmain.obj
 0002:00000438       $unwind$AddU_X_X_Imp       0000000180005438     pmc_add_sub.obj
 0002:00000438       $unwind$AddU_X_I_Imp       0000000180005438     pmc_add_sub.obj
 0002:00000438       $unwind$MultiplyU_X_L_Imp  0000000180005438     pmc_multiply.obj
 0002:00000438       $unwind$MultiplyU_X_I_Imp  0000000180005438     pmc_multiply.obj
 0002:00000438       $unwind$MultiplyU_X_X_Imp  0000000180005438     pmc_multiply.obj
 0002:00000438       $unwind$AddU_X_L_Imp       0000000180005438     pmc_add_sub.obj
 0002:00000444       $chain$1$AddU_X_I_Imp      0000000180005444     pmc_add_sub.obj
 0002:0000045c       $chain$2$AddU_X_I_Imp      000000018000545c     pmc_add_sub.obj
 0002:0000046c       $chain$1$AddU_X_L_Imp      000000018000546c     pmc_add_sub.obj
 0002:00000484       $chain$2$AddU_X_L_Imp      0000000180005484     pmc_add_sub.obj
 0002:00000494       $chain$1$AddU_X_X_Imp      0000000180005494     pmc_add_sub.obj
 0002:000004ac       $chain$2$AddU_X_X_Imp      00000001800054ac     pmc_add_sub.obj
 0002:000004bc       $unwind$SubtructU_X_I_Imp  00000001800054bc     pmc_add_sub.obj
 0002:000004bc       $unwind$SubtructU_X_L_Imp  00000001800054bc     pmc_add_sub.obj
 0002:000004d0       $unwind$SubtructU_X_X_Imp  00000001800054d0     pmc_add_sub.obj
 0002:000004e4       $unwind$PMC_To_X_L         00000001800054e4     pmc_to.obj
 0002:000004e4       $unwind$PMC_Multiply_X_L   00000001800054e4     pmc_multiply.obj
 0002:000004e4       $unwind$PMC_Clone_X        00000001800054e4     pmc_clone.obj
 0002:000004e4       $unwind$PMC_Multiply_I_X   00000001800054e4     pmc_multiply.obj
 0002:000004e4       $unwind$PMC_Subtruct_X_X   00000001800054e4     pmc_add_sub.obj
 0002:000004e4       $unwind$PMC_Multiply_X_X   00000001800054e4     pmc_multiply.obj
 0002:000004e4       $unwind$__raise_securityfailure 00000001800054e4     MSVCRT:gs_report.obj
 0002:000004e4       $unwind$PMC_Add_I_X        00000001800054e4     pmc_add_sub.obj
 0002:000004e4       $unwind$PMC_To_X_I         00000001800054e4     pmc_to.obj
 0002:000004e4       $unwind$PMC_Negate_X       00000001800054e4     pmc_negate.obj
 0002:000004e4       $unwind$PMC_Add_L_X        00000001800054e4     pmc_add_sub.obj
 0002:000004e4       $unwind$PMC_Add_X_I        00000001800054e4     pmc_add_sub.obj
 0002:000004e4       $unwind$PMC_Add_X_L        00000001800054e4     pmc_add_sub.obj
 0002:000004e4       $unwind$PMC_Subtruct_X_L   00000001800054e4     pmc_add_sub.obj
 0002:000004e4       $unwind$PMC_Add_X_X        00000001800054e4     pmc_add_sub.obj
 0002:000004e4       $unwind$PMC_Multiply_L_X   00000001800054e4     pmc_multiply.obj
 0002:000004e4       $unwind$PMC_Subtruct_I_X   00000001800054e4     pmc_add_sub.obj
 0002:000004e4       $unwind$PMC_Subtruct_L_X   00000001800054e4     pmc_add_sub.obj
 0002:000004e4       $unwind$PMC_Subtruct_X_I   00000001800054e4     pmc_add_sub.obj
 0002:000004e4       $unwind$PMC_Multiply_X_I   00000001800054e4     pmc_multiply.obj
 0002:000004ec       $unwind$PMC_Add_UX_X       00000001800054ec     pmc_add_sub.obj
 0002:000004ec       $unwind$InitializeNumber   00000001800054ec     pmc_memory.obj
 0002:000004fc       $unwind$PMC_Add_X_UX       00000001800054fc     pmc_add_sub.obj
 0002:000004fc       $unwind$PMC_From_L         00000001800054fc     pmc_from.obj
 0002:000004fc       $unwind$PMC_Multiply_UX_X  00000001800054fc     pmc_multiply.obj
 0002:000004fc       $unwind$PMC_Subtruct_UX_X  00000001800054fc     pmc_add_sub.obj
 0002:000004fc       $unwind$PMC_Subtruct_X_UX  00000001800054fc     pmc_add_sub.obj
 0002:000004fc       $unwind$PMC_Multiply_X_UX  00000001800054fc     pmc_multiply.obj
 0002:0000050c       $unwind$PMC_FromByteArray  000000018000550c     pmc_bytes.obj
 0002:00000514       $chain$2$PMC_FromByteArray 0000000180005514     pmc_bytes.obj
 0002:00000530       $chain$3$PMC_FromByteArray 0000000180005530     pmc_bytes.obj
 0002:00000530       $chain$5$PMC_FromByteArray 0000000180005530     pmc_bytes.obj
 0002:00000540       $chain$4$PMC_FromByteArray 0000000180005540     pmc_bytes.obj
 0002:0000055c       $unwind$PMC_ToByteArray    000000018000555c     pmc_bytes.obj
 0002:00000564       $unwind$From_I_Imp         0000000180005564     pmc_from.obj
 0002:00000564       $unwind$AllocateNumber     0000000180005564     pmc_memory.obj
 0002:00000564       $unwind$From_L_Imp         0000000180005564     pmc_from.obj
 0002:00000578       $unwind$PMC_From_I         0000000180005578     pmc_from.obj
 0002:00000588       $unwind$PMC_SINT_Initialize 0000000180005588     pmc_initialize.obj
 0002:00000590       $chain$0$PMC_SINT_Initialize 0000000180005590     pmc_initialize.obj
 0002:000005a4       $chain$1$PMC_SINT_Initialize 00000001800055a4     pmc_initialize.obj
 0002:000005b4       $unwind$DuplicateNumber    00000001800055b4     pmc_memory.obj
 0002:000005c0       $unwind$Negate_Imp         00000001800055c0     pmc_memory.obj
 0002:000005cc       $chain$1$Negate_Imp        00000001800055cc     pmc_memory.obj
 0002:000005e4       $chain$2$Negate_Imp        00000001800055e4     pmc_memory.obj
 0002:000005f4       $unwind$PMC_Dispose        00000001800055f4     pmc_memory.obj
 0002:000005fc       $chain$1$MultiplyU_X_I_Imp 00000001800055fc     pmc_multiply.obj
 0002:00000614       $chain$2$MultiplyU_X_I_Imp 0000000180005614     pmc_multiply.obj
 0002:00000624       $chain$1$MultiplyU_X_L_Imp 0000000180005624     pmc_multiply.obj
 0002:0000063c       $chain$2$MultiplyU_X_L_Imp 000000018000563c     pmc_multiply.obj
 0002:0000064c       $chain$1$MultiplyU_X_X_Imp 000000018000564c     pmc_multiply.obj
 0002:00000664       $chain$2$MultiplyU_X_X_Imp 0000000180005664     pmc_multiply.obj
 0002:00000674       $chain$0$PMC_To_X_I        0000000180005674     pmc_to.obj
 0002:00000688       $chain$4$PMC_To_X_I        0000000180005688     pmc_to.obj
 0002:00000688       $chain$6$PMC_To_X_I        0000000180005688     pmc_to.obj
 0002:00000688       $chain$2$PMC_To_X_I        0000000180005688     pmc_to.obj
 0002:0000069c       $chain$7$PMC_To_X_I        000000018000569c     pmc_to.obj
 0002:000006ac       $chain$0$PMC_To_X_L        00000001800056ac     pmc_to.obj
 0002:000006c0       $chain$2$PMC_To_X_L        00000001800056c0     pmc_to.obj
 0002:000006c0       $chain$6$PMC_To_X_L        00000001800056c0     pmc_to.obj
 0002:000006c0       $chain$4$PMC_To_X_L        00000001800056c0     pmc_to.obj
 0002:000006d4       $chain$7$PMC_To_X_L        00000001800056d4     pmc_to.obj
 0002:000006e8       $xdatasym                  00000001800056e8     MSVCRT:amdsecgs.obj
 0002:000006ec       $unwind$__report_gsfailure 00000001800056ec     MSVCRT:gs_report.obj
 0002:000006f4       $unwind$capture_previous_context 00000001800056f4     MSVCRT:gs_report.obj
 0002:00000700       $xdatasym                  0000000180005700     MSVCRT:guard_dispatch.obj
 0002:00000710       .edata                     0000000180005710     Palmtree.Math.Core.Sint.exp
 0002:00000738       rgpv                       0000000180005738     Palmtree.Math.Core.Sint.exp
 0002:00000740       rgszName                   0000000180005740     Palmtree.Math.Core.Sint.exp
 0002:00000748       rgwOrd                     0000000180005748     Palmtree.Math.Core.Sint.exp
 0002:0000074c       szName                     000000018000574c     Palmtree.Math.Core.Sint.exp
 0002:00000768       $N00001                    0000000180005768     Palmtree.Math.Core.Sint.exp
 0002:00000770       $N00002                    0000000180005770     Palmtree.Math.Core.Sint.exp
 0002:00000894       .idata$6                   0000000180005894     kernel32:KERNEL32.dll
 0003:00000020       GS_ExceptionRecord         0000000180006020     MSVCRT:gs_report.obj
 0003:000000c0       GS_ContextRecord           00000001800060c0     MSVCRT:gs_report.obj
 0003:00000590       entry_points               0000000180006590     pmc_initialize.obj
 0003:000008c8       initialized                00000001800068c8     pmc_initialize.obj
 0003:000008d0       hLib_UINT                  00000001800068d0     pmc_initialize.obj
 0003:000008d8       fp_PMC_UINT_Initialize     00000001800068d8     pmc_initialize.obj
 0004:0000000c       $pdata$__report_gsfailure  000000018000700c     MSVCRT:gs_report.obj
 0004:00000018       $pdata$capture_previous_context 0000000180007018     MSVCRT:gs_report.obj
 0004:00000024       $pdata$__raise_securityfailure 0000000180007024     MSVCRT:gs_report.obj
 0004:00000030       $pdata$DllMain             0000000180007030     dllmain.obj
 0004:0000003c       $pdata$PMC_Subtruct_X_X    000000018000703c     pmc_add_sub.obj
 0004:00000048       $pdata$PMC_Subtruct_X_UX   0000000180007048     pmc_add_sub.obj
 0004:00000054       $pdata$PMC_Subtruct_X_L    0000000180007054     pmc_add_sub.obj
 0004:00000060       $pdata$PMC_Subtruct_X_I    0000000180007060     pmc_add_sub.obj
 0004:0000006c       $pdata$PMC_Subtruct_UX_X   000000018000706c     pmc_add_sub.obj
 0004:00000078       $pdata$PMC_Subtruct_L_X    0000000180007078     pmc_add_sub.obj
 0004:00000084       $pdata$PMC_Subtruct_I_X    0000000180007084     pmc_add_sub.obj
 0004:00000090       $pdata$PMC_Add_X_X         0000000180007090     pmc_add_sub.obj
 0004:0000009c       $pdata$PMC_Add_X_UX        000000018000709c     pmc_add_sub.obj
 0004:000000a8       $pdata$PMC_Add_X_L         00000001800070a8     pmc_add_sub.obj
 0004:000000b4       $pdata$PMC_Add_X_I         00000001800070b4     pmc_add_sub.obj
 0004:000000c0       $pdata$PMC_Add_UX_X        00000001800070c0     pmc_add_sub.obj
 0004:000000cc       $pdata$PMC_Add_L_X         00000001800070cc     pmc_add_sub.obj
 0004:000000d8       $pdata$PMC_Add_I_X         00000001800070d8     pmc_add_sub.obj
 0004:000000e4       $pdata$SubtructU_X_X_Imp   00000001800070e4     pmc_add_sub.obj
 0004:000000f0       $pdata$SubtructU_X_L_Imp   00000001800070f0     pmc_add_sub.obj
 0004:000000fc       $pdata$SubtructU_X_I_Imp   00000001800070fc     pmc_add_sub.obj
 0004:00000108       $pdata$AddU_X_X_Imp        0000000180007108     pmc_add_sub.obj
 0004:00000114       $pdata$1$AddU_X_X_Imp      0000000180007114     pmc_add_sub.obj
 0004:00000120       $pdata$2$AddU_X_X_Imp      0000000180007120     pmc_add_sub.obj
 0004:0000012c       $pdata$AddU_X_L_Imp        000000018000712c     pmc_add_sub.obj
 0004:00000138       $pdata$1$AddU_X_L_Imp      0000000180007138     pmc_add_sub.obj
 0004:00000144       $pdata$2$AddU_X_L_Imp      0000000180007144     pmc_add_sub.obj
 0004:00000150       $pdata$AddU_X_I_Imp        0000000180007150     pmc_add_sub.obj
 0004:0000015c       $pdata$1$AddU_X_I_Imp      000000018000715c     pmc_add_sub.obj
 0004:00000168       $pdata$2$AddU_X_I_Imp      0000000180007168     pmc_add_sub.obj
 0004:00000174       $pdata$PMC_ToByteArray     0000000180007174     pmc_bytes.obj
 0004:00000180       $pdata$PMC_FromByteArray   0000000180007180     pmc_bytes.obj
 0004:0000018c       $pdata$2$PMC_FromByteArray 000000018000718c     pmc_bytes.obj
 0004:00000198       $pdata$3$PMC_FromByteArray 0000000180007198     pmc_bytes.obj
 0004:000001a4       $pdata$4$PMC_FromByteArray 00000001800071a4     pmc_bytes.obj
 0004:000001b0       $pdata$5$PMC_FromByteArray 00000001800071b0     pmc_bytes.obj
 0004:000001bc       $pdata$PMC_Clone_X         00000001800071bc     pmc_clone.obj
 0004:000001c8       $pdata$PMC_From_L          00000001800071c8     pmc_from.obj
 0004:000001d4       $pdata$PMC_From_I          00000001800071d4     pmc_from.obj
 0004:000001e0       $pdata$From_I_Imp          00000001800071e0     pmc_from.obj
 0004:000001ec       $pdata$From_L_Imp          00000001800071ec     pmc_from.obj
 0004:000001f8       $pdata$PMC_SINT_Initialize 00000001800071f8     pmc_initialize.obj
 0004:00000204       $pdata$0$PMC_SINT_Initialize 0000000180007204     pmc_initialize.obj
 0004:00000210       $pdata$1$PMC_SINT_Initialize 0000000180007210     pmc_initialize.obj
 0004:0000021c       $pdata$InitializeNumber    000000018000721c     pmc_memory.obj
 0004:00000228       $pdata$PMC_Dispose         0000000180007228     pmc_memory.obj
 0004:00000234       $pdata$DuplicateNumber     0000000180007234     pmc_memory.obj
 0004:00000240       $pdata$AllocateNumber      0000000180007240     pmc_memory.obj
 0004:0000024c       $pdata$Negate_Imp          000000018000724c     pmc_memory.obj
 0004:00000258       $pdata$1$Negate_Imp        0000000180007258     pmc_memory.obj
 0004:00000264       $pdata$2$Negate_Imp        0000000180007264     pmc_memory.obj
 0004:00000270       $pdata$MultiplyU_X_X_Imp   0000000180007270     pmc_multiply.obj
 0004:0000027c       $pdata$1$MultiplyU_X_X_Imp 000000018000727c     pmc_multiply.obj
 0004:00000288       $pdata$2$MultiplyU_X_X_Imp 0000000180007288     pmc_multiply.obj
 0004:00000294       $pdata$MultiplyU_X_L_Imp   0000000180007294     pmc_multiply.obj
 0004:000002a0       $pdata$1$MultiplyU_X_L_Imp 00000001800072a0     pmc_multiply.obj
 0004:000002ac       $pdata$2$MultiplyU_X_L_Imp 00000001800072ac     pmc_multiply.obj
 0004:000002b8       $pdata$MultiplyU_X_I_Imp   00000001800072b8     pmc_multiply.obj
 0004:000002c4       $pdata$1$MultiplyU_X_I_Imp 00000001800072c4     pmc_multiply.obj
 0004:000002d0       $pdata$2$MultiplyU_X_I_Imp 00000001800072d0     pmc_multiply.obj
 0004:000002dc       $pdata$PMC_Multiply_I_X    00000001800072dc     pmc_multiply.obj
 0004:000002e8       $pdata$PMC_Multiply_UX_X   00000001800072e8     pmc_multiply.obj
 0004:000002f4       $pdata$PMC_Multiply_L_X    00000001800072f4     pmc_multiply.obj
 0004:00000300       $pdata$PMC_Multiply_X_UX   0000000180007300     pmc_multiply.obj
 0004:0000030c       $pdata$PMC_Multiply_X_X    000000018000730c     pmc_multiply.obj
 0004:00000318       $pdata$PMC_Multiply_X_I    0000000180007318     pmc_multiply.obj
 0004:00000324       $pdata$PMC_Multiply_X_L    0000000180007324     pmc_multiply.obj
 0004:00000330       $pdata$PMC_Negate_X        0000000180007330     pmc_negate.obj
 0004:0000033c       $pdata$PMC_To_X_L          000000018000733c     pmc_to.obj
 0004:00000348       $pdata$0$PMC_To_X_L        0000000180007348     pmc_to.obj
 0004:00000354       $pdata$2$PMC_To_X_L        0000000180007354     pmc_to.obj
 0004:00000360       $pdata$4$PMC_To_X_L        0000000180007360     pmc_to.obj
 0004:0000036c       $pdata$6$PMC_To_X_L        000000018000736c     pmc_to.obj
 0004:00000378       $pdata$7$PMC_To_X_L        0000000180007378     pmc_to.obj
 0004:00000384       $pdata$PMC_To_X_I          0000000180007384     pmc_to.obj
 0004:00000390       $pdata$0$PMC_To_X_I        0000000180007390     pmc_to.obj
 0004:0000039c       $pdata$2$PMC_To_X_I        000000018000739c     pmc_to.obj
 0004:000003a8       $pdata$4$PMC_To_X_I        00000001800073a8     pmc_to.obj
 0004:000003b4       $pdata$6$PMC_To_X_I        00000001800073b4     pmc_to.obj
 0004:000003c0       $pdata$7$PMC_To_X_I        00000001800073c0     pmc_to.obj
 0005:000000a0       $R000000                   00000001800080a0     Palmtree.Math.Core.Sint.res
 0005:000003c0       $R000320                   00000001800083c0     Palmtree.Math.Core.Sint.res
